CONVERTER TEST

==================================================
INFO: Parsing examples/ccx_2.16.fluidtest/agard01msvis.frd
INFO: 7506 nodes
INFO: 7351 cells
WARNING: NaN and Inf are not supported in Paraview (48 warnings).
WARNING: Wrong format, 1.64443+129 -> 1.6444e+129 (7138 warnings).
INFO: Step 1, time 2.89e-01, V3DF, 3 components, 7506 values
WARNING: Wrong format, 1.54498+125 -> 1.5449e+125 (3434 warnings).
INFO: Step 1, time 2.89e-01, PS3DF, 1 components, 7506 values
INFO: Step 1, time 2.89e-01, TS3DF, 1 components, 7506 values
WARNING: NaN and Inf are not supported in Paraview (4626 warnings).
WARNING: Wrong format, 1.31600+129 -> 1.316e+129 (526 warnings).
INFO: Step 1, time 2.89e-01, M3DF, 1 components, 7506 values
WARNING: NaN and Inf are not supported in Paraview (4626 warnings).
WARNING: Wrong format, 1.34869+196 -> 1.3486e+196 (724 warnings).
INFO: Step 1, time 2.89e-01, TT3DF, 1 components, 7506 values
WARNING: Wrong format, 3.08997+125 -> 3.0899e+125 (3434 warnings).
INFO: Step 1, time 2.89e-01, CP3DF, 1 components, 7506 values
INFO: 1 time increment
INFO: Writing examples/ccx_2.16.fluidtest/agard01msvis.vtk
INFO: Step 1, time 2.89e-01, V3DF, 3 components, 7506 values
WARNING: 48 NaN values are converted to 0.0
INFO: Step 1, time 2.89e-01, PS3DF, 1 components, 7506 values
INFO: Step 1, time 2.89e-01, TS3DF, 1 components, 7506 values
INFO: Step 1, time 2.89e-01, M3DF, 1 components, 7506 values
WARNING: 938 Inf values are converted to 0.0
WARNING: 3688 NaN values are converted to 0.0
INFO: Step 1, time 2.89e-01, TT3DF, 1 components, 7506 values
WARNING: 938 Inf values are converted to 0.0
WARNING: 3688 NaN values are converted to 0.0
INFO: Step 1, time 2.89e-01, CP3DF, 1 components, 7506 values

==================================================
INFO: Parsing examples/ccx_2.16.fluidtest/agard01msvis.frd
INFO: 7506 nodes
INFO: 7351 cells
WARNING: NaN and Inf are not supported in Paraview (48 warnings).
WARNING: Wrong format, 1.64443+129 -> 1.6444e+129 (7138 warnings).
INFO: Step 1, time 2.89e-01, V3DF, 3 components, 7506 values
WARNING: Wrong format, 1.54498+125 -> 1.5449e+125 (3434 warnings).
INFO: Step 1, time 2.89e-01, PS3DF, 1 components, 7506 values
INFO: Step 1, time 2.89e-01, TS3DF, 1 components, 7506 values
WARNING: NaN and Inf are not supported in Paraview (4626 warnings).
WARNING: Wrong format, 1.31600+129 -> 1.316e+129 (526 warnings).
INFO: Step 1, time 2.89e-01, M3DF, 1 components, 7506 values
WARNING: NaN and Inf are not supported in Paraview (4626 warnings).
WARNING: Wrong format, 1.34869+196 -> 1.3486e+196 (724 warnings).
INFO: Step 1, time 2.89e-01, TT3DF, 1 components, 7506 values
WARNING: Wrong format, 3.08997+125 -> 3.0899e+125 (3434 warnings).
INFO: Step 1, time 2.89e-01, CP3DF, 1 components, 7506 values
INFO: 1 time increment
INFO: Writing examples/ccx_2.16.fluidtest/agard01msvis.vtu
INFO: Step 1, time 2.89e-01, V3DF, 3 components, 7506 values
WARNING: 48 NaN values are converted to 0.0
INFO: Step 1, time 2.89e-01, PS3DF, 1 components, 7506 values
INFO: Step 1, time 2.89e-01, TS3DF, 1 components, 7506 values
INFO: Step 1, time 2.89e-01, M3DF, 1 components, 7506 values
WARNING: 938 Inf values are converted to 0.0
WARNING: 3688 NaN values are converted to 0.0
INFO: Step 1, time 2.89e-01, TT3DF, 1 components, 7506 values
WARNING: 938 Inf values are converted to 0.0
WARNING: 3688 NaN values are converted to 0.0
INFO: Step 1, time 2.89e-01, CP3DF, 1 components, 7506 values

==================================================
INFO: Parsing examples/ccx_2.16.fluidtest/agard02ms.frd
INFO: 7506 nodes
INFO: 7351 cells
INFO: Step 1, time 8.5, V3DF, 3 components, 7506 values
INFO: Step 1, time 8.5, PS3DF, 1 components, 7506 values
INFO: Step 1, time 8.5, TS3DF, 1 components, 7506 values
INFO: Step 1, time 8.5, M3DF, 1 components, 7506 values
INFO: Step 1, time 8.5, TT3DF, 1 components, 7506 values
INFO: Step 1, time 8.5, CP3DF, 1 components, 7506 values
INFO: 1 time increment
INFO: Writing examples/ccx_2.16.fluidtest/agard02ms.vtk
INFO: Step 1, time 8.5, V3DF, 3 components, 7506 values
INFO: Step 1, time 8.5, PS3DF, 1 components, 7506 values
INFO: Step 1, time 8.5, TS3DF, 1 components, 7506 values
INFO: Step 1, time 8.5, M3DF, 1 components, 7506 values
INFO: Step 1, time 8.5, TT3DF, 1 components, 7506 values
INFO: Step 1, time 8.5, CP3DF, 1 components, 7506 values

==================================================
INFO: Parsing examples/ccx_2.16.fluidtest/agard02ms.frd
INFO: 7506 nodes
INFO: 7351 cells
INFO: Step 1, time 8.5, V3DF, 3 components, 7506 values
INFO: Step 1, time 8.5, PS3DF, 1 components, 7506 values
INFO: Step 1, time 8.5, TS3DF, 1 components, 7506 values
INFO: Step 1, time 8.5, M3DF, 1 components, 7506 values
INFO: Step 1, time 8.5, TT3DF, 1 components, 7506 values
INFO: Step 1, time 8.5, CP3DF, 1 components, 7506 values
INFO: 1 time increment
INFO: Writing examples/ccx_2.16.fluidtest/agard02ms.vtu
INFO: Step 1, time 8.5, V3DF, 3 components, 7506 values
INFO: Step 1, time 8.5, PS3DF, 1 components, 7506 values
INFO: Step 1, time 8.5, TS3DF, 1 components, 7506 values
INFO: Step 1, time 8.5, M3DF, 1 components, 7506 values
INFO: Step 1, time 8.5, TT3DF, 1 components, 7506 values
INFO: Step 1, time 8.5, CP3DF, 1 components, 7506 values

==================================================
INFO: Parsing examples/ccx_2.16.fluidtest/agard04ms.frd
INFO: 7506 nodes
INFO: 7351 cells
INFO: Step 1, time 5.8, V3DF, 3 components, 7506 values
INFO: Step 1, time 5.8, PS3DF, 1 components, 7506 values
INFO: Step 1, time 5.8, TS3DF, 1 components, 7506 values
INFO: Step 1, time 5.8, M3DF, 1 components, 7506 values
INFO: Step 1, time 5.8, TT3DF, 1 components, 7506 values
INFO: Step 1, time 5.8, CP3DF, 1 components, 7506 values
INFO: 1 time increment
INFO: Writing examples/ccx_2.16.fluidtest/agard04ms.vtk
INFO: Step 1, time 5.8, V3DF, 3 components, 7506 values
INFO: Step 1, time 5.8, PS3DF, 1 components, 7506 values
INFO: Step 1, time 5.8, TS3DF, 1 components, 7506 values
INFO: Step 1, time 5.8, M3DF, 1 components, 7506 values
INFO: Step 1, time 5.8, TT3DF, 1 components, 7506 values
INFO: Step 1, time 5.8, CP3DF, 1 components, 7506 values

==================================================
INFO: Parsing examples/ccx_2.16.fluidtest/agard04ms.frd
INFO: 7506 nodes
INFO: 7351 cells
INFO: Step 1, time 5.8, V3DF, 3 components, 7506 values
INFO: Step 1, time 5.8, PS3DF, 1 components, 7506 values
INFO: Step 1, time 5.8, TS3DF, 1 components, 7506 values
INFO: Step 1, time 5.8, M3DF, 1 components, 7506 values
INFO: Step 1, time 5.8, TT3DF, 1 components, 7506 values
INFO: Step 1, time 5.8, CP3DF, 1 components, 7506 values
INFO: 1 time increment
INFO: Writing examples/ccx_2.16.fluidtest/agard04ms.vtu
INFO: Step 1, time 5.8, V3DF, 3 components, 7506 values
INFO: Step 1, time 5.8, PS3DF, 1 components, 7506 values
INFO: Step 1, time 5.8, TS3DF, 1 components, 7506 values
INFO: Step 1, time 5.8, M3DF, 1 components, 7506 values
INFO: Step 1, time 5.8, TT3DF, 1 components, 7506 values
INFO: Step 1, time 5.8, CP3DF, 1 components, 7506 values

==================================================
INFO: Parsing examples/ccx_2.16.fluidtest/agard05msvis.frd
INFO: 7506 nodes
INFO: 7351 cells
WARNING: NaN and Inf are not supported in Paraview (240 warnings).
WARNING: Wrong format, 1.38574+125 -> 1.3857e+125 (7676 warnings).
INFO: Step 1, time 2.4, V3DF, 3 components, 7506 values
WARNING: Wrong format, -2.17165+146 -> -2.1716e+146 (5052 warnings).
INFO: Step 1, time 2.4, PS3DF, 1 components, 7506 values
INFO: Step 1, time 2.4, TS3DF, 1 components, 7506 values
WARNING: NaN and Inf are not supported in Paraview (5500 warnings).
WARNING: Wrong format, 2.59461+125 -> 2.5946e+125 (716 warnings).
INFO: Step 1, time 2.4, M3DF, 1 components, 7506 values
WARNING: NaN and Inf are not supported in Paraview (5504 warnings).
WARNING: Wrong format, 1.25316+100 -> 1.2531e+100 (1166 warnings).
INFO: Step 1, time 2.4, TT3DF, 1 components, 7506 values
WARNING: Wrong format, -4.34330+146 -> -4.3433e+146 (5058 warnings).
INFO: Step 1, time 2.4, CP3DF, 1 components, 7506 values
INFO: 1 time increment
INFO: Writing examples/ccx_2.16.fluidtest/agard05msvis.vtk
INFO: Step 1, time 2.4, V3DF, 3 components, 7506 values
WARNING: 240 NaN values are converted to 0.0
INFO: Step 1, time 2.4, PS3DF, 1 components, 7506 values
INFO: Step 1, time 2.4, TS3DF, 1 components, 7506 values
INFO: Step 1, time 2.4, M3DF, 1 components, 7506 values
WARNING: 778 Inf values are converted to 0.0
WARNING: 4722 NaN values are converted to 0.0
INFO: Step 1, time 2.4, TT3DF, 1 components, 7506 values
WARNING: 782 Inf values are converted to 0.0
WARNING: 4722 NaN values are converted to 0.0
INFO: Step 1, time 2.4, CP3DF, 1 components, 7506 values

==================================================
INFO: Parsing examples/ccx_2.16.fluidtest/agard05msvis.frd
INFO: 7506 nodes
INFO: 7351 cells
WARNING: NaN and Inf are not supported in Paraview (240 warnings).
WARNING: Wrong format, 1.38574+125 -> 1.3857e+125 (7676 warnings).
INFO: Step 1, time 2.4, V3DF, 3 components, 7506 values
WARNING: Wrong format, -2.17165+146 -> -2.1716e+146 (5052 warnings).
INFO: Step 1, time 2.4, PS3DF, 1 components, 7506 values
INFO: Step 1, time 2.4, TS3DF, 1 components, 7506 values
WARNING: NaN and Inf are not supported in Paraview (5500 warnings).
WARNING: Wrong format, 2.59461+125 -> 2.5946e+125 (716 warnings).
INFO: Step 1, time 2.4, M3DF, 1 components, 7506 values
WARNING: NaN and Inf are not supported in Paraview (5504 warnings).
WARNING: Wrong format, 1.25316+100 -> 1.2531e+100 (1166 warnings).
INFO: Step 1, time 2.4, TT3DF, 1 components, 7506 values
WARNING: Wrong format, -4.34330+146 -> -4.3433e+146 (5058 warnings).
INFO: Step 1, time 2.4, CP3DF, 1 components, 7506 values
INFO: 1 time increment
INFO: Writing examples/ccx_2.16.fluidtest/agard05msvis.vtu
INFO: Step 1, time 2.4, V3DF, 3 components, 7506 values
WARNING: 240 NaN values are converted to 0.0
INFO: Step 1, time 2.4, PS3DF, 1 components, 7506 values
INFO: Step 1, time 2.4, TS3DF, 1 components, 7506 values
INFO: Step 1, time 2.4, M3DF, 1 components, 7506 values
WARNING: 778 Inf values are converted to 0.0
WARNING: 4722 NaN values are converted to 0.0
INFO: Step 1, time 2.4, TT3DF, 1 components, 7506 values
WARNING: 782 Inf values are converted to 0.0
WARNING: 4722 NaN values are converted to 0.0
INFO: Step 1, time 2.4, CP3DF, 1 components, 7506 values

==================================================
INFO: Parsing examples/ccx_2.16.fluidtest/backstep.frd
INFO: 7818 nodes
INFO: 3740 cells
INFO: Step 1, time 125.5, V3DF, 3 components, 7818 values
INFO: Step 1, time 125.5, PS3DF, 1 components, 7818 values
INFO: 1 time increment
INFO: Writing examples/ccx_2.16.fluidtest/backstep.vtk
INFO: Step 1, time 125.5, V3DF, 3 components, 7818 values
INFO: Step 1, time 125.5, PS3DF, 1 components, 7818 values

==================================================
INFO: Parsing examples/ccx_2.16.fluidtest/backstep.frd
INFO: 7818 nodes
INFO: 3740 cells
INFO: Step 1, time 125.5, V3DF, 3 components, 7818 values
INFO: Step 1, time 125.5, PS3DF, 1 components, 7818 values
INFO: 1 time increment
INFO: Writing examples/ccx_2.16.fluidtest/backstep.vtu
INFO: Step 1, time 125.5, V3DF, 3 components, 7818 values
INFO: Step 1, time 125.5, PS3DF, 1 components, 7818 values

==================================================
INFO: Parsing examples/ccx_2.16.fluidtest/bump_0.672.frd
INFO: 682 nodes
INFO: 300 cells
INFO: Step 1, time 1631.3, V3DF, 3 components, 682 values
INFO: Step 1, time 1631.3, PS3DF, 1 components, 682 values
INFO: Step 1, time 1631.3, TS3DF, 1 components, 682 values
INFO: Step 1, time 1631.3, M3DF, 1 components, 682 values
INFO: 1 time increment
INFO: Writing examples/ccx_2.16.fluidtest/bump_0.672.vtk
INFO: Step 1, time 1631.3, V3DF, 3 components, 682 values
INFO: Step 1, time 1631.3, PS3DF, 1 components, 682 values
INFO: Step 1, time 1631.3, TS3DF, 1 components, 682 values
INFO: Step 1, time 1631.3, M3DF, 1 components, 682 values

==================================================
INFO: Parsing examples/ccx_2.16.fluidtest/bump_0.672.frd
INFO: 682 nodes
INFO: 300 cells
INFO: Step 1, time 1631.3, V3DF, 3 components, 682 values
INFO: Step 1, time 1631.3, PS3DF, 1 components, 682 values
INFO: Step 1, time 1631.3, TS3DF, 1 components, 682 values
INFO: Step 1, time 1631.3, M3DF, 1 components, 682 values
INFO: 1 time increment
INFO: Writing examples/ccx_2.16.fluidtest/bump_0.672.vtu
INFO: Step 1, time 1631.3, V3DF, 3 components, 682 values
INFO: Step 1, time 1631.3, PS3DF, 1 components, 682 values
INFO: Step 1, time 1631.3, TS3DF, 1 components, 682 values
INFO: Step 1, time 1631.3, M3DF, 1 components, 682 values

==================================================
INFO: Parsing examples/ccx_2.16.fluidtest/bumpsubfine.frd
INFO: 9922 nodes
INFO: 4800 cells
INFO: Step 1, time 95.4, V3DF, 3 components, 9922 values
INFO: Step 1, time 95.4, PS3DF, 1 components, 9922 values
INFO: Step 1, time 95.4, TS3DF, 1 components, 9922 values
INFO: Step 1, time 95.4, M3DF, 1 components, 9922 values
INFO: Step 1, time 95.4, TT3DF, 1 components, 9922 values
INFO: Step 1, time 95.4, PT3DF, 1 components, 9922 values
INFO: 1 time increment
INFO: Writing examples/ccx_2.16.fluidtest/bumpsubfine.vtk
INFO: Step 1, time 95.4, V3DF, 3 components, 9922 values
INFO: Step 1, time 95.4, PS3DF, 1 components, 9922 values
INFO: Step 1, time 95.4, TS3DF, 1 components, 9922 values
INFO: Step 1, time 95.4, M3DF, 1 components, 9922 values
INFO: Step 1, time 95.4, TT3DF, 1 components, 9922 values
INFO: Step 1, time 95.4, PT3DF, 1 components, 9922 values

==================================================
INFO: Parsing examples/ccx_2.16.fluidtest/bumpsubfine.frd
INFO: 9922 nodes
INFO: 4800 cells
INFO: Step 1, time 95.4, V3DF, 3 components, 9922 values
INFO: Step 1, time 95.4, PS3DF, 1 components, 9922 values
INFO: Step 1, time 95.4, TS3DF, 1 components, 9922 values
INFO: Step 1, time 95.4, M3DF, 1 components, 9922 values
INFO: Step 1, time 95.4, TT3DF, 1 components, 9922 values
INFO: Step 1, time 95.4, PT3DF, 1 components, 9922 values
INFO: 1 time increment
INFO: Writing examples/ccx_2.16.fluidtest/bumpsubfine.vtu
INFO: Step 1, time 95.4, V3DF, 3 components, 9922 values
INFO: Step 1, time 95.4, PS3DF, 1 components, 9922 values
INFO: Step 1, time 95.4, TS3DF, 1 components, 9922 values
INFO: Step 1, time 95.4, M3DF, 1 components, 9922 values
INFO: Step 1, time 95.4, TT3DF, 1 components, 9922 values
INFO: Step 1, time 95.4, PT3DF, 1 components, 9922 values

==================================================
INFO: Parsing examples/ccx_2.16.fluidtest/bumpsuperfineshallow.frd
INFO: 9922 nodes
INFO: 4800 cells
INFO: Step 1, time 22.8, V3DF, 3 components, 9922 values
INFO: Step 1, time 22.8, PS3DF, 1 components, 9922 values
INFO: Step 1, time 22.8, TS3DF, 1 components, 9922 values
INFO: Step 1, time 22.8, M3DF, 1 components, 9922 values
INFO: Step 1, time 22.8, TT3DF, 1 components, 9922 values
INFO: 1 time increment
INFO: Writing examples/ccx_2.16.fluidtest/bumpsuperfineshallow.vtk
INFO: Step 1, time 22.8, V3DF, 3 components, 9922 values
INFO: Step 1, time 22.8, PS3DF, 1 components, 9922 values
INFO: Step 1, time 22.8, TS3DF, 1 components, 9922 values
INFO: Step 1, time 22.8, M3DF, 1 components, 9922 values
INFO: Step 1, time 22.8, TT3DF, 1 components, 9922 values

==================================================
INFO: Parsing examples/ccx_2.16.fluidtest/bumpsuperfineshallow.frd
INFO: 9922 nodes
INFO: 4800 cells
INFO: Step 1, time 22.8, V3DF, 3 components, 9922 values
INFO: Step 1, time 22.8, PS3DF, 1 components, 9922 values
INFO: Step 1, time 22.8, TS3DF, 1 components, 9922 values
INFO: Step 1, time 22.8, M3DF, 1 components, 9922 values
INFO: Step 1, time 22.8, TT3DF, 1 components, 9922 values
INFO: 1 time increment
INFO: Writing examples/ccx_2.16.fluidtest/bumpsuperfineshallow.vtu
INFO: Step 1, time 22.8, V3DF, 3 components, 9922 values
INFO: Step 1, time 22.8, PS3DF, 1 components, 9922 values
INFO: Step 1, time 22.8, TS3DF, 1 components, 9922 values
INFO: Step 1, time 22.8, M3DF, 1 components, 9922 values
INFO: Step 1, time 22.8, TT3DF, 1 components, 9922 values

==================================================
INFO: Parsing examples/ccx_2.16.fluidtest/carter10viscfine.frd
INFO: 39800 nodes
INFO: 19602 cells
INFO: Step 1, time 321.8, V3DF, 3 components, 39800 values
INFO: Step 1, time 321.8, PS3DF, 1 components, 39800 values
INFO: Step 1, time 321.8, TS3DF, 1 components, 39800 values
INFO: Step 1, time 321.8, M3DF, 1 components, 39800 values
INFO: 1 time increment
INFO: Writing examples/ccx_2.16.fluidtest/carter10viscfine.vtk
INFO: Step 1, time 321.8, V3DF, 3 components, 39800 values
INFO: Step 1, time 321.8, PS3DF, 1 components, 39800 values
INFO: Step 1, time 321.8, TS3DF, 1 components, 39800 values
INFO: Step 1, time 321.8, M3DF, 1 components, 39800 values

==================================================
INFO: Parsing examples/ccx_2.16.fluidtest/carter10viscfine.frd
INFO: 39800 nodes
INFO: 19602 cells
INFO: Step 1, time 321.8, V3DF, 3 components, 39800 values
INFO: Step 1, time 321.8, PS3DF, 1 components, 39800 values
INFO: Step 1, time 321.8, TS3DF, 1 components, 39800 values
INFO: Step 1, time 321.8, M3DF, 1 components, 39800 values
INFO: 1 time increment
INFO: Writing examples/ccx_2.16.fluidtest/carter10viscfine.vtu
INFO: Step 1, time 321.8, V3DF, 3 components, 39800 values
INFO: Step 1, time 321.8, PS3DF, 1 components, 39800 values
INFO: Step 1, time 321.8, TS3DF, 1 components, 39800 values
INFO: Step 1, time 321.8, M3DF, 1 components, 39800 values

==================================================
INFO: Parsing examples/ccx_2.16.fluidtest/couettefine.frd
INFO: 400 nodes
INFO: 99 cells
INFO: Step 1, time 993.8, V3DF, 3 components, 400 values
INFO: Step 1, time 993.8, TS3DF, 1 components, 400 values
INFO: 1 time increment
INFO: Writing examples/ccx_2.16.fluidtest/couettefine.vtk
INFO: Step 1, time 993.8, V3DF, 3 components, 400 values
INFO: Step 1, time 993.8, TS3DF, 1 components, 400 values

==================================================
INFO: Parsing examples/ccx_2.16.fluidtest/couettefine.frd
INFO: 400 nodes
INFO: 99 cells
INFO: Step 1, time 993.8, V3DF, 3 components, 400 values
INFO: Step 1, time 993.8, TS3DF, 1 components, 400 values
INFO: 1 time increment
INFO: Writing examples/ccx_2.16.fluidtest/couettefine.vtu
INFO: Step 1, time 993.8, V3DF, 3 components, 400 values
INFO: Step 1, time 993.8, TS3DF, 1 components, 400 values

==================================================
INFO: Parsing examples/ccx_2.16.fluidtest/cylair.frd
INFO: 7376 nodes
INFO: 3520 cells
INFO: Step 1, time 145.3, V3DF, 3 components, 7376 values
INFO: Step 1, time 145.3, PS3DF, 1 components, 7376 values
INFO: Step 1, time 145.3, TS3DF, 1 components, 7376 values
INFO: Step 1, time 145.3, M3DF, 1 components, 7376 values
INFO: Step 1, time 145.3, TT3DF, 1 components, 7376 values
INFO: Step 1, time 145.3, CP3DF, 1 components, 7376 values
INFO: 1 time increment
INFO: Writing examples/ccx_2.16.fluidtest/cylair.vtk
INFO: Step 1, time 145.3, V3DF, 3 components, 7376 values
INFO: Step 1, time 145.3, PS3DF, 1 components, 7376 values
INFO: Step 1, time 145.3, TS3DF, 1 components, 7376 values
INFO: Step 1, time 145.3, M3DF, 1 components, 7376 values
INFO: Step 1, time 145.3, TT3DF, 1 components, 7376 values
INFO: Step 1, time 145.3, CP3DF, 1 components, 7376 values

==================================================
INFO: Parsing examples/ccx_2.16.fluidtest/cylair.frd
INFO: 7376 nodes
INFO: 3520 cells
INFO: Step 1, time 145.3, V3DF, 3 components, 7376 values
INFO: Step 1, time 145.3, PS3DF, 1 components, 7376 values
INFO: Step 1, time 145.3, TS3DF, 1 components, 7376 values
INFO: Step 1, time 145.3, M3DF, 1 components, 7376 values
INFO: Step 1, time 145.3, TT3DF, 1 components, 7376 values
INFO: Step 1, time 145.3, CP3DF, 1 components, 7376 values
INFO: 1 time increment
INFO: Writing examples/ccx_2.16.fluidtest/cylair.vtu
INFO: Step 1, time 145.3, V3DF, 3 components, 7376 values
INFO: Step 1, time 145.3, PS3DF, 1 components, 7376 values
INFO: Step 1, time 145.3, TS3DF, 1 components, 7376 values
INFO: Step 1, time 145.3, M3DF, 1 components, 7376 values
INFO: Step 1, time 145.3, TT3DF, 1 components, 7376 values
INFO: Step 1, time 145.3, CP3DF, 1 components, 7376 values

==================================================
INFO: Parsing examples/ccx_2.16.fluidtest/cylfine.frd
INFO: 19840 nodes
INFO: 9600 cells
INFO: Step 1, time 19.6, V3DF, 3 components, 19840 values
INFO: Step 1, time 19.6, PS3DF, 1 components, 19840 values
INFO: Step 1, time 19.6, VSTRES, 6 components, 19840 values
INFO: Step 2, time 39.8, V3DF, 3 components, 19840 values
INFO: Step 2, time 39.8, PS3DF, 1 components, 19840 values
INFO: Step 2, time 39.8, VSTRES, 6 components, 19840 values
INFO: Step 3, time 59.0, V3DF, 3 components, 19840 values
INFO: Step 3, time 59.0, PS3DF, 1 components, 19840 values
INFO: Step 3, time 59.0, VSTRES, 6 components, 19840 values
INFO: 3 time increments
INFO: Writing examples/ccx_2.16.fluidtest/cylfine.1.vtk
INFO: Step 1, time 19.6, V3DF, 3 components, 19840 values
INFO: Step 1, time 19.6, PS3DF, 1 components, 19840 values
INFO: Step 1, time 19.6, VSTRES, 6 components, 19840 values
INFO: Writing examples/ccx_2.16.fluidtest/cylfine.2.vtk
INFO: Step 2, time 39.8, V3DF, 3 components, 19840 values
INFO: Step 2, time 39.8, PS3DF, 1 components, 19840 values
INFO: Step 2, time 39.8, VSTRES, 6 components, 19840 values
INFO: Writing examples/ccx_2.16.fluidtest/cylfine.3.vtk
INFO: Step 3, time 59.0, V3DF, 3 components, 19840 values
INFO: Step 3, time 59.0, PS3DF, 1 components, 19840 values
INFO: Step 3, time 59.0, VSTRES, 6 components, 19840 values

==================================================
INFO: Parsing examples/ccx_2.16.fluidtest/cylfine.frd
INFO: 19840 nodes
INFO: 9600 cells
INFO: Step 1, time 19.6, V3DF, 3 components, 19840 values
INFO: Step 1, time 19.6, PS3DF, 1 components, 19840 values
INFO: Step 1, time 19.6, VSTRES, 6 components, 19840 values
INFO: Step 2, time 39.8, V3DF, 3 components, 19840 values
INFO: Step 2, time 39.8, PS3DF, 1 components, 19840 values
INFO: Step 2, time 39.8, VSTRES, 6 components, 19840 values
INFO: Step 3, time 59.0, V3DF, 3 components, 19840 values
INFO: Step 3, time 59.0, PS3DF, 1 components, 19840 values
INFO: Step 3, time 59.0, VSTRES, 6 components, 19840 values
INFO: 3 time increments
INFO: Writing examples/ccx_2.16.fluidtest/cylfine.1.vtu
INFO: Step 1, time 19.6, V3DF, 3 components, 19840 values
INFO: Step 1, time 19.6, PS3DF, 1 components, 19840 values
INFO: Step 1, time 19.6, VSTRES, 6 components, 19840 values
INFO: Writing examples/ccx_2.16.fluidtest/cylfine.2.vtu
INFO: Step 2, time 39.8, V3DF, 3 components, 19840 values
INFO: Step 2, time 39.8, PS3DF, 1 components, 19840 values
INFO: Step 2, time 39.8, VSTRES, 6 components, 19840 values
INFO: Writing examples/ccx_2.16.fluidtest/cylfine.3.vtu
INFO: Step 3, time 59.0, V3DF, 3 components, 19840 values
INFO: Step 3, time 59.0, PS3DF, 1 components, 19840 values
INFO: Step 3, time 59.0, VSTRES, 6 components, 19840 values

==================================================
INFO: Parsing examples/ccx_2.16.fluidtest/lid400.frd
INFO: 13122 nodes
INFO: 6400 cells
INFO: Step 1, time 66.5, V3DF, 3 components, 13122 values
INFO: Step 1, time 66.5, PS3DF, 1 components, 13122 values
INFO: 1 time increment
INFO: Writing examples/ccx_2.16.fluidtest/lid400.vtk
INFO: Step 1, time 66.5, V3DF, 3 components, 13122 values
INFO: Step 1, time 66.5, PS3DF, 1 components, 13122 values

==================================================
INFO: Parsing examples/ccx_2.16.fluidtest/lid400.frd
INFO: 13122 nodes
INFO: 6400 cells
INFO: Step 1, time 66.5, V3DF, 3 components, 13122 values
INFO: Step 1, time 66.5, PS3DF, 1 components, 13122 values
INFO: 1 time increment
INFO: Writing examples/ccx_2.16.fluidtest/lid400.vtu
INFO: Step 1, time 66.5, V3DF, 3 components, 13122 values
INFO: Step 1, time 66.5, PS3DF, 1 components, 13122 values

==================================================
INFO: Parsing examples/ccx_2.16.fluidtest/lid400_w.frd
INFO: 4750 nodes
INFO: 4584 cells
INFO: Step 1, time 25.0, V3DF, 3 components, 4750 values
INFO: Step 1, time 25.0, PS3DF, 1 components, 4750 values
INFO: 1 time increment
INFO: Writing examples/ccx_2.16.fluidtest/lid400_w.vtk
INFO: Step 1, time 25.0, V3DF, 3 components, 4750 values
INFO: Step 1, time 25.0, PS3DF, 1 components, 4750 values

==================================================
INFO: Parsing examples/ccx_2.16.fluidtest/lid400_w.frd
INFO: 4750 nodes
INFO: 4584 cells
INFO: Step 1, time 25.0, V3DF, 3 components, 4750 values
INFO: Step 1, time 25.0, PS3DF, 1 components, 4750 values
INFO: 1 time increment
INFO: Writing examples/ccx_2.16.fluidtest/lid400_w.vtu
INFO: Step 1, time 25.0, V3DF, 3 components, 4750 values
INFO: Step 1, time 25.0, PS3DF, 1 components, 4750 values

==================================================
INFO: Parsing examples/ccx_2.16.fluidtest/naca012_visc_mach0.85.frd
INFO: 5000 nodes
INFO: 2400 cells
INFO: Step 1, time 20.0, V3DF, 3 components, 5000 values
INFO: Step 1, time 20.0, PS3DF, 1 components, 5000 values
INFO: Step 1, time 20.0, TS3DF, 1 components, 5000 values
INFO: Step 1, time 20.0, M3DF, 1 components, 5000 values
INFO: 1 time increment
INFO: Writing examples/ccx_2.16.fluidtest/naca012_visc_mach0.85.vtk
INFO: Step 1, time 20.0, V3DF, 3 components, 5000 values
INFO: Step 1, time 20.0, PS3DF, 1 components, 5000 values
INFO: Step 1, time 20.0, TS3DF, 1 components, 5000 values
INFO: Step 1, time 20.0, M3DF, 1 components, 5000 values

==================================================
INFO: Parsing examples/ccx_2.16.fluidtest/naca012_visc_mach0.85.frd
INFO: 5000 nodes
INFO: 2400 cells
INFO: Step 1, time 20.0, V3DF, 3 components, 5000 values
INFO: Step 1, time 20.0, PS3DF, 1 components, 5000 values
INFO: Step 1, time 20.0, TS3DF, 1 components, 5000 values
INFO: Step 1, time 20.0, M3DF, 1 components, 5000 values
INFO: 1 time increment
INFO: Writing examples/ccx_2.16.fluidtest/naca012_visc_mach0.85.vtu
INFO: Step 1, time 20.0, V3DF, 3 components, 5000 values
INFO: Step 1, time 20.0, PS3DF, 1 components, 5000 values
INFO: Step 1, time 20.0, TS3DF, 1 components, 5000 values
INFO: Step 1, time 20.0, M3DF, 1 components, 5000 values

==================================================
INFO: Parsing examples/ccx_2.16.fluidtest/rae2822_ud.frd
INFO: 24814 nodes
INFO: 12056 cells
INFO: Step 1, time 1.31e-02, V3DF, 3 components, 24814 values
INFO: Step 1, time 1.31e-02, PS3DF, 1 components, 24814 values
INFO: Step 1, time 1.31e-02, TS3DF, 1 components, 24814 values
INFO: Step 1, time 1.31e-02, M3DF, 1 components, 24814 values
INFO: Step 1, time 1.31e-02, TT3DF, 1 components, 24814 values
INFO: 1 time increment
INFO: Writing examples/ccx_2.16.fluidtest/rae2822_ud.vtk
INFO: Step 1, time 1.31e-02, V3DF, 3 components, 24814 values
INFO: Step 1, time 1.31e-02, PS3DF, 1 components, 24814 values
INFO: Step 1, time 1.31e-02, TS3DF, 1 components, 24814 values
INFO: Step 1, time 1.31e-02, M3DF, 1 components, 24814 values
INFO: Step 1, time 1.31e-02, TT3DF, 1 components, 24814 values

==================================================
INFO: Parsing examples/ccx_2.16.fluidtest/rae2822_ud.frd
INFO: 24814 nodes
INFO: 12056 cells
INFO: Step 1, time 1.31e-02, V3DF, 3 components, 24814 values
INFO: Step 1, time 1.31e-02, PS3DF, 1 components, 24814 values
INFO: Step 1, time 1.31e-02, TS3DF, 1 components, 24814 values
INFO: Step 1, time 1.31e-02, M3DF, 1 components, 24814 values
INFO: Step 1, time 1.31e-02, TT3DF, 1 components, 24814 values
INFO: 1 time increment
INFO: Writing examples/ccx_2.16.fluidtest/rae2822_ud.vtu
INFO: Step 1, time 1.31e-02, V3DF, 3 components, 24814 values
INFO: Step 1, time 1.31e-02, PS3DF, 1 components, 24814 values
INFO: Step 1, time 1.31e-02, TS3DF, 1 components, 24814 values
INFO: Step 1, time 1.31e-02, M3DF, 1 components, 24814 values
INFO: Step 1, time 1.31e-02, TT3DF, 1 components, 24814 values

==================================================
INFO: Parsing examples/ccx_2.16.fluidtest/stepsuperfine.frd
INFO: 27442 nodes
INFO: 13440 cells
INFO: Step 1, time 24.9, V3DF, 3 components, 27442 values
INFO: Step 1, time 24.9, PS3DF, 1 components, 27442 values
INFO: Step 1, time 24.9, TS3DF, 1 components, 27442 values
INFO: Step 1, time 24.9, M3DF, 1 components, 27442 values
INFO: Step 1, time 24.9, TT3DF, 1 components, 27442 values
INFO: 1 time increment
INFO: Writing examples/ccx_2.16.fluidtest/stepsuperfine.vtk
INFO: Step 1, time 24.9, V3DF, 3 components, 27442 values
INFO: Step 1, time 24.9, PS3DF, 1 components, 27442 values
INFO: Step 1, time 24.9, TS3DF, 1 components, 27442 values
INFO: Step 1, time 24.9, M3DF, 1 components, 27442 values
INFO: Step 1, time 24.9, TT3DF, 1 components, 27442 values

==================================================
INFO: Parsing examples/ccx_2.16.fluidtest/stepsuperfine.frd
INFO: 27442 nodes
INFO: 13440 cells
INFO: Step 1, time 24.9, V3DF, 3 components, 27442 values
INFO: Step 1, time 24.9, PS3DF, 1 components, 27442 values
INFO: Step 1, time 24.9, TS3DF, 1 components, 27442 values
INFO: Step 1, time 24.9, M3DF, 1 components, 27442 values
INFO: Step 1, time 24.9, TT3DF, 1 components, 27442 values
INFO: 1 time increment
INFO: Writing examples/ccx_2.16.fluidtest/stepsuperfine.vtu
INFO: Step 1, time 24.9, V3DF, 3 components, 27442 values
INFO: Step 1, time 24.9, PS3DF, 1 components, 27442 values
INFO: Step 1, time 24.9, TS3DF, 1 components, 27442 values
INFO: Step 1, time 24.9, M3DF, 1 components, 27442 values
INFO: Step 1, time 24.9, TT3DF, 1 components, 27442 values

==================================================
INFO: Parsing examples/ccx_2.16.fluidtest/stepsuperwedge.frd
INFO: 5974 nodes
INFO: 5658 cells
INFO: Step 1, time 30.5, V3DF, 3 components, 5974 values
INFO: Step 1, time 30.5, PS3DF, 1 components, 5974 values
INFO: Step 1, time 30.5, TS3DF, 1 components, 5974 values
INFO: Step 1, time 30.5, M3DF, 1 components, 5974 values
INFO: Step 1, time 30.5, TT3DF, 1 components, 5974 values
INFO: 1 time increment
INFO: Writing examples/ccx_2.16.fluidtest/stepsuperwedge.vtk
INFO: Step 1, time 30.5, V3DF, 3 components, 5974 values
INFO: Step 1, time 30.5, PS3DF, 1 components, 5974 values
INFO: Step 1, time 30.5, TS3DF, 1 components, 5974 values
INFO: Step 1, time 30.5, M3DF, 1 components, 5974 values
INFO: Step 1, time 30.5, TT3DF, 1 components, 5974 values

==================================================
INFO: Parsing examples/ccx_2.16.fluidtest/stepsuperwedge.frd
INFO: 5974 nodes
INFO: 5658 cells
INFO: Step 1, time 30.5, V3DF, 3 components, 5974 values
INFO: Step 1, time 30.5, PS3DF, 1 components, 5974 values
INFO: Step 1, time 30.5, TS3DF, 1 components, 5974 values
INFO: Step 1, time 30.5, M3DF, 1 components, 5974 values
INFO: Step 1, time 30.5, TT3DF, 1 components, 5974 values
INFO: 1 time increment
INFO: Writing examples/ccx_2.16.fluidtest/stepsuperwedge.vtu
INFO: Step 1, time 30.5, V3DF, 3 components, 5974 values
INFO: Step 1, time 30.5, PS3DF, 1 components, 5974 values
INFO: Step 1, time 30.5, TS3DF, 1 components, 5974 values
INFO: Step 1, time 30.5, M3DF, 1 components, 5974 values
INFO: Step 1, time 30.5, TT3DF, 1 components, 5974 values

==================================================
INFO: Parsing examples/ccx_2.16.structest/contact2e.frd
INFO: 522 nodes
INFO: 64 cells
INFO: Step 1, time 1.91e-06, U, 3 components, 522 values
INFO: Step 2, time 3.82e-06, U, 3 components, 522 values
INFO: Step 3, time 5.73e-06, U, 3 components, 522 values
INFO: Step 4, time 7.64e-06, U, 3 components, 522 values
INFO: Step 5, time 9.55e-06, U, 3 components, 522 values
INFO: Step 6, time 1.15e-05, U, 3 components, 522 values
INFO: Step 7, time 1.34e-05, U, 3 components, 522 values
INFO: Step 8, time 1.53e-05, U, 3 components, 522 values
INFO: Step 9, time 1.72e-05, U, 3 components, 522 values
INFO: Step 10, time 1.91e-05, U, 3 components, 522 values
INFO: Step 11, time 2.10e-05, U, 3 components, 522 values
INFO: Step 12, time 2.29e-05, U, 3 components, 522 values
INFO: Step 13, time 2.48e-05, U, 3 components, 522 values
INFO: Step 14, time 2.66e-05, U, 3 components, 522 values
INFO: Step 15, time 2.70e-05, U, 3 components, 522 values
INFO: Step 16, time 2.74e-05, U, 3 components, 522 values
INFO: Step 17, time 2.78e-05, U, 3 components, 522 values
INFO: Step 18, time 2.82e-05, U, 3 components, 522 values
INFO: Step 19, time 2.85e-05, U, 3 components, 522 values
INFO: Step 20, time 2.89e-05, U, 3 components, 522 values
INFO: Step 21, time 2.93e-05, U, 3 components, 522 values
INFO: Step 22, time 3.03e-05, U, 3 components, 522 values
INFO: Step 23, time 3.22e-05, U, 3 components, 522 values
INFO: Step 24, time 3.38e-05, U, 3 components, 522 values
INFO: Step 25, time 3.42e-05, U, 3 components, 522 values
INFO: Step 26, time 3.46e-05, U, 3 components, 522 values
INFO: Step 27, time 3.49e-05, U, 3 components, 522 values
INFO: Step 28, time 3.53e-05, U, 3 components, 522 values
INFO: Step 29, time 3.57e-05, U, 3 components, 522 values
INFO: Step 30, time 3.61e-05, U, 3 components, 522 values
INFO: Step 31, time 3.65e-05, U, 3 components, 522 values
INFO: Step 32, time 3.71e-05, U, 3 components, 522 values
INFO: Step 33, time 3.90e-05, U, 3 components, 522 values
INFO: Step 34, time 4.09e-05, U, 3 components, 522 values
INFO: Step 35, time 4.29e-05, U, 3 components, 522 values
INFO: Step 36, time 4.48e-05, U, 3 components, 522 values
INFO: Step 37, time 4.67e-05, U, 3 components, 522 values
INFO: Step 38, time 4.86e-05, U, 3 components, 522 values
INFO: Step 39, time 5.05e-05, U, 3 components, 522 values
INFO: Step 40, time 5.24e-05, U, 3 components, 522 values
INFO: Step 41, time 5.43e-05, U, 3 components, 522 values
INFO: Step 42, time 5.62e-05, U, 3 components, 522 values
INFO: Step 43, time 5.81e-05, U, 3 components, 522 values
INFO: Step 44, time 6.00e-05, U, 3 components, 522 values
INFO: Step 45, time 6.20e-05, U, 3 components, 522 values
INFO: Step 46, time 6.39e-05, U, 3 components, 522 values
INFO: Step 47, time 6.58e-05, U, 3 components, 522 values
INFO: Step 48, time 6.77e-05, U, 3 components, 522 values
INFO: Step 49, time 6.96e-05, U, 3 components, 522 values
INFO: Step 50, time 7.15e-05, U, 3 components, 522 values
INFO: Step 51, time 7.34e-05, U, 3 components, 522 values
INFO: Step 52, time 7.53e-05, U, 3 components, 522 values
INFO: Step 53, time 7.72e-05, U, 3 components, 522 values
INFO: Step 54, time 7.92e-05, U, 3 components, 522 values
INFO: Step 55, time 8.11e-05, U, 3 components, 522 values
INFO: Step 56, time 8.30e-05, U, 3 components, 522 values
INFO: Step 57, time 8.49e-05, U, 3 components, 522 values
INFO: Step 58, time 8.68e-05, U, 3 components, 522 values
INFO: Step 59, time 8.87e-05, U, 3 components, 522 values
INFO: Step 60, time 9.06e-05, U, 3 components, 522 values
INFO: Step 61, time 9.23e-05, U, 3 components, 522 values
INFO: Step 62, time 9.27e-05, U, 3 components, 522 values
INFO: Step 63, time 9.30e-05, U, 3 components, 522 values
INFO: Step 64, time 9.34e-05, U, 3 components, 522 values
INFO: Step 65, time 9.38e-05, U, 3 components, 522 values
INFO: Step 66, time 9.41e-05, U, 3 components, 522 values
INFO: Step 67, time 9.45e-05, U, 3 components, 522 values
INFO: Step 68, time 9.48e-05, U, 3 components, 522 values
INFO: Step 69, time 9.52e-05, U, 3 components, 522 values
INFO: Step 70, time 9.64e-05, U, 3 components, 522 values
INFO: Step 71, time 9.83e-05, U, 3 components, 522 values
INFO: Step 72, time 1.00e-04, U, 3 components, 522 values
INFO: 72 time increments
INFO: Writing examples/ccx_2.16.structest/contact2e.01.vtk
INFO: Step 1, time 1.91e-06, U, 3 components, 522 values
INFO: Writing examples/ccx_2.16.structest/contact2e.02.vtk
INFO: Step 2, time 3.82e-06, U, 3 components, 522 values
INFO: Writing examples/ccx_2.16.structest/contact2e.03.vtk
INFO: Step 3, time 5.73e-06, U, 3 components, 522 values
INFO: Writing examples/ccx_2.16.structest/contact2e.04.vtk
INFO: Step 4, time 7.64e-06, U, 3 components, 522 values
INFO: Writing examples/ccx_2.16.structest/contact2e.05.vtk
INFO: Step 5, time 9.55e-06, U, 3 components, 522 values
INFO: Writing examples/ccx_2.16.structest/contact2e.06.vtk
INFO: Step 6, time 1.15e-05, U, 3 components, 522 values
INFO: Writing examples/ccx_2.16.structest/contact2e.07.vtk
INFO: Step 7, time 1.34e-05, U, 3 components, 522 values
INFO: Writing examples/ccx_2.16.structest/contact2e.08.vtk
INFO: Step 8, time 1.53e-05, U, 3 components, 522 values
INFO: Writing examples/ccx_2.16.structest/contact2e.09.vtk
INFO: Step 9, time 1.72e-05, U, 3 components, 522 values
INFO: Writing examples/ccx_2.16.structest/contact2e.10.vtk
INFO: Step 10, time 1.91e-05, U, 3 components, 522 values
INFO: Writing examples/ccx_2.16.structest/contact2e.11.vtk
INFO: Step 11, time 2.10e-05, U, 3 components, 522 values
INFO: Writing examples/ccx_2.16.structest/contact2e.12.vtk
INFO: Step 12, time 2.29e-05, U, 3 components, 522 values
INFO: Writing examples/ccx_2.16.structest/contact2e.13.vtk
INFO: Step 13, time 2.48e-05, U, 3 components, 522 values
INFO: Writing examples/ccx_2.16.structest/contact2e.14.vtk
INFO: Step 14, time 2.66e-05, U, 3 components, 522 values
INFO: Writing examples/ccx_2.16.structest/contact2e.15.vtk
INFO: Step 15, time 2.70e-05, U, 3 components, 522 values
INFO: Writing examples/ccx_2.16.structest/contact2e.16.vtk
INFO: Step 16, time 2.74e-05, U, 3 components, 522 values
INFO: Writing examples/ccx_2.16.structest/contact2e.17.vtk
INFO: Step 17, time 2.78e-05, U, 3 components, 522 values
INFO: Writing examples/ccx_2.16.structest/contact2e.18.vtk
INFO: Step 18, time 2.82e-05, U, 3 components, 522 values
INFO: Writing examples/ccx_2.16.structest/contact2e.19.vtk
INFO: Step 19, time 2.85e-05, U, 3 components, 522 values
INFO: Writing examples/ccx_2.16.structest/contact2e.20.vtk
INFO: Step 20, time 2.89e-05, U, 3 components, 522 values
INFO: Writing examples/ccx_2.16.structest/contact2e.21.vtk
INFO: Step 21, time 2.93e-05, U, 3 components, 522 values
INFO: Writing examples/ccx_2.16.structest/contact2e.22.vtk
INFO: Step 22, time 3.03e-05, U, 3 components, 522 values
INFO: Writing examples/ccx_2.16.structest/contact2e.23.vtk
INFO: Step 23, time 3.22e-05, U, 3 components, 522 values
INFO: Writing examples/ccx_2.16.structest/contact2e.24.vtk
INFO: Step 24, time 3.38e-05, U, 3 components, 522 values
INFO: Writing examples/ccx_2.16.structest/contact2e.25.vtk
INFO: Step 25, time 3.42e-05, U, 3 components, 522 values
INFO: Writing examples/ccx_2.16.structest/contact2e.26.vtk
INFO: Step 26, time 3.46e-05, U, 3 components, 522 values
INFO: Writing examples/ccx_2.16.structest/contact2e.27.vtk
INFO: Step 27, time 3.49e-05, U, 3 components, 522 values
INFO: Writing examples/ccx_2.16.structest/contact2e.28.vtk
INFO: Step 28, time 3.53e-05, U, 3 components, 522 values
INFO: Writing examples/ccx_2.16.structest/contact2e.29.vtk
INFO: Step 29, time 3.57e-05, U, 3 components, 522 values
INFO: Writing examples/ccx_2.16.structest/contact2e.30.vtk
INFO: Step 30, time 3.61e-05, U, 3 components, 522 values
INFO: Writing examples/ccx_2.16.structest/contact2e.31.vtk
INFO: Step 31, time 3.65e-05, U, 3 components, 522 values
INFO: Writing examples/ccx_2.16.structest/contact2e.32.vtk
INFO: Step 32, time 3.71e-05, U, 3 components, 522 values
INFO: Writing examples/ccx_2.16.structest/contact2e.33.vtk
INFO: Step 33, time 3.90e-05, U, 3 components, 522 values
INFO: Writing examples/ccx_2.16.structest/contact2e.34.vtk
INFO: Step 34, time 4.09e-05, U, 3 components, 522 values
INFO: Writing examples/ccx_2.16.structest/contact2e.35.vtk
INFO: Step 35, time 4.29e-05, U, 3 components, 522 values
INFO: Writing examples/ccx_2.16.structest/contact2e.36.vtk
INFO: Step 36, time 4.48e-05, U, 3 components, 522 values
INFO: Writing examples/ccx_2.16.structest/contact2e.37.vtk
INFO: Step 37, time 4.67e-05, U, 3 components, 522 values
INFO: Writing examples/ccx_2.16.structest/contact2e.38.vtk
INFO: Step 38, time 4.86e-05, U, 3 components, 522 values
INFO: Writing examples/ccx_2.16.structest/contact2e.39.vtk
INFO: Step 39, time 5.05e-05, U, 3 components, 522 values
INFO: Writing examples/ccx_2.16.structest/contact2e.40.vtk
INFO: Step 40, time 5.24e-05, U, 3 components, 522 values
INFO: Writing examples/ccx_2.16.structest/contact2e.41.vtk
INFO: Step 41, time 5.43e-05, U, 3 components, 522 values
INFO: Writing examples/ccx_2.16.structest/contact2e.42.vtk
INFO: Step 42, time 5.62e-05, U, 3 components, 522 values
INFO: Writing examples/ccx_2.16.structest/contact2e.43.vtk
INFO: Step 43, time 5.81e-05, U, 3 components, 522 values
INFO: Writing examples/ccx_2.16.structest/contact2e.44.vtk
INFO: Step 44, time 6.00e-05, U, 3 components, 522 values
INFO: Writing examples/ccx_2.16.structest/contact2e.45.vtk
INFO: Step 45, time 6.20e-05, U, 3 components, 522 values
INFO: Writing examples/ccx_2.16.structest/contact2e.46.vtk
INFO: Step 46, time 6.39e-05, U, 3 components, 522 values
INFO: Writing examples/ccx_2.16.structest/contact2e.47.vtk
INFO: Step 47, time 6.58e-05, U, 3 components, 522 values
INFO: Writing examples/ccx_2.16.structest/contact2e.48.vtk
INFO: Step 48, time 6.77e-05, U, 3 components, 522 values
INFO: Writing examples/ccx_2.16.structest/contact2e.49.vtk
INFO: Step 49, time 6.96e-05, U, 3 components, 522 values
INFO: Writing examples/ccx_2.16.structest/contact2e.50.vtk
INFO: Step 50, time 7.15e-05, U, 3 components, 522 values
INFO: Writing examples/ccx_2.16.structest/contact2e.51.vtk
INFO: Step 51, time 7.34e-05, U, 3 components, 522 values
INFO: Writing examples/ccx_2.16.structest/contact2e.52.vtk
INFO: Step 52, time 7.53e-05, U, 3 components, 522 values
INFO: Writing examples/ccx_2.16.structest/contact2e.53.vtk
INFO: Step 53, time 7.72e-05, U, 3 components, 522 values
INFO: Writing examples/ccx_2.16.structest/contact2e.54.vtk
INFO: Step 54, time 7.92e-05, U, 3 components, 522 values
INFO: Writing examples/ccx_2.16.structest/contact2e.55.vtk
INFO: Step 55, time 8.11e-05, U, 3 components, 522 values
INFO: Writing examples/ccx_2.16.structest/contact2e.56.vtk
INFO: Step 56, time 8.30e-05, U, 3 components, 522 values
INFO: Writing examples/ccx_2.16.structest/contact2e.57.vtk
INFO: Step 57, time 8.49e-05, U, 3 components, 522 values
INFO: Writing examples/ccx_2.16.structest/contact2e.58.vtk
INFO: Step 58, time 8.68e-05, U, 3 components, 522 values
INFO: Writing examples/ccx_2.16.structest/contact2e.59.vtk
INFO: Step 59, time 8.87e-05, U, 3 components, 522 values
INFO: Writing examples/ccx_2.16.structest/contact2e.60.vtk
INFO: Step 60, time 9.06e-05, U, 3 components, 522 values
INFO: Writing examples/ccx_2.16.structest/contact2e.61.vtk
INFO: Step 61, time 9.23e-05, U, 3 components, 522 values
INFO: Writing examples/ccx_2.16.structest/contact2e.62.vtk
INFO: Step 62, time 9.27e-05, U, 3 components, 522 values
INFO: Writing examples/ccx_2.16.structest/contact2e.63.vtk
INFO: Step 63, time 9.30e-05, U, 3 components, 522 values
INFO: Writing examples/ccx_2.16.structest/contact2e.64.vtk
INFO: Step 64, time 9.34e-05, U, 3 components, 522 values
INFO: Writing examples/ccx_2.16.structest/contact2e.65.vtk
INFO: Step 65, time 9.38e-05, U, 3 components, 522 values
INFO: Writing examples/ccx_2.16.structest/contact2e.66.vtk
INFO: Step 66, time 9.41e-05, U, 3 components, 522 values
INFO: Writing examples/ccx_2.16.structest/contact2e.67.vtk
INFO: Step 67, time 9.45e-05, U, 3 components, 522 values
INFO: Writing examples/ccx_2.16.structest/contact2e.68.vtk
INFO: Step 68, time 9.48e-05, U, 3 components, 522 values
INFO: Writing examples/ccx_2.16.structest/contact2e.69.vtk
INFO: Step 69, time 9.52e-05, U, 3 components, 522 values
INFO: Writing examples/ccx_2.16.structest/contact2e.70.vtk
INFO: Step 70, time 9.64e-05, U, 3 components, 522 values
INFO: Writing examples/ccx_2.16.structest/contact2e.71.vtk
INFO: Step 71, time 9.83e-05, U, 3 components, 522 values
INFO: Writing examples/ccx_2.16.structest/contact2e.72.vtk
INFO: Step 72, time 1.00e-04, U, 3 components, 522 values

==================================================
INFO: Parsing examples/ccx_2.16.structest/contact2e.frd
INFO: 522 nodes
INFO: 64 cells
INFO: Step 1, time 1.91e-06, U, 3 components, 522 values
INFO: Step 2, time 3.82e-06, U, 3 components, 522 values
INFO: Step 3, time 5.73e-06, U, 3 components, 522 values
INFO: Step 4, time 7.64e-06, U, 3 components, 522 values
INFO: Step 5, time 9.55e-06, U, 3 components, 522 values
INFO: Step 6, time 1.15e-05, U, 3 components, 522 values
INFO: Step 7, time 1.34e-05, U, 3 components, 522 values
INFO: Step 8, time 1.53e-05, U, 3 components, 522 values
INFO: Step 9, time 1.72e-05, U, 3 components, 522 values
INFO: Step 10, time 1.91e-05, U, 3 components, 522 values
INFO: Step 11, time 2.10e-05, U, 3 components, 522 values
INFO: Step 12, time 2.29e-05, U, 3 components, 522 values
INFO: Step 13, time 2.48e-05, U, 3 components, 522 values
INFO: Step 14, time 2.66e-05, U, 3 components, 522 values
INFO: Step 15, time 2.70e-05, U, 3 components, 522 values
INFO: Step 16, time 2.74e-05, U, 3 components, 522 values
INFO: Step 17, time 2.78e-05, U, 3 components, 522 values
INFO: Step 18, time 2.82e-05, U, 3 components, 522 values
INFO: Step 19, time 2.85e-05, U, 3 components, 522 values
INFO: Step 20, time 2.89e-05, U, 3 components, 522 values
INFO: Step 21, time 2.93e-05, U, 3 components, 522 values
INFO: Step 22, time 3.03e-05, U, 3 components, 522 values
INFO: Step 23, time 3.22e-05, U, 3 components, 522 values
INFO: Step 24, time 3.38e-05, U, 3 components, 522 values
INFO: Step 25, time 3.42e-05, U, 3 components, 522 values
INFO: Step 26, time 3.46e-05, U, 3 components, 522 values
INFO: Step 27, time 3.49e-05, U, 3 components, 522 values
INFO: Step 28, time 3.53e-05, U, 3 components, 522 values
INFO: Step 29, time 3.57e-05, U, 3 components, 522 values
INFO: Step 30, time 3.61e-05, U, 3 components, 522 values
INFO: Step 31, time 3.65e-05, U, 3 components, 522 values
INFO: Step 32, time 3.71e-05, U, 3 components, 522 values
INFO: Step 33, time 3.90e-05, U, 3 components, 522 values
INFO: Step 34, time 4.09e-05, U, 3 components, 522 values
INFO: Step 35, time 4.29e-05, U, 3 components, 522 values
INFO: Step 36, time 4.48e-05, U, 3 components, 522 values
INFO: Step 37, time 4.67e-05, U, 3 components, 522 values
INFO: Step 38, time 4.86e-05, U, 3 components, 522 values
INFO: Step 39, time 5.05e-05, U, 3 components, 522 values
INFO: Step 40, time 5.24e-05, U, 3 components, 522 values
INFO: Step 41, time 5.43e-05, U, 3 components, 522 values
INFO: Step 42, time 5.62e-05, U, 3 components, 522 values
INFO: Step 43, time 5.81e-05, U, 3 components, 522 values
INFO: Step 44, time 6.00e-05, U, 3 components, 522 values
INFO: Step 45, time 6.20e-05, U, 3 components, 522 values
INFO: Step 46, time 6.39e-05, U, 3 components, 522 values
INFO: Step 47, time 6.58e-05, U, 3 components, 522 values
INFO: Step 48, time 6.77e-05, U, 3 components, 522 values
INFO: Step 49, time 6.96e-05, U, 3 components, 522 values
INFO: Step 50, time 7.15e-05, U, 3 components, 522 values
INFO: Step 51, time 7.34e-05, U, 3 components, 522 values
INFO: Step 52, time 7.53e-05, U, 3 components, 522 values
INFO: Step 53, time 7.72e-05, U, 3 components, 522 values
INFO: Step 54, time 7.92e-05, U, 3 components, 522 values
INFO: Step 55, time 8.11e-05, U, 3 components, 522 values
INFO: Step 56, time 8.30e-05, U, 3 components, 522 values
INFO: Step 57, time 8.49e-05, U, 3 components, 522 values
INFO: Step 58, time 8.68e-05, U, 3 components, 522 values
INFO: Step 59, time 8.87e-05, U, 3 components, 522 values
INFO: Step 60, time 9.06e-05, U, 3 components, 522 values
INFO: Step 61, time 9.23e-05, U, 3 components, 522 values
INFO: Step 62, time 9.27e-05, U, 3 components, 522 values
INFO: Step 63, time 9.30e-05, U, 3 components, 522 values
INFO: Step 64, time 9.34e-05, U, 3 components, 522 values
INFO: Step 65, time 9.38e-05, U, 3 components, 522 values
INFO: Step 66, time 9.41e-05, U, 3 components, 522 values
INFO: Step 67, time 9.45e-05, U, 3 components, 522 values
INFO: Step 68, time 9.48e-05, U, 3 components, 522 values
INFO: Step 69, time 9.52e-05, U, 3 components, 522 values
INFO: Step 70, time 9.64e-05, U, 3 components, 522 values
INFO: Step 71, time 9.83e-05, U, 3 components, 522 values
INFO: Step 72, time 1.00e-04, U, 3 components, 522 values
INFO: 72 time increments
INFO: Writing examples/ccx_2.16.structest/contact2e.01.vtu
INFO: Step 1, time 1.91e-06, U, 3 components, 522 values
INFO: Writing examples/ccx_2.16.structest/contact2e.02.vtu
INFO: Step 2, time 3.82e-06, U, 3 components, 522 values
INFO: Writing examples/ccx_2.16.structest/contact2e.03.vtu
INFO: Step 3, time 5.73e-06, U, 3 components, 522 values
INFO: Writing examples/ccx_2.16.structest/contact2e.04.vtu
INFO: Step 4, time 7.64e-06, U, 3 components, 522 values
INFO: Writing examples/ccx_2.16.structest/contact2e.05.vtu
INFO: Step 5, time 9.55e-06, U, 3 components, 522 values
INFO: Writing examples/ccx_2.16.structest/contact2e.06.vtu
INFO: Step 6, time 1.15e-05, U, 3 components, 522 values
INFO: Writing examples/ccx_2.16.structest/contact2e.07.vtu
INFO: Step 7, time 1.34e-05, U, 3 components, 522 values
INFO: Writing examples/ccx_2.16.structest/contact2e.08.vtu
INFO: Step 8, time 1.53e-05, U, 3 components, 522 values
INFO: Writing examples/ccx_2.16.structest/contact2e.09.vtu
INFO: Step 9, time 1.72e-05, U, 3 components, 522 values
INFO: Writing examples/ccx_2.16.structest/contact2e.10.vtu
INFO: Step 10, time 1.91e-05, U, 3 components, 522 values
INFO: Writing examples/ccx_2.16.structest/contact2e.11.vtu
INFO: Step 11, time 2.10e-05, U, 3 components, 522 values
INFO: Writing examples/ccx_2.16.structest/contact2e.12.vtu
INFO: Step 12, time 2.29e-05, U, 3 components, 522 values
INFO: Writing examples/ccx_2.16.structest/contact2e.13.vtu
INFO: Step 13, time 2.48e-05, U, 3 components, 522 values
INFO: Writing examples/ccx_2.16.structest/contact2e.14.vtu
INFO: Step 14, time 2.66e-05, U, 3 components, 522 values
INFO: Writing examples/ccx_2.16.structest/contact2e.15.vtu
INFO: Step 15, time 2.70e-05, U, 3 components, 522 values
INFO: Writing examples/ccx_2.16.structest/contact2e.16.vtu
INFO: Step 16, time 2.74e-05, U, 3 components, 522 values
INFO: Writing examples/ccx_2.16.structest/contact2e.17.vtu
INFO: Step 17, time 2.78e-05, U, 3 components, 522 values
INFO: Writing examples/ccx_2.16.structest/contact2e.18.vtu
INFO: Step 18, time 2.82e-05, U, 3 components, 522 values
INFO: Writing examples/ccx_2.16.structest/contact2e.19.vtu
INFO: Step 19, time 2.85e-05, U, 3 components, 522 values
INFO: Writing examples/ccx_2.16.structest/contact2e.20.vtu
INFO: Step 20, time 2.89e-05, U, 3 components, 522 values
INFO: Writing examples/ccx_2.16.structest/contact2e.21.vtu
INFO: Step 21, time 2.93e-05, U, 3 components, 522 values
INFO: Writing examples/ccx_2.16.structest/contact2e.22.vtu
INFO: Step 22, time 3.03e-05, U, 3 components, 522 values
INFO: Writing examples/ccx_2.16.structest/contact2e.23.vtu
INFO: Step 23, time 3.22e-05, U, 3 components, 522 values
INFO: Writing examples/ccx_2.16.structest/contact2e.24.vtu
INFO: Step 24, time 3.38e-05, U, 3 components, 522 values
INFO: Writing examples/ccx_2.16.structest/contact2e.25.vtu
INFO: Step 25, time 3.42e-05, U, 3 components, 522 values
INFO: Writing examples/ccx_2.16.structest/contact2e.26.vtu
INFO: Step 26, time 3.46e-05, U, 3 components, 522 values
INFO: Writing examples/ccx_2.16.structest/contact2e.27.vtu
INFO: Step 27, time 3.49e-05, U, 3 components, 522 values
INFO: Writing examples/ccx_2.16.structest/contact2e.28.vtu
INFO: Step 28, time 3.53e-05, U, 3 components, 522 values
INFO: Writing examples/ccx_2.16.structest/contact2e.29.vtu
INFO: Step 29, time 3.57e-05, U, 3 components, 522 values
INFO: Writing examples/ccx_2.16.structest/contact2e.30.vtu
INFO: Step 30, time 3.61e-05, U, 3 components, 522 values
INFO: Writing examples/ccx_2.16.structest/contact2e.31.vtu
INFO: Step 31, time 3.65e-05, U, 3 components, 522 values
INFO: Writing examples/ccx_2.16.structest/contact2e.32.vtu
INFO: Step 32, time 3.71e-05, U, 3 components, 522 values
INFO: Writing examples/ccx_2.16.structest/contact2e.33.vtu
INFO: Step 33, time 3.90e-05, U, 3 components, 522 values
INFO: Writing examples/ccx_2.16.structest/contact2e.34.vtu
INFO: Step 34, time 4.09e-05, U, 3 components, 522 values
INFO: Writing examples/ccx_2.16.structest/contact2e.35.vtu
INFO: Step 35, time 4.29e-05, U, 3 components, 522 values
INFO: Writing examples/ccx_2.16.structest/contact2e.36.vtu
INFO: Step 36, time 4.48e-05, U, 3 components, 522 values
INFO: Writing examples/ccx_2.16.structest/contact2e.37.vtu
INFO: Step 37, time 4.67e-05, U, 3 components, 522 values
INFO: Writing examples/ccx_2.16.structest/contact2e.38.vtu
INFO: Step 38, time 4.86e-05, U, 3 components, 522 values
INFO: Writing examples/ccx_2.16.structest/contact2e.39.vtu
INFO: Step 39, time 5.05e-05, U, 3 components, 522 values
INFO: Writing examples/ccx_2.16.structest/contact2e.40.vtu
INFO: Step 40, time 5.24e-05, U, 3 components, 522 values
INFO: Writing examples/ccx_2.16.structest/contact2e.41.vtu
INFO: Step 41, time 5.43e-05, U, 3 components, 522 values
INFO: Writing examples/ccx_2.16.structest/contact2e.42.vtu
INFO: Step 42, time 5.62e-05, U, 3 components, 522 values
INFO: Writing examples/ccx_2.16.structest/contact2e.43.vtu
INFO: Step 43, time 5.81e-05, U, 3 components, 522 values
INFO: Writing examples/ccx_2.16.structest/contact2e.44.vtu
INFO: Step 44, time 6.00e-05, U, 3 components, 522 values
INFO: Writing examples/ccx_2.16.structest/contact2e.45.vtu
INFO: Step 45, time 6.20e-05, U, 3 components, 522 values
INFO: Writing examples/ccx_2.16.structest/contact2e.46.vtu
INFO: Step 46, time 6.39e-05, U, 3 components, 522 values
INFO: Writing examples/ccx_2.16.structest/contact2e.47.vtu
INFO: Step 47, time 6.58e-05, U, 3 components, 522 values
INFO: Writing examples/ccx_2.16.structest/contact2e.48.vtu
INFO: Step 48, time 6.77e-05, U, 3 components, 522 values
INFO: Writing examples/ccx_2.16.structest/contact2e.49.vtu
INFO: Step 49, time 6.96e-05, U, 3 components, 522 values
INFO: Writing examples/ccx_2.16.structest/contact2e.50.vtu
INFO: Step 50, time 7.15e-05, U, 3 components, 522 values
INFO: Writing examples/ccx_2.16.structest/contact2e.51.vtu
INFO: Step 51, time 7.34e-05, U, 3 components, 522 values
INFO: Writing examples/ccx_2.16.structest/contact2e.52.vtu
INFO: Step 52, time 7.53e-05, U, 3 components, 522 values
INFO: Writing examples/ccx_2.16.structest/contact2e.53.vtu
INFO: Step 53, time 7.72e-05, U, 3 components, 522 values
INFO: Writing examples/ccx_2.16.structest/contact2e.54.vtu
INFO: Step 54, time 7.92e-05, U, 3 components, 522 values
INFO: Writing examples/ccx_2.16.structest/contact2e.55.vtu
INFO: Step 55, time 8.11e-05, U, 3 components, 522 values
INFO: Writing examples/ccx_2.16.structest/contact2e.56.vtu
INFO: Step 56, time 8.30e-05, U, 3 components, 522 values
INFO: Writing examples/ccx_2.16.structest/contact2e.57.vtu
INFO: Step 57, time 8.49e-05, U, 3 components, 522 values
INFO: Writing examples/ccx_2.16.structest/contact2e.58.vtu
INFO: Step 58, time 8.68e-05, U, 3 components, 522 values
INFO: Writing examples/ccx_2.16.structest/contact2e.59.vtu
INFO: Step 59, time 8.87e-05, U, 3 components, 522 values
INFO: Writing examples/ccx_2.16.structest/contact2e.60.vtu
INFO: Step 60, time 9.06e-05, U, 3 components, 522 values
INFO: Writing examples/ccx_2.16.structest/contact2e.61.vtu
INFO: Step 61, time 9.23e-05, U, 3 components, 522 values
INFO: Writing examples/ccx_2.16.structest/contact2e.62.vtu
INFO: Step 62, time 9.27e-05, U, 3 components, 522 values
INFO: Writing examples/ccx_2.16.structest/contact2e.63.vtu
INFO: Step 63, time 9.30e-05, U, 3 components, 522 values
INFO: Writing examples/ccx_2.16.structest/contact2e.64.vtu
INFO: Step 64, time 9.34e-05, U, 3 components, 522 values
INFO: Writing examples/ccx_2.16.structest/contact2e.65.vtu
INFO: Step 65, time 9.38e-05, U, 3 components, 522 values
INFO: Writing examples/ccx_2.16.structest/contact2e.66.vtu
INFO: Step 66, time 9.41e-05, U, 3 components, 522 values
INFO: Writing examples/ccx_2.16.structest/contact2e.67.vtu
INFO: Step 67, time 9.45e-05, U, 3 components, 522 values
INFO: Writing examples/ccx_2.16.structest/contact2e.68.vtu
INFO: Step 68, time 9.48e-05, U, 3 components, 522 values
INFO: Writing examples/ccx_2.16.structest/contact2e.69.vtu
INFO: Step 69, time 9.52e-05, U, 3 components, 522 values
INFO: Writing examples/ccx_2.16.structest/contact2e.70.vtu
INFO: Step 70, time 9.64e-05, U, 3 components, 522 values
INFO: Writing examples/ccx_2.16.structest/contact2e.71.vtu
INFO: Step 71, time 9.83e-05, U, 3 components, 522 values
INFO: Writing examples/ccx_2.16.structest/contact2e.72.vtu
INFO: Step 72, time 1.00e-04, U, 3 components, 522 values

==================================================
INFO: Parsing examples/ccx_2.16.structest/contact2i.frd
INFO: 522 nodes
INFO: 64 cells
INFO: Step 1, time 3.91e-07, U, 3 components, 522 values
INFO: Step 2, time 7.81e-07, U, 3 components, 522 values
INFO: Step 3, time 1.37e-06, U, 3 components, 522 values
INFO: Step 4, time 2.25e-06, U, 3 components, 522 values
INFO: Step 5, time 3.56e-06, U, 3 components, 522 values
INFO: Step 6, time 5.54e-06, U, 3 components, 522 values
INFO: Step 7, time 8.51e-06, U, 3 components, 522 values
INFO: Step 8, time 9.62e-06, U, 3 components, 522 values
INFO: Step 9, time 1.07e-05, U, 3 components, 522 values
INFO: Step 10, time 1.24e-05, U, 3 components, 522 values
INFO: Step 11, time 1.49e-05, U, 3 components, 522 values
INFO: Step 12, time 1.58e-05, U, 3 components, 522 values
INFO: Step 13, time 1.68e-05, U, 3 components, 522 values
INFO: Step 14, time 1.82e-05, U, 3 components, 522 values
INFO: Step 15, time 2.03e-05, U, 3 components, 522 values
INFO: Step 16, time 2.35e-05, U, 3 components, 522 values
INFO: Step 17, time 2.47e-05, U, 3 components, 522 values
INFO: Step 18, time 2.58e-05, U, 3 components, 522 values
INFO: Step 19, time 2.63e-05, U, 3 components, 522 values
INFO: Step 20, time 2.64e-05, U, 3 components, 522 values
INFO: Step 21, time 2.65e-05, U, 3 components, 522 values
INFO: Step 22, time 2.67e-05, U, 3 components, 522 values
INFO: Step 23, time 2.69e-05, U, 3 components, 522 values
INFO: Step 24, time 2.71e-05, U, 3 components, 522 values
INFO: Step 25, time 2.76e-05, U, 3 components, 522 values
INFO: Step 26, time 2.82e-05, U, 3 components, 522 values
INFO: Step 27, time 2.82e-05, U, 3 components, 522 values
INFO: Step 28, time 2.82e-05, U, 3 components, 522 values
INFO: Step 29, time 2.82e-05, U, 3 components, 522 values
INFO: Step 30, time 2.82e-05, U, 3 components, 522 values
INFO: Step 31, time 2.82e-05, U, 3 components, 522 values
INFO: Step 32, time 2.82e-05, U, 3 components, 522 values
INFO: Step 33, time 2.82e-05, U, 3 components, 522 values
INFO: Step 34, time 2.82e-05, U, 3 components, 522 values
INFO: Step 35, time 2.82e-05, U, 3 components, 522 values
INFO: Step 36, time 2.82e-05, U, 3 components, 522 values
INFO: Step 37, time 2.82e-05, U, 3 components, 522 values
INFO: Step 38, time 2.82e-05, U, 3 components, 522 values
INFO: Step 39, time 2.82e-05, U, 3 components, 522 values
INFO: Step 40, time 2.82e-05, U, 3 components, 522 values
INFO: Step 41, time 2.82e-05, U, 3 components, 522 values
INFO: Step 42, time 2.82e-05, U, 3 components, 522 values
INFO: Step 43, time 2.82e-05, U, 3 components, 522 values
INFO: Step 44, time 2.82e-05, U, 3 components, 522 values
INFO: Step 45, time 2.82e-05, U, 3 components, 522 values
INFO: Step 46, time 2.82e-05, U, 3 components, 522 values
INFO: Step 47, time 2.82e-05, U, 3 components, 522 values
INFO: Step 48, time 2.82e-05, U, 3 components, 522 values
INFO: Step 49, time 2.82e-05, U, 3 components, 522 values
INFO: Step 50, time 2.82e-05, U, 3 components, 522 values
INFO: Step 51, time 2.82e-05, U, 3 components, 522 values
INFO: Step 52, time 2.82e-05, U, 3 components, 522 values
INFO: Step 53, time 2.82e-05, U, 3 components, 522 values
INFO: Step 54, time 2.82e-05, U, 3 components, 522 values
INFO: Step 55, time 2.82e-05, U, 3 components, 522 values
INFO: Step 56, time 2.82e-05, U, 3 components, 522 values
INFO: Step 57, time 2.82e-05, U, 3 components, 522 values
INFO: Step 58, time 2.82e-05, U, 3 components, 522 values
INFO: Step 59, time 2.82e-05, U, 3 components, 522 values
INFO: Step 60, time 2.82e-05, U, 3 components, 522 values
INFO: Step 61, time 2.82e-05, U, 3 components, 522 values
INFO: Step 62, time 2.82e-05, U, 3 components, 522 values
INFO: Step 63, time 2.82e-05, U, 3 components, 522 values
INFO: Step 64, time 2.83e-05, U, 3 components, 522 values
INFO: Step 65, time 2.83e-05, U, 3 components, 522 values
INFO: Step 66, time 2.84e-05, U, 3 components, 522 values
INFO: Step 67, time 2.85e-05, U, 3 components, 522 values
INFO: Step 68, time 2.87e-05, U, 3 components, 522 values
INFO: Step 69, time 2.89e-05, U, 3 components, 522 values
INFO: Step 70, time 2.93e-05, U, 3 components, 522 values
INFO: Step 71, time 2.99e-05, U, 3 components, 522 values
INFO: Step 72, time 3.07e-05, U, 3 components, 522 values
INFO: Step 73, time 3.20e-05, U, 3 components, 522 values
INFO: Step 74, time 3.24e-05, U, 3 components, 522 values
INFO: Step 75, time 3.29e-05, U, 3 components, 522 values
INFO: Step 76, time 3.34e-05, U, 3 components, 522 values
INFO: Step 77, time 3.38e-05, U, 3 components, 522 values
INFO: Step 78, time 3.40e-05, U, 3 components, 522 values
INFO: Step 79, time 3.41e-05, U, 3 components, 522 values
INFO: Step 80, time 3.42e-05, U, 3 components, 522 values
INFO: Step 81, time 3.43e-05, U, 3 components, 522 values
INFO: Step 82, time 3.44e-05, U, 3 components, 522 values
INFO: Step 83, time 3.45e-05, U, 3 components, 522 values
INFO: Step 84, time 3.47e-05, U, 3 components, 522 values
INFO: Step 85, time 3.48e-05, U, 3 components, 522 values
INFO: Step 86, time 3.49e-05, U, 3 components, 522 values
INFO: Step 87, time 3.50e-05, U, 3 components, 522 values
INFO: Step 88, time 3.51e-05, U, 3 components, 522 values
INFO: Step 89, time 3.53e-05, U, 3 components, 522 values
INFO: Step 90, time 3.53e-05, U, 3 components, 522 values
INFO: Step 91, time 3.55e-05, U, 3 components, 522 values
INFO: Step 92, time 3.57e-05, U, 3 components, 522 values
INFO: Step 93, time 3.60e-05, U, 3 components, 522 values
INFO: Step 94, time 3.64e-05, U, 3 components, 522 values
INFO: Step 95, time 3.64e-05, U, 3 components, 522 values
INFO: Step 96, time 3.64e-05, U, 3 components, 522 values
INFO: Step 97, time 3.64e-05, U, 3 components, 522 values
INFO: Step 98, time 3.64e-05, U, 3 components, 522 values
INFO: Step 99, time 3.64e-05, U, 3 components, 522 values
INFO: Step 100, time 3.64e-05, U, 3 components, 522 values
INFO: Step 101, time 3.64e-05, U, 3 components, 522 values
INFO: Step 102, time 3.64e-05, U, 3 components, 522 values
INFO: Step 103, time 3.64e-05, U, 3 components, 522 values
INFO: Step 104, time 3.64e-05, U, 3 components, 522 values
INFO: Step 105, time 3.64e-05, U, 3 components, 522 values
INFO: Step 106, time 3.64e-05, U, 3 components, 522 values
INFO: Step 107, time 3.64e-05, U, 3 components, 522 values
INFO: Step 108, time 3.64e-05, U, 3 components, 522 values
INFO: Step 109, time 3.64e-05, U, 3 components, 522 values
INFO: Step 110, time 3.64e-05, U, 3 components, 522 values
INFO: Step 111, time 3.64e-05, U, 3 components, 522 values
INFO: Step 112, time 3.64e-05, U, 3 components, 522 values
INFO: Step 113, time 3.64e-05, U, 3 components, 522 values
INFO: Step 114, time 3.64e-05, U, 3 components, 522 values
INFO: Step 115, time 3.64e-05, U, 3 components, 522 values
INFO: Step 116, time 3.64e-05, U, 3 components, 522 values
INFO: Step 117, time 3.64e-05, U, 3 components, 522 values
INFO: Step 118, time 3.64e-05, U, 3 components, 522 values
INFO: Step 119, time 3.64e-05, U, 3 components, 522 values
INFO: Step 120, time 3.64e-05, U, 3 components, 522 values
INFO: Step 121, time 3.64e-05, U, 3 components, 522 values
INFO: Step 122, time 3.64e-05, U, 3 components, 522 values
INFO: Step 123, time 3.64e-05, U, 3 components, 522 values
INFO: Step 124, time 3.64e-05, U, 3 components, 522 values
INFO: Step 125, time 3.64e-05, U, 3 components, 522 values
INFO: Step 126, time 3.64e-05, U, 3 components, 522 values
INFO: Step 127, time 3.64e-05, U, 3 components, 522 values
INFO: Step 128, time 3.65e-05, U, 3 components, 522 values
INFO: Step 129, time 3.65e-05, U, 3 components, 522 values
INFO: Step 130, time 3.65e-05, U, 3 components, 522 values
INFO: Step 131, time 3.65e-05, U, 3 components, 522 values
INFO: Step 132, time 3.65e-05, U, 3 components, 522 values
INFO: Step 133, time 3.66e-05, U, 3 components, 522 values
INFO: Step 134, time 3.67e-05, U, 3 components, 522 values
INFO: Step 135, time 3.68e-05, U, 3 components, 522 values
INFO: Step 136, time 3.69e-05, U, 3 components, 522 values
INFO: Step 137, time 3.72e-05, U, 3 components, 522 values
INFO: Step 138, time 3.76e-05, U, 3 components, 522 values
INFO: Step 139, time 3.81e-05, U, 3 components, 522 values
INFO: Step 140, time 3.90e-05, U, 3 components, 522 values
INFO: Step 141, time 3.93e-05, U, 3 components, 522 values
INFO: Step 142, time 3.96e-05, U, 3 components, 522 values
INFO: Step 143, time 3.99e-05, U, 3 components, 522 values
INFO: Step 144, time 4.02e-05, U, 3 components, 522 values
INFO: Step 145, time 4.05e-05, U, 3 components, 522 values
INFO: Step 146, time 4.08e-05, U, 3 components, 522 values
INFO: Step 147, time 4.12e-05, U, 3 components, 522 values
INFO: Step 148, time 4.15e-05, U, 3 components, 522 values
INFO: Step 149, time 4.18e-05, U, 3 components, 522 values
INFO: Step 150, time 4.19e-05, U, 3 components, 522 values
INFO: Step 151, time 4.19e-05, U, 3 components, 522 values
INFO: Step 152, time 4.20e-05, U, 3 components, 522 values
INFO: Step 153, time 4.21e-05, U, 3 components, 522 values
INFO: Step 154, time 4.22e-05, U, 3 components, 522 values
INFO: Step 155, time 4.23e-05, U, 3 components, 522 values
INFO: Step 156, time 4.23e-05, U, 3 components, 522 values
INFO: Step 157, time 4.24e-05, U, 3 components, 522 values
INFO: Step 158, time 4.25e-05, U, 3 components, 522 values
INFO: Step 159, time 4.26e-05, U, 3 components, 522 values
INFO: Step 160, time 4.27e-05, U, 3 components, 522 values
INFO: Step 161, time 4.27e-05, U, 3 components, 522 values
INFO: Step 162, time 4.28e-05, U, 3 components, 522 values
INFO: Step 163, time 4.29e-05, U, 3 components, 522 values
INFO: Step 164, time 4.30e-05, U, 3 components, 522 values
INFO: Step 165, time 4.30e-05, U, 3 components, 522 values
INFO: Step 166, time 4.31e-05, U, 3 components, 522 values
INFO: Step 167, time 4.32e-05, U, 3 components, 522 values
INFO: Step 168, time 4.33e-05, U, 3 components, 522 values
INFO: Step 169, time 4.34e-05, U, 3 components, 522 values
INFO: Step 170, time 4.34e-05, U, 3 components, 522 values
INFO: Step 171, time 4.35e-05, U, 3 components, 522 values
INFO: Step 172, time 4.36e-05, U, 3 components, 522 values
INFO: Step 173, time 4.37e-05, U, 3 components, 522 values
INFO: Step 174, time 4.38e-05, U, 3 components, 522 values
INFO: Step 175, time 4.38e-05, U, 3 components, 522 values
INFO: Step 176, time 4.39e-05, U, 3 components, 522 values
INFO: Step 177, time 4.40e-05, U, 3 components, 522 values
INFO: Step 178, time 4.41e-05, U, 3 components, 522 values
INFO: Step 179, time 4.41e-05, U, 3 components, 522 values
INFO: Step 180, time 4.42e-05, U, 3 components, 522 values
INFO: Step 181, time 4.43e-05, U, 3 components, 522 values
INFO: Step 182, time 4.44e-05, U, 3 components, 522 values
INFO: Step 183, time 4.45e-05, U, 3 components, 522 values
INFO: Step 184, time 4.45e-05, U, 3 components, 522 values
INFO: Step 185, time 4.46e-05, U, 3 components, 522 values
INFO: Step 186, time 4.47e-05, U, 3 components, 522 values
INFO: Step 187, time 4.48e-05, U, 3 components, 522 values
INFO: Step 188, time 4.49e-05, U, 3 components, 522 values
INFO: Step 189, time 4.49e-05, U, 3 components, 522 values
INFO: Step 190, time 4.50e-05, U, 3 components, 522 values
INFO: Step 191, time 4.51e-05, U, 3 components, 522 values
INFO: Step 192, time 4.52e-05, U, 3 components, 522 values
INFO: Step 193, time 4.52e-05, U, 3 components, 522 values
INFO: Step 194, time 4.53e-05, U, 3 components, 522 values
INFO: Step 195, time 4.54e-05, U, 3 components, 522 values
INFO: Step 196, time 4.55e-05, U, 3 components, 522 values
INFO: Step 197, time 4.56e-05, U, 3 components, 522 values
INFO: Step 198, time 4.56e-05, U, 3 components, 522 values
INFO: Step 199, time 4.57e-05, U, 3 components, 522 values
INFO: Step 200, time 4.58e-05, U, 3 components, 522 values
INFO: Step 201, time 4.59e-05, U, 3 components, 522 values
INFO: Step 202, time 4.60e-05, U, 3 components, 522 values
INFO: Step 203, time 4.60e-05, U, 3 components, 522 values
INFO: Step 204, time 4.61e-05, U, 3 components, 522 values
INFO: Step 205, time 4.62e-05, U, 3 components, 522 values
INFO: Step 206, time 4.63e-05, U, 3 components, 522 values
INFO: Step 207, time 4.64e-05, U, 3 components, 522 values
INFO: Step 208, time 4.64e-05, U, 3 components, 522 values
INFO: Step 209, time 4.65e-05, U, 3 components, 522 values
INFO: Step 210, time 4.66e-05, U, 3 components, 522 values
INFO: Step 211, time 4.67e-05, U, 3 components, 522 values
INFO: Step 212, time 4.67e-05, U, 3 components, 522 values
INFO: Step 213, time 4.68e-05, U, 3 components, 522 values
INFO: Step 214, time 4.69e-05, U, 3 components, 522 values
INFO: Step 215, time 4.70e-05, U, 3 components, 522 values
INFO: Step 216, time 4.71e-05, U, 3 components, 522 values
INFO: Step 217, time 4.71e-05, U, 3 components, 522 values
INFO: Step 218, time 4.72e-05, U, 3 components, 522 values
INFO: Step 219, time 4.73e-05, U, 3 components, 522 values
INFO: Step 220, time 4.74e-05, U, 3 components, 522 values
INFO: Step 221, time 4.75e-05, U, 3 components, 522 values
INFO: Step 222, time 4.75e-05, U, 3 components, 522 values
INFO: Step 223, time 4.76e-05, U, 3 components, 522 values
INFO: Step 224, time 4.77e-05, U, 3 components, 522 values
INFO: Step 225, time 4.78e-05, U, 3 components, 522 values
INFO: Step 226, time 4.78e-05, U, 3 components, 522 values
INFO: Step 227, time 4.79e-05, U, 3 components, 522 values
INFO: Step 228, time 4.80e-05, U, 3 components, 522 values
INFO: Step 229, time 4.81e-05, U, 3 components, 522 values
INFO: Step 230, time 4.82e-05, U, 3 components, 522 values
INFO: Step 231, time 4.82e-05, U, 3 components, 522 values
INFO: Step 232, time 4.83e-05, U, 3 components, 522 values
INFO: Step 233, time 4.84e-05, U, 3 components, 522 values
INFO: Step 234, time 4.85e-05, U, 3 components, 522 values
INFO: Step 235, time 4.86e-05, U, 3 components, 522 values
INFO: Step 236, time 4.86e-05, U, 3 components, 522 values
INFO: Step 237, time 4.87e-05, U, 3 components, 522 values
INFO: Step 238, time 4.88e-05, U, 3 components, 522 values
INFO: Step 239, time 4.89e-05, U, 3 components, 522 values
INFO: Step 240, time 4.89e-05, U, 3 components, 522 values
INFO: Step 241, time 4.90e-05, U, 3 components, 522 values
INFO: Step 242, time 4.91e-05, U, 3 components, 522 values
INFO: Step 243, time 4.92e-05, U, 3 components, 522 values
INFO: Step 244, time 4.93e-05, U, 3 components, 522 values
INFO: Step 245, time 4.93e-05, U, 3 components, 522 values
INFO: Step 246, time 4.94e-05, U, 3 components, 522 values
INFO: Step 247, time 4.95e-05, U, 3 components, 522 values
INFO: Step 248, time 4.96e-05, U, 3 components, 522 values
INFO: Step 249, time 4.97e-05, U, 3 components, 522 values
INFO: Step 250, time 4.97e-05, U, 3 components, 522 values
INFO: Step 251, time 4.98e-05, U, 3 components, 522 values
INFO: Step 252, time 4.99e-05, U, 3 components, 522 values
INFO: Step 253, time 5.00e-05, U, 3 components, 522 values
INFO: Step 254, time 5.01e-05, U, 3 components, 522 values
INFO: Step 255, time 5.01e-05, U, 3 components, 522 values
INFO: Step 256, time 5.02e-05, U, 3 components, 522 values
INFO: Step 257, time 5.03e-05, U, 3 components, 522 values
INFO: Step 258, time 5.04e-05, U, 3 components, 522 values
INFO: Step 259, time 5.04e-05, U, 3 components, 522 values
INFO: Step 260, time 5.05e-05, U, 3 components, 522 values
INFO: Step 261, time 5.06e-05, U, 3 components, 522 values
INFO: Step 262, time 5.07e-05, U, 3 components, 522 values
INFO: Step 263, time 5.08e-05, U, 3 components, 522 values
INFO: Step 264, time 5.08e-05, U, 3 components, 522 values
INFO: Step 265, time 5.09e-05, U, 3 components, 522 values
INFO: Step 266, time 5.10e-05, U, 3 components, 522 values
INFO: Step 267, time 5.11e-05, U, 3 components, 522 values
INFO: Step 268, time 5.12e-05, U, 3 components, 522 values
INFO: Step 269, time 5.12e-05, U, 3 components, 522 values
INFO: Step 270, time 5.13e-05, U, 3 components, 522 values
INFO: Step 271, time 5.14e-05, U, 3 components, 522 values
INFO: Step 272, time 5.15e-05, U, 3 components, 522 values
INFO: Step 273, time 5.15e-05, U, 3 components, 522 values
INFO: Step 274, time 5.16e-05, U, 3 components, 522 values
INFO: Step 275, time 5.17e-05, U, 3 components, 522 values
INFO: Step 276, time 5.18e-05, U, 3 components, 522 values
INFO: Step 277, time 5.19e-05, U, 3 components, 522 values
INFO: Step 278, time 5.19e-05, U, 3 components, 522 values
INFO: Step 279, time 5.20e-05, U, 3 components, 522 values
INFO: Step 280, time 5.21e-05, U, 3 components, 522 values
INFO: Step 281, time 5.22e-05, U, 3 components, 522 values
INFO: Step 282, time 5.23e-05, U, 3 components, 522 values
INFO: Step 283, time 5.23e-05, U, 3 components, 522 values
INFO: Step 284, time 5.24e-05, U, 3 components, 522 values
INFO: Step 285, time 5.25e-05, U, 3 components, 522 values
INFO: Step 286, time 5.26e-05, U, 3 components, 522 values
INFO: Step 287, time 5.26e-05, U, 3 components, 522 values
INFO: Step 288, time 5.27e-05, U, 3 components, 522 values
INFO: Step 289, time 5.28e-05, U, 3 components, 522 values
INFO: Step 290, time 5.29e-05, U, 3 components, 522 values
INFO: Step 291, time 5.30e-05, U, 3 components, 522 values
INFO: Step 292, time 5.30e-05, U, 3 components, 522 values
INFO: Step 293, time 5.31e-05, U, 3 components, 522 values
INFO: Step 294, time 5.32e-05, U, 3 components, 522 values
INFO: Step 295, time 5.33e-05, U, 3 components, 522 values
INFO: Step 296, time 5.34e-05, U, 3 components, 522 values
INFO: Step 297, time 5.34e-05, U, 3 components, 522 values
INFO: Step 298, time 5.35e-05, U, 3 components, 522 values
INFO: Step 299, time 5.36e-05, U, 3 components, 522 values
INFO: Step 300, time 5.37e-05, U, 3 components, 522 values
INFO: Step 301, time 5.38e-05, U, 3 components, 522 values
INFO: Step 302, time 5.38e-05, U, 3 components, 522 values
INFO: Step 303, time 5.39e-05, U, 3 components, 522 values
INFO: Step 304, time 5.40e-05, U, 3 components, 522 values
INFO: Step 305, time 5.41e-05, U, 3 components, 522 values
INFO: Step 306, time 5.41e-05, U, 3 components, 522 values
INFO: Step 307, time 5.42e-05, U, 3 components, 522 values
INFO: Step 308, time 5.43e-05, U, 3 components, 522 values
INFO: Step 309, time 5.44e-05, U, 3 components, 522 values
INFO: Step 310, time 5.45e-05, U, 3 components, 522 values
INFO: Step 311, time 5.45e-05, U, 3 components, 522 values
INFO: Step 312, time 5.46e-05, U, 3 components, 522 values
INFO: Step 313, time 5.47e-05, U, 3 components, 522 values
INFO: Step 314, time 5.48e-05, U, 3 components, 522 values
INFO: Step 315, time 5.49e-05, U, 3 components, 522 values
INFO: Step 316, time 5.49e-05, U, 3 components, 522 values
INFO: Step 317, time 5.50e-05, U, 3 components, 522 values
INFO: Step 318, time 5.51e-05, U, 3 components, 522 values
INFO: Step 319, time 5.52e-05, U, 3 components, 522 values
INFO: Step 320, time 5.52e-05, U, 3 components, 522 values
INFO: Step 321, time 5.53e-05, U, 3 components, 522 values
INFO: Step 322, time 5.54e-05, U, 3 components, 522 values
INFO: Step 323, time 5.55e-05, U, 3 components, 522 values
INFO: Step 324, time 5.56e-05, U, 3 components, 522 values
INFO: Step 325, time 5.56e-05, U, 3 components, 522 values
INFO: Step 326, time 5.57e-05, U, 3 components, 522 values
INFO: Step 327, time 5.58e-05, U, 3 components, 522 values
INFO: Step 328, time 5.59e-05, U, 3 components, 522 values
INFO: Step 329, time 5.60e-05, U, 3 components, 522 values
INFO: Step 330, time 5.60e-05, U, 3 components, 522 values
INFO: Step 331, time 5.61e-05, U, 3 components, 522 values
INFO: Step 332, time 5.62e-05, U, 3 components, 522 values
INFO: Step 333, time 5.63e-05, U, 3 components, 522 values
INFO: Step 334, time 5.63e-05, U, 3 components, 522 values
INFO: Step 335, time 5.64e-05, U, 3 components, 522 values
INFO: Step 336, time 5.65e-05, U, 3 components, 522 values
INFO: Step 337, time 5.66e-05, U, 3 components, 522 values
INFO: Step 338, time 5.67e-05, U, 3 components, 522 values
INFO: Step 339, time 5.67e-05, U, 3 components, 522 values
INFO: Step 340, time 5.68e-05, U, 3 components, 522 values
INFO: Step 341, time 5.69e-05, U, 3 components, 522 values
INFO: Step 342, time 5.70e-05, U, 3 components, 522 values
INFO: Step 343, time 5.71e-05, U, 3 components, 522 values
INFO: Step 344, time 5.71e-05, U, 3 components, 522 values
INFO: Step 345, time 5.72e-05, U, 3 components, 522 values
INFO: Step 346, time 5.73e-05, U, 3 components, 522 values
INFO: Step 347, time 5.74e-05, U, 3 components, 522 values
INFO: Step 348, time 5.75e-05, U, 3 components, 522 values
INFO: Step 349, time 5.75e-05, U, 3 components, 522 values
INFO: Step 350, time 5.76e-05, U, 3 components, 522 values
INFO: Step 351, time 5.77e-05, U, 3 components, 522 values
INFO: Step 352, time 5.78e-05, U, 3 components, 522 values
INFO: Step 353, time 5.78e-05, U, 3 components, 522 values
INFO: Step 354, time 5.79e-05, U, 3 components, 522 values
INFO: Step 355, time 5.80e-05, U, 3 components, 522 values
INFO: Step 356, time 5.81e-05, U, 3 components, 522 values
INFO: Step 357, time 5.82e-05, U, 3 components, 522 values
INFO: Step 358, time 5.82e-05, U, 3 components, 522 values
INFO: Step 359, time 5.83e-05, U, 3 components, 522 values
INFO: Step 360, time 5.84e-05, U, 3 components, 522 values
INFO: Step 361, time 5.85e-05, U, 3 components, 522 values
INFO: Step 362, time 5.86e-05, U, 3 components, 522 values
INFO: Step 363, time 5.86e-05, U, 3 components, 522 values
INFO: Step 364, time 5.87e-05, U, 3 components, 522 values
INFO: Step 365, time 5.88e-05, U, 3 components, 522 values
INFO: Step 366, time 5.89e-05, U, 3 components, 522 values
INFO: Step 367, time 5.89e-05, U, 3 components, 522 values
INFO: Step 368, time 5.90e-05, U, 3 components, 522 values
INFO: Step 369, time 5.91e-05, U, 3 components, 522 values
INFO: Step 370, time 5.92e-05, U, 3 components, 522 values
INFO: Step 371, time 5.93e-05, U, 3 components, 522 values
INFO: Step 372, time 5.93e-05, U, 3 components, 522 values
INFO: Step 373, time 5.94e-05, U, 3 components, 522 values
INFO: Step 374, time 5.95e-05, U, 3 components, 522 values
INFO: Step 375, time 5.96e-05, U, 3 components, 522 values
INFO: Step 376, time 5.97e-05, U, 3 components, 522 values
INFO: Step 377, time 5.97e-05, U, 3 components, 522 values
INFO: Step 378, time 5.98e-05, U, 3 components, 522 values
INFO: Step 379, time 5.99e-05, U, 3 components, 522 values
INFO: Step 380, time 6.00e-05, U, 3 components, 522 values
INFO: Step 381, time 6.00e-05, U, 3 components, 522 values
INFO: Step 382, time 6.01e-05, U, 3 components, 522 values
INFO: Step 383, time 6.02e-05, U, 3 components, 522 values
INFO: Step 384, time 6.03e-05, U, 3 components, 522 values
INFO: Step 385, time 6.04e-05, U, 3 components, 522 values
INFO: Step 386, time 6.04e-05, U, 3 components, 522 values
INFO: Step 387, time 6.05e-05, U, 3 components, 522 values
INFO: Step 388, time 6.06e-05, U, 3 components, 522 values
INFO: Step 389, time 6.07e-05, U, 3 components, 522 values
INFO: Step 390, time 6.08e-05, U, 3 components, 522 values
INFO: Step 391, time 6.08e-05, U, 3 components, 522 values
INFO: Step 392, time 6.09e-05, U, 3 components, 522 values
INFO: Step 393, time 6.10e-05, U, 3 components, 522 values
INFO: Step 394, time 6.11e-05, U, 3 components, 522 values
INFO: Step 395, time 6.11e-05, U, 3 components, 522 values
INFO: Step 396, time 6.12e-05, U, 3 components, 522 values
INFO: Step 397, time 6.13e-05, U, 3 components, 522 values
INFO: Step 398, time 6.14e-05, U, 3 components, 522 values
INFO: Step 399, time 6.15e-05, U, 3 components, 522 values
INFO: Step 400, time 6.15e-05, U, 3 components, 522 values
INFO: Step 401, time 6.16e-05, U, 3 components, 522 values
INFO: Step 402, time 6.17e-05, U, 3 components, 522 values
INFO: Step 403, time 6.18e-05, U, 3 components, 522 values
INFO: Step 404, time 6.19e-05, U, 3 components, 522 values
INFO: Step 405, time 6.19e-05, U, 3 components, 522 values
INFO: Step 406, time 6.20e-05, U, 3 components, 522 values
INFO: Step 407, time 6.21e-05, U, 3 components, 522 values
INFO: Step 408, time 6.22e-05, U, 3 components, 522 values
INFO: Step 409, time 6.23e-05, U, 3 components, 522 values
INFO: Step 410, time 6.23e-05, U, 3 components, 522 values
INFO: Step 411, time 6.24e-05, U, 3 components, 522 values
INFO: Step 412, time 6.25e-05, U, 3 components, 522 values
INFO: Step 413, time 6.26e-05, U, 3 components, 522 values
INFO: Step 414, time 6.26e-05, U, 3 components, 522 values
INFO: Step 415, time 6.27e-05, U, 3 components, 522 values
INFO: Step 416, time 6.28e-05, U, 3 components, 522 values
INFO: Step 417, time 6.29e-05, U, 3 components, 522 values
INFO: Step 418, time 6.30e-05, U, 3 components, 522 values
INFO: Step 419, time 6.30e-05, U, 3 components, 522 values
INFO: Step 420, time 6.31e-05, U, 3 components, 522 values
INFO: Step 421, time 6.32e-05, U, 3 components, 522 values
INFO: Step 422, time 6.33e-05, U, 3 components, 522 values
INFO: Step 423, time 6.34e-05, U, 3 components, 522 values
INFO: Step 424, time 6.34e-05, U, 3 components, 522 values
INFO: Step 425, time 6.35e-05, U, 3 components, 522 values
INFO: Step 426, time 6.36e-05, U, 3 components, 522 values
INFO: Step 427, time 6.37e-05, U, 3 components, 522 values
INFO: Step 428, time 6.37e-05, U, 3 components, 522 values
INFO: Step 429, time 6.38e-05, U, 3 components, 522 values
INFO: Step 430, time 6.39e-05, U, 3 components, 522 values
INFO: Step 431, time 6.40e-05, U, 3 components, 522 values
INFO: Step 432, time 6.41e-05, U, 3 components, 522 values
INFO: Step 433, time 6.41e-05, U, 3 components, 522 values
INFO: Step 434, time 6.42e-05, U, 3 components, 522 values
INFO: Step 435, time 6.43e-05, U, 3 components, 522 values
INFO: Step 436, time 6.44e-05, U, 3 components, 522 values
INFO: Step 437, time 6.45e-05, U, 3 components, 522 values
INFO: Step 438, time 6.45e-05, U, 3 components, 522 values
INFO: Step 439, time 6.46e-05, U, 3 components, 522 values
INFO: Step 440, time 6.47e-05, U, 3 components, 522 values
INFO: Step 441, time 6.48e-05, U, 3 components, 522 values
INFO: Step 442, time 6.48e-05, U, 3 components, 522 values
INFO: Step 443, time 6.49e-05, U, 3 components, 522 values
INFO: Step 444, time 6.50e-05, U, 3 components, 522 values
INFO: Step 445, time 6.51e-05, U, 3 components, 522 values
INFO: Step 446, time 6.52e-05, U, 3 components, 522 values
INFO: Step 447, time 6.52e-05, U, 3 components, 522 values
INFO: Step 448, time 6.53e-05, U, 3 components, 522 values
INFO: Step 449, time 6.54e-05, U, 3 components, 522 values
INFO: Step 450, time 6.55e-05, U, 3 components, 522 values
INFO: Step 451, time 6.56e-05, U, 3 components, 522 values
INFO: Step 452, time 6.56e-05, U, 3 components, 522 values
INFO: Step 453, time 6.57e-05, U, 3 components, 522 values
INFO: Step 454, time 6.58e-05, U, 3 components, 522 values
INFO: Step 455, time 6.59e-05, U, 3 components, 522 values
INFO: Step 456, time 6.60e-05, U, 3 components, 522 values
INFO: Step 457, time 6.60e-05, U, 3 components, 522 values
INFO: Step 458, time 6.61e-05, U, 3 components, 522 values
INFO: Step 459, time 6.62e-05, U, 3 components, 522 values
INFO: Step 460, time 6.63e-05, U, 3 components, 522 values
INFO: Step 461, time 6.63e-05, U, 3 components, 522 values
INFO: Step 462, time 6.64e-05, U, 3 components, 522 values
INFO: Step 463, time 6.65e-05, U, 3 components, 522 values
INFO: Step 464, time 6.66e-05, U, 3 components, 522 values
INFO: Step 465, time 6.67e-05, U, 3 components, 522 values
INFO: Step 466, time 6.67e-05, U, 3 components, 522 values
INFO: Step 467, time 6.68e-05, U, 3 components, 522 values
INFO: Step 468, time 6.69e-05, U, 3 components, 522 values
INFO: Step 469, time 6.70e-05, U, 3 components, 522 values
INFO: Step 470, time 6.71e-05, U, 3 components, 522 values
INFO: Step 471, time 6.71e-05, U, 3 components, 522 values
INFO: Step 472, time 6.72e-05, U, 3 components, 522 values
INFO: Step 473, time 6.73e-05, U, 3 components, 522 values
INFO: Step 474, time 6.74e-05, U, 3 components, 522 values
INFO: Step 475, time 6.74e-05, U, 3 components, 522 values
INFO: Step 476, time 6.75e-05, U, 3 components, 522 values
INFO: Step 477, time 6.76e-05, U, 3 components, 522 values
INFO: Step 478, time 6.77e-05, U, 3 components, 522 values
INFO: Step 479, time 6.78e-05, U, 3 components, 522 values
INFO: Step 480, time 6.78e-05, U, 3 components, 522 values
INFO: Step 481, time 6.79e-05, U, 3 components, 522 values
INFO: Step 482, time 6.80e-05, U, 3 components, 522 values
INFO: Step 483, time 6.81e-05, U, 3 components, 522 values
INFO: Step 484, time 6.82e-05, U, 3 components, 522 values
INFO: Step 485, time 6.82e-05, U, 3 components, 522 values
INFO: Step 486, time 6.83e-05, U, 3 components, 522 values
INFO: Step 487, time 6.84e-05, U, 3 components, 522 values
INFO: Step 488, time 6.85e-05, U, 3 components, 522 values
INFO: Step 489, time 6.85e-05, U, 3 components, 522 values
INFO: Step 490, time 6.86e-05, U, 3 components, 522 values
INFO: Step 491, time 6.87e-05, U, 3 components, 522 values
INFO: Step 492, time 6.88e-05, U, 3 components, 522 values
INFO: Step 493, time 6.89e-05, U, 3 components, 522 values
INFO: Step 494, time 6.89e-05, U, 3 components, 522 values
INFO: Step 495, time 6.90e-05, U, 3 components, 522 values
INFO: Step 496, time 6.91e-05, U, 3 components, 522 values
INFO: Step 497, time 6.92e-05, U, 3 components, 522 values
INFO: Step 498, time 6.93e-05, U, 3 components, 522 values
INFO: Step 499, time 6.93e-05, U, 3 components, 522 values
INFO: Step 500, time 6.94e-05, U, 3 components, 522 values
INFO: Step 501, time 6.95e-05, U, 3 components, 522 values
INFO: Step 502, time 6.96e-05, U, 3 components, 522 values
INFO: Step 503, time 6.97e-05, U, 3 components, 522 values
INFO: Step 504, time 6.97e-05, U, 3 components, 522 values
INFO: Step 505, time 6.98e-05, U, 3 components, 522 values
INFO: Step 506, time 6.99e-05, U, 3 components, 522 values
INFO: Step 507, time 7.00e-05, U, 3 components, 522 values
INFO: Step 508, time 7.00e-05, U, 3 components, 522 values
INFO: Step 509, time 7.01e-05, U, 3 components, 522 values
INFO: Step 510, time 7.02e-05, U, 3 components, 522 values
INFO: Step 511, time 7.03e-05, U, 3 components, 522 values
INFO: Step 512, time 7.04e-05, U, 3 components, 522 values
INFO: Step 513, time 7.04e-05, U, 3 components, 522 values
INFO: Step 514, time 7.05e-05, U, 3 components, 522 values
INFO: Step 515, time 7.06e-05, U, 3 components, 522 values
INFO: Step 516, time 7.07e-05, U, 3 components, 522 values
INFO: Step 517, time 7.08e-05, U, 3 components, 522 values
INFO: Step 518, time 7.08e-05, U, 3 components, 522 values
INFO: Step 519, time 7.09e-05, U, 3 components, 522 values
INFO: Step 520, time 7.10e-05, U, 3 components, 522 values
INFO: Step 521, time 7.11e-05, U, 3 components, 522 values
INFO: Step 522, time 7.11e-05, U, 3 components, 522 values
INFO: Step 523, time 7.12e-05, U, 3 components, 522 values
INFO: Step 524, time 7.13e-05, U, 3 components, 522 values
INFO: Step 525, time 7.14e-05, U, 3 components, 522 values
INFO: Step 526, time 7.15e-05, U, 3 components, 522 values
INFO: Step 527, time 7.15e-05, U, 3 components, 522 values
INFO: Step 528, time 7.16e-05, U, 3 components, 522 values
INFO: Step 529, time 7.17e-05, U, 3 components, 522 values
INFO: Step 530, time 7.18e-05, U, 3 components, 522 values
INFO: Step 531, time 7.19e-05, U, 3 components, 522 values
INFO: Step 532, time 7.19e-05, U, 3 components, 522 values
INFO: Step 533, time 7.20e-05, U, 3 components, 522 values
INFO: Step 534, time 7.21e-05, U, 3 components, 522 values
INFO: Step 535, time 7.22e-05, U, 3 components, 522 values
INFO: Step 536, time 7.22e-05, U, 3 components, 522 values
INFO: Step 537, time 7.23e-05, U, 3 components, 522 values
INFO: Step 538, time 7.24e-05, U, 3 components, 522 values
INFO: Step 539, time 7.25e-05, U, 3 components, 522 values
INFO: Step 540, time 7.26e-05, U, 3 components, 522 values
INFO: Step 541, time 7.26e-05, U, 3 components, 522 values
INFO: Step 542, time 7.27e-05, U, 3 components, 522 values
INFO: Step 543, time 7.28e-05, U, 3 components, 522 values
INFO: Step 544, time 7.29e-05, U, 3 components, 522 values
INFO: Step 545, time 7.30e-05, U, 3 components, 522 values
INFO: Step 546, time 7.30e-05, U, 3 components, 522 values
INFO: Step 547, time 7.31e-05, U, 3 components, 522 values
INFO: Step 548, time 7.32e-05, U, 3 components, 522 values
INFO: Step 549, time 7.33e-05, U, 3 components, 522 values
INFO: Step 550, time 7.34e-05, U, 3 components, 522 values
INFO: Step 551, time 7.34e-05, U, 3 components, 522 values
INFO: Step 552, time 7.35e-05, U, 3 components, 522 values
INFO: Step 553, time 7.36e-05, U, 3 components, 522 values
INFO: Step 554, time 7.37e-05, U, 3 components, 522 values
INFO: Step 555, time 7.37e-05, U, 3 components, 522 values
INFO: Step 556, time 7.38e-05, U, 3 components, 522 values
INFO: Step 557, time 7.39e-05, U, 3 components, 522 values
INFO: Step 558, time 7.40e-05, U, 3 components, 522 values
INFO: Step 559, time 7.41e-05, U, 3 components, 522 values
INFO: Step 560, time 7.41e-05, U, 3 components, 522 values
INFO: Step 561, time 7.42e-05, U, 3 components, 522 values
INFO: Step 562, time 7.43e-05, U, 3 components, 522 values
INFO: Step 563, time 7.44e-05, U, 3 components, 522 values
INFO: Step 564, time 7.45e-05, U, 3 components, 522 values
INFO: Step 565, time 7.45e-05, U, 3 components, 522 values
INFO: Step 566, time 7.46e-05, U, 3 components, 522 values
INFO: Step 567, time 7.47e-05, U, 3 components, 522 values
INFO: Step 568, time 7.48e-05, U, 3 components, 522 values
INFO: Step 569, time 7.48e-05, U, 3 components, 522 values
INFO: Step 570, time 7.49e-05, U, 3 components, 522 values
INFO: Step 571, time 7.50e-05, U, 3 components, 522 values
INFO: Step 572, time 7.51e-05, U, 3 components, 522 values
INFO: Step 573, time 7.52e-05, U, 3 components, 522 values
INFO: Step 574, time 7.52e-05, U, 3 components, 522 values
INFO: Step 575, time 7.53e-05, U, 3 components, 522 values
INFO: Step 576, time 7.54e-05, U, 3 components, 522 values
INFO: Step 577, time 7.55e-05, U, 3 components, 522 values
INFO: Step 578, time 7.56e-05, U, 3 components, 522 values
INFO: Step 579, time 7.56e-05, U, 3 components, 522 values
INFO: Step 580, time 7.57e-05, U, 3 components, 522 values
INFO: Step 581, time 7.58e-05, U, 3 components, 522 values
INFO: Step 582, time 7.59e-05, U, 3 components, 522 values
INFO: Step 583, time 7.59e-05, U, 3 components, 522 values
INFO: Step 584, time 7.60e-05, U, 3 components, 522 values
INFO: Step 585, time 7.61e-05, U, 3 components, 522 values
INFO: Step 586, time 7.62e-05, U, 3 components, 522 values
INFO: Step 587, time 7.63e-05, U, 3 components, 522 values
INFO: Step 588, time 7.63e-05, U, 3 components, 522 values
INFO: Step 589, time 7.64e-05, U, 3 components, 522 values
INFO: Step 590, time 7.65e-05, U, 3 components, 522 values
INFO: Step 591, time 7.66e-05, U, 3 components, 522 values
INFO: Step 592, time 7.67e-05, U, 3 components, 522 values
INFO: Step 593, time 7.67e-05, U, 3 components, 522 values
INFO: Step 594, time 7.68e-05, U, 3 components, 522 values
INFO: Step 595, time 7.69e-05, U, 3 components, 522 values
INFO: Step 596, time 7.70e-05, U, 3 components, 522 values
INFO: Step 597, time 7.71e-05, U, 3 components, 522 values
INFO: Step 598, time 7.71e-05, U, 3 components, 522 values
INFO: Step 599, time 7.72e-05, U, 3 components, 522 values
INFO: Step 600, time 7.73e-05, U, 3 components, 522 values
INFO: Step 601, time 7.74e-05, U, 3 components, 522 values
INFO: Step 602, time 7.74e-05, U, 3 components, 522 values
INFO: Step 603, time 7.75e-05, U, 3 components, 522 values
INFO: Step 604, time 7.76e-05, U, 3 components, 522 values
INFO: Step 605, time 7.77e-05, U, 3 components, 522 values
INFO: Step 606, time 7.78e-05, U, 3 components, 522 values
INFO: Step 607, time 7.78e-05, U, 3 components, 522 values
INFO: Step 608, time 7.79e-05, U, 3 components, 522 values
INFO: Step 609, time 7.80e-05, U, 3 components, 522 values
INFO: Step 610, time 7.81e-05, U, 3 components, 522 values
INFO: Step 611, time 7.82e-05, U, 3 components, 522 values
INFO: Step 612, time 7.82e-05, U, 3 components, 522 values
INFO: Step 613, time 7.83e-05, U, 3 components, 522 values
INFO: Step 614, time 7.84e-05, U, 3 components, 522 values
INFO: Step 615, time 7.85e-05, U, 3 components, 522 values
INFO: Step 616, time 7.85e-05, U, 3 components, 522 values
INFO: Step 617, time 7.86e-05, U, 3 components, 522 values
INFO: Step 618, time 7.87e-05, U, 3 components, 522 values
INFO: Step 619, time 7.88e-05, U, 3 components, 522 values
INFO: Step 620, time 7.89e-05, U, 3 components, 522 values
INFO: Step 621, time 7.89e-05, U, 3 components, 522 values
INFO: Step 622, time 7.90e-05, U, 3 components, 522 values
INFO: Step 623, time 7.91e-05, U, 3 components, 522 values
INFO: Step 624, time 7.92e-05, U, 3 components, 522 values
INFO: Step 625, time 7.93e-05, U, 3 components, 522 values
INFO: Step 626, time 7.93e-05, U, 3 components, 522 values
INFO: Step 627, time 7.94e-05, U, 3 components, 522 values
INFO: Step 628, time 7.95e-05, U, 3 components, 522 values
INFO: Step 629, time 7.96e-05, U, 3 components, 522 values
INFO: Step 630, time 7.96e-05, U, 3 components, 522 values
INFO: Step 631, time 7.97e-05, U, 3 components, 522 values
INFO: Step 632, time 7.98e-05, U, 3 components, 522 values
INFO: Step 633, time 7.99e-05, U, 3 components, 522 values
INFO: Step 634, time 8.00e-05, U, 3 components, 522 values
INFO: Step 635, time 8.00e-05, U, 3 components, 522 values
INFO: Step 636, time 8.01e-05, U, 3 components, 522 values
INFO: Step 637, time 8.02e-05, U, 3 components, 522 values
INFO: Step 638, time 8.03e-05, U, 3 components, 522 values
INFO: Step 639, time 8.04e-05, U, 3 components, 522 values
INFO: Step 640, time 8.04e-05, U, 3 components, 522 values
INFO: Step 641, time 8.05e-05, U, 3 components, 522 values
INFO: Step 642, time 8.06e-05, U, 3 components, 522 values
INFO: Step 643, time 8.07e-05, U, 3 components, 522 values
INFO: Step 644, time 8.08e-05, U, 3 components, 522 values
INFO: Step 645, time 8.08e-05, U, 3 components, 522 values
INFO: Step 646, time 8.09e-05, U, 3 components, 522 values
INFO: Step 647, time 8.10e-05, U, 3 components, 522 values
INFO: Step 648, time 8.11e-05, U, 3 components, 522 values
INFO: Step 649, time 8.11e-05, U, 3 components, 522 values
INFO: Step 650, time 8.12e-05, U, 3 components, 522 values
INFO: Step 651, time 8.13e-05, U, 3 components, 522 values
INFO: Step 652, time 8.14e-05, U, 3 components, 522 values
INFO: Step 653, time 8.15e-05, U, 3 components, 522 values
INFO: Step 654, time 8.15e-05, U, 3 components, 522 values
INFO: Step 655, time 8.16e-05, U, 3 components, 522 values
INFO: Step 656, time 8.17e-05, U, 3 components, 522 values
INFO: Step 657, time 8.18e-05, U, 3 components, 522 values
INFO: Step 658, time 8.19e-05, U, 3 components, 522 values
INFO: Step 659, time 8.19e-05, U, 3 components, 522 values
INFO: Step 660, time 8.20e-05, U, 3 components, 522 values
INFO: Step 661, time 8.22e-05, U, 3 components, 522 values
INFO: Step 662, time 8.23e-05, U, 3 components, 522 values
INFO: Step 663, time 8.24e-05, U, 3 components, 522 values
INFO: Step 664, time 8.25e-05, U, 3 components, 522 values
INFO: Step 665, time 8.26e-05, U, 3 components, 522 values
INFO: Step 666, time 8.28e-05, U, 3 components, 522 values
INFO: Step 667, time 8.29e-05, U, 3 components, 522 values
INFO: Step 668, time 8.31e-05, U, 3 components, 522 values
INFO: Step 669, time 8.33e-05, U, 3 components, 522 values
INFO: Step 670, time 8.35e-05, U, 3 components, 522 values
INFO: Step 671, time 8.36e-05, U, 3 components, 522 values
INFO: Step 672, time 8.38e-05, U, 3 components, 522 values
INFO: Step 673, time 8.40e-05, U, 3 components, 522 values
INFO: Step 674, time 8.42e-05, U, 3 components, 522 values
INFO: Step 675, time 8.44e-05, U, 3 components, 522 values
INFO: Step 676, time 8.45e-05, U, 3 components, 522 values
INFO: Step 677, time 8.47e-05, U, 3 components, 522 values
INFO: Step 678, time 8.49e-05, U, 3 components, 522 values
INFO: Step 679, time 8.51e-05, U, 3 components, 522 values
INFO: Step 680, time 8.52e-05, U, 3 components, 522 values
INFO: Step 681, time 8.54e-05, U, 3 components, 522 values
INFO: Step 682, time 8.56e-05, U, 3 components, 522 values
INFO: Step 683, time 8.58e-05, U, 3 components, 522 values
INFO: Step 684, time 8.59e-05, U, 3 components, 522 values
INFO: Step 685, time 8.61e-05, U, 3 components, 522 values
INFO: Step 686, time 8.63e-05, U, 3 components, 522 values
INFO: Step 687, time 8.65e-05, U, 3 components, 522 values
INFO: Step 688, time 8.67e-05, U, 3 components, 522 values
INFO: Step 689, time 8.68e-05, U, 3 components, 522 values
INFO: Step 690, time 8.70e-05, U, 3 components, 522 values
INFO: Step 691, time 8.72e-05, U, 3 components, 522 values
INFO: Step 692, time 8.74e-05, U, 3 components, 522 values
INFO: Step 693, time 8.75e-05, U, 3 components, 522 values
INFO: Step 694, time 8.77e-05, U, 3 components, 522 values
INFO: Step 695, time 8.79e-05, U, 3 components, 522 values
INFO: Step 696, time 8.81e-05, U, 3 components, 522 values
INFO: Step 697, time 8.82e-05, U, 3 components, 522 values
INFO: Step 698, time 8.84e-05, U, 3 components, 522 values
INFO: Step 699, time 8.86e-05, U, 3 components, 522 values
INFO: Step 700, time 8.88e-05, U, 3 components, 522 values
INFO: Step 701, time 8.90e-05, U, 3 components, 522 values
INFO: Step 702, time 8.91e-05, U, 3 components, 522 values
INFO: Step 703, time 8.93e-05, U, 3 components, 522 values
INFO: Step 704, time 8.95e-05, U, 3 components, 522 values
INFO: Step 705, time 8.97e-05, U, 3 components, 522 values
INFO: Step 706, time 8.98e-05, U, 3 components, 522 values
INFO: Step 707, time 9.00e-05, U, 3 components, 522 values
INFO: Step 708, time 9.02e-05, U, 3 components, 522 values
INFO: Step 709, time 9.04e-05, U, 3 components, 522 values
INFO: Step 710, time 9.06e-05, U, 3 components, 522 values
INFO: Step 711, time 9.07e-05, U, 3 components, 522 values
INFO: Step 712, time 9.09e-05, U, 3 components, 522 values
INFO: Step 713, time 9.11e-05, U, 3 components, 522 values
INFO: Step 714, time 9.13e-05, U, 3 components, 522 values
INFO: Step 715, time 9.14e-05, U, 3 components, 522 values
INFO: Step 716, time 9.16e-05, U, 3 components, 522 values
INFO: Step 717, time 9.18e-05, U, 3 components, 522 values
INFO: Step 718, time 9.20e-05, U, 3 components, 522 values
INFO: Step 719, time 9.21e-05, U, 3 components, 522 values
INFO: Step 720, time 9.23e-05, U, 3 components, 522 values
INFO: Step 721, time 9.25e-05, U, 3 components, 522 values
INFO: Step 722, time 9.27e-05, U, 3 components, 522 values
INFO: Step 723, time 9.29e-05, U, 3 components, 522 values
INFO: Step 724, time 9.30e-05, U, 3 components, 522 values
INFO: Step 725, time 9.33e-05, U, 3 components, 522 values
INFO: Step 726, time 9.37e-05, U, 3 components, 522 values
INFO: Step 727, time 9.43e-05, U, 3 components, 522 values
INFO: Step 728, time 9.50e-05, U, 3 components, 522 values
INFO: Step 729, time 9.57e-05, U, 3 components, 522 values
INFO: Step 730, time 9.64e-05, U, 3 components, 522 values
INFO: Step 731, time 9.64e-05, U, 3 components, 522 values
INFO: Step 732, time 9.64e-05, U, 3 components, 522 values
INFO: Step 733, time 9.64e-05, U, 3 components, 522 values
INFO: Step 734, time 9.64e-05, U, 3 components, 522 values
INFO: Step 735, time 9.64e-05, U, 3 components, 522 values
INFO: Step 736, time 9.64e-05, U, 3 components, 522 values
INFO: Step 737, time 9.64e-05, U, 3 components, 522 values
INFO: Step 738, time 9.64e-05, U, 3 components, 522 values
INFO: Step 739, time 9.64e-05, U, 3 components, 522 values
INFO: Step 740, time 9.64e-05, U, 3 components, 522 values
INFO: Step 741, time 9.64e-05, U, 3 components, 522 values
INFO: Step 742, time 9.64e-05, U, 3 components, 522 values
INFO: Step 743, time 9.64e-05, U, 3 components, 522 values
INFO: Step 744, time 9.64e-05, U, 3 components, 522 values
INFO: Step 745, time 9.64e-05, U, 3 components, 522 values
INFO: Step 746, time 9.64e-05, U, 3 components, 522 values
INFO: Step 747, time 9.64e-05, U, 3 components, 522 values
INFO: Step 748, time 9.64e-05, U, 3 components, 522 values
INFO: Step 749, time 9.64e-05, U, 3 components, 522 values
INFO: Step 750, time 9.64e-05, U, 3 components, 522 values
INFO: Step 751, time 9.64e-05, U, 3 components, 522 values
INFO: Step 752, time 9.64e-05, U, 3 components, 522 values
INFO: Step 753, time 9.64e-05, U, 3 components, 522 values
INFO: Step 754, time 9.64e-05, U, 3 components, 522 values
INFO: Step 755, time 9.64e-05, U, 3 components, 522 values
INFO: Step 756, time 9.64e-05, U, 3 components, 522 values
INFO: Step 757, time 9.64e-05, U, 3 components, 522 values
INFO: Step 758, time 9.64e-05, U, 3 components, 522 values
INFO: Step 759, time 9.64e-05, U, 3 components, 522 values
INFO: Step 760, time 9.64e-05, U, 3 components, 522 values
INFO: Step 761, time 9.64e-05, U, 3 components, 522 values
INFO: Step 762, time 9.64e-05, U, 3 components, 522 values
INFO: Step 763, time 9.64e-05, U, 3 components, 522 values
INFO: Step 764, time 9.64e-05, U, 3 components, 522 values
INFO: Step 765, time 9.64e-05, U, 3 components, 522 values
INFO: Step 766, time 9.64e-05, U, 3 components, 522 values
INFO: Step 767, time 9.64e-05, U, 3 components, 522 values
INFO: Step 768, time 9.65e-05, U, 3 components, 522 values
INFO: Step 769, time 9.65e-05, U, 3 components, 522 values
INFO: Step 770, time 9.66e-05, U, 3 components, 522 values
INFO: Step 771, time 9.67e-05, U, 3 components, 522 values
INFO: Step 772, time 9.69e-05, U, 3 components, 522 values
INFO: Step 773, time 9.71e-05, U, 3 components, 522 values
INFO: Step 774, time 9.75e-05, U, 3 components, 522 values
INFO: Step 775, time 9.81e-05, U, 3 components, 522 values
INFO: Step 776, time 9.89e-05, U, 3 components, 522 values
INFO: Step 777, time 1.00e-04, U, 3 components, 522 values
INFO: 716 time increments
INFO: Writing examples/ccx_2.16.structest/contact2i.001.vtk
INFO: Step 1, time 3.91e-07, U, 3 components, 522 values
INFO: Writing examples/ccx_2.16.structest/contact2i.002.vtk
INFO: Step 2, time 7.81e-07, U, 3 components, 522 values
INFO: Writing examples/ccx_2.16.structest/contact2i.003.vtk
INFO: Step 3, time 1.37e-06, U, 3 components, 522 values
INFO: Writing examples/ccx_2.16.structest/contact2i.004.vtk
INFO: Step 4, time 2.25e-06, U, 3 components, 522 values
INFO: Writing examples/ccx_2.16.structest/contact2i.005.vtk
INFO: Step 5, time 3.56e-06, U, 3 components, 522 values
INFO: Writing examples/ccx_2.16.structest/contact2i.006.vtk
INFO: Step 6, time 5.54e-06, U, 3 components, 522 values
INFO: Writing examples/ccx_2.16.structest/contact2i.007.vtk
INFO: Step 7, time 8.51e-06, U, 3 components, 522 values
INFO: Writing examples/ccx_2.16.structest/contact2i.008.vtk
INFO: Step 8, time 9.62e-06, U, 3 components, 522 values
INFO: Writing examples/ccx_2.16.structest/contact2i.009.vtk
INFO: Step 9, time 1.07e-05, U, 3 components, 522 values
INFO: Writing examples/ccx_2.16.structest/contact2i.010.vtk
INFO: Step 10, time 1.24e-05, U, 3 components, 522 values
INFO: Writing examples/ccx_2.16.structest/contact2i.011.vtk
INFO: Step 11, time 1.49e-05, U, 3 components, 522 values
INFO: Writing examples/ccx_2.16.structest/contact2i.012.vtk
INFO: Step 12, time 1.58e-05, U, 3 components, 522 values
INFO: Writing examples/ccx_2.16.structest/contact2i.013.vtk
INFO: Step 13, time 1.68e-05, U, 3 components, 522 values
INFO: Writing examples/ccx_2.16.structest/contact2i.014.vtk
INFO: Step 14, time 1.82e-05, U, 3 components, 522 values
INFO: Writing examples/ccx_2.16.structest/contact2i.015.vtk
INFO: Step 15, time 2.03e-05, U, 3 components, 522 values
INFO: Writing examples/ccx_2.16.structest/contact2i.016.vtk
INFO: Step 16, time 2.35e-05, U, 3 components, 522 values
INFO: Writing examples/ccx_2.16.structest/contact2i.017.vtk
INFO: Step 17, time 2.47e-05, U, 3 components, 522 values
INFO: Writing examples/ccx_2.16.structest/contact2i.018.vtk
INFO: Step 18, time 2.58e-05, U, 3 components, 522 values
INFO: Writing examples/ccx_2.16.structest/contact2i.019.vtk
INFO: Step 19, time 2.63e-05, U, 3 components, 522 values
INFO: Writing examples/ccx_2.16.structest/contact2i.020.vtk
INFO: Step 20, time 2.64e-05, U, 3 components, 522 values
INFO: Writing examples/ccx_2.16.structest/contact2i.021.vtk
INFO: Step 21, time 2.65e-05, U, 3 components, 522 values
INFO: Writing examples/ccx_2.16.structest/contact2i.022.vtk
INFO: Step 22, time 2.67e-05, U, 3 components, 522 values
INFO: Writing examples/ccx_2.16.structest/contact2i.023.vtk
INFO: Step 23, time 2.69e-05, U, 3 components, 522 values
INFO: Writing examples/ccx_2.16.structest/contact2i.024.vtk
INFO: Step 24, time 2.71e-05, U, 3 components, 522 values
INFO: Writing examples/ccx_2.16.structest/contact2i.025.vtk
INFO: Step 25, time 2.76e-05, U, 3 components, 522 values
INFO: Writing examples/ccx_2.16.structest/contact2i.026.vtk
INFO: Step 26, time 2.82e-05, U, 3 components, 522 values
INFO: Step 27, time 2.82e-05, U, 3 components, 522 values
INFO: Step 28, time 2.82e-05, U, 3 components, 522 values
INFO: Step 29, time 2.82e-05, U, 3 components, 522 values
INFO: Step 30, time 2.82e-05, U, 3 components, 522 values
INFO: Step 31, time 2.82e-05, U, 3 components, 522 values
INFO: Step 32, time 2.82e-05, U, 3 components, 522 values
INFO: Step 33, time 2.82e-05, U, 3 components, 522 values
INFO: Step 34, time 2.82e-05, U, 3 components, 522 values
INFO: Step 35, time 2.82e-05, U, 3 components, 522 values
INFO: Step 36, time 2.82e-05, U, 3 components, 522 values
INFO: Step 37, time 2.82e-05, U, 3 components, 522 values
INFO: Step 38, time 2.82e-05, U, 3 components, 522 values
INFO: Step 39, time 2.82e-05, U, 3 components, 522 values
INFO: Step 40, time 2.82e-05, U, 3 components, 522 values
INFO: Writing examples/ccx_2.16.structest/contact2i.027.vtk
INFO: Step 41, time 2.82e-05, U, 3 components, 522 values
INFO: Step 42, time 2.82e-05, U, 3 components, 522 values
INFO: Step 43, time 2.82e-05, U, 3 components, 522 values
INFO: Step 44, time 2.82e-05, U, 3 components, 522 values
INFO: Step 45, time 2.82e-05, U, 3 components, 522 values
INFO: Step 46, time 2.82e-05, U, 3 components, 522 values
INFO: Step 47, time 2.82e-05, U, 3 components, 522 values
INFO: Writing examples/ccx_2.16.structest/contact2i.028.vtk
INFO: Step 48, time 2.82e-05, U, 3 components, 522 values
INFO: Writing examples/ccx_2.16.structest/contact2i.029.vtk
INFO: Step 49, time 2.82e-05, U, 3 components, 522 values
INFO: Writing examples/ccx_2.16.structest/contact2i.030.vtk
INFO: Step 50, time 2.82e-05, U, 3 components, 522 values
INFO: Writing examples/ccx_2.16.structest/contact2i.031.vtk
INFO: Step 51, time 2.82e-05, U, 3 components, 522 values
INFO: Writing examples/ccx_2.16.structest/contact2i.032.vtk
INFO: Step 52, time 2.82e-05, U, 3 components, 522 values
INFO: Writing examples/ccx_2.16.structest/contact2i.033.vtk
INFO: Step 53, time 2.82e-05, U, 3 components, 522 values
INFO: Writing examples/ccx_2.16.structest/contact2i.034.vtk
INFO: Step 54, time 2.82e-05, U, 3 components, 522 values
INFO: Writing examples/ccx_2.16.structest/contact2i.035.vtk
INFO: Step 55, time 2.82e-05, U, 3 components, 522 values
INFO: Writing examples/ccx_2.16.structest/contact2i.036.vtk
INFO: Step 56, time 2.82e-05, U, 3 components, 522 values
INFO: Writing examples/ccx_2.16.structest/contact2i.037.vtk
INFO: Step 57, time 2.82e-05, U, 3 components, 522 values
INFO: Writing examples/ccx_2.16.structest/contact2i.038.vtk
INFO: Step 58, time 2.82e-05, U, 3 components, 522 values
INFO: Writing examples/ccx_2.16.structest/contact2i.039.vtk
INFO: Step 59, time 2.82e-05, U, 3 components, 522 values
INFO: Writing examples/ccx_2.16.structest/contact2i.040.vtk
INFO: Step 60, time 2.82e-05, U, 3 components, 522 values
INFO: Writing examples/ccx_2.16.structest/contact2i.041.vtk
INFO: Step 61, time 2.82e-05, U, 3 components, 522 values
INFO: Writing examples/ccx_2.16.structest/contact2i.042.vtk
INFO: Step 62, time 2.82e-05, U, 3 components, 522 values
INFO: Writing examples/ccx_2.16.structest/contact2i.043.vtk
INFO: Step 63, time 2.82e-05, U, 3 components, 522 values
INFO: Writing examples/ccx_2.16.structest/contact2i.044.vtk
INFO: Step 64, time 2.83e-05, U, 3 components, 522 values
INFO: Writing examples/ccx_2.16.structest/contact2i.045.vtk
INFO: Step 65, time 2.83e-05, U, 3 components, 522 values
INFO: Writing examples/ccx_2.16.structest/contact2i.046.vtk
INFO: Step 66, time 2.84e-05, U, 3 components, 522 values
INFO: Writing examples/ccx_2.16.structest/contact2i.047.vtk
INFO: Step 67, time 2.85e-05, U, 3 components, 522 values
INFO: Writing examples/ccx_2.16.structest/contact2i.048.vtk
INFO: Step 68, time 2.87e-05, U, 3 components, 522 values
INFO: Writing examples/ccx_2.16.structest/contact2i.049.vtk
INFO: Step 69, time 2.89e-05, U, 3 components, 522 values
INFO: Writing examples/ccx_2.16.structest/contact2i.050.vtk
INFO: Step 70, time 2.93e-05, U, 3 components, 522 values
INFO: Writing examples/ccx_2.16.structest/contact2i.051.vtk
INFO: Step 71, time 2.99e-05, U, 3 components, 522 values
INFO: Writing examples/ccx_2.16.structest/contact2i.052.vtk
INFO: Step 72, time 3.07e-05, U, 3 components, 522 values
INFO: Writing examples/ccx_2.16.structest/contact2i.053.vtk
INFO: Step 73, time 3.20e-05, U, 3 components, 522 values
INFO: Writing examples/ccx_2.16.structest/contact2i.054.vtk
INFO: Step 74, time 3.24e-05, U, 3 components, 522 values
INFO: Writing examples/ccx_2.16.structest/contact2i.055.vtk
INFO: Step 75, time 3.29e-05, U, 3 components, 522 values
INFO: Writing examples/ccx_2.16.structest/contact2i.056.vtk
INFO: Step 76, time 3.34e-05, U, 3 components, 522 values
INFO: Writing examples/ccx_2.16.structest/contact2i.057.vtk
INFO: Step 77, time 3.38e-05, U, 3 components, 522 values
INFO: Writing examples/ccx_2.16.structest/contact2i.058.vtk
INFO: Step 78, time 3.40e-05, U, 3 components, 522 values
INFO: Writing examples/ccx_2.16.structest/contact2i.059.vtk
INFO: Step 79, time 3.41e-05, U, 3 components, 522 values
INFO: Writing examples/ccx_2.16.structest/contact2i.060.vtk
INFO: Step 80, time 3.42e-05, U, 3 components, 522 values
INFO: Writing examples/ccx_2.16.structest/contact2i.061.vtk
INFO: Step 81, time 3.43e-05, U, 3 components, 522 values
INFO: Writing examples/ccx_2.16.structest/contact2i.062.vtk
INFO: Step 82, time 3.44e-05, U, 3 components, 522 values
INFO: Writing examples/ccx_2.16.structest/contact2i.063.vtk
INFO: Step 83, time 3.45e-05, U, 3 components, 522 values
INFO: Writing examples/ccx_2.16.structest/contact2i.064.vtk
INFO: Step 84, time 3.47e-05, U, 3 components, 522 values
INFO: Writing examples/ccx_2.16.structest/contact2i.065.vtk
INFO: Step 85, time 3.48e-05, U, 3 components, 522 values
INFO: Writing examples/ccx_2.16.structest/contact2i.066.vtk
INFO: Step 86, time 3.49e-05, U, 3 components, 522 values
INFO: Writing examples/ccx_2.16.structest/contact2i.067.vtk
INFO: Step 87, time 3.50e-05, U, 3 components, 522 values
INFO: Writing examples/ccx_2.16.structest/contact2i.068.vtk
INFO: Step 88, time 3.51e-05, U, 3 components, 522 values
INFO: Writing examples/ccx_2.16.structest/contact2i.069.vtk
INFO: Step 89, time 3.53e-05, U, 3 components, 522 values
INFO: Writing examples/ccx_2.16.structest/contact2i.070.vtk
INFO: Step 90, time 3.53e-05, U, 3 components, 522 values
INFO: Writing examples/ccx_2.16.structest/contact2i.071.vtk
INFO: Step 91, time 3.55e-05, U, 3 components, 522 values
INFO: Writing examples/ccx_2.16.structest/contact2i.072.vtk
INFO: Step 92, time 3.57e-05, U, 3 components, 522 values
INFO: Writing examples/ccx_2.16.structest/contact2i.073.vtk
INFO: Step 93, time 3.60e-05, U, 3 components, 522 values
INFO: Writing examples/ccx_2.16.structest/contact2i.074.vtk
INFO: Step 94, time 3.64e-05, U, 3 components, 522 values
INFO: Step 95, time 3.64e-05, U, 3 components, 522 values
INFO: Step 96, time 3.64e-05, U, 3 components, 522 values
INFO: Step 97, time 3.64e-05, U, 3 components, 522 values
INFO: Step 98, time 3.64e-05, U, 3 components, 522 values
INFO: Step 99, time 3.64e-05, U, 3 components, 522 values
INFO: Step 100, time 3.64e-05, U, 3 components, 522 values
INFO: Step 101, time 3.64e-05, U, 3 components, 522 values
INFO: Step 102, time 3.64e-05, U, 3 components, 522 values
INFO: Step 103, time 3.64e-05, U, 3 components, 522 values
INFO: Step 104, time 3.64e-05, U, 3 components, 522 values
INFO: Step 105, time 3.64e-05, U, 3 components, 522 values
INFO: Step 106, time 3.64e-05, U, 3 components, 522 values
INFO: Step 107, time 3.64e-05, U, 3 components, 522 values
INFO: Step 108, time 3.64e-05, U, 3 components, 522 values
INFO: Step 109, time 3.64e-05, U, 3 components, 522 values
INFO: Step 110, time 3.64e-05, U, 3 components, 522 values
INFO: Step 111, time 3.64e-05, U, 3 components, 522 values
INFO: Step 112, time 3.64e-05, U, 3 components, 522 values
INFO: Step 113, time 3.64e-05, U, 3 components, 522 values
INFO: Step 114, time 3.64e-05, U, 3 components, 522 values
INFO: Writing examples/ccx_2.16.structest/contact2i.075.vtk
INFO: Step 115, time 3.64e-05, U, 3 components, 522 values
INFO: Step 116, time 3.64e-05, U, 3 components, 522 values
INFO: Writing examples/ccx_2.16.structest/contact2i.076.vtk
INFO: Step 117, time 3.64e-05, U, 3 components, 522 values
INFO: Writing examples/ccx_2.16.structest/contact2i.077.vtk
INFO: Step 118, time 3.64e-05, U, 3 components, 522 values
INFO: Writing examples/ccx_2.16.structest/contact2i.078.vtk
INFO: Step 119, time 3.64e-05, U, 3 components, 522 values
INFO: Writing examples/ccx_2.16.structest/contact2i.079.vtk
INFO: Step 120, time 3.64e-05, U, 3 components, 522 values
INFO: Writing examples/ccx_2.16.structest/contact2i.080.vtk
INFO: Step 121, time 3.64e-05, U, 3 components, 522 values
INFO: Writing examples/ccx_2.16.structest/contact2i.081.vtk
INFO: Step 122, time 3.64e-05, U, 3 components, 522 values
INFO: Writing examples/ccx_2.16.structest/contact2i.082.vtk
INFO: Step 123, time 3.64e-05, U, 3 components, 522 values
INFO: Writing examples/ccx_2.16.structest/contact2i.083.vtk
INFO: Step 124, time 3.64e-05, U, 3 components, 522 values
INFO: Writing examples/ccx_2.16.structest/contact2i.084.vtk
INFO: Step 125, time 3.64e-05, U, 3 components, 522 values
INFO: Writing examples/ccx_2.16.structest/contact2i.085.vtk
INFO: Step 126, time 3.64e-05, U, 3 components, 522 values
INFO: Writing examples/ccx_2.16.structest/contact2i.086.vtk
INFO: Step 127, time 3.64e-05, U, 3 components, 522 values
INFO: Writing examples/ccx_2.16.structest/contact2i.087.vtk
INFO: Step 128, time 3.65e-05, U, 3 components, 522 values
INFO: Writing examples/ccx_2.16.structest/contact2i.088.vtk
INFO: Step 129, time 3.65e-05, U, 3 components, 522 values
INFO: Writing examples/ccx_2.16.structest/contact2i.089.vtk
INFO: Step 130, time 3.65e-05, U, 3 components, 522 values
INFO: Writing examples/ccx_2.16.structest/contact2i.090.vtk
INFO: Step 131, time 3.65e-05, U, 3 components, 522 values
INFO: Writing examples/ccx_2.16.structest/contact2i.091.vtk
INFO: Step 132, time 3.65e-05, U, 3 components, 522 values
INFO: Writing examples/ccx_2.16.structest/contact2i.092.vtk
INFO: Step 133, time 3.66e-05, U, 3 components, 522 values
INFO: Writing examples/ccx_2.16.structest/contact2i.093.vtk
INFO: Step 134, time 3.67e-05, U, 3 components, 522 values
INFO: Writing examples/ccx_2.16.structest/contact2i.094.vtk
INFO: Step 135, time 3.68e-05, U, 3 components, 522 values
INFO: Writing examples/ccx_2.16.structest/contact2i.095.vtk
INFO: Step 136, time 3.69e-05, U, 3 components, 522 values
INFO: Writing examples/ccx_2.16.structest/contact2i.096.vtk
INFO: Step 137, time 3.72e-05, U, 3 components, 522 values
INFO: Writing examples/ccx_2.16.structest/contact2i.097.vtk
INFO: Step 138, time 3.76e-05, U, 3 components, 522 values
INFO: Writing examples/ccx_2.16.structest/contact2i.098.vtk
INFO: Step 139, time 3.81e-05, U, 3 components, 522 values
INFO: Writing examples/ccx_2.16.structest/contact2i.099.vtk
INFO: Step 140, time 3.90e-05, U, 3 components, 522 values
INFO: Writing examples/ccx_2.16.structest/contact2i.100.vtk
INFO: Step 141, time 3.93e-05, U, 3 components, 522 values
INFO: Writing examples/ccx_2.16.structest/contact2i.101.vtk
INFO: Step 142, time 3.96e-05, U, 3 components, 522 values
INFO: Writing examples/ccx_2.16.structest/contact2i.102.vtk
INFO: Step 143, time 3.99e-05, U, 3 components, 522 values
INFO: Writing examples/ccx_2.16.structest/contact2i.103.vtk
INFO: Step 144, time 4.02e-05, U, 3 components, 522 values
INFO: Writing examples/ccx_2.16.structest/contact2i.104.vtk
INFO: Step 145, time 4.05e-05, U, 3 components, 522 values
INFO: Writing examples/ccx_2.16.structest/contact2i.105.vtk
INFO: Step 146, time 4.08e-05, U, 3 components, 522 values
INFO: Writing examples/ccx_2.16.structest/contact2i.106.vtk
INFO: Step 147, time 4.12e-05, U, 3 components, 522 values
INFO: Writing examples/ccx_2.16.structest/contact2i.107.vtk
INFO: Step 148, time 4.15e-05, U, 3 components, 522 values
INFO: Writing examples/ccx_2.16.structest/contact2i.108.vtk
INFO: Step 149, time 4.18e-05, U, 3 components, 522 values
INFO: Writing examples/ccx_2.16.structest/contact2i.109.vtk
INFO: Step 150, time 4.19e-05, U, 3 components, 522 values
INFO: Writing examples/ccx_2.16.structest/contact2i.110.vtk
INFO: Step 151, time 4.19e-05, U, 3 components, 522 values
INFO: Writing examples/ccx_2.16.structest/contact2i.111.vtk
INFO: Step 152, time 4.20e-05, U, 3 components, 522 values
INFO: Writing examples/ccx_2.16.structest/contact2i.112.vtk
INFO: Step 153, time 4.21e-05, U, 3 components, 522 values
INFO: Writing examples/ccx_2.16.structest/contact2i.113.vtk
INFO: Step 154, time 4.22e-05, U, 3 components, 522 values
INFO: Writing examples/ccx_2.16.structest/contact2i.114.vtk
INFO: Step 155, time 4.23e-05, U, 3 components, 522 values
INFO: Writing examples/ccx_2.16.structest/contact2i.115.vtk
INFO: Step 156, time 4.23e-05, U, 3 components, 522 values
INFO: Writing examples/ccx_2.16.structest/contact2i.116.vtk
INFO: Step 157, time 4.24e-05, U, 3 components, 522 values
INFO: Writing examples/ccx_2.16.structest/contact2i.117.vtk
INFO: Step 158, time 4.25e-05, U, 3 components, 522 values
INFO: Writing examples/ccx_2.16.structest/contact2i.118.vtk
INFO: Step 159, time 4.26e-05, U, 3 components, 522 values
INFO: Writing examples/ccx_2.16.structest/contact2i.119.vtk
INFO: Step 160, time 4.27e-05, U, 3 components, 522 values
INFO: Writing examples/ccx_2.16.structest/contact2i.120.vtk
INFO: Step 161, time 4.27e-05, U, 3 components, 522 values
INFO: Writing examples/ccx_2.16.structest/contact2i.121.vtk
INFO: Step 162, time 4.28e-05, U, 3 components, 522 values
INFO: Writing examples/ccx_2.16.structest/contact2i.122.vtk
INFO: Step 163, time 4.29e-05, U, 3 components, 522 values
INFO: Writing examples/ccx_2.16.structest/contact2i.123.vtk
INFO: Step 164, time 4.30e-05, U, 3 components, 522 values
INFO: Writing examples/ccx_2.16.structest/contact2i.124.vtk
INFO: Step 165, time 4.30e-05, U, 3 components, 522 values
INFO: Writing examples/ccx_2.16.structest/contact2i.125.vtk
INFO: Step 166, time 4.31e-05, U, 3 components, 522 values
INFO: Writing examples/ccx_2.16.structest/contact2i.126.vtk
INFO: Step 167, time 4.32e-05, U, 3 components, 522 values
INFO: Writing examples/ccx_2.16.structest/contact2i.127.vtk
INFO: Step 168, time 4.33e-05, U, 3 components, 522 values
INFO: Writing examples/ccx_2.16.structest/contact2i.128.vtk
INFO: Step 169, time 4.34e-05, U, 3 components, 522 values
INFO: Writing examples/ccx_2.16.structest/contact2i.129.vtk
INFO: Step 170, time 4.34e-05, U, 3 components, 522 values
INFO: Writing examples/ccx_2.16.structest/contact2i.130.vtk
INFO: Step 171, time 4.35e-05, U, 3 components, 522 values
INFO: Writing examples/ccx_2.16.structest/contact2i.131.vtk
INFO: Step 172, time 4.36e-05, U, 3 components, 522 values
INFO: Writing examples/ccx_2.16.structest/contact2i.132.vtk
INFO: Step 173, time 4.37e-05, U, 3 components, 522 values
INFO: Writing examples/ccx_2.16.structest/contact2i.133.vtk
INFO: Step 174, time 4.38e-05, U, 3 components, 522 values
INFO: Writing examples/ccx_2.16.structest/contact2i.134.vtk
INFO: Step 175, time 4.38e-05, U, 3 components, 522 values
INFO: Writing examples/ccx_2.16.structest/contact2i.135.vtk
INFO: Step 176, time 4.39e-05, U, 3 components, 522 values
INFO: Writing examples/ccx_2.16.structest/contact2i.136.vtk
INFO: Step 177, time 4.40e-05, U, 3 components, 522 values
INFO: Writing examples/ccx_2.16.structest/contact2i.137.vtk
INFO: Step 178, time 4.41e-05, U, 3 components, 522 values
INFO: Writing examples/ccx_2.16.structest/contact2i.138.vtk
INFO: Step 179, time 4.41e-05, U, 3 components, 522 values
INFO: Writing examples/ccx_2.16.structest/contact2i.139.vtk
INFO: Step 180, time 4.42e-05, U, 3 components, 522 values
INFO: Writing examples/ccx_2.16.structest/contact2i.140.vtk
INFO: Step 181, time 4.43e-05, U, 3 components, 522 values
INFO: Writing examples/ccx_2.16.structest/contact2i.141.vtk
INFO: Step 182, time 4.44e-05, U, 3 components, 522 values
INFO: Writing examples/ccx_2.16.structest/contact2i.142.vtk
INFO: Step 183, time 4.45e-05, U, 3 components, 522 values
INFO: Writing examples/ccx_2.16.structest/contact2i.143.vtk
INFO: Step 184, time 4.45e-05, U, 3 components, 522 values
INFO: Writing examples/ccx_2.16.structest/contact2i.144.vtk
INFO: Step 185, time 4.46e-05, U, 3 components, 522 values
INFO: Writing examples/ccx_2.16.structest/contact2i.145.vtk
INFO: Step 186, time 4.47e-05, U, 3 components, 522 values
INFO: Writing examples/ccx_2.16.structest/contact2i.146.vtk
INFO: Step 187, time 4.48e-05, U, 3 components, 522 values
INFO: Writing examples/ccx_2.16.structest/contact2i.147.vtk
INFO: Step 188, time 4.49e-05, U, 3 components, 522 values
INFO: Writing examples/ccx_2.16.structest/contact2i.148.vtk
INFO: Step 189, time 4.49e-05, U, 3 components, 522 values
INFO: Writing examples/ccx_2.16.structest/contact2i.149.vtk
INFO: Step 190, time 4.50e-05, U, 3 components, 522 values
INFO: Writing examples/ccx_2.16.structest/contact2i.150.vtk
INFO: Step 191, time 4.51e-05, U, 3 components, 522 values
INFO: Writing examples/ccx_2.16.structest/contact2i.151.vtk
INFO: Step 192, time 4.52e-05, U, 3 components, 522 values
INFO: Writing examples/ccx_2.16.structest/contact2i.152.vtk
INFO: Step 193, time 4.52e-05, U, 3 components, 522 values
INFO: Writing examples/ccx_2.16.structest/contact2i.153.vtk
INFO: Step 194, time 4.53e-05, U, 3 components, 522 values
INFO: Writing examples/ccx_2.16.structest/contact2i.154.vtk
INFO: Step 195, time 4.54e-05, U, 3 components, 522 values
INFO: Writing examples/ccx_2.16.structest/contact2i.155.vtk
INFO: Step 196, time 4.55e-05, U, 3 components, 522 values
INFO: Writing examples/ccx_2.16.structest/contact2i.156.vtk
INFO: Step 197, time 4.56e-05, U, 3 components, 522 values
INFO: Writing examples/ccx_2.16.structest/contact2i.157.vtk
INFO: Step 198, time 4.56e-05, U, 3 components, 522 values
INFO: Writing examples/ccx_2.16.structest/contact2i.158.vtk
INFO: Step 199, time 4.57e-05, U, 3 components, 522 values
INFO: Writing examples/ccx_2.16.structest/contact2i.159.vtk
INFO: Step 200, time 4.58e-05, U, 3 components, 522 values
INFO: Writing examples/ccx_2.16.structest/contact2i.160.vtk
INFO: Step 201, time 4.59e-05, U, 3 components, 522 values
INFO: Writing examples/ccx_2.16.structest/contact2i.161.vtk
INFO: Step 202, time 4.60e-05, U, 3 components, 522 values
INFO: Writing examples/ccx_2.16.structest/contact2i.162.vtk
INFO: Step 203, time 4.60e-05, U, 3 components, 522 values
INFO: Writing examples/ccx_2.16.structest/contact2i.163.vtk
INFO: Step 204, time 4.61e-05, U, 3 components, 522 values
INFO: Writing examples/ccx_2.16.structest/contact2i.164.vtk
INFO: Step 205, time 4.62e-05, U, 3 components, 522 values
INFO: Writing examples/ccx_2.16.structest/contact2i.165.vtk
INFO: Step 206, time 4.63e-05, U, 3 components, 522 values
INFO: Writing examples/ccx_2.16.structest/contact2i.166.vtk
INFO: Step 207, time 4.64e-05, U, 3 components, 522 values
INFO: Writing examples/ccx_2.16.structest/contact2i.167.vtk
INFO: Step 208, time 4.64e-05, U, 3 components, 522 values
INFO: Writing examples/ccx_2.16.structest/contact2i.168.vtk
INFO: Step 209, time 4.65e-05, U, 3 components, 522 values
INFO: Writing examples/ccx_2.16.structest/contact2i.169.vtk
INFO: Step 210, time 4.66e-05, U, 3 components, 522 values
INFO: Writing examples/ccx_2.16.structest/contact2i.170.vtk
INFO: Step 211, time 4.67e-05, U, 3 components, 522 values
INFO: Writing examples/ccx_2.16.structest/contact2i.171.vtk
INFO: Step 212, time 4.67e-05, U, 3 components, 522 values
INFO: Writing examples/ccx_2.16.structest/contact2i.172.vtk
INFO: Step 213, time 4.68e-05, U, 3 components, 522 values
INFO: Writing examples/ccx_2.16.structest/contact2i.173.vtk
INFO: Step 214, time 4.69e-05, U, 3 components, 522 values
INFO: Writing examples/ccx_2.16.structest/contact2i.174.vtk
INFO: Step 215, time 4.70e-05, U, 3 components, 522 values
INFO: Writing examples/ccx_2.16.structest/contact2i.175.vtk
INFO: Step 216, time 4.71e-05, U, 3 components, 522 values
INFO: Writing examples/ccx_2.16.structest/contact2i.176.vtk
INFO: Step 217, time 4.71e-05, U, 3 components, 522 values
INFO: Writing examples/ccx_2.16.structest/contact2i.177.vtk
INFO: Step 218, time 4.72e-05, U, 3 components, 522 values
INFO: Writing examples/ccx_2.16.structest/contact2i.178.vtk
INFO: Step 219, time 4.73e-05, U, 3 components, 522 values
INFO: Writing examples/ccx_2.16.structest/contact2i.179.vtk
INFO: Step 220, time 4.74e-05, U, 3 components, 522 values
INFO: Writing examples/ccx_2.16.structest/contact2i.180.vtk
INFO: Step 221, time 4.75e-05, U, 3 components, 522 values
INFO: Writing examples/ccx_2.16.structest/contact2i.181.vtk
INFO: Step 222, time 4.75e-05, U, 3 components, 522 values
INFO: Writing examples/ccx_2.16.structest/contact2i.182.vtk
INFO: Step 223, time 4.76e-05, U, 3 components, 522 values
INFO: Writing examples/ccx_2.16.structest/contact2i.183.vtk
INFO: Step 224, time 4.77e-05, U, 3 components, 522 values
INFO: Writing examples/ccx_2.16.structest/contact2i.184.vtk
INFO: Step 225, time 4.78e-05, U, 3 components, 522 values
INFO: Writing examples/ccx_2.16.structest/contact2i.185.vtk
INFO: Step 226, time 4.78e-05, U, 3 components, 522 values
INFO: Writing examples/ccx_2.16.structest/contact2i.186.vtk
INFO: Step 227, time 4.79e-05, U, 3 components, 522 values
INFO: Writing examples/ccx_2.16.structest/contact2i.187.vtk
INFO: Step 228, time 4.80e-05, U, 3 components, 522 values
INFO: Writing examples/ccx_2.16.structest/contact2i.188.vtk
INFO: Step 229, time 4.81e-05, U, 3 components, 522 values
INFO: Writing examples/ccx_2.16.structest/contact2i.189.vtk
INFO: Step 230, time 4.82e-05, U, 3 components, 522 values
INFO: Writing examples/ccx_2.16.structest/contact2i.190.vtk
INFO: Step 231, time 4.82e-05, U, 3 components, 522 values
INFO: Writing examples/ccx_2.16.structest/contact2i.191.vtk
INFO: Step 232, time 4.83e-05, U, 3 components, 522 values
INFO: Writing examples/ccx_2.16.structest/contact2i.192.vtk
INFO: Step 233, time 4.84e-05, U, 3 components, 522 values
INFO: Writing examples/ccx_2.16.structest/contact2i.193.vtk
INFO: Step 234, time 4.85e-05, U, 3 components, 522 values
INFO: Writing examples/ccx_2.16.structest/contact2i.194.vtk
INFO: Step 235, time 4.86e-05, U, 3 components, 522 values
INFO: Writing examples/ccx_2.16.structest/contact2i.195.vtk
INFO: Step 236, time 4.86e-05, U, 3 components, 522 values
INFO: Writing examples/ccx_2.16.structest/contact2i.196.vtk
INFO: Step 237, time 4.87e-05, U, 3 components, 522 values
INFO: Writing examples/ccx_2.16.structest/contact2i.197.vtk
INFO: Step 238, time 4.88e-05, U, 3 components, 522 values
INFO: Writing examples/ccx_2.16.structest/contact2i.198.vtk
INFO: Step 239, time 4.89e-05, U, 3 components, 522 values
INFO: Writing examples/ccx_2.16.structest/contact2i.199.vtk
INFO: Step 240, time 4.89e-05, U, 3 components, 522 values
INFO: Writing examples/ccx_2.16.structest/contact2i.200.vtk
INFO: Step 241, time 4.90e-05, U, 3 components, 522 values
INFO: Writing examples/ccx_2.16.structest/contact2i.201.vtk
INFO: Step 242, time 4.91e-05, U, 3 components, 522 values
INFO: Writing examples/ccx_2.16.structest/contact2i.202.vtk
INFO: Step 243, time 4.92e-05, U, 3 components, 522 values
INFO: Writing examples/ccx_2.16.structest/contact2i.203.vtk
INFO: Step 244, time 4.93e-05, U, 3 components, 522 values
INFO: Writing examples/ccx_2.16.structest/contact2i.204.vtk
INFO: Step 245, time 4.93e-05, U, 3 components, 522 values
INFO: Writing examples/ccx_2.16.structest/contact2i.205.vtk
INFO: Step 246, time 4.94e-05, U, 3 components, 522 values
INFO: Writing examples/ccx_2.16.structest/contact2i.206.vtk
INFO: Step 247, time 4.95e-05, U, 3 components, 522 values
INFO: Writing examples/ccx_2.16.structest/contact2i.207.vtk
INFO: Step 248, time 4.96e-05, U, 3 components, 522 values
INFO: Writing examples/ccx_2.16.structest/contact2i.208.vtk
INFO: Step 249, time 4.97e-05, U, 3 components, 522 values
INFO: Writing examples/ccx_2.16.structest/contact2i.209.vtk
INFO: Step 250, time 4.97e-05, U, 3 components, 522 values
INFO: Writing examples/ccx_2.16.structest/contact2i.210.vtk
INFO: Step 251, time 4.98e-05, U, 3 components, 522 values
INFO: Writing examples/ccx_2.16.structest/contact2i.211.vtk
INFO: Step 252, time 4.99e-05, U, 3 components, 522 values
INFO: Writing examples/ccx_2.16.structest/contact2i.212.vtk
INFO: Step 253, time 5.00e-05, U, 3 components, 522 values
INFO: Writing examples/ccx_2.16.structest/contact2i.213.vtk
INFO: Step 254, time 5.01e-05, U, 3 components, 522 values
INFO: Writing examples/ccx_2.16.structest/contact2i.214.vtk
INFO: Step 255, time 5.01e-05, U, 3 components, 522 values
INFO: Writing examples/ccx_2.16.structest/contact2i.215.vtk
INFO: Step 256, time 5.02e-05, U, 3 components, 522 values
INFO: Writing examples/ccx_2.16.structest/contact2i.216.vtk
INFO: Step 257, time 5.03e-05, U, 3 components, 522 values
INFO: Writing examples/ccx_2.16.structest/contact2i.217.vtk
INFO: Step 258, time 5.04e-05, U, 3 components, 522 values
INFO: Writing examples/ccx_2.16.structest/contact2i.218.vtk
INFO: Step 259, time 5.04e-05, U, 3 components, 522 values
INFO: Writing examples/ccx_2.16.structest/contact2i.219.vtk
INFO: Step 260, time 5.05e-05, U, 3 components, 522 values
INFO: Writing examples/ccx_2.16.structest/contact2i.220.vtk
INFO: Step 261, time 5.06e-05, U, 3 components, 522 values
INFO: Writing examples/ccx_2.16.structest/contact2i.221.vtk
INFO: Step 262, time 5.07e-05, U, 3 components, 522 values
INFO: Writing examples/ccx_2.16.structest/contact2i.222.vtk
INFO: Step 263, time 5.08e-05, U, 3 components, 522 values
INFO: Writing examples/ccx_2.16.structest/contact2i.223.vtk
INFO: Step 264, time 5.08e-05, U, 3 components, 522 values
INFO: Writing examples/ccx_2.16.structest/contact2i.224.vtk
INFO: Step 265, time 5.09e-05, U, 3 components, 522 values
INFO: Writing examples/ccx_2.16.structest/contact2i.225.vtk
INFO: Step 266, time 5.10e-05, U, 3 components, 522 values
INFO: Writing examples/ccx_2.16.structest/contact2i.226.vtk
INFO: Step 267, time 5.11e-05, U, 3 components, 522 values
INFO: Writing examples/ccx_2.16.structest/contact2i.227.vtk
INFO: Step 268, time 5.12e-05, U, 3 components, 522 values
INFO: Writing examples/ccx_2.16.structest/contact2i.228.vtk
INFO: Step 269, time 5.12e-05, U, 3 components, 522 values
INFO: Writing examples/ccx_2.16.structest/contact2i.229.vtk
INFO: Step 270, time 5.13e-05, U, 3 components, 522 values
INFO: Writing examples/ccx_2.16.structest/contact2i.230.vtk
INFO: Step 271, time 5.14e-05, U, 3 components, 522 values
INFO: Writing examples/ccx_2.16.structest/contact2i.231.vtk
INFO: Step 272, time 5.15e-05, U, 3 components, 522 values
INFO: Writing examples/ccx_2.16.structest/contact2i.232.vtk
INFO: Step 273, time 5.15e-05, U, 3 components, 522 values
INFO: Writing examples/ccx_2.16.structest/contact2i.233.vtk
INFO: Step 274, time 5.16e-05, U, 3 components, 522 values
INFO: Writing examples/ccx_2.16.structest/contact2i.234.vtk
INFO: Step 275, time 5.17e-05, U, 3 components, 522 values
INFO: Writing examples/ccx_2.16.structest/contact2i.235.vtk
INFO: Step 276, time 5.18e-05, U, 3 components, 522 values
INFO: Writing examples/ccx_2.16.structest/contact2i.236.vtk
INFO: Step 277, time 5.19e-05, U, 3 components, 522 values
INFO: Writing examples/ccx_2.16.structest/contact2i.237.vtk
INFO: Step 278, time 5.19e-05, U, 3 components, 522 values
INFO: Writing examples/ccx_2.16.structest/contact2i.238.vtk
INFO: Step 279, time 5.20e-05, U, 3 components, 522 values
INFO: Writing examples/ccx_2.16.structest/contact2i.239.vtk
INFO: Step 280, time 5.21e-05, U, 3 components, 522 values
INFO: Writing examples/ccx_2.16.structest/contact2i.240.vtk
INFO: Step 281, time 5.22e-05, U, 3 components, 522 values
INFO: Writing examples/ccx_2.16.structest/contact2i.241.vtk
INFO: Step 282, time 5.23e-05, U, 3 components, 522 values
INFO: Writing examples/ccx_2.16.structest/contact2i.242.vtk
INFO: Step 283, time 5.23e-05, U, 3 components, 522 values
INFO: Writing examples/ccx_2.16.structest/contact2i.243.vtk
INFO: Step 284, time 5.24e-05, U, 3 components, 522 values
INFO: Writing examples/ccx_2.16.structest/contact2i.244.vtk
INFO: Step 285, time 5.25e-05, U, 3 components, 522 values
INFO: Writing examples/ccx_2.16.structest/contact2i.245.vtk
INFO: Step 286, time 5.26e-05, U, 3 components, 522 values
INFO: Writing examples/ccx_2.16.structest/contact2i.246.vtk
INFO: Step 287, time 5.26e-05, U, 3 components, 522 values
INFO: Writing examples/ccx_2.16.structest/contact2i.247.vtk
INFO: Step 288, time 5.27e-05, U, 3 components, 522 values
INFO: Writing examples/ccx_2.16.structest/contact2i.248.vtk
INFO: Step 289, time 5.28e-05, U, 3 components, 522 values
INFO: Writing examples/ccx_2.16.structest/contact2i.249.vtk
INFO: Step 290, time 5.29e-05, U, 3 components, 522 values
INFO: Writing examples/ccx_2.16.structest/contact2i.250.vtk
INFO: Step 291, time 5.30e-05, U, 3 components, 522 values
INFO: Writing examples/ccx_2.16.structest/contact2i.251.vtk
INFO: Step 292, time 5.30e-05, U, 3 components, 522 values
INFO: Writing examples/ccx_2.16.structest/contact2i.252.vtk
INFO: Step 293, time 5.31e-05, U, 3 components, 522 values
INFO: Writing examples/ccx_2.16.structest/contact2i.253.vtk
INFO: Step 294, time 5.32e-05, U, 3 components, 522 values
INFO: Writing examples/ccx_2.16.structest/contact2i.254.vtk
INFO: Step 295, time 5.33e-05, U, 3 components, 522 values
INFO: Writing examples/ccx_2.16.structest/contact2i.255.vtk
INFO: Step 296, time 5.34e-05, U, 3 components, 522 values
INFO: Writing examples/ccx_2.16.structest/contact2i.256.vtk
INFO: Step 297, time 5.34e-05, U, 3 components, 522 values
INFO: Writing examples/ccx_2.16.structest/contact2i.257.vtk
INFO: Step 298, time 5.35e-05, U, 3 components, 522 values
INFO: Writing examples/ccx_2.16.structest/contact2i.258.vtk
INFO: Step 299, time 5.36e-05, U, 3 components, 522 values
INFO: Writing examples/ccx_2.16.structest/contact2i.259.vtk
INFO: Step 300, time 5.37e-05, U, 3 components, 522 values
INFO: Writing examples/ccx_2.16.structest/contact2i.260.vtk
INFO: Step 301, time 5.38e-05, U, 3 components, 522 values
INFO: Writing examples/ccx_2.16.structest/contact2i.261.vtk
INFO: Step 302, time 5.38e-05, U, 3 components, 522 values
INFO: Writing examples/ccx_2.16.structest/contact2i.262.vtk
INFO: Step 303, time 5.39e-05, U, 3 components, 522 values
INFO: Writing examples/ccx_2.16.structest/contact2i.263.vtk
INFO: Step 304, time 5.40e-05, U, 3 components, 522 values
INFO: Writing examples/ccx_2.16.structest/contact2i.264.vtk
INFO: Step 305, time 5.41e-05, U, 3 components, 522 values
INFO: Writing examples/ccx_2.16.structest/contact2i.265.vtk
INFO: Step 306, time 5.41e-05, U, 3 components, 522 values
INFO: Writing examples/ccx_2.16.structest/contact2i.266.vtk
INFO: Step 307, time 5.42e-05, U, 3 components, 522 values
INFO: Writing examples/ccx_2.16.structest/contact2i.267.vtk
INFO: Step 308, time 5.43e-05, U, 3 components, 522 values
INFO: Writing examples/ccx_2.16.structest/contact2i.268.vtk
INFO: Step 309, time 5.44e-05, U, 3 components, 522 values
INFO: Writing examples/ccx_2.16.structest/contact2i.269.vtk
INFO: Step 310, time 5.45e-05, U, 3 components, 522 values
INFO: Writing examples/ccx_2.16.structest/contact2i.270.vtk
INFO: Step 311, time 5.45e-05, U, 3 components, 522 values
INFO: Writing examples/ccx_2.16.structest/contact2i.271.vtk
INFO: Step 312, time 5.46e-05, U, 3 components, 522 values
INFO: Writing examples/ccx_2.16.structest/contact2i.272.vtk
INFO: Step 313, time 5.47e-05, U, 3 components, 522 values
INFO: Writing examples/ccx_2.16.structest/contact2i.273.vtk
INFO: Step 314, time 5.48e-05, U, 3 components, 522 values
INFO: Writing examples/ccx_2.16.structest/contact2i.274.vtk
INFO: Step 315, time 5.49e-05, U, 3 components, 522 values
INFO: Writing examples/ccx_2.16.structest/contact2i.275.vtk
INFO: Step 316, time 5.49e-05, U, 3 components, 522 values
INFO: Writing examples/ccx_2.16.structest/contact2i.276.vtk
INFO: Step 317, time 5.50e-05, U, 3 components, 522 values
INFO: Writing examples/ccx_2.16.structest/contact2i.277.vtk
INFO: Step 318, time 5.51e-05, U, 3 components, 522 values
INFO: Writing examples/ccx_2.16.structest/contact2i.278.vtk
INFO: Step 319, time 5.52e-05, U, 3 components, 522 values
INFO: Writing examples/ccx_2.16.structest/contact2i.279.vtk
INFO: Step 320, time 5.52e-05, U, 3 components, 522 values
INFO: Writing examples/ccx_2.16.structest/contact2i.280.vtk
INFO: Step 321, time 5.53e-05, U, 3 components, 522 values
INFO: Writing examples/ccx_2.16.structest/contact2i.281.vtk
INFO: Step 322, time 5.54e-05, U, 3 components, 522 values
INFO: Writing examples/ccx_2.16.structest/contact2i.282.vtk
INFO: Step 323, time 5.55e-05, U, 3 components, 522 values
INFO: Writing examples/ccx_2.16.structest/contact2i.283.vtk
INFO: Step 324, time 5.56e-05, U, 3 components, 522 values
INFO: Writing examples/ccx_2.16.structest/contact2i.284.vtk
INFO: Step 325, time 5.56e-05, U, 3 components, 522 values
INFO: Writing examples/ccx_2.16.structest/contact2i.285.vtk
INFO: Step 326, time 5.57e-05, U, 3 components, 522 values
INFO: Writing examples/ccx_2.16.structest/contact2i.286.vtk
INFO: Step 327, time 5.58e-05, U, 3 components, 522 values
INFO: Writing examples/ccx_2.16.structest/contact2i.287.vtk
INFO: Step 328, time 5.59e-05, U, 3 components, 522 values
INFO: Writing examples/ccx_2.16.structest/contact2i.288.vtk
INFO: Step 329, time 5.60e-05, U, 3 components, 522 values
INFO: Writing examples/ccx_2.16.structest/contact2i.289.vtk
INFO: Step 330, time 5.60e-05, U, 3 components, 522 values
INFO: Writing examples/ccx_2.16.structest/contact2i.290.vtk
INFO: Step 331, time 5.61e-05, U, 3 components, 522 values
INFO: Writing examples/ccx_2.16.structest/contact2i.291.vtk
INFO: Step 332, time 5.62e-05, U, 3 components, 522 values
INFO: Writing examples/ccx_2.16.structest/contact2i.292.vtk
INFO: Step 333, time 5.63e-05, U, 3 components, 522 values
INFO: Writing examples/ccx_2.16.structest/contact2i.293.vtk
INFO: Step 334, time 5.63e-05, U, 3 components, 522 values
INFO: Writing examples/ccx_2.16.structest/contact2i.294.vtk
INFO: Step 335, time 5.64e-05, U, 3 components, 522 values
INFO: Writing examples/ccx_2.16.structest/contact2i.295.vtk
INFO: Step 336, time 5.65e-05, U, 3 components, 522 values
INFO: Writing examples/ccx_2.16.structest/contact2i.296.vtk
INFO: Step 337, time 5.66e-05, U, 3 components, 522 values
INFO: Writing examples/ccx_2.16.structest/contact2i.297.vtk
INFO: Step 338, time 5.67e-05, U, 3 components, 522 values
INFO: Writing examples/ccx_2.16.structest/contact2i.298.vtk
INFO: Step 339, time 5.67e-05, U, 3 components, 522 values
INFO: Writing examples/ccx_2.16.structest/contact2i.299.vtk
INFO: Step 340, time 5.68e-05, U, 3 components, 522 values
INFO: Writing examples/ccx_2.16.structest/contact2i.300.vtk
INFO: Step 341, time 5.69e-05, U, 3 components, 522 values
INFO: Writing examples/ccx_2.16.structest/contact2i.301.vtk
INFO: Step 342, time 5.70e-05, U, 3 components, 522 values
INFO: Writing examples/ccx_2.16.structest/contact2i.302.vtk
INFO: Step 343, time 5.71e-05, U, 3 components, 522 values
INFO: Writing examples/ccx_2.16.structest/contact2i.303.vtk
INFO: Step 344, time 5.71e-05, U, 3 components, 522 values
INFO: Writing examples/ccx_2.16.structest/contact2i.304.vtk
INFO: Step 345, time 5.72e-05, U, 3 components, 522 values
INFO: Writing examples/ccx_2.16.structest/contact2i.305.vtk
INFO: Step 346, time 5.73e-05, U, 3 components, 522 values
INFO: Writing examples/ccx_2.16.structest/contact2i.306.vtk
INFO: Step 347, time 5.74e-05, U, 3 components, 522 values
INFO: Writing examples/ccx_2.16.structest/contact2i.307.vtk
INFO: Step 348, time 5.75e-05, U, 3 components, 522 values
INFO: Writing examples/ccx_2.16.structest/contact2i.308.vtk
INFO: Step 349, time 5.75e-05, U, 3 components, 522 values
INFO: Writing examples/ccx_2.16.structest/contact2i.309.vtk
INFO: Step 350, time 5.76e-05, U, 3 components, 522 values
INFO: Writing examples/ccx_2.16.structest/contact2i.310.vtk
INFO: Step 351, time 5.77e-05, U, 3 components, 522 values
INFO: Writing examples/ccx_2.16.structest/contact2i.311.vtk
INFO: Step 352, time 5.78e-05, U, 3 components, 522 values
INFO: Writing examples/ccx_2.16.structest/contact2i.312.vtk
INFO: Step 353, time 5.78e-05, U, 3 components, 522 values
INFO: Writing examples/ccx_2.16.structest/contact2i.313.vtk
INFO: Step 354, time 5.79e-05, U, 3 components, 522 values
INFO: Writing examples/ccx_2.16.structest/contact2i.314.vtk
INFO: Step 355, time 5.80e-05, U, 3 components, 522 values
INFO: Writing examples/ccx_2.16.structest/contact2i.315.vtk
INFO: Step 356, time 5.81e-05, U, 3 components, 522 values
INFO: Writing examples/ccx_2.16.structest/contact2i.316.vtk
INFO: Step 357, time 5.82e-05, U, 3 components, 522 values
INFO: Writing examples/ccx_2.16.structest/contact2i.317.vtk
INFO: Step 358, time 5.82e-05, U, 3 components, 522 values
INFO: Writing examples/ccx_2.16.structest/contact2i.318.vtk
INFO: Step 359, time 5.83e-05, U, 3 components, 522 values
INFO: Writing examples/ccx_2.16.structest/contact2i.319.vtk
INFO: Step 360, time 5.84e-05, U, 3 components, 522 values
INFO: Writing examples/ccx_2.16.structest/contact2i.320.vtk
INFO: Step 361, time 5.85e-05, U, 3 components, 522 values
INFO: Writing examples/ccx_2.16.structest/contact2i.321.vtk
INFO: Step 362, time 5.86e-05, U, 3 components, 522 values
INFO: Writing examples/ccx_2.16.structest/contact2i.322.vtk
INFO: Step 363, time 5.86e-05, U, 3 components, 522 values
INFO: Writing examples/ccx_2.16.structest/contact2i.323.vtk
INFO: Step 364, time 5.87e-05, U, 3 components, 522 values
INFO: Writing examples/ccx_2.16.structest/contact2i.324.vtk
INFO: Step 365, time 5.88e-05, U, 3 components, 522 values
INFO: Writing examples/ccx_2.16.structest/contact2i.325.vtk
INFO: Step 366, time 5.89e-05, U, 3 components, 522 values
INFO: Writing examples/ccx_2.16.structest/contact2i.326.vtk
INFO: Step 367, time 5.89e-05, U, 3 components, 522 values
INFO: Writing examples/ccx_2.16.structest/contact2i.327.vtk
INFO: Step 368, time 5.90e-05, U, 3 components, 522 values
INFO: Writing examples/ccx_2.16.structest/contact2i.328.vtk
INFO: Step 369, time 5.91e-05, U, 3 components, 522 values
INFO: Writing examples/ccx_2.16.structest/contact2i.329.vtk
INFO: Step 370, time 5.92e-05, U, 3 components, 522 values
INFO: Writing examples/ccx_2.16.structest/contact2i.330.vtk
INFO: Step 371, time 5.93e-05, U, 3 components, 522 values
INFO: Writing examples/ccx_2.16.structest/contact2i.331.vtk
INFO: Step 372, time 5.93e-05, U, 3 components, 522 values
INFO: Writing examples/ccx_2.16.structest/contact2i.332.vtk
INFO: Step 373, time 5.94e-05, U, 3 components, 522 values
INFO: Writing examples/ccx_2.16.structest/contact2i.333.vtk
INFO: Step 374, time 5.95e-05, U, 3 components, 522 values
INFO: Writing examples/ccx_2.16.structest/contact2i.334.vtk
INFO: Step 375, time 5.96e-05, U, 3 components, 522 values
INFO: Writing examples/ccx_2.16.structest/contact2i.335.vtk
INFO: Step 376, time 5.97e-05, U, 3 components, 522 values
INFO: Writing examples/ccx_2.16.structest/contact2i.336.vtk
INFO: Step 377, time 5.97e-05, U, 3 components, 522 values
INFO: Writing examples/ccx_2.16.structest/contact2i.337.vtk
INFO: Step 378, time 5.98e-05, U, 3 components, 522 values
INFO: Writing examples/ccx_2.16.structest/contact2i.338.vtk
INFO: Step 379, time 5.99e-05, U, 3 components, 522 values
INFO: Writing examples/ccx_2.16.structest/contact2i.339.vtk
INFO: Step 380, time 6.00e-05, U, 3 components, 522 values
INFO: Writing examples/ccx_2.16.structest/contact2i.340.vtk
INFO: Step 381, time 6.00e-05, U, 3 components, 522 values
INFO: Writing examples/ccx_2.16.structest/contact2i.341.vtk
INFO: Step 382, time 6.01e-05, U, 3 components, 522 values
INFO: Writing examples/ccx_2.16.structest/contact2i.342.vtk
INFO: Step 383, time 6.02e-05, U, 3 components, 522 values
INFO: Writing examples/ccx_2.16.structest/contact2i.343.vtk
INFO: Step 384, time 6.03e-05, U, 3 components, 522 values
INFO: Writing examples/ccx_2.16.structest/contact2i.344.vtk
INFO: Step 385, time 6.04e-05, U, 3 components, 522 values
INFO: Writing examples/ccx_2.16.structest/contact2i.345.vtk
INFO: Step 386, time 6.04e-05, U, 3 components, 522 values
INFO: Writing examples/ccx_2.16.structest/contact2i.346.vtk
INFO: Step 387, time 6.05e-05, U, 3 components, 522 values
INFO: Writing examples/ccx_2.16.structest/contact2i.347.vtk
INFO: Step 388, time 6.06e-05, U, 3 components, 522 values
INFO: Writing examples/ccx_2.16.structest/contact2i.348.vtk
INFO: Step 389, time 6.07e-05, U, 3 components, 522 values
INFO: Writing examples/ccx_2.16.structest/contact2i.349.vtk
INFO: Step 390, time 6.08e-05, U, 3 components, 522 values
INFO: Writing examples/ccx_2.16.structest/contact2i.350.vtk
INFO: Step 391, time 6.08e-05, U, 3 components, 522 values
INFO: Writing examples/ccx_2.16.structest/contact2i.351.vtk
INFO: Step 392, time 6.09e-05, U, 3 components, 522 values
INFO: Writing examples/ccx_2.16.structest/contact2i.352.vtk
INFO: Step 393, time 6.10e-05, U, 3 components, 522 values
INFO: Writing examples/ccx_2.16.structest/contact2i.353.vtk
INFO: Step 394, time 6.11e-05, U, 3 components, 522 values
INFO: Writing examples/ccx_2.16.structest/contact2i.354.vtk
INFO: Step 395, time 6.11e-05, U, 3 components, 522 values
INFO: Writing examples/ccx_2.16.structest/contact2i.355.vtk
INFO: Step 396, time 6.12e-05, U, 3 components, 522 values
INFO: Writing examples/ccx_2.16.structest/contact2i.356.vtk
INFO: Step 397, time 6.13e-05, U, 3 components, 522 values
INFO: Writing examples/ccx_2.16.structest/contact2i.357.vtk
INFO: Step 398, time 6.14e-05, U, 3 components, 522 values
INFO: Writing examples/ccx_2.16.structest/contact2i.358.vtk
INFO: Step 399, time 6.15e-05, U, 3 components, 522 values
INFO: Writing examples/ccx_2.16.structest/contact2i.359.vtk
INFO: Step 400, time 6.15e-05, U, 3 components, 522 values
INFO: Writing examples/ccx_2.16.structest/contact2i.360.vtk
INFO: Step 401, time 6.16e-05, U, 3 components, 522 values
INFO: Writing examples/ccx_2.16.structest/contact2i.361.vtk
INFO: Step 402, time 6.17e-05, U, 3 components, 522 values
INFO: Writing examples/ccx_2.16.structest/contact2i.362.vtk
INFO: Step 403, time 6.18e-05, U, 3 components, 522 values
INFO: Writing examples/ccx_2.16.structest/contact2i.363.vtk
INFO: Step 404, time 6.19e-05, U, 3 components, 522 values
INFO: Writing examples/ccx_2.16.structest/contact2i.364.vtk
INFO: Step 405, time 6.19e-05, U, 3 components, 522 values
INFO: Writing examples/ccx_2.16.structest/contact2i.365.vtk
INFO: Step 406, time 6.20e-05, U, 3 components, 522 values
INFO: Writing examples/ccx_2.16.structest/contact2i.366.vtk
INFO: Step 407, time 6.21e-05, U, 3 components, 522 values
INFO: Writing examples/ccx_2.16.structest/contact2i.367.vtk
INFO: Step 408, time 6.22e-05, U, 3 components, 522 values
INFO: Writing examples/ccx_2.16.structest/contact2i.368.vtk
INFO: Step 409, time 6.23e-05, U, 3 components, 522 values
INFO: Writing examples/ccx_2.16.structest/contact2i.369.vtk
INFO: Step 410, time 6.23e-05, U, 3 components, 522 values
INFO: Writing examples/ccx_2.16.structest/contact2i.370.vtk
INFO: Step 411, time 6.24e-05, U, 3 components, 522 values
INFO: Writing examples/ccx_2.16.structest/contact2i.371.vtk
INFO: Step 412, time 6.25e-05, U, 3 components, 522 values
INFO: Writing examples/ccx_2.16.structest/contact2i.372.vtk
INFO: Step 413, time 6.26e-05, U, 3 components, 522 values
INFO: Writing examples/ccx_2.16.structest/contact2i.373.vtk
INFO: Step 414, time 6.26e-05, U, 3 components, 522 values
INFO: Writing examples/ccx_2.16.structest/contact2i.374.vtk
INFO: Step 415, time 6.27e-05, U, 3 components, 522 values
INFO: Writing examples/ccx_2.16.structest/contact2i.375.vtk
INFO: Step 416, time 6.28e-05, U, 3 components, 522 values
INFO: Writing examples/ccx_2.16.structest/contact2i.376.vtk
INFO: Step 417, time 6.29e-05, U, 3 components, 522 values
INFO: Writing examples/ccx_2.16.structest/contact2i.377.vtk
INFO: Step 418, time 6.30e-05, U, 3 components, 522 values
INFO: Writing examples/ccx_2.16.structest/contact2i.378.vtk
INFO: Step 419, time 6.30e-05, U, 3 components, 522 values
INFO: Writing examples/ccx_2.16.structest/contact2i.379.vtk
INFO: Step 420, time 6.31e-05, U, 3 components, 522 values
INFO: Writing examples/ccx_2.16.structest/contact2i.380.vtk
INFO: Step 421, time 6.32e-05, U, 3 components, 522 values
INFO: Writing examples/ccx_2.16.structest/contact2i.381.vtk
INFO: Step 422, time 6.33e-05, U, 3 components, 522 values
INFO: Writing examples/ccx_2.16.structest/contact2i.382.vtk
INFO: Step 423, time 6.34e-05, U, 3 components, 522 values
INFO: Writing examples/ccx_2.16.structest/contact2i.383.vtk
INFO: Step 424, time 6.34e-05, U, 3 components, 522 values
INFO: Writing examples/ccx_2.16.structest/contact2i.384.vtk
INFO: Step 425, time 6.35e-05, U, 3 components, 522 values
INFO: Writing examples/ccx_2.16.structest/contact2i.385.vtk
INFO: Step 426, time 6.36e-05, U, 3 components, 522 values
INFO: Writing examples/ccx_2.16.structest/contact2i.386.vtk
INFO: Step 427, time 6.37e-05, U, 3 components, 522 values
INFO: Writing examples/ccx_2.16.structest/contact2i.387.vtk
INFO: Step 428, time 6.37e-05, U, 3 components, 522 values
INFO: Writing examples/ccx_2.16.structest/contact2i.388.vtk
INFO: Step 429, time 6.38e-05, U, 3 components, 522 values
INFO: Writing examples/ccx_2.16.structest/contact2i.389.vtk
INFO: Step 430, time 6.39e-05, U, 3 components, 522 values
INFO: Writing examples/ccx_2.16.structest/contact2i.390.vtk
INFO: Step 431, time 6.40e-05, U, 3 components, 522 values
INFO: Writing examples/ccx_2.16.structest/contact2i.391.vtk
INFO: Step 432, time 6.41e-05, U, 3 components, 522 values
INFO: Writing examples/ccx_2.16.structest/contact2i.392.vtk
INFO: Step 433, time 6.41e-05, U, 3 components, 522 values
INFO: Writing examples/ccx_2.16.structest/contact2i.393.vtk
INFO: Step 434, time 6.42e-05, U, 3 components, 522 values
INFO: Writing examples/ccx_2.16.structest/contact2i.394.vtk
INFO: Step 435, time 6.43e-05, U, 3 components, 522 values
INFO: Writing examples/ccx_2.16.structest/contact2i.395.vtk
INFO: Step 436, time 6.44e-05, U, 3 components, 522 values
INFO: Writing examples/ccx_2.16.structest/contact2i.396.vtk
INFO: Step 437, time 6.45e-05, U, 3 components, 522 values
INFO: Writing examples/ccx_2.16.structest/contact2i.397.vtk
INFO: Step 438, time 6.45e-05, U, 3 components, 522 values
INFO: Writing examples/ccx_2.16.structest/contact2i.398.vtk
INFO: Step 439, time 6.46e-05, U, 3 components, 522 values
INFO: Writing examples/ccx_2.16.structest/contact2i.399.vtk
INFO: Step 440, time 6.47e-05, U, 3 components, 522 values
INFO: Writing examples/ccx_2.16.structest/contact2i.400.vtk
INFO: Step 441, time 6.48e-05, U, 3 components, 522 values
INFO: Writing examples/ccx_2.16.structest/contact2i.401.vtk
INFO: Step 442, time 6.48e-05, U, 3 components, 522 values
INFO: Writing examples/ccx_2.16.structest/contact2i.402.vtk
INFO: Step 443, time 6.49e-05, U, 3 components, 522 values
INFO: Writing examples/ccx_2.16.structest/contact2i.403.vtk
INFO: Step 444, time 6.50e-05, U, 3 components, 522 values
INFO: Writing examples/ccx_2.16.structest/contact2i.404.vtk
INFO: Step 445, time 6.51e-05, U, 3 components, 522 values
INFO: Writing examples/ccx_2.16.structest/contact2i.405.vtk
INFO: Step 446, time 6.52e-05, U, 3 components, 522 values
INFO: Writing examples/ccx_2.16.structest/contact2i.406.vtk
INFO: Step 447, time 6.52e-05, U, 3 components, 522 values
INFO: Writing examples/ccx_2.16.structest/contact2i.407.vtk
INFO: Step 448, time 6.53e-05, U, 3 components, 522 values
INFO: Writing examples/ccx_2.16.structest/contact2i.408.vtk
INFO: Step 449, time 6.54e-05, U, 3 components, 522 values
INFO: Writing examples/ccx_2.16.structest/contact2i.409.vtk
INFO: Step 450, time 6.55e-05, U, 3 components, 522 values
INFO: Writing examples/ccx_2.16.structest/contact2i.410.vtk
INFO: Step 451, time 6.56e-05, U, 3 components, 522 values
INFO: Writing examples/ccx_2.16.structest/contact2i.411.vtk
INFO: Step 452, time 6.56e-05, U, 3 components, 522 values
INFO: Writing examples/ccx_2.16.structest/contact2i.412.vtk
INFO: Step 453, time 6.57e-05, U, 3 components, 522 values
INFO: Writing examples/ccx_2.16.structest/contact2i.413.vtk
INFO: Step 454, time 6.58e-05, U, 3 components, 522 values
INFO: Writing examples/ccx_2.16.structest/contact2i.414.vtk
INFO: Step 455, time 6.59e-05, U, 3 components, 522 values
INFO: Writing examples/ccx_2.16.structest/contact2i.415.vtk
INFO: Step 456, time 6.60e-05, U, 3 components, 522 values
INFO: Writing examples/ccx_2.16.structest/contact2i.416.vtk
INFO: Step 457, time 6.60e-05, U, 3 components, 522 values
INFO: Writing examples/ccx_2.16.structest/contact2i.417.vtk
INFO: Step 458, time 6.61e-05, U, 3 components, 522 values
INFO: Writing examples/ccx_2.16.structest/contact2i.418.vtk
INFO: Step 459, time 6.62e-05, U, 3 components, 522 values
INFO: Writing examples/ccx_2.16.structest/contact2i.419.vtk
INFO: Step 460, time 6.63e-05, U, 3 components, 522 values
INFO: Writing examples/ccx_2.16.structest/contact2i.420.vtk
INFO: Step 461, time 6.63e-05, U, 3 components, 522 values
INFO: Writing examples/ccx_2.16.structest/contact2i.421.vtk
INFO: Step 462, time 6.64e-05, U, 3 components, 522 values
INFO: Writing examples/ccx_2.16.structest/contact2i.422.vtk
INFO: Step 463, time 6.65e-05, U, 3 components, 522 values
INFO: Writing examples/ccx_2.16.structest/contact2i.423.vtk
INFO: Step 464, time 6.66e-05, U, 3 components, 522 values
INFO: Writing examples/ccx_2.16.structest/contact2i.424.vtk
INFO: Step 465, time 6.67e-05, U, 3 components, 522 values
INFO: Writing examples/ccx_2.16.structest/contact2i.425.vtk
INFO: Step 466, time 6.67e-05, U, 3 components, 522 values
INFO: Writing examples/ccx_2.16.structest/contact2i.426.vtk
INFO: Step 467, time 6.68e-05, U, 3 components, 522 values
INFO: Writing examples/ccx_2.16.structest/contact2i.427.vtk
INFO: Step 468, time 6.69e-05, U, 3 components, 522 values
INFO: Writing examples/ccx_2.16.structest/contact2i.428.vtk
INFO: Step 469, time 6.70e-05, U, 3 components, 522 values
INFO: Writing examples/ccx_2.16.structest/contact2i.429.vtk
INFO: Step 470, time 6.71e-05, U, 3 components, 522 values
INFO: Writing examples/ccx_2.16.structest/contact2i.430.vtk
INFO: Step 471, time 6.71e-05, U, 3 components, 522 values
INFO: Writing examples/ccx_2.16.structest/contact2i.431.vtk
INFO: Step 472, time 6.72e-05, U, 3 components, 522 values
INFO: Writing examples/ccx_2.16.structest/contact2i.432.vtk
INFO: Step 473, time 6.73e-05, U, 3 components, 522 values
INFO: Writing examples/ccx_2.16.structest/contact2i.433.vtk
INFO: Step 474, time 6.74e-05, U, 3 components, 522 values
INFO: Writing examples/ccx_2.16.structest/contact2i.434.vtk
INFO: Step 475, time 6.74e-05, U, 3 components, 522 values
INFO: Writing examples/ccx_2.16.structest/contact2i.435.vtk
INFO: Step 476, time 6.75e-05, U, 3 components, 522 values
INFO: Writing examples/ccx_2.16.structest/contact2i.436.vtk
INFO: Step 477, time 6.76e-05, U, 3 components, 522 values
INFO: Writing examples/ccx_2.16.structest/contact2i.437.vtk
INFO: Step 478, time 6.77e-05, U, 3 components, 522 values
INFO: Writing examples/ccx_2.16.structest/contact2i.438.vtk
INFO: Step 479, time 6.78e-05, U, 3 components, 522 values
INFO: Writing examples/ccx_2.16.structest/contact2i.439.vtk
INFO: Step 480, time 6.78e-05, U, 3 components, 522 values
INFO: Writing examples/ccx_2.16.structest/contact2i.440.vtk
INFO: Step 481, time 6.79e-05, U, 3 components, 522 values
INFO: Writing examples/ccx_2.16.structest/contact2i.441.vtk
INFO: Step 482, time 6.80e-05, U, 3 components, 522 values
INFO: Writing examples/ccx_2.16.structest/contact2i.442.vtk
INFO: Step 483, time 6.81e-05, U, 3 components, 522 values
INFO: Writing examples/ccx_2.16.structest/contact2i.443.vtk
INFO: Step 484, time 6.82e-05, U, 3 components, 522 values
INFO: Writing examples/ccx_2.16.structest/contact2i.444.vtk
INFO: Step 485, time 6.82e-05, U, 3 components, 522 values
INFO: Writing examples/ccx_2.16.structest/contact2i.445.vtk
INFO: Step 486, time 6.83e-05, U, 3 components, 522 values
INFO: Writing examples/ccx_2.16.structest/contact2i.446.vtk
INFO: Step 487, time 6.84e-05, U, 3 components, 522 values
INFO: Writing examples/ccx_2.16.structest/contact2i.447.vtk
INFO: Step 488, time 6.85e-05, U, 3 components, 522 values
INFO: Writing examples/ccx_2.16.structest/contact2i.448.vtk
INFO: Step 489, time 6.85e-05, U, 3 components, 522 values
INFO: Writing examples/ccx_2.16.structest/contact2i.449.vtk
INFO: Step 490, time 6.86e-05, U, 3 components, 522 values
INFO: Writing examples/ccx_2.16.structest/contact2i.450.vtk
INFO: Step 491, time 6.87e-05, U, 3 components, 522 values
INFO: Writing examples/ccx_2.16.structest/contact2i.451.vtk
INFO: Step 492, time 6.88e-05, U, 3 components, 522 values
INFO: Writing examples/ccx_2.16.structest/contact2i.452.vtk
INFO: Step 493, time 6.89e-05, U, 3 components, 522 values
INFO: Writing examples/ccx_2.16.structest/contact2i.453.vtk
INFO: Step 494, time 6.89e-05, U, 3 components, 522 values
INFO: Writing examples/ccx_2.16.structest/contact2i.454.vtk
INFO: Step 495, time 6.90e-05, U, 3 components, 522 values
INFO: Writing examples/ccx_2.16.structest/contact2i.455.vtk
INFO: Step 496, time 6.91e-05, U, 3 components, 522 values
INFO: Writing examples/ccx_2.16.structest/contact2i.456.vtk
INFO: Step 497, time 6.92e-05, U, 3 components, 522 values
INFO: Writing examples/ccx_2.16.structest/contact2i.457.vtk
INFO: Step 498, time 6.93e-05, U, 3 components, 522 values
INFO: Writing examples/ccx_2.16.structest/contact2i.458.vtk
INFO: Step 499, time 6.93e-05, U, 3 components, 522 values
INFO: Writing examples/ccx_2.16.structest/contact2i.459.vtk
INFO: Step 500, time 6.94e-05, U, 3 components, 522 values
INFO: Writing examples/ccx_2.16.structest/contact2i.460.vtk
INFO: Step 501, time 6.95e-05, U, 3 components, 522 values
INFO: Writing examples/ccx_2.16.structest/contact2i.461.vtk
INFO: Step 502, time 6.96e-05, U, 3 components, 522 values
INFO: Writing examples/ccx_2.16.structest/contact2i.462.vtk
INFO: Step 503, time 6.97e-05, U, 3 components, 522 values
INFO: Writing examples/ccx_2.16.structest/contact2i.463.vtk
INFO: Step 504, time 6.97e-05, U, 3 components, 522 values
INFO: Writing examples/ccx_2.16.structest/contact2i.464.vtk
INFO: Step 505, time 6.98e-05, U, 3 components, 522 values
INFO: Writing examples/ccx_2.16.structest/contact2i.465.vtk
INFO: Step 506, time 6.99e-05, U, 3 components, 522 values
INFO: Writing examples/ccx_2.16.structest/contact2i.466.vtk
INFO: Step 507, time 7.00e-05, U, 3 components, 522 values
INFO: Writing examples/ccx_2.16.structest/contact2i.467.vtk
INFO: Step 508, time 7.00e-05, U, 3 components, 522 values
INFO: Writing examples/ccx_2.16.structest/contact2i.468.vtk
INFO: Step 509, time 7.01e-05, U, 3 components, 522 values
INFO: Writing examples/ccx_2.16.structest/contact2i.469.vtk
INFO: Step 510, time 7.02e-05, U, 3 components, 522 values
INFO: Writing examples/ccx_2.16.structest/contact2i.470.vtk
INFO: Step 511, time 7.03e-05, U, 3 components, 522 values
INFO: Writing examples/ccx_2.16.structest/contact2i.471.vtk
INFO: Step 512, time 7.04e-05, U, 3 components, 522 values
INFO: Writing examples/ccx_2.16.structest/contact2i.472.vtk
INFO: Step 513, time 7.04e-05, U, 3 components, 522 values
INFO: Writing examples/ccx_2.16.structest/contact2i.473.vtk
INFO: Step 514, time 7.05e-05, U, 3 components, 522 values
INFO: Writing examples/ccx_2.16.structest/contact2i.474.vtk
INFO: Step 515, time 7.06e-05, U, 3 components, 522 values
INFO: Writing examples/ccx_2.16.structest/contact2i.475.vtk
INFO: Step 516, time 7.07e-05, U, 3 components, 522 values
INFO: Writing examples/ccx_2.16.structest/contact2i.476.vtk
INFO: Step 517, time 7.08e-05, U, 3 components, 522 values
INFO: Writing examples/ccx_2.16.structest/contact2i.477.vtk
INFO: Step 518, time 7.08e-05, U, 3 components, 522 values
INFO: Writing examples/ccx_2.16.structest/contact2i.478.vtk
INFO: Step 519, time 7.09e-05, U, 3 components, 522 values
INFO: Writing examples/ccx_2.16.structest/contact2i.479.vtk
INFO: Step 520, time 7.10e-05, U, 3 components, 522 values
INFO: Writing examples/ccx_2.16.structest/contact2i.480.vtk
INFO: Step 521, time 7.11e-05, U, 3 components, 522 values
INFO: Writing examples/ccx_2.16.structest/contact2i.481.vtk
INFO: Step 522, time 7.11e-05, U, 3 components, 522 values
INFO: Writing examples/ccx_2.16.structest/contact2i.482.vtk
INFO: Step 523, time 7.12e-05, U, 3 components, 522 values
INFO: Writing examples/ccx_2.16.structest/contact2i.483.vtk
INFO: Step 524, time 7.13e-05, U, 3 components, 522 values
INFO: Writing examples/ccx_2.16.structest/contact2i.484.vtk
INFO: Step 525, time 7.14e-05, U, 3 components, 522 values
INFO: Writing examples/ccx_2.16.structest/contact2i.485.vtk
INFO: Step 526, time 7.15e-05, U, 3 components, 522 values
INFO: Writing examples/ccx_2.16.structest/contact2i.486.vtk
INFO: Step 527, time 7.15e-05, U, 3 components, 522 values
INFO: Writing examples/ccx_2.16.structest/contact2i.487.vtk
INFO: Step 528, time 7.16e-05, U, 3 components, 522 values
INFO: Writing examples/ccx_2.16.structest/contact2i.488.vtk
INFO: Step 529, time 7.17e-05, U, 3 components, 522 values
INFO: Writing examples/ccx_2.16.structest/contact2i.489.vtk
INFO: Step 530, time 7.18e-05, U, 3 components, 522 values
INFO: Writing examples/ccx_2.16.structest/contact2i.490.vtk
INFO: Step 531, time 7.19e-05, U, 3 components, 522 values
INFO: Writing examples/ccx_2.16.structest/contact2i.491.vtk
INFO: Step 532, time 7.19e-05, U, 3 components, 522 values
INFO: Writing examples/ccx_2.16.structest/contact2i.492.vtk
INFO: Step 533, time 7.20e-05, U, 3 components, 522 values
INFO: Writing examples/ccx_2.16.structest/contact2i.493.vtk
INFO: Step 534, time 7.21e-05, U, 3 components, 522 values
INFO: Writing examples/ccx_2.16.structest/contact2i.494.vtk
INFO: Step 535, time 7.22e-05, U, 3 components, 522 values
INFO: Writing examples/ccx_2.16.structest/contact2i.495.vtk
INFO: Step 536, time 7.22e-05, U, 3 components, 522 values
INFO: Writing examples/ccx_2.16.structest/contact2i.496.vtk
INFO: Step 537, time 7.23e-05, U, 3 components, 522 values
INFO: Writing examples/ccx_2.16.structest/contact2i.497.vtk
INFO: Step 538, time 7.24e-05, U, 3 components, 522 values
INFO: Writing examples/ccx_2.16.structest/contact2i.498.vtk
INFO: Step 539, time 7.25e-05, U, 3 components, 522 values
INFO: Writing examples/ccx_2.16.structest/contact2i.499.vtk
INFO: Step 540, time 7.26e-05, U, 3 components, 522 values
INFO: Writing examples/ccx_2.16.structest/contact2i.500.vtk
INFO: Step 541, time 7.26e-05, U, 3 components, 522 values
INFO: Writing examples/ccx_2.16.structest/contact2i.501.vtk
INFO: Step 542, time 7.27e-05, U, 3 components, 522 values
INFO: Writing examples/ccx_2.16.structest/contact2i.502.vtk
INFO: Step 543, time 7.28e-05, U, 3 components, 522 values
INFO: Writing examples/ccx_2.16.structest/contact2i.503.vtk
INFO: Step 544, time 7.29e-05, U, 3 components, 522 values
INFO: Writing examples/ccx_2.16.structest/contact2i.504.vtk
INFO: Step 545, time 7.30e-05, U, 3 components, 522 values
INFO: Writing examples/ccx_2.16.structest/contact2i.505.vtk
INFO: Step 546, time 7.30e-05, U, 3 components, 522 values
INFO: Writing examples/ccx_2.16.structest/contact2i.506.vtk
INFO: Step 547, time 7.31e-05, U, 3 components, 522 values
INFO: Writing examples/ccx_2.16.structest/contact2i.507.vtk
INFO: Step 548, time 7.32e-05, U, 3 components, 522 values
INFO: Writing examples/ccx_2.16.structest/contact2i.508.vtk
INFO: Step 549, time 7.33e-05, U, 3 components, 522 values
INFO: Writing examples/ccx_2.16.structest/contact2i.509.vtk
INFO: Step 550, time 7.34e-05, U, 3 components, 522 values
INFO: Writing examples/ccx_2.16.structest/contact2i.510.vtk
INFO: Step 551, time 7.34e-05, U, 3 components, 522 values
INFO: Writing examples/ccx_2.16.structest/contact2i.511.vtk
INFO: Step 552, time 7.35e-05, U, 3 components, 522 values
INFO: Writing examples/ccx_2.16.structest/contact2i.512.vtk
INFO: Step 553, time 7.36e-05, U, 3 components, 522 values
INFO: Writing examples/ccx_2.16.structest/contact2i.513.vtk
INFO: Step 554, time 7.37e-05, U, 3 components, 522 values
INFO: Writing examples/ccx_2.16.structest/contact2i.514.vtk
INFO: Step 555, time 7.37e-05, U, 3 components, 522 values
INFO: Writing examples/ccx_2.16.structest/contact2i.515.vtk
INFO: Step 556, time 7.38e-05, U, 3 components, 522 values
INFO: Writing examples/ccx_2.16.structest/contact2i.516.vtk
INFO: Step 557, time 7.39e-05, U, 3 components, 522 values
INFO: Writing examples/ccx_2.16.structest/contact2i.517.vtk
INFO: Step 558, time 7.40e-05, U, 3 components, 522 values
INFO: Writing examples/ccx_2.16.structest/contact2i.518.vtk
INFO: Step 559, time 7.41e-05, U, 3 components, 522 values
INFO: Writing examples/ccx_2.16.structest/contact2i.519.vtk
INFO: Step 560, time 7.41e-05, U, 3 components, 522 values
INFO: Writing examples/ccx_2.16.structest/contact2i.520.vtk
INFO: Step 561, time 7.42e-05, U, 3 components, 522 values
INFO: Writing examples/ccx_2.16.structest/contact2i.521.vtk
INFO: Step 562, time 7.43e-05, U, 3 components, 522 values
INFO: Writing examples/ccx_2.16.structest/contact2i.522.vtk
INFO: Step 563, time 7.44e-05, U, 3 components, 522 values
INFO: Writing examples/ccx_2.16.structest/contact2i.523.vtk
INFO: Step 564, time 7.45e-05, U, 3 components, 522 values
INFO: Writing examples/ccx_2.16.structest/contact2i.524.vtk
INFO: Step 565, time 7.45e-05, U, 3 components, 522 values
INFO: Writing examples/ccx_2.16.structest/contact2i.525.vtk
INFO: Step 566, time 7.46e-05, U, 3 components, 522 values
INFO: Writing examples/ccx_2.16.structest/contact2i.526.vtk
INFO: Step 567, time 7.47e-05, U, 3 components, 522 values
INFO: Writing examples/ccx_2.16.structest/contact2i.527.vtk
INFO: Step 568, time 7.48e-05, U, 3 components, 522 values
INFO: Writing examples/ccx_2.16.structest/contact2i.528.vtk
INFO: Step 569, time 7.48e-05, U, 3 components, 522 values
INFO: Writing examples/ccx_2.16.structest/contact2i.529.vtk
INFO: Step 570, time 7.49e-05, U, 3 components, 522 values
INFO: Writing examples/ccx_2.16.structest/contact2i.530.vtk
INFO: Step 571, time 7.50e-05, U, 3 components, 522 values
INFO: Writing examples/ccx_2.16.structest/contact2i.531.vtk
INFO: Step 572, time 7.51e-05, U, 3 components, 522 values
INFO: Writing examples/ccx_2.16.structest/contact2i.532.vtk
INFO: Step 573, time 7.52e-05, U, 3 components, 522 values
INFO: Writing examples/ccx_2.16.structest/contact2i.533.vtk
INFO: Step 574, time 7.52e-05, U, 3 components, 522 values
INFO: Writing examples/ccx_2.16.structest/contact2i.534.vtk
INFO: Step 575, time 7.53e-05, U, 3 components, 522 values
INFO: Writing examples/ccx_2.16.structest/contact2i.535.vtk
INFO: Step 576, time 7.54e-05, U, 3 components, 522 values
INFO: Writing examples/ccx_2.16.structest/contact2i.536.vtk
INFO: Step 577, time 7.55e-05, U, 3 components, 522 values
INFO: Writing examples/ccx_2.16.structest/contact2i.537.vtk
INFO: Step 578, time 7.56e-05, U, 3 components, 522 values
INFO: Writing examples/ccx_2.16.structest/contact2i.538.vtk
INFO: Step 579, time 7.56e-05, U, 3 components, 522 values
INFO: Writing examples/ccx_2.16.structest/contact2i.539.vtk
INFO: Step 580, time 7.57e-05, U, 3 components, 522 values
INFO: Writing examples/ccx_2.16.structest/contact2i.540.vtk
INFO: Step 581, time 7.58e-05, U, 3 components, 522 values
INFO: Writing examples/ccx_2.16.structest/contact2i.541.vtk
INFO: Step 582, time 7.59e-05, U, 3 components, 522 values
INFO: Writing examples/ccx_2.16.structest/contact2i.542.vtk
INFO: Step 583, time 7.59e-05, U, 3 components, 522 values
INFO: Writing examples/ccx_2.16.structest/contact2i.543.vtk
INFO: Step 584, time 7.60e-05, U, 3 components, 522 values
INFO: Writing examples/ccx_2.16.structest/contact2i.544.vtk
INFO: Step 585, time 7.61e-05, U, 3 components, 522 values
INFO: Writing examples/ccx_2.16.structest/contact2i.545.vtk
INFO: Step 586, time 7.62e-05, U, 3 components, 522 values
INFO: Writing examples/ccx_2.16.structest/contact2i.546.vtk
INFO: Step 587, time 7.63e-05, U, 3 components, 522 values
INFO: Writing examples/ccx_2.16.structest/contact2i.547.vtk
INFO: Step 588, time 7.63e-05, U, 3 components, 522 values
INFO: Writing examples/ccx_2.16.structest/contact2i.548.vtk
INFO: Step 589, time 7.64e-05, U, 3 components, 522 values
INFO: Writing examples/ccx_2.16.structest/contact2i.549.vtk
INFO: Step 590, time 7.65e-05, U, 3 components, 522 values
INFO: Writing examples/ccx_2.16.structest/contact2i.550.vtk
INFO: Step 591, time 7.66e-05, U, 3 components, 522 values
INFO: Writing examples/ccx_2.16.structest/contact2i.551.vtk
INFO: Step 592, time 7.67e-05, U, 3 components, 522 values
INFO: Writing examples/ccx_2.16.structest/contact2i.552.vtk
INFO: Step 593, time 7.67e-05, U, 3 components, 522 values
INFO: Writing examples/ccx_2.16.structest/contact2i.553.vtk
INFO: Step 594, time 7.68e-05, U, 3 components, 522 values
INFO: Writing examples/ccx_2.16.structest/contact2i.554.vtk
INFO: Step 595, time 7.69e-05, U, 3 components, 522 values
INFO: Writing examples/ccx_2.16.structest/contact2i.555.vtk
INFO: Step 596, time 7.70e-05, U, 3 components, 522 values
INFO: Writing examples/ccx_2.16.structest/contact2i.556.vtk
INFO: Step 597, time 7.71e-05, U, 3 components, 522 values
INFO: Writing examples/ccx_2.16.structest/contact2i.557.vtk
INFO: Step 598, time 7.71e-05, U, 3 components, 522 values
INFO: Writing examples/ccx_2.16.structest/contact2i.558.vtk
INFO: Step 599, time 7.72e-05, U, 3 components, 522 values
INFO: Writing examples/ccx_2.16.structest/contact2i.559.vtk
INFO: Step 600, time 7.73e-05, U, 3 components, 522 values
INFO: Writing examples/ccx_2.16.structest/contact2i.560.vtk
INFO: Step 601, time 7.74e-05, U, 3 components, 522 values
INFO: Writing examples/ccx_2.16.structest/contact2i.561.vtk
INFO: Step 602, time 7.74e-05, U, 3 components, 522 values
INFO: Writing examples/ccx_2.16.structest/contact2i.562.vtk
INFO: Step 603, time 7.75e-05, U, 3 components, 522 values
INFO: Writing examples/ccx_2.16.structest/contact2i.563.vtk
INFO: Step 604, time 7.76e-05, U, 3 components, 522 values
INFO: Writing examples/ccx_2.16.structest/contact2i.564.vtk
INFO: Step 605, time 7.77e-05, U, 3 components, 522 values
INFO: Writing examples/ccx_2.16.structest/contact2i.565.vtk
INFO: Step 606, time 7.78e-05, U, 3 components, 522 values
INFO: Writing examples/ccx_2.16.structest/contact2i.566.vtk
INFO: Step 607, time 7.78e-05, U, 3 components, 522 values
INFO: Writing examples/ccx_2.16.structest/contact2i.567.vtk
INFO: Step 608, time 7.79e-05, U, 3 components, 522 values
INFO: Writing examples/ccx_2.16.structest/contact2i.568.vtk
INFO: Step 609, time 7.80e-05, U, 3 components, 522 values
INFO: Writing examples/ccx_2.16.structest/contact2i.569.vtk
INFO: Step 610, time 7.81e-05, U, 3 components, 522 values
INFO: Writing examples/ccx_2.16.structest/contact2i.570.vtk
INFO: Step 611, time 7.82e-05, U, 3 components, 522 values
INFO: Writing examples/ccx_2.16.structest/contact2i.571.vtk
INFO: Step 612, time 7.82e-05, U, 3 components, 522 values
INFO: Writing examples/ccx_2.16.structest/contact2i.572.vtk
INFO: Step 613, time 7.83e-05, U, 3 components, 522 values
INFO: Writing examples/ccx_2.16.structest/contact2i.573.vtk
INFO: Step 614, time 7.84e-05, U, 3 components, 522 values
INFO: Writing examples/ccx_2.16.structest/contact2i.574.vtk
INFO: Step 615, time 7.85e-05, U, 3 components, 522 values
INFO: Writing examples/ccx_2.16.structest/contact2i.575.vtk
INFO: Step 616, time 7.85e-05, U, 3 components, 522 values
INFO: Writing examples/ccx_2.16.structest/contact2i.576.vtk
INFO: Step 617, time 7.86e-05, U, 3 components, 522 values
INFO: Writing examples/ccx_2.16.structest/contact2i.577.vtk
INFO: Step 618, time 7.87e-05, U, 3 components, 522 values
INFO: Writing examples/ccx_2.16.structest/contact2i.578.vtk
INFO: Step 619, time 7.88e-05, U, 3 components, 522 values
INFO: Writing examples/ccx_2.16.structest/contact2i.579.vtk
INFO: Step 620, time 7.89e-05, U, 3 components, 522 values
INFO: Writing examples/ccx_2.16.structest/contact2i.580.vtk
INFO: Step 621, time 7.89e-05, U, 3 components, 522 values
INFO: Writing examples/ccx_2.16.structest/contact2i.581.vtk
INFO: Step 622, time 7.90e-05, U, 3 components, 522 values
INFO: Writing examples/ccx_2.16.structest/contact2i.582.vtk
INFO: Step 623, time 7.91e-05, U, 3 components, 522 values
INFO: Writing examples/ccx_2.16.structest/contact2i.583.vtk
INFO: Step 624, time 7.92e-05, U, 3 components, 522 values
INFO: Writing examples/ccx_2.16.structest/contact2i.584.vtk
INFO: Step 625, time 7.93e-05, U, 3 components, 522 values
INFO: Writing examples/ccx_2.16.structest/contact2i.585.vtk
INFO: Step 626, time 7.93e-05, U, 3 components, 522 values
INFO: Writing examples/ccx_2.16.structest/contact2i.586.vtk
INFO: Step 627, time 7.94e-05, U, 3 components, 522 values
INFO: Writing examples/ccx_2.16.structest/contact2i.587.vtk
INFO: Step 628, time 7.95e-05, U, 3 components, 522 values
INFO: Writing examples/ccx_2.16.structest/contact2i.588.vtk
INFO: Step 629, time 7.96e-05, U, 3 components, 522 values
INFO: Writing examples/ccx_2.16.structest/contact2i.589.vtk
INFO: Step 630, time 7.96e-05, U, 3 components, 522 values
INFO: Writing examples/ccx_2.16.structest/contact2i.590.vtk
INFO: Step 631, time 7.97e-05, U, 3 components, 522 values
INFO: Writing examples/ccx_2.16.structest/contact2i.591.vtk
INFO: Step 632, time 7.98e-05, U, 3 components, 522 values
INFO: Writing examples/ccx_2.16.structest/contact2i.592.vtk
INFO: Step 633, time 7.99e-05, U, 3 components, 522 values
INFO: Writing examples/ccx_2.16.structest/contact2i.593.vtk
INFO: Step 634, time 8.00e-05, U, 3 components, 522 values
INFO: Writing examples/ccx_2.16.structest/contact2i.594.vtk
INFO: Step 635, time 8.00e-05, U, 3 components, 522 values
INFO: Writing examples/ccx_2.16.structest/contact2i.595.vtk
INFO: Step 636, time 8.01e-05, U, 3 components, 522 values
INFO: Writing examples/ccx_2.16.structest/contact2i.596.vtk
INFO: Step 637, time 8.02e-05, U, 3 components, 522 values
INFO: Writing examples/ccx_2.16.structest/contact2i.597.vtk
INFO: Step 638, time 8.03e-05, U, 3 components, 522 values
INFO: Writing examples/ccx_2.16.structest/contact2i.598.vtk
INFO: Step 639, time 8.04e-05, U, 3 components, 522 values
INFO: Writing examples/ccx_2.16.structest/contact2i.599.vtk
INFO: Step 640, time 8.04e-05, U, 3 components, 522 values
INFO: Writing examples/ccx_2.16.structest/contact2i.600.vtk
INFO: Step 641, time 8.05e-05, U, 3 components, 522 values
INFO: Writing examples/ccx_2.16.structest/contact2i.601.vtk
INFO: Step 642, time 8.06e-05, U, 3 components, 522 values
INFO: Writing examples/ccx_2.16.structest/contact2i.602.vtk
INFO: Step 643, time 8.07e-05, U, 3 components, 522 values
INFO: Writing examples/ccx_2.16.structest/contact2i.603.vtk
INFO: Step 644, time 8.08e-05, U, 3 components, 522 values
INFO: Writing examples/ccx_2.16.structest/contact2i.604.vtk
INFO: Step 645, time 8.08e-05, U, 3 components, 522 values
INFO: Writing examples/ccx_2.16.structest/contact2i.605.vtk
INFO: Step 646, time 8.09e-05, U, 3 components, 522 values
INFO: Writing examples/ccx_2.16.structest/contact2i.606.vtk
INFO: Step 647, time 8.10e-05, U, 3 components, 522 values
INFO: Writing examples/ccx_2.16.structest/contact2i.607.vtk
INFO: Step 648, time 8.11e-05, U, 3 components, 522 values
INFO: Writing examples/ccx_2.16.structest/contact2i.608.vtk
INFO: Step 649, time 8.11e-05, U, 3 components, 522 values
INFO: Writing examples/ccx_2.16.structest/contact2i.609.vtk
INFO: Step 650, time 8.12e-05, U, 3 components, 522 values
INFO: Writing examples/ccx_2.16.structest/contact2i.610.vtk
INFO: Step 651, time 8.13e-05, U, 3 components, 522 values
INFO: Writing examples/ccx_2.16.structest/contact2i.611.vtk
INFO: Step 652, time 8.14e-05, U, 3 components, 522 values
INFO: Writing examples/ccx_2.16.structest/contact2i.612.vtk
INFO: Step 653, time 8.15e-05, U, 3 components, 522 values
INFO: Writing examples/ccx_2.16.structest/contact2i.613.vtk
INFO: Step 654, time 8.15e-05, U, 3 components, 522 values
INFO: Writing examples/ccx_2.16.structest/contact2i.614.vtk
INFO: Step 655, time 8.16e-05, U, 3 components, 522 values
INFO: Writing examples/ccx_2.16.structest/contact2i.615.vtk
INFO: Step 656, time 8.17e-05, U, 3 components, 522 values
INFO: Writing examples/ccx_2.16.structest/contact2i.616.vtk
INFO: Step 657, time 8.18e-05, U, 3 components, 522 values
INFO: Writing examples/ccx_2.16.structest/contact2i.617.vtk
INFO: Step 658, time 8.19e-05, U, 3 components, 522 values
INFO: Writing examples/ccx_2.16.structest/contact2i.618.vtk
INFO: Step 659, time 8.19e-05, U, 3 components, 522 values
INFO: Writing examples/ccx_2.16.structest/contact2i.619.vtk
INFO: Step 660, time 8.20e-05, U, 3 components, 522 values
INFO: Writing examples/ccx_2.16.structest/contact2i.620.vtk
INFO: Step 661, time 8.22e-05, U, 3 components, 522 values
INFO: Writing examples/ccx_2.16.structest/contact2i.621.vtk
INFO: Step 662, time 8.23e-05, U, 3 components, 522 values
INFO: Writing examples/ccx_2.16.structest/contact2i.622.vtk
INFO: Step 663, time 8.24e-05, U, 3 components, 522 values
INFO: Writing examples/ccx_2.16.structest/contact2i.623.vtk
INFO: Step 664, time 8.25e-05, U, 3 components, 522 values
INFO: Writing examples/ccx_2.16.structest/contact2i.624.vtk
INFO: Step 665, time 8.26e-05, U, 3 components, 522 values
INFO: Writing examples/ccx_2.16.structest/contact2i.625.vtk
INFO: Step 666, time 8.28e-05, U, 3 components, 522 values
INFO: Writing examples/ccx_2.16.structest/contact2i.626.vtk
INFO: Step 667, time 8.29e-05, U, 3 components, 522 values
INFO: Writing examples/ccx_2.16.structest/contact2i.627.vtk
INFO: Step 668, time 8.31e-05, U, 3 components, 522 values
INFO: Writing examples/ccx_2.16.structest/contact2i.628.vtk
INFO: Step 669, time 8.33e-05, U, 3 components, 522 values
INFO: Writing examples/ccx_2.16.structest/contact2i.629.vtk
INFO: Step 670, time 8.35e-05, U, 3 components, 522 values
INFO: Writing examples/ccx_2.16.structest/contact2i.630.vtk
INFO: Step 671, time 8.36e-05, U, 3 components, 522 values
INFO: Writing examples/ccx_2.16.structest/contact2i.631.vtk
INFO: Step 672, time 8.38e-05, U, 3 components, 522 values
INFO: Writing examples/ccx_2.16.structest/contact2i.632.vtk
INFO: Step 673, time 8.40e-05, U, 3 components, 522 values
INFO: Writing examples/ccx_2.16.structest/contact2i.633.vtk
INFO: Step 674, time 8.42e-05, U, 3 components, 522 values
INFO: Writing examples/ccx_2.16.structest/contact2i.634.vtk
INFO: Step 675, time 8.44e-05, U, 3 components, 522 values
INFO: Writing examples/ccx_2.16.structest/contact2i.635.vtk
INFO: Step 676, time 8.45e-05, U, 3 components, 522 values
INFO: Writing examples/ccx_2.16.structest/contact2i.636.vtk
INFO: Step 677, time 8.47e-05, U, 3 components, 522 values
INFO: Writing examples/ccx_2.16.structest/contact2i.637.vtk
INFO: Step 678, time 8.49e-05, U, 3 components, 522 values
INFO: Writing examples/ccx_2.16.structest/contact2i.638.vtk
INFO: Step 679, time 8.51e-05, U, 3 components, 522 values
INFO: Writing examples/ccx_2.16.structest/contact2i.639.vtk
INFO: Step 680, time 8.52e-05, U, 3 components, 522 values
INFO: Writing examples/ccx_2.16.structest/contact2i.640.vtk
INFO: Step 681, time 8.54e-05, U, 3 components, 522 values
INFO: Writing examples/ccx_2.16.structest/contact2i.641.vtk
INFO: Step 682, time 8.56e-05, U, 3 components, 522 values
INFO: Writing examples/ccx_2.16.structest/contact2i.642.vtk
INFO: Step 683, time 8.58e-05, U, 3 components, 522 values
INFO: Writing examples/ccx_2.16.structest/contact2i.643.vtk
INFO: Step 684, time 8.59e-05, U, 3 components, 522 values
INFO: Writing examples/ccx_2.16.structest/contact2i.644.vtk
INFO: Step 685, time 8.61e-05, U, 3 components, 522 values
INFO: Writing examples/ccx_2.16.structest/contact2i.645.vtk
INFO: Step 686, time 8.63e-05, U, 3 components, 522 values
INFO: Writing examples/ccx_2.16.structest/contact2i.646.vtk
INFO: Step 687, time 8.65e-05, U, 3 components, 522 values
INFO: Writing examples/ccx_2.16.structest/contact2i.647.vtk
INFO: Step 688, time 8.67e-05, U, 3 components, 522 values
INFO: Writing examples/ccx_2.16.structest/contact2i.648.vtk
INFO: Step 689, time 8.68e-05, U, 3 components, 522 values
INFO: Writing examples/ccx_2.16.structest/contact2i.649.vtk
INFO: Step 690, time 8.70e-05, U, 3 components, 522 values
INFO: Writing examples/ccx_2.16.structest/contact2i.650.vtk
INFO: Step 691, time 8.72e-05, U, 3 components, 522 values
INFO: Writing examples/ccx_2.16.structest/contact2i.651.vtk
INFO: Step 692, time 8.74e-05, U, 3 components, 522 values
INFO: Writing examples/ccx_2.16.structest/contact2i.652.vtk
INFO: Step 693, time 8.75e-05, U, 3 components, 522 values
INFO: Writing examples/ccx_2.16.structest/contact2i.653.vtk
INFO: Step 694, time 8.77e-05, U, 3 components, 522 values
INFO: Writing examples/ccx_2.16.structest/contact2i.654.vtk
INFO: Step 695, time 8.79e-05, U, 3 components, 522 values
INFO: Writing examples/ccx_2.16.structest/contact2i.655.vtk
INFO: Step 696, time 8.81e-05, U, 3 components, 522 values
INFO: Writing examples/ccx_2.16.structest/contact2i.656.vtk
INFO: Step 697, time 8.82e-05, U, 3 components, 522 values
INFO: Writing examples/ccx_2.16.structest/contact2i.657.vtk
INFO: Step 698, time 8.84e-05, U, 3 components, 522 values
INFO: Writing examples/ccx_2.16.structest/contact2i.658.vtk
INFO: Step 699, time 8.86e-05, U, 3 components, 522 values
INFO: Writing examples/ccx_2.16.structest/contact2i.659.vtk
INFO: Step 700, time 8.88e-05, U, 3 components, 522 values
INFO: Writing examples/ccx_2.16.structest/contact2i.660.vtk
INFO: Step 701, time 8.90e-05, U, 3 components, 522 values
INFO: Writing examples/ccx_2.16.structest/contact2i.661.vtk
INFO: Step 702, time 8.91e-05, U, 3 components, 522 values
INFO: Writing examples/ccx_2.16.structest/contact2i.662.vtk
INFO: Step 703, time 8.93e-05, U, 3 components, 522 values
INFO: Writing examples/ccx_2.16.structest/contact2i.663.vtk
INFO: Step 704, time 8.95e-05, U, 3 components, 522 values
INFO: Writing examples/ccx_2.16.structest/contact2i.664.vtk
INFO: Step 705, time 8.97e-05, U, 3 components, 522 values
INFO: Writing examples/ccx_2.16.structest/contact2i.665.vtk
INFO: Step 706, time 8.98e-05, U, 3 components, 522 values
INFO: Writing examples/ccx_2.16.structest/contact2i.666.vtk
INFO: Step 707, time 9.00e-05, U, 3 components, 522 values
INFO: Writing examples/ccx_2.16.structest/contact2i.667.vtk
INFO: Step 708, time 9.02e-05, U, 3 components, 522 values
INFO: Writing examples/ccx_2.16.structest/contact2i.668.vtk
INFO: Step 709, time 9.04e-05, U, 3 components, 522 values
INFO: Writing examples/ccx_2.16.structest/contact2i.669.vtk
INFO: Step 710, time 9.06e-05, U, 3 components, 522 values
INFO: Writing examples/ccx_2.16.structest/contact2i.670.vtk
INFO: Step 711, time 9.07e-05, U, 3 components, 522 values
INFO: Writing examples/ccx_2.16.structest/contact2i.671.vtk
INFO: Step 712, time 9.09e-05, U, 3 components, 522 values
INFO: Writing examples/ccx_2.16.structest/contact2i.672.vtk
INFO: Step 713, time 9.11e-05, U, 3 components, 522 values
INFO: Writing examples/ccx_2.16.structest/contact2i.673.vtk
INFO: Step 714, time 9.13e-05, U, 3 components, 522 values
INFO: Writing examples/ccx_2.16.structest/contact2i.674.vtk
INFO: Step 715, time 9.14e-05, U, 3 components, 522 values
INFO: Writing examples/ccx_2.16.structest/contact2i.675.vtk
INFO: Step 716, time 9.16e-05, U, 3 components, 522 values
INFO: Writing examples/ccx_2.16.structest/contact2i.676.vtk
INFO: Step 717, time 9.18e-05, U, 3 components, 522 values
INFO: Writing examples/ccx_2.16.structest/contact2i.677.vtk
INFO: Step 718, time 9.20e-05, U, 3 components, 522 values
INFO: Writing examples/ccx_2.16.structest/contact2i.678.vtk
INFO: Step 719, time 9.21e-05, U, 3 components, 522 values
INFO: Writing examples/ccx_2.16.structest/contact2i.679.vtk
INFO: Step 720, time 9.23e-05, U, 3 components, 522 values
INFO: Writing examples/ccx_2.16.structest/contact2i.680.vtk
INFO: Step 721, time 9.25e-05, U, 3 components, 522 values
INFO: Writing examples/ccx_2.16.structest/contact2i.681.vtk
INFO: Step 722, time 9.27e-05, U, 3 components, 522 values
INFO: Writing examples/ccx_2.16.structest/contact2i.682.vtk
INFO: Step 723, time 9.29e-05, U, 3 components, 522 values
INFO: Writing examples/ccx_2.16.structest/contact2i.683.vtk
INFO: Step 724, time 9.30e-05, U, 3 components, 522 values
INFO: Writing examples/ccx_2.16.structest/contact2i.684.vtk
INFO: Step 725, time 9.33e-05, U, 3 components, 522 values
INFO: Writing examples/ccx_2.16.structest/contact2i.685.vtk
INFO: Step 726, time 9.37e-05, U, 3 components, 522 values
INFO: Writing examples/ccx_2.16.structest/contact2i.686.vtk
INFO: Step 727, time 9.43e-05, U, 3 components, 522 values
INFO: Writing examples/ccx_2.16.structest/contact2i.687.vtk
INFO: Step 728, time 9.50e-05, U, 3 components, 522 values
INFO: Writing examples/ccx_2.16.structest/contact2i.688.vtk
INFO: Step 729, time 9.57e-05, U, 3 components, 522 values
INFO: Writing examples/ccx_2.16.structest/contact2i.689.vtk
INFO: Step 730, time 9.64e-05, U, 3 components, 522 values
INFO: Step 731, time 9.64e-05, U, 3 components, 522 values
INFO: Step 732, time 9.64e-05, U, 3 components, 522 values
INFO: Step 733, time 9.64e-05, U, 3 components, 522 values
INFO: Step 734, time 9.64e-05, U, 3 components, 522 values
INFO: Step 735, time 9.64e-05, U, 3 components, 522 values
INFO: Step 736, time 9.64e-05, U, 3 components, 522 values
INFO: Step 737, time 9.64e-05, U, 3 components, 522 values
INFO: Step 738, time 9.64e-05, U, 3 components, 522 values
INFO: Step 739, time 9.64e-05, U, 3 components, 522 values
INFO: Step 740, time 9.64e-05, U, 3 components, 522 values
INFO: Step 741, time 9.64e-05, U, 3 components, 522 values
INFO: Step 742, time 9.64e-05, U, 3 components, 522 values
INFO: Step 743, time 9.64e-05, U, 3 components, 522 values
INFO: Step 744, time 9.64e-05, U, 3 components, 522 values
INFO: Step 745, time 9.64e-05, U, 3 components, 522 values
INFO: Step 746, time 9.64e-05, U, 3 components, 522 values
INFO: Writing examples/ccx_2.16.structest/contact2i.690.vtk
INFO: Step 747, time 9.64e-05, U, 3 components, 522 values
INFO: Step 748, time 9.64e-05, U, 3 components, 522 values
INFO: Step 749, time 9.64e-05, U, 3 components, 522 values
INFO: Step 750, time 9.64e-05, U, 3 components, 522 values
INFO: Step 751, time 9.64e-05, U, 3 components, 522 values
INFO: Writing examples/ccx_2.16.structest/contact2i.691.vtk
INFO: Step 752, time 9.64e-05, U, 3 components, 522 values
INFO: Writing examples/ccx_2.16.structest/contact2i.692.vtk
INFO: Step 753, time 9.64e-05, U, 3 components, 522 values
INFO: Writing examples/ccx_2.16.structest/contact2i.693.vtk
INFO: Step 754, time 9.64e-05, U, 3 components, 522 values
INFO: Writing examples/ccx_2.16.structest/contact2i.694.vtk
INFO: Step 755, time 9.64e-05, U, 3 components, 522 values
INFO: Writing examples/ccx_2.16.structest/contact2i.695.vtk
INFO: Step 756, time 9.64e-05, U, 3 components, 522 values
INFO: Writing examples/ccx_2.16.structest/contact2i.696.vtk
INFO: Step 757, time 9.64e-05, U, 3 components, 522 values
INFO: Writing examples/ccx_2.16.structest/contact2i.697.vtk
INFO: Step 758, time 9.64e-05, U, 3 components, 522 values
INFO: Writing examples/ccx_2.16.structest/contact2i.698.vtk
INFO: Step 759, time 9.64e-05, U, 3 components, 522 values
INFO: Writing examples/ccx_2.16.structest/contact2i.699.vtk
INFO: Step 760, time 9.64e-05, U, 3 components, 522 values
INFO: Writing examples/ccx_2.16.structest/contact2i.700.vtk
INFO: Step 761, time 9.64e-05, U, 3 components, 522 values
INFO: Writing examples/ccx_2.16.structest/contact2i.701.vtk
INFO: Step 762, time 9.64e-05, U, 3 components, 522 values
INFO: Writing examples/ccx_2.16.structest/contact2i.702.vtk
INFO: Step 763, time 9.64e-05, U, 3 components, 522 values
INFO: Writing examples/ccx_2.16.structest/contact2i.703.vtk
INFO: Step 764, time 9.64e-05, U, 3 components, 522 values
INFO: Writing examples/ccx_2.16.structest/contact2i.704.vtk
INFO: Step 765, time 9.64e-05, U, 3 components, 522 values
INFO: Writing examples/ccx_2.16.structest/contact2i.705.vtk
INFO: Step 766, time 9.64e-05, U, 3 components, 522 values
INFO: Writing examples/ccx_2.16.structest/contact2i.706.vtk
INFO: Step 767, time 9.64e-05, U, 3 components, 522 values
INFO: Writing examples/ccx_2.16.structest/contact2i.707.vtk
INFO: Step 768, time 9.65e-05, U, 3 components, 522 values
INFO: Writing examples/ccx_2.16.structest/contact2i.708.vtk
INFO: Step 769, time 9.65e-05, U, 3 components, 522 values
INFO: Writing examples/ccx_2.16.structest/contact2i.709.vtk
INFO: Step 770, time 9.66e-05, U, 3 components, 522 values
INFO: Writing examples/ccx_2.16.structest/contact2i.710.vtk
INFO: Step 771, time 9.67e-05, U, 3 components, 522 values
INFO: Writing examples/ccx_2.16.structest/contact2i.711.vtk
INFO: Step 772, time 9.69e-05, U, 3 components, 522 values
INFO: Writing examples/ccx_2.16.structest/contact2i.712.vtk
INFO: Step 773, time 9.71e-05, U, 3 components, 522 values
INFO: Writing examples/ccx_2.16.structest/contact2i.713.vtk
INFO: Step 774, time 9.75e-05, U, 3 components, 522 values
INFO: Writing examples/ccx_2.16.structest/contact2i.714.vtk
INFO: Step 775, time 9.81e-05, U, 3 components, 522 values
INFO: Writing examples/ccx_2.16.structest/contact2i.715.vtk
INFO: Step 776, time 9.89e-05, U, 3 components, 522 values
INFO: Writing examples/ccx_2.16.structest/contact2i.716.vtk
INFO: Step 777, time 1.00e-04, U, 3 components, 522 values

==================================================
INFO: Parsing examples/ccx_2.16.structest/contact2i.frd
INFO: 522 nodes
INFO: 64 cells
INFO: Step 1, time 3.91e-07, U, 3 components, 522 values
INFO: Step 2, time 7.81e-07, U, 3 components, 522 values
INFO: Step 3, time 1.37e-06, U, 3 components, 522 values
INFO: Step 4, time 2.25e-06, U, 3 components, 522 values
INFO: Step 5, time 3.56e-06, U, 3 components, 522 values
INFO: Step 6, time 5.54e-06, U, 3 components, 522 values
INFO: Step 7, time 8.51e-06, U, 3 components, 522 values
INFO: Step 8, time 9.62e-06, U, 3 components, 522 values
INFO: Step 9, time 1.07e-05, U, 3 components, 522 values
INFO: Step 10, time 1.24e-05, U, 3 components, 522 values
INFO: Step 11, time 1.49e-05, U, 3 components, 522 values
INFO: Step 12, time 1.58e-05, U, 3 components, 522 values
INFO: Step 13, time 1.68e-05, U, 3 components, 522 values
INFO: Step 14, time 1.82e-05, U, 3 components, 522 values
INFO: Step 15, time 2.03e-05, U, 3 components, 522 values
INFO: Step 16, time 2.35e-05, U, 3 components, 522 values
INFO: Step 17, time 2.47e-05, U, 3 components, 522 values
INFO: Step 18, time 2.58e-05, U, 3 components, 522 values
INFO: Step 19, time 2.63e-05, U, 3 components, 522 values
INFO: Step 20, time 2.64e-05, U, 3 components, 522 values
INFO: Step 21, time 2.65e-05, U, 3 components, 522 values
INFO: Step 22, time 2.67e-05, U, 3 components, 522 values
INFO: Step 23, time 2.69e-05, U, 3 components, 522 values
INFO: Step 24, time 2.71e-05, U, 3 components, 522 values
INFO: Step 25, time 2.76e-05, U, 3 components, 522 values
INFO: Step 26, time 2.82e-05, U, 3 components, 522 values
INFO: Step 27, time 2.82e-05, U, 3 components, 522 values
INFO: Step 28, time 2.82e-05, U, 3 components, 522 values
INFO: Step 29, time 2.82e-05, U, 3 components, 522 values
INFO: Step 30, time 2.82e-05, U, 3 components, 522 values
INFO: Step 31, time 2.82e-05, U, 3 components, 522 values
INFO: Step 32, time 2.82e-05, U, 3 components, 522 values
INFO: Step 33, time 2.82e-05, U, 3 components, 522 values
INFO: Step 34, time 2.82e-05, U, 3 components, 522 values
INFO: Step 35, time 2.82e-05, U, 3 components, 522 values
INFO: Step 36, time 2.82e-05, U, 3 components, 522 values
INFO: Step 37, time 2.82e-05, U, 3 components, 522 values
INFO: Step 38, time 2.82e-05, U, 3 components, 522 values
INFO: Step 39, time 2.82e-05, U, 3 components, 522 values
INFO: Step 40, time 2.82e-05, U, 3 components, 522 values
INFO: Step 41, time 2.82e-05, U, 3 components, 522 values
INFO: Step 42, time 2.82e-05, U, 3 components, 522 values
INFO: Step 43, time 2.82e-05, U, 3 components, 522 values
INFO: Step 44, time 2.82e-05, U, 3 components, 522 values
INFO: Step 45, time 2.82e-05, U, 3 components, 522 values
INFO: Step 46, time 2.82e-05, U, 3 components, 522 values
INFO: Step 47, time 2.82e-05, U, 3 components, 522 values
INFO: Step 48, time 2.82e-05, U, 3 components, 522 values
INFO: Step 49, time 2.82e-05, U, 3 components, 522 values
INFO: Step 50, time 2.82e-05, U, 3 components, 522 values
INFO: Step 51, time 2.82e-05, U, 3 components, 522 values
INFO: Step 52, time 2.82e-05, U, 3 components, 522 values
INFO: Step 53, time 2.82e-05, U, 3 components, 522 values
INFO: Step 54, time 2.82e-05, U, 3 components, 522 values
INFO: Step 55, time 2.82e-05, U, 3 components, 522 values
INFO: Step 56, time 2.82e-05, U, 3 components, 522 values
INFO: Step 57, time 2.82e-05, U, 3 components, 522 values
INFO: Step 58, time 2.82e-05, U, 3 components, 522 values
INFO: Step 59, time 2.82e-05, U, 3 components, 522 values
INFO: Step 60, time 2.82e-05, U, 3 components, 522 values
INFO: Step 61, time 2.82e-05, U, 3 components, 522 values
INFO: Step 62, time 2.82e-05, U, 3 components, 522 values
INFO: Step 63, time 2.82e-05, U, 3 components, 522 values
INFO: Step 64, time 2.83e-05, U, 3 components, 522 values
INFO: Step 65, time 2.83e-05, U, 3 components, 522 values
INFO: Step 66, time 2.84e-05, U, 3 components, 522 values
INFO: Step 67, time 2.85e-05, U, 3 components, 522 values
INFO: Step 68, time 2.87e-05, U, 3 components, 522 values
INFO: Step 69, time 2.89e-05, U, 3 components, 522 values
INFO: Step 70, time 2.93e-05, U, 3 components, 522 values
INFO: Step 71, time 2.99e-05, U, 3 components, 522 values
INFO: Step 72, time 3.07e-05, U, 3 components, 522 values
INFO: Step 73, time 3.20e-05, U, 3 components, 522 values
INFO: Step 74, time 3.24e-05, U, 3 components, 522 values
INFO: Step 75, time 3.29e-05, U, 3 components, 522 values
INFO: Step 76, time 3.34e-05, U, 3 components, 522 values
INFO: Step 77, time 3.38e-05, U, 3 components, 522 values
INFO: Step 78, time 3.40e-05, U, 3 components, 522 values
INFO: Step 79, time 3.41e-05, U, 3 components, 522 values
INFO: Step 80, time 3.42e-05, U, 3 components, 522 values
INFO: Step 81, time 3.43e-05, U, 3 components, 522 values
INFO: Step 82, time 3.44e-05, U, 3 components, 522 values
INFO: Step 83, time 3.45e-05, U, 3 components, 522 values
INFO: Step 84, time 3.47e-05, U, 3 components, 522 values
INFO: Step 85, time 3.48e-05, U, 3 components, 522 values
INFO: Step 86, time 3.49e-05, U, 3 components, 522 values
INFO: Step 87, time 3.50e-05, U, 3 components, 522 values
INFO: Step 88, time 3.51e-05, U, 3 components, 522 values
INFO: Step 89, time 3.53e-05, U, 3 components, 522 values
INFO: Step 90, time 3.53e-05, U, 3 components, 522 values
INFO: Step 91, time 3.55e-05, U, 3 components, 522 values
INFO: Step 92, time 3.57e-05, U, 3 components, 522 values
INFO: Step 93, time 3.60e-05, U, 3 components, 522 values
INFO: Step 94, time 3.64e-05, U, 3 components, 522 values
INFO: Step 95, time 3.64e-05, U, 3 components, 522 values
INFO: Step 96, time 3.64e-05, U, 3 components, 522 values
INFO: Step 97, time 3.64e-05, U, 3 components, 522 values
INFO: Step 98, time 3.64e-05, U, 3 components, 522 values
INFO: Step 99, time 3.64e-05, U, 3 components, 522 values
INFO: Step 100, time 3.64e-05, U, 3 components, 522 values
INFO: Step 101, time 3.64e-05, U, 3 components, 522 values
INFO: Step 102, time 3.64e-05, U, 3 components, 522 values
INFO: Step 103, time 3.64e-05, U, 3 components, 522 values
INFO: Step 104, time 3.64e-05, U, 3 components, 522 values
INFO: Step 105, time 3.64e-05, U, 3 components, 522 values
INFO: Step 106, time 3.64e-05, U, 3 components, 522 values
INFO: Step 107, time 3.64e-05, U, 3 components, 522 values
INFO: Step 108, time 3.64e-05, U, 3 components, 522 values
INFO: Step 109, time 3.64e-05, U, 3 components, 522 values
INFO: Step 110, time 3.64e-05, U, 3 components, 522 values
INFO: Step 111, time 3.64e-05, U, 3 components, 522 values
INFO: Step 112, time 3.64e-05, U, 3 components, 522 values
INFO: Step 113, time 3.64e-05, U, 3 components, 522 values
INFO: Step 114, time 3.64e-05, U, 3 components, 522 values
INFO: Step 115, time 3.64e-05, U, 3 components, 522 values
INFO: Step 116, time 3.64e-05, U, 3 components, 522 values
INFO: Step 117, time 3.64e-05, U, 3 components, 522 values
INFO: Step 118, time 3.64e-05, U, 3 components, 522 values
INFO: Step 119, time 3.64e-05, U, 3 components, 522 values
INFO: Step 120, time 3.64e-05, U, 3 components, 522 values
INFO: Step 121, time 3.64e-05, U, 3 components, 522 values
INFO: Step 122, time 3.64e-05, U, 3 components, 522 values
INFO: Step 123, time 3.64e-05, U, 3 components, 522 values
INFO: Step 124, time 3.64e-05, U, 3 components, 522 values
INFO: Step 125, time 3.64e-05, U, 3 components, 522 values
INFO: Step 126, time 3.64e-05, U, 3 components, 522 values
INFO: Step 127, time 3.64e-05, U, 3 components, 522 values
INFO: Step 128, time 3.65e-05, U, 3 components, 522 values
INFO: Step 129, time 3.65e-05, U, 3 components, 522 values
INFO: Step 130, time 3.65e-05, U, 3 components, 522 values
INFO: Step 131, time 3.65e-05, U, 3 components, 522 values
INFO: Step 132, time 3.65e-05, U, 3 components, 522 values
INFO: Step 133, time 3.66e-05, U, 3 components, 522 values
INFO: Step 134, time 3.67e-05, U, 3 components, 522 values
INFO: Step 135, time 3.68e-05, U, 3 components, 522 values
INFO: Step 136, time 3.69e-05, U, 3 components, 522 values
INFO: Step 137, time 3.72e-05, U, 3 components, 522 values
INFO: Step 138, time 3.76e-05, U, 3 components, 522 values
INFO: Step 139, time 3.81e-05, U, 3 components, 522 values
INFO: Step 140, time 3.90e-05, U, 3 components, 522 values
INFO: Step 141, time 3.93e-05, U, 3 components, 522 values
INFO: Step 142, time 3.96e-05, U, 3 components, 522 values
INFO: Step 143, time 3.99e-05, U, 3 components, 522 values
INFO: Step 144, time 4.02e-05, U, 3 components, 522 values
INFO: Step 145, time 4.05e-05, U, 3 components, 522 values
INFO: Step 146, time 4.08e-05, U, 3 components, 522 values
INFO: Step 147, time 4.12e-05, U, 3 components, 522 values
INFO: Step 148, time 4.15e-05, U, 3 components, 522 values
INFO: Step 149, time 4.18e-05, U, 3 components, 522 values
INFO: Step 150, time 4.19e-05, U, 3 components, 522 values
INFO: Step 151, time 4.19e-05, U, 3 components, 522 values
INFO: Step 152, time 4.20e-05, U, 3 components, 522 values
INFO: Step 153, time 4.21e-05, U, 3 components, 522 values
INFO: Step 154, time 4.22e-05, U, 3 components, 522 values
INFO: Step 155, time 4.23e-05, U, 3 components, 522 values
INFO: Step 156, time 4.23e-05, U, 3 components, 522 values
INFO: Step 157, time 4.24e-05, U, 3 components, 522 values
INFO: Step 158, time 4.25e-05, U, 3 components, 522 values
INFO: Step 159, time 4.26e-05, U, 3 components, 522 values
INFO: Step 160, time 4.27e-05, U, 3 components, 522 values
INFO: Step 161, time 4.27e-05, U, 3 components, 522 values
INFO: Step 162, time 4.28e-05, U, 3 components, 522 values
INFO: Step 163, time 4.29e-05, U, 3 components, 522 values
INFO: Step 164, time 4.30e-05, U, 3 components, 522 values
INFO: Step 165, time 4.30e-05, U, 3 components, 522 values
INFO: Step 166, time 4.31e-05, U, 3 components, 522 values
INFO: Step 167, time 4.32e-05, U, 3 components, 522 values
INFO: Step 168, time 4.33e-05, U, 3 components, 522 values
INFO: Step 169, time 4.34e-05, U, 3 components, 522 values
INFO: Step 170, time 4.34e-05, U, 3 components, 522 values
INFO: Step 171, time 4.35e-05, U, 3 components, 522 values
INFO: Step 172, time 4.36e-05, U, 3 components, 522 values
INFO: Step 173, time 4.37e-05, U, 3 components, 522 values
INFO: Step 174, time 4.38e-05, U, 3 components, 522 values
INFO: Step 175, time 4.38e-05, U, 3 components, 522 values
INFO: Step 176, time 4.39e-05, U, 3 components, 522 values
INFO: Step 177, time 4.40e-05, U, 3 components, 522 values
INFO: Step 178, time 4.41e-05, U, 3 components, 522 values
INFO: Step 179, time 4.41e-05, U, 3 components, 522 values
INFO: Step 180, time 4.42e-05, U, 3 components, 522 values
INFO: Step 181, time 4.43e-05, U, 3 components, 522 values
INFO: Step 182, time 4.44e-05, U, 3 components, 522 values
INFO: Step 183, time 4.45e-05, U, 3 components, 522 values
INFO: Step 184, time 4.45e-05, U, 3 components, 522 values
INFO: Step 185, time 4.46e-05, U, 3 components, 522 values
INFO: Step 186, time 4.47e-05, U, 3 components, 522 values
INFO: Step 187, time 4.48e-05, U, 3 components, 522 values
INFO: Step 188, time 4.49e-05, U, 3 components, 522 values
INFO: Step 189, time 4.49e-05, U, 3 components, 522 values
INFO: Step 190, time 4.50e-05, U, 3 components, 522 values
INFO: Step 191, time 4.51e-05, U, 3 components, 522 values
INFO: Step 192, time 4.52e-05, U, 3 components, 522 values
INFO: Step 193, time 4.52e-05, U, 3 components, 522 values
INFO: Step 194, time 4.53e-05, U, 3 components, 522 values
INFO: Step 195, time 4.54e-05, U, 3 components, 522 values
INFO: Step 196, time 4.55e-05, U, 3 components, 522 values
INFO: Step 197, time 4.56e-05, U, 3 components, 522 values
INFO: Step 198, time 4.56e-05, U, 3 components, 522 values
INFO: Step 199, time 4.57e-05, U, 3 components, 522 values
INFO: Step 200, time 4.58e-05, U, 3 components, 522 values
INFO: Step 201, time 4.59e-05, U, 3 components, 522 values
INFO: Step 202, time 4.60e-05, U, 3 components, 522 values
INFO: Step 203, time 4.60e-05, U, 3 components, 522 values
INFO: Step 204, time 4.61e-05, U, 3 components, 522 values
INFO: Step 205, time 4.62e-05, U, 3 components, 522 values
INFO: Step 206, time 4.63e-05, U, 3 components, 522 values
INFO: Step 207, time 4.64e-05, U, 3 components, 522 values
INFO: Step 208, time 4.64e-05, U, 3 components, 522 values
INFO: Step 209, time 4.65e-05, U, 3 components, 522 values
INFO: Step 210, time 4.66e-05, U, 3 components, 522 values
INFO: Step 211, time 4.67e-05, U, 3 components, 522 values
INFO: Step 212, time 4.67e-05, U, 3 components, 522 values
INFO: Step 213, time 4.68e-05, U, 3 components, 522 values
INFO: Step 214, time 4.69e-05, U, 3 components, 522 values
INFO: Step 215, time 4.70e-05, U, 3 components, 522 values
INFO: Step 216, time 4.71e-05, U, 3 components, 522 values
INFO: Step 217, time 4.71e-05, U, 3 components, 522 values
INFO: Step 218, time 4.72e-05, U, 3 components, 522 values
INFO: Step 219, time 4.73e-05, U, 3 components, 522 values
INFO: Step 220, time 4.74e-05, U, 3 components, 522 values
INFO: Step 221, time 4.75e-05, U, 3 components, 522 values
INFO: Step 222, time 4.75e-05, U, 3 components, 522 values
INFO: Step 223, time 4.76e-05, U, 3 components, 522 values
INFO: Step 224, time 4.77e-05, U, 3 components, 522 values
INFO: Step 225, time 4.78e-05, U, 3 components, 522 values
INFO: Step 226, time 4.78e-05, U, 3 components, 522 values
INFO: Step 227, time 4.79e-05, U, 3 components, 522 values
INFO: Step 228, time 4.80e-05, U, 3 components, 522 values
INFO: Step 229, time 4.81e-05, U, 3 components, 522 values
INFO: Step 230, time 4.82e-05, U, 3 components, 522 values
INFO: Step 231, time 4.82e-05, U, 3 components, 522 values
INFO: Step 232, time 4.83e-05, U, 3 components, 522 values
INFO: Step 233, time 4.84e-05, U, 3 components, 522 values
INFO: Step 234, time 4.85e-05, U, 3 components, 522 values
INFO: Step 235, time 4.86e-05, U, 3 components, 522 values
INFO: Step 236, time 4.86e-05, U, 3 components, 522 values
INFO: Step 237, time 4.87e-05, U, 3 components, 522 values
INFO: Step 238, time 4.88e-05, U, 3 components, 522 values
INFO: Step 239, time 4.89e-05, U, 3 components, 522 values
INFO: Step 240, time 4.89e-05, U, 3 components, 522 values
INFO: Step 241, time 4.90e-05, U, 3 components, 522 values
INFO: Step 242, time 4.91e-05, U, 3 components, 522 values
INFO: Step 243, time 4.92e-05, U, 3 components, 522 values
INFO: Step 244, time 4.93e-05, U, 3 components, 522 values
INFO: Step 245, time 4.93e-05, U, 3 components, 522 values
INFO: Step 246, time 4.94e-05, U, 3 components, 522 values
INFO: Step 247, time 4.95e-05, U, 3 components, 522 values
INFO: Step 248, time 4.96e-05, U, 3 components, 522 values
INFO: Step 249, time 4.97e-05, U, 3 components, 522 values
INFO: Step 250, time 4.97e-05, U, 3 components, 522 values
INFO: Step 251, time 4.98e-05, U, 3 components, 522 values
INFO: Step 252, time 4.99e-05, U, 3 components, 522 values
INFO: Step 253, time 5.00e-05, U, 3 components, 522 values
INFO: Step 254, time 5.01e-05, U, 3 components, 522 values
INFO: Step 255, time 5.01e-05, U, 3 components, 522 values
INFO: Step 256, time 5.02e-05, U, 3 components, 522 values
INFO: Step 257, time 5.03e-05, U, 3 components, 522 values
INFO: Step 258, time 5.04e-05, U, 3 components, 522 values
INFO: Step 259, time 5.04e-05, U, 3 components, 522 values
INFO: Step 260, time 5.05e-05, U, 3 components, 522 values
INFO: Step 261, time 5.06e-05, U, 3 components, 522 values
INFO: Step 262, time 5.07e-05, U, 3 components, 522 values
INFO: Step 263, time 5.08e-05, U, 3 components, 522 values
INFO: Step 264, time 5.08e-05, U, 3 components, 522 values
INFO: Step 265, time 5.09e-05, U, 3 components, 522 values
INFO: Step 266, time 5.10e-05, U, 3 components, 522 values
INFO: Step 267, time 5.11e-05, U, 3 components, 522 values
INFO: Step 268, time 5.12e-05, U, 3 components, 522 values
INFO: Step 269, time 5.12e-05, U, 3 components, 522 values
INFO: Step 270, time 5.13e-05, U, 3 components, 522 values
INFO: Step 271, time 5.14e-05, U, 3 components, 522 values
INFO: Step 272, time 5.15e-05, U, 3 components, 522 values
INFO: Step 273, time 5.15e-05, U, 3 components, 522 values
INFO: Step 274, time 5.16e-05, U, 3 components, 522 values
INFO: Step 275, time 5.17e-05, U, 3 components, 522 values
INFO: Step 276, time 5.18e-05, U, 3 components, 522 values
INFO: Step 277, time 5.19e-05, U, 3 components, 522 values
INFO: Step 278, time 5.19e-05, U, 3 components, 522 values
INFO: Step 279, time 5.20e-05, U, 3 components, 522 values
INFO: Step 280, time 5.21e-05, U, 3 components, 522 values
INFO: Step 281, time 5.22e-05, U, 3 components, 522 values
INFO: Step 282, time 5.23e-05, U, 3 components, 522 values
INFO: Step 283, time 5.23e-05, U, 3 components, 522 values
INFO: Step 284, time 5.24e-05, U, 3 components, 522 values
INFO: Step 285, time 5.25e-05, U, 3 components, 522 values
INFO: Step 286, time 5.26e-05, U, 3 components, 522 values
INFO: Step 287, time 5.26e-05, U, 3 components, 522 values
INFO: Step 288, time 5.27e-05, U, 3 components, 522 values
INFO: Step 289, time 5.28e-05, U, 3 components, 522 values
INFO: Step 290, time 5.29e-05, U, 3 components, 522 values
INFO: Step 291, time 5.30e-05, U, 3 components, 522 values
INFO: Step 292, time 5.30e-05, U, 3 components, 522 values
INFO: Step 293, time 5.31e-05, U, 3 components, 522 values
INFO: Step 294, time 5.32e-05, U, 3 components, 522 values
INFO: Step 295, time 5.33e-05, U, 3 components, 522 values
INFO: Step 296, time 5.34e-05, U, 3 components, 522 values
INFO: Step 297, time 5.34e-05, U, 3 components, 522 values
INFO: Step 298, time 5.35e-05, U, 3 components, 522 values
INFO: Step 299, time 5.36e-05, U, 3 components, 522 values
INFO: Step 300, time 5.37e-05, U, 3 components, 522 values
INFO: Step 301, time 5.38e-05, U, 3 components, 522 values
INFO: Step 302, time 5.38e-05, U, 3 components, 522 values
INFO: Step 303, time 5.39e-05, U, 3 components, 522 values
INFO: Step 304, time 5.40e-05, U, 3 components, 522 values
INFO: Step 305, time 5.41e-05, U, 3 components, 522 values
INFO: Step 306, time 5.41e-05, U, 3 components, 522 values
INFO: Step 307, time 5.42e-05, U, 3 components, 522 values
INFO: Step 308, time 5.43e-05, U, 3 components, 522 values
INFO: Step 309, time 5.44e-05, U, 3 components, 522 values
INFO: Step 310, time 5.45e-05, U, 3 components, 522 values
INFO: Step 311, time 5.45e-05, U, 3 components, 522 values
INFO: Step 312, time 5.46e-05, U, 3 components, 522 values
INFO: Step 313, time 5.47e-05, U, 3 components, 522 values
INFO: Step 314, time 5.48e-05, U, 3 components, 522 values
INFO: Step 315, time 5.49e-05, U, 3 components, 522 values
INFO: Step 316, time 5.49e-05, U, 3 components, 522 values
INFO: Step 317, time 5.50e-05, U, 3 components, 522 values
INFO: Step 318, time 5.51e-05, U, 3 components, 522 values
INFO: Step 319, time 5.52e-05, U, 3 components, 522 values
INFO: Step 320, time 5.52e-05, U, 3 components, 522 values
INFO: Step 321, time 5.53e-05, U, 3 components, 522 values
INFO: Step 322, time 5.54e-05, U, 3 components, 522 values
INFO: Step 323, time 5.55e-05, U, 3 components, 522 values
INFO: Step 324, time 5.56e-05, U, 3 components, 522 values
INFO: Step 325, time 5.56e-05, U, 3 components, 522 values
INFO: Step 326, time 5.57e-05, U, 3 components, 522 values
INFO: Step 327, time 5.58e-05, U, 3 components, 522 values
INFO: Step 328, time 5.59e-05, U, 3 components, 522 values
INFO: Step 329, time 5.60e-05, U, 3 components, 522 values
INFO: Step 330, time 5.60e-05, U, 3 components, 522 values
INFO: Step 331, time 5.61e-05, U, 3 components, 522 values
INFO: Step 332, time 5.62e-05, U, 3 components, 522 values
INFO: Step 333, time 5.63e-05, U, 3 components, 522 values
INFO: Step 334, time 5.63e-05, U, 3 components, 522 values
INFO: Step 335, time 5.64e-05, U, 3 components, 522 values
INFO: Step 336, time 5.65e-05, U, 3 components, 522 values
INFO: Step 337, time 5.66e-05, U, 3 components, 522 values
INFO: Step 338, time 5.67e-05, U, 3 components, 522 values
INFO: Step 339, time 5.67e-05, U, 3 components, 522 values
INFO: Step 340, time 5.68e-05, U, 3 components, 522 values
INFO: Step 341, time 5.69e-05, U, 3 components, 522 values
INFO: Step 342, time 5.70e-05, U, 3 components, 522 values
INFO: Step 343, time 5.71e-05, U, 3 components, 522 values
INFO: Step 344, time 5.71e-05, U, 3 components, 522 values
INFO: Step 345, time 5.72e-05, U, 3 components, 522 values
INFO: Step 346, time 5.73e-05, U, 3 components, 522 values
INFO: Step 347, time 5.74e-05, U, 3 components, 522 values
INFO: Step 348, time 5.75e-05, U, 3 components, 522 values
INFO: Step 349, time 5.75e-05, U, 3 components, 522 values
INFO: Step 350, time 5.76e-05, U, 3 components, 522 values
INFO: Step 351, time 5.77e-05, U, 3 components, 522 values
INFO: Step 352, time 5.78e-05, U, 3 components, 522 values
INFO: Step 353, time 5.78e-05, U, 3 components, 522 values
INFO: Step 354, time 5.79e-05, U, 3 components, 522 values
INFO: Step 355, time 5.80e-05, U, 3 components, 522 values
INFO: Step 356, time 5.81e-05, U, 3 components, 522 values
INFO: Step 357, time 5.82e-05, U, 3 components, 522 values
INFO: Step 358, time 5.82e-05, U, 3 components, 522 values
INFO: Step 359, time 5.83e-05, U, 3 components, 522 values
INFO: Step 360, time 5.84e-05, U, 3 components, 522 values
INFO: Step 361, time 5.85e-05, U, 3 components, 522 values
INFO: Step 362, time 5.86e-05, U, 3 components, 522 values
INFO: Step 363, time 5.86e-05, U, 3 components, 522 values
INFO: Step 364, time 5.87e-05, U, 3 components, 522 values
INFO: Step 365, time 5.88e-05, U, 3 components, 522 values
INFO: Step 366, time 5.89e-05, U, 3 components, 522 values
INFO: Step 367, time 5.89e-05, U, 3 components, 522 values
INFO: Step 368, time 5.90e-05, U, 3 components, 522 values
INFO: Step 369, time 5.91e-05, U, 3 components, 522 values
INFO: Step 370, time 5.92e-05, U, 3 components, 522 values
INFO: Step 371, time 5.93e-05, U, 3 components, 522 values
INFO: Step 372, time 5.93e-05, U, 3 components, 522 values
INFO: Step 373, time 5.94e-05, U, 3 components, 522 values
INFO: Step 374, time 5.95e-05, U, 3 components, 522 values
INFO: Step 375, time 5.96e-05, U, 3 components, 522 values
INFO: Step 376, time 5.97e-05, U, 3 components, 522 values
INFO: Step 377, time 5.97e-05, U, 3 components, 522 values
INFO: Step 378, time 5.98e-05, U, 3 components, 522 values
INFO: Step 379, time 5.99e-05, U, 3 components, 522 values
INFO: Step 380, time 6.00e-05, U, 3 components, 522 values
INFO: Step 381, time 6.00e-05, U, 3 components, 522 values
INFO: Step 382, time 6.01e-05, U, 3 components, 522 values
INFO: Step 383, time 6.02e-05, U, 3 components, 522 values
INFO: Step 384, time 6.03e-05, U, 3 components, 522 values
INFO: Step 385, time 6.04e-05, U, 3 components, 522 values
INFO: Step 386, time 6.04e-05, U, 3 components, 522 values
INFO: Step 387, time 6.05e-05, U, 3 components, 522 values
INFO: Step 388, time 6.06e-05, U, 3 components, 522 values
INFO: Step 389, time 6.07e-05, U, 3 components, 522 values
INFO: Step 390, time 6.08e-05, U, 3 components, 522 values
INFO: Step 391, time 6.08e-05, U, 3 components, 522 values
INFO: Step 392, time 6.09e-05, U, 3 components, 522 values
INFO: Step 393, time 6.10e-05, U, 3 components, 522 values
INFO: Step 394, time 6.11e-05, U, 3 components, 522 values
INFO: Step 395, time 6.11e-05, U, 3 components, 522 values
INFO: Step 396, time 6.12e-05, U, 3 components, 522 values
INFO: Step 397, time 6.13e-05, U, 3 components, 522 values
INFO: Step 398, time 6.14e-05, U, 3 components, 522 values
INFO: Step 399, time 6.15e-05, U, 3 components, 522 values
INFO: Step 400, time 6.15e-05, U, 3 components, 522 values
INFO: Step 401, time 6.16e-05, U, 3 components, 522 values
INFO: Step 402, time 6.17e-05, U, 3 components, 522 values
INFO: Step 403, time 6.18e-05, U, 3 components, 522 values
INFO: Step 404, time 6.19e-05, U, 3 components, 522 values
INFO: Step 405, time 6.19e-05, U, 3 components, 522 values
INFO: Step 406, time 6.20e-05, U, 3 components, 522 values
INFO: Step 407, time 6.21e-05, U, 3 components, 522 values
INFO: Step 408, time 6.22e-05, U, 3 components, 522 values
INFO: Step 409, time 6.23e-05, U, 3 components, 522 values
INFO: Step 410, time 6.23e-05, U, 3 components, 522 values
INFO: Step 411, time 6.24e-05, U, 3 components, 522 values
INFO: Step 412, time 6.25e-05, U, 3 components, 522 values
INFO: Step 413, time 6.26e-05, U, 3 components, 522 values
INFO: Step 414, time 6.26e-05, U, 3 components, 522 values
INFO: Step 415, time 6.27e-05, U, 3 components, 522 values
INFO: Step 416, time 6.28e-05, U, 3 components, 522 values
INFO: Step 417, time 6.29e-05, U, 3 components, 522 values
INFO: Step 418, time 6.30e-05, U, 3 components, 522 values
INFO: Step 419, time 6.30e-05, U, 3 components, 522 values
INFO: Step 420, time 6.31e-05, U, 3 components, 522 values
INFO: Step 421, time 6.32e-05, U, 3 components, 522 values
INFO: Step 422, time 6.33e-05, U, 3 components, 522 values
INFO: Step 423, time 6.34e-05, U, 3 components, 522 values
INFO: Step 424, time 6.34e-05, U, 3 components, 522 values
INFO: Step 425, time 6.35e-05, U, 3 components, 522 values
INFO: Step 426, time 6.36e-05, U, 3 components, 522 values
INFO: Step 427, time 6.37e-05, U, 3 components, 522 values
INFO: Step 428, time 6.37e-05, U, 3 components, 522 values
INFO: Step 429, time 6.38e-05, U, 3 components, 522 values
INFO: Step 430, time 6.39e-05, U, 3 components, 522 values
INFO: Step 431, time 6.40e-05, U, 3 components, 522 values
INFO: Step 432, time 6.41e-05, U, 3 components, 522 values
INFO: Step 433, time 6.41e-05, U, 3 components, 522 values
INFO: Step 434, time 6.42e-05, U, 3 components, 522 values
INFO: Step 435, time 6.43e-05, U, 3 components, 522 values
INFO: Step 436, time 6.44e-05, U, 3 components, 522 values
INFO: Step 437, time 6.45e-05, U, 3 components, 522 values
INFO: Step 438, time 6.45e-05, U, 3 components, 522 values
INFO: Step 439, time 6.46e-05, U, 3 components, 522 values
INFO: Step 440, time 6.47e-05, U, 3 components, 522 values
INFO: Step 441, time 6.48e-05, U, 3 components, 522 values
INFO: Step 442, time 6.48e-05, U, 3 components, 522 values
INFO: Step 443, time 6.49e-05, U, 3 components, 522 values
INFO: Step 444, time 6.50e-05, U, 3 components, 522 values
INFO: Step 445, time 6.51e-05, U, 3 components, 522 values
INFO: Step 446, time 6.52e-05, U, 3 components, 522 values
INFO: Step 447, time 6.52e-05, U, 3 components, 522 values
INFO: Step 448, time 6.53e-05, U, 3 components, 522 values
INFO: Step 449, time 6.54e-05, U, 3 components, 522 values
INFO: Step 450, time 6.55e-05, U, 3 components, 522 values
INFO: Step 451, time 6.56e-05, U, 3 components, 522 values
INFO: Step 452, time 6.56e-05, U, 3 components, 522 values
INFO: Step 453, time 6.57e-05, U, 3 components, 522 values
INFO: Step 454, time 6.58e-05, U, 3 components, 522 values
INFO: Step 455, time 6.59e-05, U, 3 components, 522 values
INFO: Step 456, time 6.60e-05, U, 3 components, 522 values
INFO: Step 457, time 6.60e-05, U, 3 components, 522 values
INFO: Step 458, time 6.61e-05, U, 3 components, 522 values
INFO: Step 459, time 6.62e-05, U, 3 components, 522 values
INFO: Step 460, time 6.63e-05, U, 3 components, 522 values
INFO: Step 461, time 6.63e-05, U, 3 components, 522 values
INFO: Step 462, time 6.64e-05, U, 3 components, 522 values
INFO: Step 463, time 6.65e-05, U, 3 components, 522 values
INFO: Step 464, time 6.66e-05, U, 3 components, 522 values
INFO: Step 465, time 6.67e-05, U, 3 components, 522 values
INFO: Step 466, time 6.67e-05, U, 3 components, 522 values
INFO: Step 467, time 6.68e-05, U, 3 components, 522 values
INFO: Step 468, time 6.69e-05, U, 3 components, 522 values
INFO: Step 469, time 6.70e-05, U, 3 components, 522 values
INFO: Step 470, time 6.71e-05, U, 3 components, 522 values
INFO: Step 471, time 6.71e-05, U, 3 components, 522 values
INFO: Step 472, time 6.72e-05, U, 3 components, 522 values
INFO: Step 473, time 6.73e-05, U, 3 components, 522 values
INFO: Step 474, time 6.74e-05, U, 3 components, 522 values
INFO: Step 475, time 6.74e-05, U, 3 components, 522 values
INFO: Step 476, time 6.75e-05, U, 3 components, 522 values
INFO: Step 477, time 6.76e-05, U, 3 components, 522 values
INFO: Step 478, time 6.77e-05, U, 3 components, 522 values
INFO: Step 479, time 6.78e-05, U, 3 components, 522 values
INFO: Step 480, time 6.78e-05, U, 3 components, 522 values
INFO: Step 481, time 6.79e-05, U, 3 components, 522 values
INFO: Step 482, time 6.80e-05, U, 3 components, 522 values
INFO: Step 483, time 6.81e-05, U, 3 components, 522 values
INFO: Step 484, time 6.82e-05, U, 3 components, 522 values
INFO: Step 485, time 6.82e-05, U, 3 components, 522 values
INFO: Step 486, time 6.83e-05, U, 3 components, 522 values
INFO: Step 487, time 6.84e-05, U, 3 components, 522 values
INFO: Step 488, time 6.85e-05, U, 3 components, 522 values
INFO: Step 489, time 6.85e-05, U, 3 components, 522 values
INFO: Step 490, time 6.86e-05, U, 3 components, 522 values
INFO: Step 491, time 6.87e-05, U, 3 components, 522 values
INFO: Step 492, time 6.88e-05, U, 3 components, 522 values
INFO: Step 493, time 6.89e-05, U, 3 components, 522 values
INFO: Step 494, time 6.89e-05, U, 3 components, 522 values
INFO: Step 495, time 6.90e-05, U, 3 components, 522 values
INFO: Step 496, time 6.91e-05, U, 3 components, 522 values
INFO: Step 497, time 6.92e-05, U, 3 components, 522 values
INFO: Step 498, time 6.93e-05, U, 3 components, 522 values
INFO: Step 499, time 6.93e-05, U, 3 components, 522 values
INFO: Step 500, time 6.94e-05, U, 3 components, 522 values
INFO: Step 501, time 6.95e-05, U, 3 components, 522 values
INFO: Step 502, time 6.96e-05, U, 3 components, 522 values
INFO: Step 503, time 6.97e-05, U, 3 components, 522 values
INFO: Step 504, time 6.97e-05, U, 3 components, 522 values
INFO: Step 505, time 6.98e-05, U, 3 components, 522 values
INFO: Step 506, time 6.99e-05, U, 3 components, 522 values
INFO: Step 507, time 7.00e-05, U, 3 components, 522 values
INFO: Step 508, time 7.00e-05, U, 3 components, 522 values
INFO: Step 509, time 7.01e-05, U, 3 components, 522 values
INFO: Step 510, time 7.02e-05, U, 3 components, 522 values
INFO: Step 511, time 7.03e-05, U, 3 components, 522 values
INFO: Step 512, time 7.04e-05, U, 3 components, 522 values
INFO: Step 513, time 7.04e-05, U, 3 components, 522 values
INFO: Step 514, time 7.05e-05, U, 3 components, 522 values
INFO: Step 515, time 7.06e-05, U, 3 components, 522 values
INFO: Step 516, time 7.07e-05, U, 3 components, 522 values
INFO: Step 517, time 7.08e-05, U, 3 components, 522 values
INFO: Step 518, time 7.08e-05, U, 3 components, 522 values
INFO: Step 519, time 7.09e-05, U, 3 components, 522 values
INFO: Step 520, time 7.10e-05, U, 3 components, 522 values
INFO: Step 521, time 7.11e-05, U, 3 components, 522 values
INFO: Step 522, time 7.11e-05, U, 3 components, 522 values
INFO: Step 523, time 7.12e-05, U, 3 components, 522 values
INFO: Step 524, time 7.13e-05, U, 3 components, 522 values
INFO: Step 525, time 7.14e-05, U, 3 components, 522 values
INFO: Step 526, time 7.15e-05, U, 3 components, 522 values
INFO: Step 527, time 7.15e-05, U, 3 components, 522 values
INFO: Step 528, time 7.16e-05, U, 3 components, 522 values
INFO: Step 529, time 7.17e-05, U, 3 components, 522 values
INFO: Step 530, time 7.18e-05, U, 3 components, 522 values
INFO: Step 531, time 7.19e-05, U, 3 components, 522 values
INFO: Step 532, time 7.19e-05, U, 3 components, 522 values
INFO: Step 533, time 7.20e-05, U, 3 components, 522 values
INFO: Step 534, time 7.21e-05, U, 3 components, 522 values
INFO: Step 535, time 7.22e-05, U, 3 components, 522 values
INFO: Step 536, time 7.22e-05, U, 3 components, 522 values
INFO: Step 537, time 7.23e-05, U, 3 components, 522 values
INFO: Step 538, time 7.24e-05, U, 3 components, 522 values
INFO: Step 539, time 7.25e-05, U, 3 components, 522 values
INFO: Step 540, time 7.26e-05, U, 3 components, 522 values
INFO: Step 541, time 7.26e-05, U, 3 components, 522 values
INFO: Step 542, time 7.27e-05, U, 3 components, 522 values
INFO: Step 543, time 7.28e-05, U, 3 components, 522 values
INFO: Step 544, time 7.29e-05, U, 3 components, 522 values
INFO: Step 545, time 7.30e-05, U, 3 components, 522 values
INFO: Step 546, time 7.30e-05, U, 3 components, 522 values
INFO: Step 547, time 7.31e-05, U, 3 components, 522 values
INFO: Step 548, time 7.32e-05, U, 3 components, 522 values
INFO: Step 549, time 7.33e-05, U, 3 components, 522 values
INFO: Step 550, time 7.34e-05, U, 3 components, 522 values
INFO: Step 551, time 7.34e-05, U, 3 components, 522 values
INFO: Step 552, time 7.35e-05, U, 3 components, 522 values
INFO: Step 553, time 7.36e-05, U, 3 components, 522 values
INFO: Step 554, time 7.37e-05, U, 3 components, 522 values
INFO: Step 555, time 7.37e-05, U, 3 components, 522 values
INFO: Step 556, time 7.38e-05, U, 3 components, 522 values
INFO: Step 557, time 7.39e-05, U, 3 components, 522 values
INFO: Step 558, time 7.40e-05, U, 3 components, 522 values
INFO: Step 559, time 7.41e-05, U, 3 components, 522 values
INFO: Step 560, time 7.41e-05, U, 3 components, 522 values
INFO: Step 561, time 7.42e-05, U, 3 components, 522 values
INFO: Step 562, time 7.43e-05, U, 3 components, 522 values
INFO: Step 563, time 7.44e-05, U, 3 components, 522 values
INFO: Step 564, time 7.45e-05, U, 3 components, 522 values
INFO: Step 565, time 7.45e-05, U, 3 components, 522 values
INFO: Step 566, time 7.46e-05, U, 3 components, 522 values
INFO: Step 567, time 7.47e-05, U, 3 components, 522 values
INFO: Step 568, time 7.48e-05, U, 3 components, 522 values
INFO: Step 569, time 7.48e-05, U, 3 components, 522 values
INFO: Step 570, time 7.49e-05, U, 3 components, 522 values
INFO: Step 571, time 7.50e-05, U, 3 components, 522 values
INFO: Step 572, time 7.51e-05, U, 3 components, 522 values
INFO: Step 573, time 7.52e-05, U, 3 components, 522 values
INFO: Step 574, time 7.52e-05, U, 3 components, 522 values
INFO: Step 575, time 7.53e-05, U, 3 components, 522 values
INFO: Step 576, time 7.54e-05, U, 3 components, 522 values
INFO: Step 577, time 7.55e-05, U, 3 components, 522 values
INFO: Step 578, time 7.56e-05, U, 3 components, 522 values
INFO: Step 579, time 7.56e-05, U, 3 components, 522 values
INFO: Step 580, time 7.57e-05, U, 3 components, 522 values
INFO: Step 581, time 7.58e-05, U, 3 components, 522 values
INFO: Step 582, time 7.59e-05, U, 3 components, 522 values
INFO: Step 583, time 7.59e-05, U, 3 components, 522 values
INFO: Step 584, time 7.60e-05, U, 3 components, 522 values
INFO: Step 585, time 7.61e-05, U, 3 components, 522 values
INFO: Step 586, time 7.62e-05, U, 3 components, 522 values
INFO: Step 587, time 7.63e-05, U, 3 components, 522 values
INFO: Step 588, time 7.63e-05, U, 3 components, 522 values
INFO: Step 589, time 7.64e-05, U, 3 components, 522 values
INFO: Step 590, time 7.65e-05, U, 3 components, 522 values
INFO: Step 591, time 7.66e-05, U, 3 components, 522 values
INFO: Step 592, time 7.67e-05, U, 3 components, 522 values
INFO: Step 593, time 7.67e-05, U, 3 components, 522 values
INFO: Step 594, time 7.68e-05, U, 3 components, 522 values
INFO: Step 595, time 7.69e-05, U, 3 components, 522 values
INFO: Step 596, time 7.70e-05, U, 3 components, 522 values
INFO: Step 597, time 7.71e-05, U, 3 components, 522 values
INFO: Step 598, time 7.71e-05, U, 3 components, 522 values
INFO: Step 599, time 7.72e-05, U, 3 components, 522 values
INFO: Step 600, time 7.73e-05, U, 3 components, 522 values
INFO: Step 601, time 7.74e-05, U, 3 components, 522 values
INFO: Step 602, time 7.74e-05, U, 3 components, 522 values
INFO: Step 603, time 7.75e-05, U, 3 components, 522 values
INFO: Step 604, time 7.76e-05, U, 3 components, 522 values
INFO: Step 605, time 7.77e-05, U, 3 components, 522 values
INFO: Step 606, time 7.78e-05, U, 3 components, 522 values
INFO: Step 607, time 7.78e-05, U, 3 components, 522 values
INFO: Step 608, time 7.79e-05, U, 3 components, 522 values
INFO: Step 609, time 7.80e-05, U, 3 components, 522 values
INFO: Step 610, time 7.81e-05, U, 3 components, 522 values
INFO: Step 611, time 7.82e-05, U, 3 components, 522 values
INFO: Step 612, time 7.82e-05, U, 3 components, 522 values
INFO: Step 613, time 7.83e-05, U, 3 components, 522 values
INFO: Step 614, time 7.84e-05, U, 3 components, 522 values
INFO: Step 615, time 7.85e-05, U, 3 components, 522 values
INFO: Step 616, time 7.85e-05, U, 3 components, 522 values
INFO: Step 617, time 7.86e-05, U, 3 components, 522 values
INFO: Step 618, time 7.87e-05, U, 3 components, 522 values
INFO: Step 619, time 7.88e-05, U, 3 components, 522 values
INFO: Step 620, time 7.89e-05, U, 3 components, 522 values
INFO: Step 621, time 7.89e-05, U, 3 components, 522 values
INFO: Step 622, time 7.90e-05, U, 3 components, 522 values
INFO: Step 623, time 7.91e-05, U, 3 components, 522 values
INFO: Step 624, time 7.92e-05, U, 3 components, 522 values
INFO: Step 625, time 7.93e-05, U, 3 components, 522 values
INFO: Step 626, time 7.93e-05, U, 3 components, 522 values
INFO: Step 627, time 7.94e-05, U, 3 components, 522 values
INFO: Step 628, time 7.95e-05, U, 3 components, 522 values
INFO: Step 629, time 7.96e-05, U, 3 components, 522 values
INFO: Step 630, time 7.96e-05, U, 3 components, 522 values
INFO: Step 631, time 7.97e-05, U, 3 components, 522 values
INFO: Step 632, time 7.98e-05, U, 3 components, 522 values
INFO: Step 633, time 7.99e-05, U, 3 components, 522 values
INFO: Step 634, time 8.00e-05, U, 3 components, 522 values
INFO: Step 635, time 8.00e-05, U, 3 components, 522 values
INFO: Step 636, time 8.01e-05, U, 3 components, 522 values
INFO: Step 637, time 8.02e-05, U, 3 components, 522 values
INFO: Step 638, time 8.03e-05, U, 3 components, 522 values
INFO: Step 639, time 8.04e-05, U, 3 components, 522 values
INFO: Step 640, time 8.04e-05, U, 3 components, 522 values
INFO: Step 641, time 8.05e-05, U, 3 components, 522 values
INFO: Step 642, time 8.06e-05, U, 3 components, 522 values
INFO: Step 643, time 8.07e-05, U, 3 components, 522 values
INFO: Step 644, time 8.08e-05, U, 3 components, 522 values
INFO: Step 645, time 8.08e-05, U, 3 components, 522 values
INFO: Step 646, time 8.09e-05, U, 3 components, 522 values
INFO: Step 647, time 8.10e-05, U, 3 components, 522 values
INFO: Step 648, time 8.11e-05, U, 3 components, 522 values
INFO: Step 649, time 8.11e-05, U, 3 components, 522 values
INFO: Step 650, time 8.12e-05, U, 3 components, 522 values
INFO: Step 651, time 8.13e-05, U, 3 components, 522 values
INFO: Step 652, time 8.14e-05, U, 3 components, 522 values
INFO: Step 653, time 8.15e-05, U, 3 components, 522 values
INFO: Step 654, time 8.15e-05, U, 3 components, 522 values
INFO: Step 655, time 8.16e-05, U, 3 components, 522 values
INFO: Step 656, time 8.17e-05, U, 3 components, 522 values
INFO: Step 657, time 8.18e-05, U, 3 components, 522 values
INFO: Step 658, time 8.19e-05, U, 3 components, 522 values
INFO: Step 659, time 8.19e-05, U, 3 components, 522 values
INFO: Step 660, time 8.20e-05, U, 3 components, 522 values
INFO: Step 661, time 8.22e-05, U, 3 components, 522 values
INFO: Step 662, time 8.23e-05, U, 3 components, 522 values
INFO: Step 663, time 8.24e-05, U, 3 components, 522 values
INFO: Step 664, time 8.25e-05, U, 3 components, 522 values
INFO: Step 665, time 8.26e-05, U, 3 components, 522 values
INFO: Step 666, time 8.28e-05, U, 3 components, 522 values
INFO: Step 667, time 8.29e-05, U, 3 components, 522 values
INFO: Step 668, time 8.31e-05, U, 3 components, 522 values
INFO: Step 669, time 8.33e-05, U, 3 components, 522 values
INFO: Step 670, time 8.35e-05, U, 3 components, 522 values
INFO: Step 671, time 8.36e-05, U, 3 components, 522 values
INFO: Step 672, time 8.38e-05, U, 3 components, 522 values
INFO: Step 673, time 8.40e-05, U, 3 components, 522 values
INFO: Step 674, time 8.42e-05, U, 3 components, 522 values
INFO: Step 675, time 8.44e-05, U, 3 components, 522 values
INFO: Step 676, time 8.45e-05, U, 3 components, 522 values
INFO: Step 677, time 8.47e-05, U, 3 components, 522 values
INFO: Step 678, time 8.49e-05, U, 3 components, 522 values
INFO: Step 679, time 8.51e-05, U, 3 components, 522 values
INFO: Step 680, time 8.52e-05, U, 3 components, 522 values
INFO: Step 681, time 8.54e-05, U, 3 components, 522 values
INFO: Step 682, time 8.56e-05, U, 3 components, 522 values
INFO: Step 683, time 8.58e-05, U, 3 components, 522 values
INFO: Step 684, time 8.59e-05, U, 3 components, 522 values
INFO: Step 685, time 8.61e-05, U, 3 components, 522 values
INFO: Step 686, time 8.63e-05, U, 3 components, 522 values
INFO: Step 687, time 8.65e-05, U, 3 components, 522 values
INFO: Step 688, time 8.67e-05, U, 3 components, 522 values
INFO: Step 689, time 8.68e-05, U, 3 components, 522 values
INFO: Step 690, time 8.70e-05, U, 3 components, 522 values
INFO: Step 691, time 8.72e-05, U, 3 components, 522 values
INFO: Step 692, time 8.74e-05, U, 3 components, 522 values
INFO: Step 693, time 8.75e-05, U, 3 components, 522 values
INFO: Step 694, time 8.77e-05, U, 3 components, 522 values
INFO: Step 695, time 8.79e-05, U, 3 components, 522 values
INFO: Step 696, time 8.81e-05, U, 3 components, 522 values
INFO: Step 697, time 8.82e-05, U, 3 components, 522 values
INFO: Step 698, time 8.84e-05, U, 3 components, 522 values
INFO: Step 699, time 8.86e-05, U, 3 components, 522 values
INFO: Step 700, time 8.88e-05, U, 3 components, 522 values
INFO: Step 701, time 8.90e-05, U, 3 components, 522 values
INFO: Step 702, time 8.91e-05, U, 3 components, 522 values
INFO: Step 703, time 8.93e-05, U, 3 components, 522 values
INFO: Step 704, time 8.95e-05, U, 3 components, 522 values
INFO: Step 705, time 8.97e-05, U, 3 components, 522 values
INFO: Step 706, time 8.98e-05, U, 3 components, 522 values
INFO: Step 707, time 9.00e-05, U, 3 components, 522 values
INFO: Step 708, time 9.02e-05, U, 3 components, 522 values
INFO: Step 709, time 9.04e-05, U, 3 components, 522 values
INFO: Step 710, time 9.06e-05, U, 3 components, 522 values
INFO: Step 711, time 9.07e-05, U, 3 components, 522 values
INFO: Step 712, time 9.09e-05, U, 3 components, 522 values
INFO: Step 713, time 9.11e-05, U, 3 components, 522 values
INFO: Step 714, time 9.13e-05, U, 3 components, 522 values
INFO: Step 715, time 9.14e-05, U, 3 components, 522 values
INFO: Step 716, time 9.16e-05, U, 3 components, 522 values
INFO: Step 717, time 9.18e-05, U, 3 components, 522 values
INFO: Step 718, time 9.20e-05, U, 3 components, 522 values
INFO: Step 719, time 9.21e-05, U, 3 components, 522 values
INFO: Step 720, time 9.23e-05, U, 3 components, 522 values
INFO: Step 721, time 9.25e-05, U, 3 components, 522 values
INFO: Step 722, time 9.27e-05, U, 3 components, 522 values
INFO: Step 723, time 9.29e-05, U, 3 components, 522 values
INFO: Step 724, time 9.30e-05, U, 3 components, 522 values
INFO: Step 725, time 9.33e-05, U, 3 components, 522 values
INFO: Step 726, time 9.37e-05, U, 3 components, 522 values
INFO: Step 727, time 9.43e-05, U, 3 components, 522 values
INFO: Step 728, time 9.50e-05, U, 3 components, 522 values
INFO: Step 729, time 9.57e-05, U, 3 components, 522 values
INFO: Step 730, time 9.64e-05, U, 3 components, 522 values
INFO: Step 731, time 9.64e-05, U, 3 components, 522 values
INFO: Step 732, time 9.64e-05, U, 3 components, 522 values
INFO: Step 733, time 9.64e-05, U, 3 components, 522 values
INFO: Step 734, time 9.64e-05, U, 3 components, 522 values
INFO: Step 735, time 9.64e-05, U, 3 components, 522 values
INFO: Step 736, time 9.64e-05, U, 3 components, 522 values
INFO: Step 737, time 9.64e-05, U, 3 components, 522 values
INFO: Step 738, time 9.64e-05, U, 3 components, 522 values
INFO: Step 739, time 9.64e-05, U, 3 components, 522 values
INFO: Step 740, time 9.64e-05, U, 3 components, 522 values
INFO: Step 741, time 9.64e-05, U, 3 components, 522 values
INFO: Step 742, time 9.64e-05, U, 3 components, 522 values
INFO: Step 743, time 9.64e-05, U, 3 components, 522 values
INFO: Step 744, time 9.64e-05, U, 3 components, 522 values
INFO: Step 745, time 9.64e-05, U, 3 components, 522 values
INFO: Step 746, time 9.64e-05, U, 3 components, 522 values
INFO: Step 747, time 9.64e-05, U, 3 components, 522 values
INFO: Step 748, time 9.64e-05, U, 3 components, 522 values
INFO: Step 749, time 9.64e-05, U, 3 components, 522 values
INFO: Step 750, time 9.64e-05, U, 3 components, 522 values
INFO: Step 751, time 9.64e-05, U, 3 components, 522 values
INFO: Step 752, time 9.64e-05, U, 3 components, 522 values
INFO: Step 753, time 9.64e-05, U, 3 components, 522 values
INFO: Step 754, time 9.64e-05, U, 3 components, 522 values
INFO: Step 755, time 9.64e-05, U, 3 components, 522 values
INFO: Step 756, time 9.64e-05, U, 3 components, 522 values
INFO: Step 757, time 9.64e-05, U, 3 components, 522 values
INFO: Step 758, time 9.64e-05, U, 3 components, 522 values
INFO: Step 759, time 9.64e-05, U, 3 components, 522 values
INFO: Step 760, time 9.64e-05, U, 3 components, 522 values
INFO: Step 761, time 9.64e-05, U, 3 components, 522 values
INFO: Step 762, time 9.64e-05, U, 3 components, 522 values
INFO: Step 763, time 9.64e-05, U, 3 components, 522 values
INFO: Step 764, time 9.64e-05, U, 3 components, 522 values
INFO: Step 765, time 9.64e-05, U, 3 components, 522 values
INFO: Step 766, time 9.64e-05, U, 3 components, 522 values
INFO: Step 767, time 9.64e-05, U, 3 components, 522 values
INFO: Step 768, time 9.65e-05, U, 3 components, 522 values
INFO: Step 769, time 9.65e-05, U, 3 components, 522 values
INFO: Step 770, time 9.66e-05, U, 3 components, 522 values
INFO: Step 771, time 9.67e-05, U, 3 components, 522 values
INFO: Step 772, time 9.69e-05, U, 3 components, 522 values
INFO: Step 773, time 9.71e-05, U, 3 components, 522 values
INFO: Step 774, time 9.75e-05, U, 3 components, 522 values
INFO: Step 775, time 9.81e-05, U, 3 components, 522 values
INFO: Step 776, time 9.89e-05, U, 3 components, 522 values
INFO: Step 777, time 1.00e-04, U, 3 components, 522 values
INFO: 716 time increments
INFO: Writing examples/ccx_2.16.structest/contact2i.001.vtu
INFO: Step 1, time 3.91e-07, U, 3 components, 522 values
INFO: Writing examples/ccx_2.16.structest/contact2i.002.vtu
INFO: Step 2, time 7.81e-07, U, 3 components, 522 values
INFO: Writing examples/ccx_2.16.structest/contact2i.003.vtu
INFO: Step 3, time 1.37e-06, U, 3 components, 522 values
INFO: Writing examples/ccx_2.16.structest/contact2i.004.vtu
INFO: Step 4, time 2.25e-06, U, 3 components, 522 values
INFO: Writing examples/ccx_2.16.structest/contact2i.005.vtu
INFO: Step 5, time 3.56e-06, U, 3 components, 522 values
INFO: Writing examples/ccx_2.16.structest/contact2i.006.vtu
INFO: Step 6, time 5.54e-06, U, 3 components, 522 values
INFO: Writing examples/ccx_2.16.structest/contact2i.007.vtu
INFO: Step 7, time 8.51e-06, U, 3 components, 522 values
INFO: Writing examples/ccx_2.16.structest/contact2i.008.vtu
INFO: Step 8, time 9.62e-06, U, 3 components, 522 values
INFO: Writing examples/ccx_2.16.structest/contact2i.009.vtu
INFO: Step 9, time 1.07e-05, U, 3 components, 522 values
INFO: Writing examples/ccx_2.16.structest/contact2i.010.vtu
INFO: Step 10, time 1.24e-05, U, 3 components, 522 values
INFO: Writing examples/ccx_2.16.structest/contact2i.011.vtu
INFO: Step 11, time 1.49e-05, U, 3 components, 522 values
INFO: Writing examples/ccx_2.16.structest/contact2i.012.vtu
INFO: Step 12, time 1.58e-05, U, 3 components, 522 values
INFO: Writing examples/ccx_2.16.structest/contact2i.013.vtu
INFO: Step 13, time 1.68e-05, U, 3 components, 522 values
INFO: Writing examples/ccx_2.16.structest/contact2i.014.vtu
INFO: Step 14, time 1.82e-05, U, 3 components, 522 values
INFO: Writing examples/ccx_2.16.structest/contact2i.015.vtu
INFO: Step 15, time 2.03e-05, U, 3 components, 522 values
INFO: Writing examples/ccx_2.16.structest/contact2i.016.vtu
INFO: Step 16, time 2.35e-05, U, 3 components, 522 values
INFO: Writing examples/ccx_2.16.structest/contact2i.017.vtu
INFO: Step 17, time 2.47e-05, U, 3 components, 522 values
INFO: Writing examples/ccx_2.16.structest/contact2i.018.vtu
INFO: Step 18, time 2.58e-05, U, 3 components, 522 values
INFO: Writing examples/ccx_2.16.structest/contact2i.019.vtu
INFO: Step 19, time 2.63e-05, U, 3 components, 522 values
INFO: Writing examples/ccx_2.16.structest/contact2i.020.vtu
INFO: Step 20, time 2.64e-05, U, 3 components, 522 values
INFO: Writing examples/ccx_2.16.structest/contact2i.021.vtu
INFO: Step 21, time 2.65e-05, U, 3 components, 522 values
INFO: Writing examples/ccx_2.16.structest/contact2i.022.vtu
INFO: Step 22, time 2.67e-05, U, 3 components, 522 values
INFO: Writing examples/ccx_2.16.structest/contact2i.023.vtu
INFO: Step 23, time 2.69e-05, U, 3 components, 522 values
INFO: Writing examples/ccx_2.16.structest/contact2i.024.vtu
INFO: Step 24, time 2.71e-05, U, 3 components, 522 values
INFO: Writing examples/ccx_2.16.structest/contact2i.025.vtu
INFO: Step 25, time 2.76e-05, U, 3 components, 522 values
INFO: Writing examples/ccx_2.16.structest/contact2i.026.vtu
INFO: Step 26, time 2.82e-05, U, 3 components, 522 values
INFO: Step 27, time 2.82e-05, U, 3 components, 522 values
INFO: Step 28, time 2.82e-05, U, 3 components, 522 values
INFO: Step 29, time 2.82e-05, U, 3 components, 522 values
INFO: Step 30, time 2.82e-05, U, 3 components, 522 values
INFO: Step 31, time 2.82e-05, U, 3 components, 522 values
INFO: Step 32, time 2.82e-05, U, 3 components, 522 values
INFO: Step 33, time 2.82e-05, U, 3 components, 522 values
INFO: Step 34, time 2.82e-05, U, 3 components, 522 values
INFO: Step 35, time 2.82e-05, U, 3 components, 522 values
INFO: Step 36, time 2.82e-05, U, 3 components, 522 values
INFO: Step 37, time 2.82e-05, U, 3 components, 522 values
INFO: Step 38, time 2.82e-05, U, 3 components, 522 values
INFO: Step 39, time 2.82e-05, U, 3 components, 522 values
INFO: Step 40, time 2.82e-05, U, 3 components, 522 values
INFO: Writing examples/ccx_2.16.structest/contact2i.027.vtu
INFO: Step 41, time 2.82e-05, U, 3 components, 522 values
INFO: Step 42, time 2.82e-05, U, 3 components, 522 values
INFO: Step 43, time 2.82e-05, U, 3 components, 522 values
INFO: Step 44, time 2.82e-05, U, 3 components, 522 values
INFO: Step 45, time 2.82e-05, U, 3 components, 522 values
INFO: Step 46, time 2.82e-05, U, 3 components, 522 values
INFO: Step 47, time 2.82e-05, U, 3 components, 522 values
INFO: Writing examples/ccx_2.16.structest/contact2i.028.vtu
INFO: Step 48, time 2.82e-05, U, 3 components, 522 values
INFO: Writing examples/ccx_2.16.structest/contact2i.029.vtu
INFO: Step 49, time 2.82e-05, U, 3 components, 522 values
INFO: Writing examples/ccx_2.16.structest/contact2i.030.vtu
INFO: Step 50, time 2.82e-05, U, 3 components, 522 values
INFO: Writing examples/ccx_2.16.structest/contact2i.031.vtu
INFO: Step 51, time 2.82e-05, U, 3 components, 522 values
INFO: Writing examples/ccx_2.16.structest/contact2i.032.vtu
INFO: Step 52, time 2.82e-05, U, 3 components, 522 values
INFO: Writing examples/ccx_2.16.structest/contact2i.033.vtu
INFO: Step 53, time 2.82e-05, U, 3 components, 522 values
INFO: Writing examples/ccx_2.16.structest/contact2i.034.vtu
INFO: Step 54, time 2.82e-05, U, 3 components, 522 values
INFO: Writing examples/ccx_2.16.structest/contact2i.035.vtu
INFO: Step 55, time 2.82e-05, U, 3 components, 522 values
INFO: Writing examples/ccx_2.16.structest/contact2i.036.vtu
INFO: Step 56, time 2.82e-05, U, 3 components, 522 values
INFO: Writing examples/ccx_2.16.structest/contact2i.037.vtu
INFO: Step 57, time 2.82e-05, U, 3 components, 522 values
INFO: Writing examples/ccx_2.16.structest/contact2i.038.vtu
INFO: Step 58, time 2.82e-05, U, 3 components, 522 values
INFO: Writing examples/ccx_2.16.structest/contact2i.039.vtu
INFO: Step 59, time 2.82e-05, U, 3 components, 522 values
INFO: Writing examples/ccx_2.16.structest/contact2i.040.vtu
INFO: Step 60, time 2.82e-05, U, 3 components, 522 values
INFO: Writing examples/ccx_2.16.structest/contact2i.041.vtu
INFO: Step 61, time 2.82e-05, U, 3 components, 522 values
INFO: Writing examples/ccx_2.16.structest/contact2i.042.vtu
INFO: Step 62, time 2.82e-05, U, 3 components, 522 values
INFO: Writing examples/ccx_2.16.structest/contact2i.043.vtu
INFO: Step 63, time 2.82e-05, U, 3 components, 522 values
INFO: Writing examples/ccx_2.16.structest/contact2i.044.vtu
INFO: Step 64, time 2.83e-05, U, 3 components, 522 values
INFO: Writing examples/ccx_2.16.structest/contact2i.045.vtu
INFO: Step 65, time 2.83e-05, U, 3 components, 522 values
INFO: Writing examples/ccx_2.16.structest/contact2i.046.vtu
INFO: Step 66, time 2.84e-05, U, 3 components, 522 values
INFO: Writing examples/ccx_2.16.structest/contact2i.047.vtu
INFO: Step 67, time 2.85e-05, U, 3 components, 522 values
INFO: Writing examples/ccx_2.16.structest/contact2i.048.vtu
INFO: Step 68, time 2.87e-05, U, 3 components, 522 values
INFO: Writing examples/ccx_2.16.structest/contact2i.049.vtu
INFO: Step 69, time 2.89e-05, U, 3 components, 522 values
INFO: Writing examples/ccx_2.16.structest/contact2i.050.vtu
INFO: Step 70, time 2.93e-05, U, 3 components, 522 values
INFO: Writing examples/ccx_2.16.structest/contact2i.051.vtu
INFO: Step 71, time 2.99e-05, U, 3 components, 522 values
INFO: Writing examples/ccx_2.16.structest/contact2i.052.vtu
INFO: Step 72, time 3.07e-05, U, 3 components, 522 values
INFO: Writing examples/ccx_2.16.structest/contact2i.053.vtu
INFO: Step 73, time 3.20e-05, U, 3 components, 522 values
INFO: Writing examples/ccx_2.16.structest/contact2i.054.vtu
INFO: Step 74, time 3.24e-05, U, 3 components, 522 values
INFO: Writing examples/ccx_2.16.structest/contact2i.055.vtu
INFO: Step 75, time 3.29e-05, U, 3 components, 522 values
INFO: Writing examples/ccx_2.16.structest/contact2i.056.vtu
INFO: Step 76, time 3.34e-05, U, 3 components, 522 values
INFO: Writing examples/ccx_2.16.structest/contact2i.057.vtu
INFO: Step 77, time 3.38e-05, U, 3 components, 522 values
INFO: Writing examples/ccx_2.16.structest/contact2i.058.vtu
INFO: Step 78, time 3.40e-05, U, 3 components, 522 values
INFO: Writing examples/ccx_2.16.structest/contact2i.059.vtu
INFO: Step 79, time 3.41e-05, U, 3 components, 522 values
INFO: Writing examples/ccx_2.16.structest/contact2i.060.vtu
INFO: Step 80, time 3.42e-05, U, 3 components, 522 values
INFO: Writing examples/ccx_2.16.structest/contact2i.061.vtu
INFO: Step 81, time 3.43e-05, U, 3 components, 522 values
INFO: Writing examples/ccx_2.16.structest/contact2i.062.vtu
INFO: Step 82, time 3.44e-05, U, 3 components, 522 values
INFO: Writing examples/ccx_2.16.structest/contact2i.063.vtu
INFO: Step 83, time 3.45e-05, U, 3 components, 522 values
INFO: Writing examples/ccx_2.16.structest/contact2i.064.vtu
INFO: Step 84, time 3.47e-05, U, 3 components, 522 values
INFO: Writing examples/ccx_2.16.structest/contact2i.065.vtu
INFO: Step 85, time 3.48e-05, U, 3 components, 522 values
INFO: Writing examples/ccx_2.16.structest/contact2i.066.vtu
INFO: Step 86, time 3.49e-05, U, 3 components, 522 values
INFO: Writing examples/ccx_2.16.structest/contact2i.067.vtu
INFO: Step 87, time 3.50e-05, U, 3 components, 522 values
INFO: Writing examples/ccx_2.16.structest/contact2i.068.vtu
INFO: Step 88, time 3.51e-05, U, 3 components, 522 values
INFO: Writing examples/ccx_2.16.structest/contact2i.069.vtu
INFO: Step 89, time 3.53e-05, U, 3 components, 522 values
INFO: Writing examples/ccx_2.16.structest/contact2i.070.vtu
INFO: Step 90, time 3.53e-05, U, 3 components, 522 values
INFO: Writing examples/ccx_2.16.structest/contact2i.071.vtu
INFO: Step 91, time 3.55e-05, U, 3 components, 522 values
INFO: Writing examples/ccx_2.16.structest/contact2i.072.vtu
INFO: Step 92, time 3.57e-05, U, 3 components, 522 values
INFO: Writing examples/ccx_2.16.structest/contact2i.073.vtu
INFO: Step 93, time 3.60e-05, U, 3 components, 522 values
INFO: Writing examples/ccx_2.16.structest/contact2i.074.vtu
INFO: Step 94, time 3.64e-05, U, 3 components, 522 values
INFO: Step 95, time 3.64e-05, U, 3 components, 522 values
INFO: Step 96, time 3.64e-05, U, 3 components, 522 values
INFO: Step 97, time 3.64e-05, U, 3 components, 522 values
INFO: Step 98, time 3.64e-05, U, 3 components, 522 values
INFO: Step 99, time 3.64e-05, U, 3 components, 522 values
INFO: Step 100, time 3.64e-05, U, 3 components, 522 values
INFO: Step 101, time 3.64e-05, U, 3 components, 522 values
INFO: Step 102, time 3.64e-05, U, 3 components, 522 values
INFO: Step 103, time 3.64e-05, U, 3 components, 522 values
INFO: Step 104, time 3.64e-05, U, 3 components, 522 values
INFO: Step 105, time 3.64e-05, U, 3 components, 522 values
INFO: Step 106, time 3.64e-05, U, 3 components, 522 values
INFO: Step 107, time 3.64e-05, U, 3 components, 522 values
INFO: Step 108, time 3.64e-05, U, 3 components, 522 values
INFO: Step 109, time 3.64e-05, U, 3 components, 522 values
INFO: Step 110, time 3.64e-05, U, 3 components, 522 values
INFO: Step 111, time 3.64e-05, U, 3 components, 522 values
INFO: Step 112, time 3.64e-05, U, 3 components, 522 values
INFO: Step 113, time 3.64e-05, U, 3 components, 522 values
INFO: Step 114, time 3.64e-05, U, 3 components, 522 values
INFO: Writing examples/ccx_2.16.structest/contact2i.075.vtu
INFO: Step 115, time 3.64e-05, U, 3 components, 522 values
INFO: Step 116, time 3.64e-05, U, 3 components, 522 values
INFO: Writing examples/ccx_2.16.structest/contact2i.076.vtu
INFO: Step 117, time 3.64e-05, U, 3 components, 522 values
INFO: Writing examples/ccx_2.16.structest/contact2i.077.vtu
INFO: Step 118, time 3.64e-05, U, 3 components, 522 values
INFO: Writing examples/ccx_2.16.structest/contact2i.078.vtu
INFO: Step 119, time 3.64e-05, U, 3 components, 522 values
INFO: Writing examples/ccx_2.16.structest/contact2i.079.vtu
INFO: Step 120, time 3.64e-05, U, 3 components, 522 values
INFO: Writing examples/ccx_2.16.structest/contact2i.080.vtu
INFO: Step 121, time 3.64e-05, U, 3 components, 522 values
INFO: Writing examples/ccx_2.16.structest/contact2i.081.vtu
INFO: Step 122, time 3.64e-05, U, 3 components, 522 values
INFO: Writing examples/ccx_2.16.structest/contact2i.082.vtu
INFO: Step 123, time 3.64e-05, U, 3 components, 522 values
INFO: Writing examples/ccx_2.16.structest/contact2i.083.vtu
INFO: Step 124, time 3.64e-05, U, 3 components, 522 values
INFO: Writing examples/ccx_2.16.structest/contact2i.084.vtu
INFO: Step 125, time 3.64e-05, U, 3 components, 522 values
INFO: Writing examples/ccx_2.16.structest/contact2i.085.vtu
INFO: Step 126, time 3.64e-05, U, 3 components, 522 values
INFO: Writing examples/ccx_2.16.structest/contact2i.086.vtu
INFO: Step 127, time 3.64e-05, U, 3 components, 522 values
INFO: Writing examples/ccx_2.16.structest/contact2i.087.vtu
INFO: Step 128, time 3.65e-05, U, 3 components, 522 values
INFO: Writing examples/ccx_2.16.structest/contact2i.088.vtu
INFO: Step 129, time 3.65e-05, U, 3 components, 522 values
INFO: Writing examples/ccx_2.16.structest/contact2i.089.vtu
INFO: Step 130, time 3.65e-05, U, 3 components, 522 values
INFO: Writing examples/ccx_2.16.structest/contact2i.090.vtu
INFO: Step 131, time 3.65e-05, U, 3 components, 522 values
INFO: Writing examples/ccx_2.16.structest/contact2i.091.vtu
INFO: Step 132, time 3.65e-05, U, 3 components, 522 values
INFO: Writing examples/ccx_2.16.structest/contact2i.092.vtu
INFO: Step 133, time 3.66e-05, U, 3 components, 522 values
INFO: Writing examples/ccx_2.16.structest/contact2i.093.vtu
INFO: Step 134, time 3.67e-05, U, 3 components, 522 values
INFO: Writing examples/ccx_2.16.structest/contact2i.094.vtu
INFO: Step 135, time 3.68e-05, U, 3 components, 522 values
INFO: Writing examples/ccx_2.16.structest/contact2i.095.vtu
INFO: Step 136, time 3.69e-05, U, 3 components, 522 values
INFO: Writing examples/ccx_2.16.structest/contact2i.096.vtu
INFO: Step 137, time 3.72e-05, U, 3 components, 522 values
INFO: Writing examples/ccx_2.16.structest/contact2i.097.vtu
INFO: Step 138, time 3.76e-05, U, 3 components, 522 values
INFO: Writing examples/ccx_2.16.structest/contact2i.098.vtu
INFO: Step 139, time 3.81e-05, U, 3 components, 522 values
INFO: Writing examples/ccx_2.16.structest/contact2i.099.vtu
INFO: Step 140, time 3.90e-05, U, 3 components, 522 values
INFO: Writing examples/ccx_2.16.structest/contact2i.100.vtu
INFO: Step 141, time 3.93e-05, U, 3 components, 522 values
INFO: Writing examples/ccx_2.16.structest/contact2i.101.vtu
INFO: Step 142, time 3.96e-05, U, 3 components, 522 values
INFO: Writing examples/ccx_2.16.structest/contact2i.102.vtu
INFO: Step 143, time 3.99e-05, U, 3 components, 522 values
INFO: Writing examples/ccx_2.16.structest/contact2i.103.vtu
INFO: Step 144, time 4.02e-05, U, 3 components, 522 values
INFO: Writing examples/ccx_2.16.structest/contact2i.104.vtu
INFO: Step 145, time 4.05e-05, U, 3 components, 522 values
INFO: Writing examples/ccx_2.16.structest/contact2i.105.vtu
INFO: Step 146, time 4.08e-05, U, 3 components, 522 values
INFO: Writing examples/ccx_2.16.structest/contact2i.106.vtu
INFO: Step 147, time 4.12e-05, U, 3 components, 522 values
INFO: Writing examples/ccx_2.16.structest/contact2i.107.vtu
INFO: Step 148, time 4.15e-05, U, 3 components, 522 values
INFO: Writing examples/ccx_2.16.structest/contact2i.108.vtu
INFO: Step 149, time 4.18e-05, U, 3 components, 522 values
INFO: Writing examples/ccx_2.16.structest/contact2i.109.vtu
INFO: Step 150, time 4.19e-05, U, 3 components, 522 values
INFO: Writing examples/ccx_2.16.structest/contact2i.110.vtu
INFO: Step 151, time 4.19e-05, U, 3 components, 522 values
INFO: Writing examples/ccx_2.16.structest/contact2i.111.vtu
INFO: Step 152, time 4.20e-05, U, 3 components, 522 values
INFO: Writing examples/ccx_2.16.structest/contact2i.112.vtu
INFO: Step 153, time 4.21e-05, U, 3 components, 522 values
INFO: Writing examples/ccx_2.16.structest/contact2i.113.vtu
INFO: Step 154, time 4.22e-05, U, 3 components, 522 values
INFO: Writing examples/ccx_2.16.structest/contact2i.114.vtu
INFO: Step 155, time 4.23e-05, U, 3 components, 522 values
INFO: Writing examples/ccx_2.16.structest/contact2i.115.vtu
INFO: Step 156, time 4.23e-05, U, 3 components, 522 values
INFO: Writing examples/ccx_2.16.structest/contact2i.116.vtu
INFO: Step 157, time 4.24e-05, U, 3 components, 522 values
INFO: Writing examples/ccx_2.16.structest/contact2i.117.vtu
INFO: Step 158, time 4.25e-05, U, 3 components, 522 values
INFO: Writing examples/ccx_2.16.structest/contact2i.118.vtu
INFO: Step 159, time 4.26e-05, U, 3 components, 522 values
INFO: Writing examples/ccx_2.16.structest/contact2i.119.vtu
INFO: Step 160, time 4.27e-05, U, 3 components, 522 values
INFO: Writing examples/ccx_2.16.structest/contact2i.120.vtu
INFO: Step 161, time 4.27e-05, U, 3 components, 522 values
INFO: Writing examples/ccx_2.16.structest/contact2i.121.vtu
INFO: Step 162, time 4.28e-05, U, 3 components, 522 values
INFO: Writing examples/ccx_2.16.structest/contact2i.122.vtu
INFO: Step 163, time 4.29e-05, U, 3 components, 522 values
INFO: Writing examples/ccx_2.16.structest/contact2i.123.vtu
INFO: Step 164, time 4.30e-05, U, 3 components, 522 values
INFO: Writing examples/ccx_2.16.structest/contact2i.124.vtu
INFO: Step 165, time 4.30e-05, U, 3 components, 522 values
INFO: Writing examples/ccx_2.16.structest/contact2i.125.vtu
INFO: Step 166, time 4.31e-05, U, 3 components, 522 values
INFO: Writing examples/ccx_2.16.structest/contact2i.126.vtu
INFO: Step 167, time 4.32e-05, U, 3 components, 522 values
INFO: Writing examples/ccx_2.16.structest/contact2i.127.vtu
INFO: Step 168, time 4.33e-05, U, 3 components, 522 values
INFO: Writing examples/ccx_2.16.structest/contact2i.128.vtu
INFO: Step 169, time 4.34e-05, U, 3 components, 522 values
INFO: Writing examples/ccx_2.16.structest/contact2i.129.vtu
INFO: Step 170, time 4.34e-05, U, 3 components, 522 values
INFO: Writing examples/ccx_2.16.structest/contact2i.130.vtu
INFO: Step 171, time 4.35e-05, U, 3 components, 522 values
INFO: Writing examples/ccx_2.16.structest/contact2i.131.vtu
INFO: Step 172, time 4.36e-05, U, 3 components, 522 values
INFO: Writing examples/ccx_2.16.structest/contact2i.132.vtu
INFO: Step 173, time 4.37e-05, U, 3 components, 522 values
INFO: Writing examples/ccx_2.16.structest/contact2i.133.vtu
INFO: Step 174, time 4.38e-05, U, 3 components, 522 values
INFO: Writing examples/ccx_2.16.structest/contact2i.134.vtu
INFO: Step 175, time 4.38e-05, U, 3 components, 522 values
INFO: Writing examples/ccx_2.16.structest/contact2i.135.vtu
INFO: Step 176, time 4.39e-05, U, 3 components, 522 values
INFO: Writing examples/ccx_2.16.structest/contact2i.136.vtu
INFO: Step 177, time 4.40e-05, U, 3 components, 522 values
INFO: Writing examples/ccx_2.16.structest/contact2i.137.vtu
INFO: Step 178, time 4.41e-05, U, 3 components, 522 values
INFO: Writing examples/ccx_2.16.structest/contact2i.138.vtu
INFO: Step 179, time 4.41e-05, U, 3 components, 522 values
INFO: Writing examples/ccx_2.16.structest/contact2i.139.vtu
INFO: Step 180, time 4.42e-05, U, 3 components, 522 values
INFO: Writing examples/ccx_2.16.structest/contact2i.140.vtu
INFO: Step 181, time 4.43e-05, U, 3 components, 522 values
INFO: Writing examples/ccx_2.16.structest/contact2i.141.vtu
INFO: Step 182, time 4.44e-05, U, 3 components, 522 values
INFO: Writing examples/ccx_2.16.structest/contact2i.142.vtu
INFO: Step 183, time 4.45e-05, U, 3 components, 522 values
INFO: Writing examples/ccx_2.16.structest/contact2i.143.vtu
INFO: Step 184, time 4.45e-05, U, 3 components, 522 values
INFO: Writing examples/ccx_2.16.structest/contact2i.144.vtu
INFO: Step 185, time 4.46e-05, U, 3 components, 522 values
INFO: Writing examples/ccx_2.16.structest/contact2i.145.vtu
INFO: Step 186, time 4.47e-05, U, 3 components, 522 values
INFO: Writing examples/ccx_2.16.structest/contact2i.146.vtu
INFO: Step 187, time 4.48e-05, U, 3 components, 522 values
INFO: Writing examples/ccx_2.16.structest/contact2i.147.vtu
INFO: Step 188, time 4.49e-05, U, 3 components, 522 values
INFO: Writing examples/ccx_2.16.structest/contact2i.148.vtu
INFO: Step 189, time 4.49e-05, U, 3 components, 522 values
INFO: Writing examples/ccx_2.16.structest/contact2i.149.vtu
INFO: Step 190, time 4.50e-05, U, 3 components, 522 values
INFO: Writing examples/ccx_2.16.structest/contact2i.150.vtu
INFO: Step 191, time 4.51e-05, U, 3 components, 522 values
INFO: Writing examples/ccx_2.16.structest/contact2i.151.vtu
INFO: Step 192, time 4.52e-05, U, 3 components, 522 values
INFO: Writing examples/ccx_2.16.structest/contact2i.152.vtu
INFO: Step 193, time 4.52e-05, U, 3 components, 522 values
INFO: Writing examples/ccx_2.16.structest/contact2i.153.vtu
INFO: Step 194, time 4.53e-05, U, 3 components, 522 values
INFO: Writing examples/ccx_2.16.structest/contact2i.154.vtu
INFO: Step 195, time 4.54e-05, U, 3 components, 522 values
INFO: Writing examples/ccx_2.16.structest/contact2i.155.vtu
INFO: Step 196, time 4.55e-05, U, 3 components, 522 values
INFO: Writing examples/ccx_2.16.structest/contact2i.156.vtu
INFO: Step 197, time 4.56e-05, U, 3 components, 522 values
INFO: Writing examples/ccx_2.16.structest/contact2i.157.vtu
INFO: Step 198, time 4.56e-05, U, 3 components, 522 values
INFO: Writing examples/ccx_2.16.structest/contact2i.158.vtu
INFO: Step 199, time 4.57e-05, U, 3 components, 522 values
INFO: Writing examples/ccx_2.16.structest/contact2i.159.vtu
INFO: Step 200, time 4.58e-05, U, 3 components, 522 values
INFO: Writing examples/ccx_2.16.structest/contact2i.160.vtu
INFO: Step 201, time 4.59e-05, U, 3 components, 522 values
INFO: Writing examples/ccx_2.16.structest/contact2i.161.vtu
INFO: Step 202, time 4.60e-05, U, 3 components, 522 values
INFO: Writing examples/ccx_2.16.structest/contact2i.162.vtu
INFO: Step 203, time 4.60e-05, U, 3 components, 522 values
INFO: Writing examples/ccx_2.16.structest/contact2i.163.vtu
INFO: Step 204, time 4.61e-05, U, 3 components, 522 values
INFO: Writing examples/ccx_2.16.structest/contact2i.164.vtu
INFO: Step 205, time 4.62e-05, U, 3 components, 522 values
INFO: Writing examples/ccx_2.16.structest/contact2i.165.vtu
INFO: Step 206, time 4.63e-05, U, 3 components, 522 values
INFO: Writing examples/ccx_2.16.structest/contact2i.166.vtu
INFO: Step 207, time 4.64e-05, U, 3 components, 522 values
INFO: Writing examples/ccx_2.16.structest/contact2i.167.vtu
INFO: Step 208, time 4.64e-05, U, 3 components, 522 values
INFO: Writing examples/ccx_2.16.structest/contact2i.168.vtu
INFO: Step 209, time 4.65e-05, U, 3 components, 522 values
INFO: Writing examples/ccx_2.16.structest/contact2i.169.vtu
INFO: Step 210, time 4.66e-05, U, 3 components, 522 values
INFO: Writing examples/ccx_2.16.structest/contact2i.170.vtu
INFO: Step 211, time 4.67e-05, U, 3 components, 522 values
INFO: Writing examples/ccx_2.16.structest/contact2i.171.vtu
INFO: Step 212, time 4.67e-05, U, 3 components, 522 values
INFO: Writing examples/ccx_2.16.structest/contact2i.172.vtu
INFO: Step 213, time 4.68e-05, U, 3 components, 522 values
INFO: Writing examples/ccx_2.16.structest/contact2i.173.vtu
INFO: Step 214, time 4.69e-05, U, 3 components, 522 values
INFO: Writing examples/ccx_2.16.structest/contact2i.174.vtu
INFO: Step 215, time 4.70e-05, U, 3 components, 522 values
INFO: Writing examples/ccx_2.16.structest/contact2i.175.vtu
INFO: Step 216, time 4.71e-05, U, 3 components, 522 values
INFO: Writing examples/ccx_2.16.structest/contact2i.176.vtu
INFO: Step 217, time 4.71e-05, U, 3 components, 522 values
INFO: Writing examples/ccx_2.16.structest/contact2i.177.vtu
INFO: Step 218, time 4.72e-05, U, 3 components, 522 values
INFO: Writing examples/ccx_2.16.structest/contact2i.178.vtu
INFO: Step 219, time 4.73e-05, U, 3 components, 522 values
INFO: Writing examples/ccx_2.16.structest/contact2i.179.vtu
INFO: Step 220, time 4.74e-05, U, 3 components, 522 values
INFO: Writing examples/ccx_2.16.structest/contact2i.180.vtu
INFO: Step 221, time 4.75e-05, U, 3 components, 522 values
INFO: Writing examples/ccx_2.16.structest/contact2i.181.vtu
INFO: Step 222, time 4.75e-05, U, 3 components, 522 values
INFO: Writing examples/ccx_2.16.structest/contact2i.182.vtu
INFO: Step 223, time 4.76e-05, U, 3 components, 522 values
INFO: Writing examples/ccx_2.16.structest/contact2i.183.vtu
INFO: Step 224, time 4.77e-05, U, 3 components, 522 values
INFO: Writing examples/ccx_2.16.structest/contact2i.184.vtu
INFO: Step 225, time 4.78e-05, U, 3 components, 522 values
INFO: Writing examples/ccx_2.16.structest/contact2i.185.vtu
INFO: Step 226, time 4.78e-05, U, 3 components, 522 values
INFO: Writing examples/ccx_2.16.structest/contact2i.186.vtu
INFO: Step 227, time 4.79e-05, U, 3 components, 522 values
INFO: Writing examples/ccx_2.16.structest/contact2i.187.vtu
INFO: Step 228, time 4.80e-05, U, 3 components, 522 values
INFO: Writing examples/ccx_2.16.structest/contact2i.188.vtu
INFO: Step 229, time 4.81e-05, U, 3 components, 522 values
INFO: Writing examples/ccx_2.16.structest/contact2i.189.vtu
INFO: Step 230, time 4.82e-05, U, 3 components, 522 values
INFO: Writing examples/ccx_2.16.structest/contact2i.190.vtu
INFO: Step 231, time 4.82e-05, U, 3 components, 522 values
INFO: Writing examples/ccx_2.16.structest/contact2i.191.vtu
INFO: Step 232, time 4.83e-05, U, 3 components, 522 values
INFO: Writing examples/ccx_2.16.structest/contact2i.192.vtu
INFO: Step 233, time 4.84e-05, U, 3 components, 522 values
INFO: Writing examples/ccx_2.16.structest/contact2i.193.vtu
INFO: Step 234, time 4.85e-05, U, 3 components, 522 values
INFO: Writing examples/ccx_2.16.structest/contact2i.194.vtu
INFO: Step 235, time 4.86e-05, U, 3 components, 522 values
INFO: Writing examples/ccx_2.16.structest/contact2i.195.vtu
INFO: Step 236, time 4.86e-05, U, 3 components, 522 values
INFO: Writing examples/ccx_2.16.structest/contact2i.196.vtu
INFO: Step 237, time 4.87e-05, U, 3 components, 522 values
INFO: Writing examples/ccx_2.16.structest/contact2i.197.vtu
INFO: Step 238, time 4.88e-05, U, 3 components, 522 values
INFO: Writing examples/ccx_2.16.structest/contact2i.198.vtu
INFO: Step 239, time 4.89e-05, U, 3 components, 522 values
INFO: Writing examples/ccx_2.16.structest/contact2i.199.vtu
INFO: Step 240, time 4.89e-05, U, 3 components, 522 values
INFO: Writing examples/ccx_2.16.structest/contact2i.200.vtu
INFO: Step 241, time 4.90e-05, U, 3 components, 522 values
INFO: Writing examples/ccx_2.16.structest/contact2i.201.vtu
INFO: Step 242, time 4.91e-05, U, 3 components, 522 values
INFO: Writing examples/ccx_2.16.structest/contact2i.202.vtu
INFO: Step 243, time 4.92e-05, U, 3 components, 522 values
INFO: Writing examples/ccx_2.16.structest/contact2i.203.vtu
INFO: Step 244, time 4.93e-05, U, 3 components, 522 values
INFO: Writing examples/ccx_2.16.structest/contact2i.204.vtu
INFO: Step 245, time 4.93e-05, U, 3 components, 522 values
INFO: Writing examples/ccx_2.16.structest/contact2i.205.vtu
INFO: Step 246, time 4.94e-05, U, 3 components, 522 values
INFO: Writing examples/ccx_2.16.structest/contact2i.206.vtu
INFO: Step 247, time 4.95e-05, U, 3 components, 522 values
INFO: Writing examples/ccx_2.16.structest/contact2i.207.vtu
INFO: Step 248, time 4.96e-05, U, 3 components, 522 values
INFO: Writing examples/ccx_2.16.structest/contact2i.208.vtu
INFO: Step 249, time 4.97e-05, U, 3 components, 522 values
INFO: Writing examples/ccx_2.16.structest/contact2i.209.vtu
INFO: Step 250, time 4.97e-05, U, 3 components, 522 values
INFO: Writing examples/ccx_2.16.structest/contact2i.210.vtu
INFO: Step 251, time 4.98e-05, U, 3 components, 522 values
INFO: Writing examples/ccx_2.16.structest/contact2i.211.vtu
INFO: Step 252, time 4.99e-05, U, 3 components, 522 values
INFO: Writing examples/ccx_2.16.structest/contact2i.212.vtu
INFO: Step 253, time 5.00e-05, U, 3 components, 522 values
INFO: Writing examples/ccx_2.16.structest/contact2i.213.vtu
INFO: Step 254, time 5.01e-05, U, 3 components, 522 values
INFO: Writing examples/ccx_2.16.structest/contact2i.214.vtu
INFO: Step 255, time 5.01e-05, U, 3 components, 522 values
INFO: Writing examples/ccx_2.16.structest/contact2i.215.vtu
INFO: Step 256, time 5.02e-05, U, 3 components, 522 values
INFO: Writing examples/ccx_2.16.structest/contact2i.216.vtu
INFO: Step 257, time 5.03e-05, U, 3 components, 522 values
INFO: Writing examples/ccx_2.16.structest/contact2i.217.vtu
INFO: Step 258, time 5.04e-05, U, 3 components, 522 values
INFO: Writing examples/ccx_2.16.structest/contact2i.218.vtu
INFO: Step 259, time 5.04e-05, U, 3 components, 522 values
INFO: Writing examples/ccx_2.16.structest/contact2i.219.vtu
INFO: Step 260, time 5.05e-05, U, 3 components, 522 values
INFO: Writing examples/ccx_2.16.structest/contact2i.220.vtu
INFO: Step 261, time 5.06e-05, U, 3 components, 522 values
INFO: Writing examples/ccx_2.16.structest/contact2i.221.vtu
INFO: Step 262, time 5.07e-05, U, 3 components, 522 values
INFO: Writing examples/ccx_2.16.structest/contact2i.222.vtu
INFO: Step 263, time 5.08e-05, U, 3 components, 522 values
INFO: Writing examples/ccx_2.16.structest/contact2i.223.vtu
INFO: Step 264, time 5.08e-05, U, 3 components, 522 values
INFO: Writing examples/ccx_2.16.structest/contact2i.224.vtu
INFO: Step 265, time 5.09e-05, U, 3 components, 522 values
INFO: Writing examples/ccx_2.16.structest/contact2i.225.vtu
INFO: Step 266, time 5.10e-05, U, 3 components, 522 values
INFO: Writing examples/ccx_2.16.structest/contact2i.226.vtu
INFO: Step 267, time 5.11e-05, U, 3 components, 522 values
INFO: Writing examples/ccx_2.16.structest/contact2i.227.vtu
INFO: Step 268, time 5.12e-05, U, 3 components, 522 values
INFO: Writing examples/ccx_2.16.structest/contact2i.228.vtu
INFO: Step 269, time 5.12e-05, U, 3 components, 522 values
INFO: Writing examples/ccx_2.16.structest/contact2i.229.vtu
INFO: Step 270, time 5.13e-05, U, 3 components, 522 values
INFO: Writing examples/ccx_2.16.structest/contact2i.230.vtu
INFO: Step 271, time 5.14e-05, U, 3 components, 522 values
INFO: Writing examples/ccx_2.16.structest/contact2i.231.vtu
INFO: Step 272, time 5.15e-05, U, 3 components, 522 values
INFO: Writing examples/ccx_2.16.structest/contact2i.232.vtu
INFO: Step 273, time 5.15e-05, U, 3 components, 522 values
INFO: Writing examples/ccx_2.16.structest/contact2i.233.vtu
INFO: Step 274, time 5.16e-05, U, 3 components, 522 values
INFO: Writing examples/ccx_2.16.structest/contact2i.234.vtu
INFO: Step 275, time 5.17e-05, U, 3 components, 522 values
INFO: Writing examples/ccx_2.16.structest/contact2i.235.vtu
INFO: Step 276, time 5.18e-05, U, 3 components, 522 values
INFO: Writing examples/ccx_2.16.structest/contact2i.236.vtu
INFO: Step 277, time 5.19e-05, U, 3 components, 522 values
INFO: Writing examples/ccx_2.16.structest/contact2i.237.vtu
INFO: Step 278, time 5.19e-05, U, 3 components, 522 values
INFO: Writing examples/ccx_2.16.structest/contact2i.238.vtu
INFO: Step 279, time 5.20e-05, U, 3 components, 522 values
INFO: Writing examples/ccx_2.16.structest/contact2i.239.vtu
INFO: Step 280, time 5.21e-05, U, 3 components, 522 values
INFO: Writing examples/ccx_2.16.structest/contact2i.240.vtu
INFO: Step 281, time 5.22e-05, U, 3 components, 522 values
INFO: Writing examples/ccx_2.16.structest/contact2i.241.vtu
INFO: Step 282, time 5.23e-05, U, 3 components, 522 values
INFO: Writing examples/ccx_2.16.structest/contact2i.242.vtu
INFO: Step 283, time 5.23e-05, U, 3 components, 522 values
INFO: Writing examples/ccx_2.16.structest/contact2i.243.vtu
INFO: Step 284, time 5.24e-05, U, 3 components, 522 values
INFO: Writing examples/ccx_2.16.structest/contact2i.244.vtu
INFO: Step 285, time 5.25e-05, U, 3 components, 522 values
INFO: Writing examples/ccx_2.16.structest/contact2i.245.vtu
INFO: Step 286, time 5.26e-05, U, 3 components, 522 values
INFO: Writing examples/ccx_2.16.structest/contact2i.246.vtu
INFO: Step 287, time 5.26e-05, U, 3 components, 522 values
INFO: Writing examples/ccx_2.16.structest/contact2i.247.vtu
INFO: Step 288, time 5.27e-05, U, 3 components, 522 values
INFO: Writing examples/ccx_2.16.structest/contact2i.248.vtu
INFO: Step 289, time 5.28e-05, U, 3 components, 522 values
INFO: Writing examples/ccx_2.16.structest/contact2i.249.vtu
INFO: Step 290, time 5.29e-05, U, 3 components, 522 values
INFO: Writing examples/ccx_2.16.structest/contact2i.250.vtu
INFO: Step 291, time 5.30e-05, U, 3 components, 522 values
INFO: Writing examples/ccx_2.16.structest/contact2i.251.vtu
INFO: Step 292, time 5.30e-05, U, 3 components, 522 values
INFO: Writing examples/ccx_2.16.structest/contact2i.252.vtu
INFO: Step 293, time 5.31e-05, U, 3 components, 522 values
INFO: Writing examples/ccx_2.16.structest/contact2i.253.vtu
INFO: Step 294, time 5.32e-05, U, 3 components, 522 values
INFO: Writing examples/ccx_2.16.structest/contact2i.254.vtu
INFO: Step 295, time 5.33e-05, U, 3 components, 522 values
INFO: Writing examples/ccx_2.16.structest/contact2i.255.vtu
INFO: Step 296, time 5.34e-05, U, 3 components, 522 values
INFO: Writing examples/ccx_2.16.structest/contact2i.256.vtu
INFO: Step 297, time 5.34e-05, U, 3 components, 522 values
INFO: Writing examples/ccx_2.16.structest/contact2i.257.vtu
INFO: Step 298, time 5.35e-05, U, 3 components, 522 values
INFO: Writing examples/ccx_2.16.structest/contact2i.258.vtu
INFO: Step 299, time 5.36e-05, U, 3 components, 522 values
INFO: Writing examples/ccx_2.16.structest/contact2i.259.vtu
INFO: Step 300, time 5.37e-05, U, 3 components, 522 values
INFO: Writing examples/ccx_2.16.structest/contact2i.260.vtu
INFO: Step 301, time 5.38e-05, U, 3 components, 522 values
INFO: Writing examples/ccx_2.16.structest/contact2i.261.vtu
INFO: Step 302, time 5.38e-05, U, 3 components, 522 values
INFO: Writing examples/ccx_2.16.structest/contact2i.262.vtu
INFO: Step 303, time 5.39e-05, U, 3 components, 522 values
INFO: Writing examples/ccx_2.16.structest/contact2i.263.vtu
INFO: Step 304, time 5.40e-05, U, 3 components, 522 values
INFO: Writing examples/ccx_2.16.structest/contact2i.264.vtu
INFO: Step 305, time 5.41e-05, U, 3 components, 522 values
INFO: Writing examples/ccx_2.16.structest/contact2i.265.vtu
INFO: Step 306, time 5.41e-05, U, 3 components, 522 values
INFO: Writing examples/ccx_2.16.structest/contact2i.266.vtu
INFO: Step 307, time 5.42e-05, U, 3 components, 522 values
INFO: Writing examples/ccx_2.16.structest/contact2i.267.vtu
INFO: Step 308, time 5.43e-05, U, 3 components, 522 values
INFO: Writing examples/ccx_2.16.structest/contact2i.268.vtu
INFO: Step 309, time 5.44e-05, U, 3 components, 522 values
INFO: Writing examples/ccx_2.16.structest/contact2i.269.vtu
INFO: Step 310, time 5.45e-05, U, 3 components, 522 values
INFO: Writing examples/ccx_2.16.structest/contact2i.270.vtu
INFO: Step 311, time 5.45e-05, U, 3 components, 522 values
INFO: Writing examples/ccx_2.16.structest/contact2i.271.vtu
INFO: Step 312, time 5.46e-05, U, 3 components, 522 values
INFO: Writing examples/ccx_2.16.structest/contact2i.272.vtu
INFO: Step 313, time 5.47e-05, U, 3 components, 522 values
INFO: Writing examples/ccx_2.16.structest/contact2i.273.vtu
INFO: Step 314, time 5.48e-05, U, 3 components, 522 values
INFO: Writing examples/ccx_2.16.structest/contact2i.274.vtu
INFO: Step 315, time 5.49e-05, U, 3 components, 522 values
INFO: Writing examples/ccx_2.16.structest/contact2i.275.vtu
INFO: Step 316, time 5.49e-05, U, 3 components, 522 values
INFO: Writing examples/ccx_2.16.structest/contact2i.276.vtu
INFO: Step 317, time 5.50e-05, U, 3 components, 522 values
INFO: Writing examples/ccx_2.16.structest/contact2i.277.vtu
INFO: Step 318, time 5.51e-05, U, 3 components, 522 values
INFO: Writing examples/ccx_2.16.structest/contact2i.278.vtu
INFO: Step 319, time 5.52e-05, U, 3 components, 522 values
INFO: Writing examples/ccx_2.16.structest/contact2i.279.vtu
INFO: Step 320, time 5.52e-05, U, 3 components, 522 values
INFO: Writing examples/ccx_2.16.structest/contact2i.280.vtu
INFO: Step 321, time 5.53e-05, U, 3 components, 522 values
INFO: Writing examples/ccx_2.16.structest/contact2i.281.vtu
INFO: Step 322, time 5.54e-05, U, 3 components, 522 values
INFO: Writing examples/ccx_2.16.structest/contact2i.282.vtu
INFO: Step 323, time 5.55e-05, U, 3 components, 522 values
INFO: Writing examples/ccx_2.16.structest/contact2i.283.vtu
INFO: Step 324, time 5.56e-05, U, 3 components, 522 values
INFO: Writing examples/ccx_2.16.structest/contact2i.284.vtu
INFO: Step 325, time 5.56e-05, U, 3 components, 522 values
INFO: Writing examples/ccx_2.16.structest/contact2i.285.vtu
INFO: Step 326, time 5.57e-05, U, 3 components, 522 values
INFO: Writing examples/ccx_2.16.structest/contact2i.286.vtu
INFO: Step 327, time 5.58e-05, U, 3 components, 522 values
INFO: Writing examples/ccx_2.16.structest/contact2i.287.vtu
INFO: Step 328, time 5.59e-05, U, 3 components, 522 values
INFO: Writing examples/ccx_2.16.structest/contact2i.288.vtu
INFO: Step 329, time 5.60e-05, U, 3 components, 522 values
INFO: Writing examples/ccx_2.16.structest/contact2i.289.vtu
INFO: Step 330, time 5.60e-05, U, 3 components, 522 values
INFO: Writing examples/ccx_2.16.structest/contact2i.290.vtu
INFO: Step 331, time 5.61e-05, U, 3 components, 522 values
INFO: Writing examples/ccx_2.16.structest/contact2i.291.vtu
INFO: Step 332, time 5.62e-05, U, 3 components, 522 values
INFO: Writing examples/ccx_2.16.structest/contact2i.292.vtu
INFO: Step 333, time 5.63e-05, U, 3 components, 522 values
INFO: Writing examples/ccx_2.16.structest/contact2i.293.vtu
INFO: Step 334, time 5.63e-05, U, 3 components, 522 values
INFO: Writing examples/ccx_2.16.structest/contact2i.294.vtu
INFO: Step 335, time 5.64e-05, U, 3 components, 522 values
INFO: Writing examples/ccx_2.16.structest/contact2i.295.vtu
INFO: Step 336, time 5.65e-05, U, 3 components, 522 values
INFO: Writing examples/ccx_2.16.structest/contact2i.296.vtu
INFO: Step 337, time 5.66e-05, U, 3 components, 522 values
INFO: Writing examples/ccx_2.16.structest/contact2i.297.vtu
INFO: Step 338, time 5.67e-05, U, 3 components, 522 values
INFO: Writing examples/ccx_2.16.structest/contact2i.298.vtu
INFO: Step 339, time 5.67e-05, U, 3 components, 522 values
INFO: Writing examples/ccx_2.16.structest/contact2i.299.vtu
INFO: Step 340, time 5.68e-05, U, 3 components, 522 values
INFO: Writing examples/ccx_2.16.structest/contact2i.300.vtu
INFO: Step 341, time 5.69e-05, U, 3 components, 522 values
INFO: Writing examples/ccx_2.16.structest/contact2i.301.vtu
INFO: Step 342, time 5.70e-05, U, 3 components, 522 values
INFO: Writing examples/ccx_2.16.structest/contact2i.302.vtu
INFO: Step 343, time 5.71e-05, U, 3 components, 522 values
INFO: Writing examples/ccx_2.16.structest/contact2i.303.vtu
INFO: Step 344, time 5.71e-05, U, 3 components, 522 values
INFO: Writing examples/ccx_2.16.structest/contact2i.304.vtu
INFO: Step 345, time 5.72e-05, U, 3 components, 522 values
INFO: Writing examples/ccx_2.16.structest/contact2i.305.vtu
INFO: Step 346, time 5.73e-05, U, 3 components, 522 values
INFO: Writing examples/ccx_2.16.structest/contact2i.306.vtu
INFO: Step 347, time 5.74e-05, U, 3 components, 522 values
INFO: Writing examples/ccx_2.16.structest/contact2i.307.vtu
INFO: Step 348, time 5.75e-05, U, 3 components, 522 values
INFO: Writing examples/ccx_2.16.structest/contact2i.308.vtu
INFO: Step 349, time 5.75e-05, U, 3 components, 522 values
INFO: Writing examples/ccx_2.16.structest/contact2i.309.vtu
INFO: Step 350, time 5.76e-05, U, 3 components, 522 values
INFO: Writing examples/ccx_2.16.structest/contact2i.310.vtu
INFO: Step 351, time 5.77e-05, U, 3 components, 522 values
INFO: Writing examples/ccx_2.16.structest/contact2i.311.vtu
INFO: Step 352, time 5.78e-05, U, 3 components, 522 values
INFO: Writing examples/ccx_2.16.structest/contact2i.312.vtu
INFO: Step 353, time 5.78e-05, U, 3 components, 522 values
INFO: Writing examples/ccx_2.16.structest/contact2i.313.vtu
INFO: Step 354, time 5.79e-05, U, 3 components, 522 values
INFO: Writing examples/ccx_2.16.structest/contact2i.314.vtu
INFO: Step 355, time 5.80e-05, U, 3 components, 522 values
INFO: Writing examples/ccx_2.16.structest/contact2i.315.vtu
INFO: Step 356, time 5.81e-05, U, 3 components, 522 values
INFO: Writing examples/ccx_2.16.structest/contact2i.316.vtu
INFO: Step 357, time 5.82e-05, U, 3 components, 522 values
INFO: Writing examples/ccx_2.16.structest/contact2i.317.vtu
INFO: Step 358, time 5.82e-05, U, 3 components, 522 values
INFO: Writing examples/ccx_2.16.structest/contact2i.318.vtu
INFO: Step 359, time 5.83e-05, U, 3 components, 522 values
INFO: Writing examples/ccx_2.16.structest/contact2i.319.vtu
INFO: Step 360, time 5.84e-05, U, 3 components, 522 values
INFO: Writing examples/ccx_2.16.structest/contact2i.320.vtu
INFO: Step 361, time 5.85e-05, U, 3 components, 522 values
INFO: Writing examples/ccx_2.16.structest/contact2i.321.vtu
INFO: Step 362, time 5.86e-05, U, 3 components, 522 values
INFO: Writing examples/ccx_2.16.structest/contact2i.322.vtu
INFO: Step 363, time 5.86e-05, U, 3 components, 522 values
INFO: Writing examples/ccx_2.16.structest/contact2i.323.vtu
INFO: Step 364, time 5.87e-05, U, 3 components, 522 values
INFO: Writing examples/ccx_2.16.structest/contact2i.324.vtu
INFO: Step 365, time 5.88e-05, U, 3 components, 522 values
INFO: Writing examples/ccx_2.16.structest/contact2i.325.vtu
INFO: Step 366, time 5.89e-05, U, 3 components, 522 values
INFO: Writing examples/ccx_2.16.structest/contact2i.326.vtu
INFO: Step 367, time 5.89e-05, U, 3 components, 522 values
INFO: Writing examples/ccx_2.16.structest/contact2i.327.vtu
INFO: Step 368, time 5.90e-05, U, 3 components, 522 values
INFO: Writing examples/ccx_2.16.structest/contact2i.328.vtu
INFO: Step 369, time 5.91e-05, U, 3 components, 522 values
INFO: Writing examples/ccx_2.16.structest/contact2i.329.vtu
INFO: Step 370, time 5.92e-05, U, 3 components, 522 values
INFO: Writing examples/ccx_2.16.structest/contact2i.330.vtu
INFO: Step 371, time 5.93e-05, U, 3 components, 522 values
INFO: Writing examples/ccx_2.16.structest/contact2i.331.vtu
INFO: Step 372, time 5.93e-05, U, 3 components, 522 values
INFO: Writing examples/ccx_2.16.structest/contact2i.332.vtu
INFO: Step 373, time 5.94e-05, U, 3 components, 522 values
INFO: Writing examples/ccx_2.16.structest/contact2i.333.vtu
INFO: Step 374, time 5.95e-05, U, 3 components, 522 values
INFO: Writing examples/ccx_2.16.structest/contact2i.334.vtu
INFO: Step 375, time 5.96e-05, U, 3 components, 522 values
INFO: Writing examples/ccx_2.16.structest/contact2i.335.vtu
INFO: Step 376, time 5.97e-05, U, 3 components, 522 values
INFO: Writing examples/ccx_2.16.structest/contact2i.336.vtu
INFO: Step 377, time 5.97e-05, U, 3 components, 522 values
INFO: Writing examples/ccx_2.16.structest/contact2i.337.vtu
INFO: Step 378, time 5.98e-05, U, 3 components, 522 values
INFO: Writing examples/ccx_2.16.structest/contact2i.338.vtu
INFO: Step 379, time 5.99e-05, U, 3 components, 522 values
INFO: Writing examples/ccx_2.16.structest/contact2i.339.vtu
INFO: Step 380, time 6.00e-05, U, 3 components, 522 values
INFO: Writing examples/ccx_2.16.structest/contact2i.340.vtu
INFO: Step 381, time 6.00e-05, U, 3 components, 522 values
INFO: Writing examples/ccx_2.16.structest/contact2i.341.vtu
INFO: Step 382, time 6.01e-05, U, 3 components, 522 values
INFO: Writing examples/ccx_2.16.structest/contact2i.342.vtu
INFO: Step 383, time 6.02e-05, U, 3 components, 522 values
INFO: Writing examples/ccx_2.16.structest/contact2i.343.vtu
INFO: Step 384, time 6.03e-05, U, 3 components, 522 values
INFO: Writing examples/ccx_2.16.structest/contact2i.344.vtu
INFO: Step 385, time 6.04e-05, U, 3 components, 522 values
INFO: Writing examples/ccx_2.16.structest/contact2i.345.vtu
INFO: Step 386, time 6.04e-05, U, 3 components, 522 values
INFO: Writing examples/ccx_2.16.structest/contact2i.346.vtu
INFO: Step 387, time 6.05e-05, U, 3 components, 522 values
INFO: Writing examples/ccx_2.16.structest/contact2i.347.vtu
INFO: Step 388, time 6.06e-05, U, 3 components, 522 values
INFO: Writing examples/ccx_2.16.structest/contact2i.348.vtu
INFO: Step 389, time 6.07e-05, U, 3 components, 522 values
INFO: Writing examples/ccx_2.16.structest/contact2i.349.vtu
INFO: Step 390, time 6.08e-05, U, 3 components, 522 values
INFO: Writing examples/ccx_2.16.structest/contact2i.350.vtu
INFO: Step 391, time 6.08e-05, U, 3 components, 522 values
INFO: Writing examples/ccx_2.16.structest/contact2i.351.vtu
INFO: Step 392, time 6.09e-05, U, 3 components, 522 values
INFO: Writing examples/ccx_2.16.structest/contact2i.352.vtu
INFO: Step 393, time 6.10e-05, U, 3 components, 522 values
INFO: Writing examples/ccx_2.16.structest/contact2i.353.vtu
INFO: Step 394, time 6.11e-05, U, 3 components, 522 values
INFO: Writing examples/ccx_2.16.structest/contact2i.354.vtu
INFO: Step 395, time 6.11e-05, U, 3 components, 522 values
INFO: Writing examples/ccx_2.16.structest/contact2i.355.vtu
INFO: Step 396, time 6.12e-05, U, 3 components, 522 values
INFO: Writing examples/ccx_2.16.structest/contact2i.356.vtu
INFO: Step 397, time 6.13e-05, U, 3 components, 522 values
INFO: Writing examples/ccx_2.16.structest/contact2i.357.vtu
INFO: Step 398, time 6.14e-05, U, 3 components, 522 values
INFO: Writing examples/ccx_2.16.structest/contact2i.358.vtu
INFO: Step 399, time 6.15e-05, U, 3 components, 522 values
INFO: Writing examples/ccx_2.16.structest/contact2i.359.vtu
INFO: Step 400, time 6.15e-05, U, 3 components, 522 values
INFO: Writing examples/ccx_2.16.structest/contact2i.360.vtu
INFO: Step 401, time 6.16e-05, U, 3 components, 522 values
INFO: Writing examples/ccx_2.16.structest/contact2i.361.vtu
INFO: Step 402, time 6.17e-05, U, 3 components, 522 values
INFO: Writing examples/ccx_2.16.structest/contact2i.362.vtu
INFO: Step 403, time 6.18e-05, U, 3 components, 522 values
INFO: Writing examples/ccx_2.16.structest/contact2i.363.vtu
INFO: Step 404, time 6.19e-05, U, 3 components, 522 values
INFO: Writing examples/ccx_2.16.structest/contact2i.364.vtu
INFO: Step 405, time 6.19e-05, U, 3 components, 522 values
INFO: Writing examples/ccx_2.16.structest/contact2i.365.vtu
INFO: Step 406, time 6.20e-05, U, 3 components, 522 values
INFO: Writing examples/ccx_2.16.structest/contact2i.366.vtu
INFO: Step 407, time 6.21e-05, U, 3 components, 522 values
INFO: Writing examples/ccx_2.16.structest/contact2i.367.vtu
INFO: Step 408, time 6.22e-05, U, 3 components, 522 values
INFO: Writing examples/ccx_2.16.structest/contact2i.368.vtu
INFO: Step 409, time 6.23e-05, U, 3 components, 522 values
INFO: Writing examples/ccx_2.16.structest/contact2i.369.vtu
INFO: Step 410, time 6.23e-05, U, 3 components, 522 values
INFO: Writing examples/ccx_2.16.structest/contact2i.370.vtu
INFO: Step 411, time 6.24e-05, U, 3 components, 522 values
INFO: Writing examples/ccx_2.16.structest/contact2i.371.vtu
INFO: Step 412, time 6.25e-05, U, 3 components, 522 values
INFO: Writing examples/ccx_2.16.structest/contact2i.372.vtu
INFO: Step 413, time 6.26e-05, U, 3 components, 522 values
INFO: Writing examples/ccx_2.16.structest/contact2i.373.vtu
INFO: Step 414, time 6.26e-05, U, 3 components, 522 values
INFO: Writing examples/ccx_2.16.structest/contact2i.374.vtu
INFO: Step 415, time 6.27e-05, U, 3 components, 522 values
INFO: Writing examples/ccx_2.16.structest/contact2i.375.vtu
INFO: Step 416, time 6.28e-05, U, 3 components, 522 values
INFO: Writing examples/ccx_2.16.structest/contact2i.376.vtu
INFO: Step 417, time 6.29e-05, U, 3 components, 522 values
INFO: Writing examples/ccx_2.16.structest/contact2i.377.vtu
INFO: Step 418, time 6.30e-05, U, 3 components, 522 values
INFO: Writing examples/ccx_2.16.structest/contact2i.378.vtu
INFO: Step 419, time 6.30e-05, U, 3 components, 522 values
INFO: Writing examples/ccx_2.16.structest/contact2i.379.vtu
INFO: Step 420, time 6.31e-05, U, 3 components, 522 values
INFO: Writing examples/ccx_2.16.structest/contact2i.380.vtu
INFO: Step 421, time 6.32e-05, U, 3 components, 522 values
INFO: Writing examples/ccx_2.16.structest/contact2i.381.vtu
INFO: Step 422, time 6.33e-05, U, 3 components, 522 values
INFO: Writing examples/ccx_2.16.structest/contact2i.382.vtu
INFO: Step 423, time 6.34e-05, U, 3 components, 522 values
INFO: Writing examples/ccx_2.16.structest/contact2i.383.vtu
INFO: Step 424, time 6.34e-05, U, 3 components, 522 values
INFO: Writing examples/ccx_2.16.structest/contact2i.384.vtu
INFO: Step 425, time 6.35e-05, U, 3 components, 522 values
INFO: Writing examples/ccx_2.16.structest/contact2i.385.vtu
INFO: Step 426, time 6.36e-05, U, 3 components, 522 values
INFO: Writing examples/ccx_2.16.structest/contact2i.386.vtu
INFO: Step 427, time 6.37e-05, U, 3 components, 522 values
INFO: Writing examples/ccx_2.16.structest/contact2i.387.vtu
INFO: Step 428, time 6.37e-05, U, 3 components, 522 values
INFO: Writing examples/ccx_2.16.structest/contact2i.388.vtu
INFO: Step 429, time 6.38e-05, U, 3 components, 522 values
INFO: Writing examples/ccx_2.16.structest/contact2i.389.vtu
INFO: Step 430, time 6.39e-05, U, 3 components, 522 values
INFO: Writing examples/ccx_2.16.structest/contact2i.390.vtu
INFO: Step 431, time 6.40e-05, U, 3 components, 522 values
INFO: Writing examples/ccx_2.16.structest/contact2i.391.vtu
INFO: Step 432, time 6.41e-05, U, 3 components, 522 values
INFO: Writing examples/ccx_2.16.structest/contact2i.392.vtu
INFO: Step 433, time 6.41e-05, U, 3 components, 522 values
INFO: Writing examples/ccx_2.16.structest/contact2i.393.vtu
INFO: Step 434, time 6.42e-05, U, 3 components, 522 values
INFO: Writing examples/ccx_2.16.structest/contact2i.394.vtu
INFO: Step 435, time 6.43e-05, U, 3 components, 522 values
INFO: Writing examples/ccx_2.16.structest/contact2i.395.vtu
INFO: Step 436, time 6.44e-05, U, 3 components, 522 values
INFO: Writing examples/ccx_2.16.structest/contact2i.396.vtu
INFO: Step 437, time 6.45e-05, U, 3 components, 522 values
INFO: Writing examples/ccx_2.16.structest/contact2i.397.vtu
INFO: Step 438, time 6.45e-05, U, 3 components, 522 values
INFO: Writing examples/ccx_2.16.structest/contact2i.398.vtu
INFO: Step 439, time 6.46e-05, U, 3 components, 522 values
INFO: Writing examples/ccx_2.16.structest/contact2i.399.vtu
INFO: Step 440, time 6.47e-05, U, 3 components, 522 values
INFO: Writing examples/ccx_2.16.structest/contact2i.400.vtu
INFO: Step 441, time 6.48e-05, U, 3 components, 522 values
INFO: Writing examples/ccx_2.16.structest/contact2i.401.vtu
INFO: Step 442, time 6.48e-05, U, 3 components, 522 values
INFO: Writing examples/ccx_2.16.structest/contact2i.402.vtu
INFO: Step 443, time 6.49e-05, U, 3 components, 522 values
INFO: Writing examples/ccx_2.16.structest/contact2i.403.vtu
INFO: Step 444, time 6.50e-05, U, 3 components, 522 values
INFO: Writing examples/ccx_2.16.structest/contact2i.404.vtu
INFO: Step 445, time 6.51e-05, U, 3 components, 522 values
INFO: Writing examples/ccx_2.16.structest/contact2i.405.vtu
INFO: Step 446, time 6.52e-05, U, 3 components, 522 values
INFO: Writing examples/ccx_2.16.structest/contact2i.406.vtu
INFO: Step 447, time 6.52e-05, U, 3 components, 522 values
INFO: Writing examples/ccx_2.16.structest/contact2i.407.vtu
INFO: Step 448, time 6.53e-05, U, 3 components, 522 values
INFO: Writing examples/ccx_2.16.structest/contact2i.408.vtu
INFO: Step 449, time 6.54e-05, U, 3 components, 522 values
INFO: Writing examples/ccx_2.16.structest/contact2i.409.vtu
INFO: Step 450, time 6.55e-05, U, 3 components, 522 values
INFO: Writing examples/ccx_2.16.structest/contact2i.410.vtu
INFO: Step 451, time 6.56e-05, U, 3 components, 522 values
INFO: Writing examples/ccx_2.16.structest/contact2i.411.vtu
INFO: Step 452, time 6.56e-05, U, 3 components, 522 values
INFO: Writing examples/ccx_2.16.structest/contact2i.412.vtu
INFO: Step 453, time 6.57e-05, U, 3 components, 522 values
INFO: Writing examples/ccx_2.16.structest/contact2i.413.vtu
INFO: Step 454, time 6.58e-05, U, 3 components, 522 values
INFO: Writing examples/ccx_2.16.structest/contact2i.414.vtu
INFO: Step 455, time 6.59e-05, U, 3 components, 522 values
INFO: Writing examples/ccx_2.16.structest/contact2i.415.vtu
INFO: Step 456, time 6.60e-05, U, 3 components, 522 values
INFO: Writing examples/ccx_2.16.structest/contact2i.416.vtu
INFO: Step 457, time 6.60e-05, U, 3 components, 522 values
INFO: Writing examples/ccx_2.16.structest/contact2i.417.vtu
INFO: Step 458, time 6.61e-05, U, 3 components, 522 values
INFO: Writing examples/ccx_2.16.structest/contact2i.418.vtu
INFO: Step 459, time 6.62e-05, U, 3 components, 522 values
INFO: Writing examples/ccx_2.16.structest/contact2i.419.vtu
INFO: Step 460, time 6.63e-05, U, 3 components, 522 values
INFO: Writing examples/ccx_2.16.structest/contact2i.420.vtu
INFO: Step 461, time 6.63e-05, U, 3 components, 522 values
INFO: Writing examples/ccx_2.16.structest/contact2i.421.vtu
INFO: Step 462, time 6.64e-05, U, 3 components, 522 values
INFO: Writing examples/ccx_2.16.structest/contact2i.422.vtu
INFO: Step 463, time 6.65e-05, U, 3 components, 522 values
INFO: Writing examples/ccx_2.16.structest/contact2i.423.vtu
INFO: Step 464, time 6.66e-05, U, 3 components, 522 values
INFO: Writing examples/ccx_2.16.structest/contact2i.424.vtu
INFO: Step 465, time 6.67e-05, U, 3 components, 522 values
INFO: Writing examples/ccx_2.16.structest/contact2i.425.vtu
INFO: Step 466, time 6.67e-05, U, 3 components, 522 values
INFO: Writing examples/ccx_2.16.structest/contact2i.426.vtu
INFO: Step 467, time 6.68e-05, U, 3 components, 522 values
INFO: Writing examples/ccx_2.16.structest/contact2i.427.vtu
INFO: Step 468, time 6.69e-05, U, 3 components, 522 values
INFO: Writing examples/ccx_2.16.structest/contact2i.428.vtu
INFO: Step 469, time 6.70e-05, U, 3 components, 522 values
INFO: Writing examples/ccx_2.16.structest/contact2i.429.vtu
INFO: Step 470, time 6.71e-05, U, 3 components, 522 values
INFO: Writing examples/ccx_2.16.structest/contact2i.430.vtu
INFO: Step 471, time 6.71e-05, U, 3 components, 522 values
INFO: Writing examples/ccx_2.16.structest/contact2i.431.vtu
INFO: Step 472, time 6.72e-05, U, 3 components, 522 values
INFO: Writing examples/ccx_2.16.structest/contact2i.432.vtu
INFO: Step 473, time 6.73e-05, U, 3 components, 522 values
INFO: Writing examples/ccx_2.16.structest/contact2i.433.vtu
INFO: Step 474, time 6.74e-05, U, 3 components, 522 values
INFO: Writing examples/ccx_2.16.structest/contact2i.434.vtu
INFO: Step 475, time 6.74e-05, U, 3 components, 522 values
INFO: Writing examples/ccx_2.16.structest/contact2i.435.vtu
INFO: Step 476, time 6.75e-05, U, 3 components, 522 values
INFO: Writing examples/ccx_2.16.structest/contact2i.436.vtu
INFO: Step 477, time 6.76e-05, U, 3 components, 522 values
INFO: Writing examples/ccx_2.16.structest/contact2i.437.vtu
INFO: Step 478, time 6.77e-05, U, 3 components, 522 values
INFO: Writing examples/ccx_2.16.structest/contact2i.438.vtu
INFO: Step 479, time 6.78e-05, U, 3 components, 522 values
INFO: Writing examples/ccx_2.16.structest/contact2i.439.vtu
INFO: Step 480, time 6.78e-05, U, 3 components, 522 values
INFO: Writing examples/ccx_2.16.structest/contact2i.440.vtu
INFO: Step 481, time 6.79e-05, U, 3 components, 522 values
INFO: Writing examples/ccx_2.16.structest/contact2i.441.vtu
INFO: Step 482, time 6.80e-05, U, 3 components, 522 values
INFO: Writing examples/ccx_2.16.structest/contact2i.442.vtu
INFO: Step 483, time 6.81e-05, U, 3 components, 522 values
INFO: Writing examples/ccx_2.16.structest/contact2i.443.vtu
INFO: Step 484, time 6.82e-05, U, 3 components, 522 values
INFO: Writing examples/ccx_2.16.structest/contact2i.444.vtu
INFO: Step 485, time 6.82e-05, U, 3 components, 522 values
INFO: Writing examples/ccx_2.16.structest/contact2i.445.vtu
INFO: Step 486, time 6.83e-05, U, 3 components, 522 values
INFO: Writing examples/ccx_2.16.structest/contact2i.446.vtu
INFO: Step 487, time 6.84e-05, U, 3 components, 522 values
INFO: Writing examples/ccx_2.16.structest/contact2i.447.vtu
INFO: Step 488, time 6.85e-05, U, 3 components, 522 values
INFO: Writing examples/ccx_2.16.structest/contact2i.448.vtu
INFO: Step 489, time 6.85e-05, U, 3 components, 522 values
INFO: Writing examples/ccx_2.16.structest/contact2i.449.vtu
INFO: Step 490, time 6.86e-05, U, 3 components, 522 values
INFO: Writing examples/ccx_2.16.structest/contact2i.450.vtu
INFO: Step 491, time 6.87e-05, U, 3 components, 522 values
INFO: Writing examples/ccx_2.16.structest/contact2i.451.vtu
INFO: Step 492, time 6.88e-05, U, 3 components, 522 values
INFO: Writing examples/ccx_2.16.structest/contact2i.452.vtu
INFO: Step 493, time 6.89e-05, U, 3 components, 522 values
INFO: Writing examples/ccx_2.16.structest/contact2i.453.vtu
INFO: Step 494, time 6.89e-05, U, 3 components, 522 values
INFO: Writing examples/ccx_2.16.structest/contact2i.454.vtu
INFO: Step 495, time 6.90e-05, U, 3 components, 522 values
INFO: Writing examples/ccx_2.16.structest/contact2i.455.vtu
INFO: Step 496, time 6.91e-05, U, 3 components, 522 values
INFO: Writing examples/ccx_2.16.structest/contact2i.456.vtu
INFO: Step 497, time 6.92e-05, U, 3 components, 522 values
INFO: Writing examples/ccx_2.16.structest/contact2i.457.vtu
INFO: Step 498, time 6.93e-05, U, 3 components, 522 values
INFO: Writing examples/ccx_2.16.structest/contact2i.458.vtu
INFO: Step 499, time 6.93e-05, U, 3 components, 522 values
INFO: Writing examples/ccx_2.16.structest/contact2i.459.vtu
INFO: Step 500, time 6.94e-05, U, 3 components, 522 values
INFO: Writing examples/ccx_2.16.structest/contact2i.460.vtu
INFO: Step 501, time 6.95e-05, U, 3 components, 522 values
INFO: Writing examples/ccx_2.16.structest/contact2i.461.vtu
INFO: Step 502, time 6.96e-05, U, 3 components, 522 values
INFO: Writing examples/ccx_2.16.structest/contact2i.462.vtu
INFO: Step 503, time 6.97e-05, U, 3 components, 522 values
INFO: Writing examples/ccx_2.16.structest/contact2i.463.vtu
INFO: Step 504, time 6.97e-05, U, 3 components, 522 values
INFO: Writing examples/ccx_2.16.structest/contact2i.464.vtu
INFO: Step 505, time 6.98e-05, U, 3 components, 522 values
INFO: Writing examples/ccx_2.16.structest/contact2i.465.vtu
INFO: Step 506, time 6.99e-05, U, 3 components, 522 values
INFO: Writing examples/ccx_2.16.structest/contact2i.466.vtu
INFO: Step 507, time 7.00e-05, U, 3 components, 522 values
INFO: Writing examples/ccx_2.16.structest/contact2i.467.vtu
INFO: Step 508, time 7.00e-05, U, 3 components, 522 values
INFO: Writing examples/ccx_2.16.structest/contact2i.468.vtu
INFO: Step 509, time 7.01e-05, U, 3 components, 522 values
INFO: Writing examples/ccx_2.16.structest/contact2i.469.vtu
INFO: Step 510, time 7.02e-05, U, 3 components, 522 values
INFO: Writing examples/ccx_2.16.structest/contact2i.470.vtu
INFO: Step 511, time 7.03e-05, U, 3 components, 522 values
INFO: Writing examples/ccx_2.16.structest/contact2i.471.vtu
INFO: Step 512, time 7.04e-05, U, 3 components, 522 values
INFO: Writing examples/ccx_2.16.structest/contact2i.472.vtu
INFO: Step 513, time 7.04e-05, U, 3 components, 522 values
INFO: Writing examples/ccx_2.16.structest/contact2i.473.vtu
INFO: Step 514, time 7.05e-05, U, 3 components, 522 values
INFO: Writing examples/ccx_2.16.structest/contact2i.474.vtu
INFO: Step 515, time 7.06e-05, U, 3 components, 522 values
INFO: Writing examples/ccx_2.16.structest/contact2i.475.vtu
INFO: Step 516, time 7.07e-05, U, 3 components, 522 values
INFO: Writing examples/ccx_2.16.structest/contact2i.476.vtu
INFO: Step 517, time 7.08e-05, U, 3 components, 522 values
INFO: Writing examples/ccx_2.16.structest/contact2i.477.vtu
INFO: Step 518, time 7.08e-05, U, 3 components, 522 values
INFO: Writing examples/ccx_2.16.structest/contact2i.478.vtu
INFO: Step 519, time 7.09e-05, U, 3 components, 522 values
INFO: Writing examples/ccx_2.16.structest/contact2i.479.vtu
INFO: Step 520, time 7.10e-05, U, 3 components, 522 values
INFO: Writing examples/ccx_2.16.structest/contact2i.480.vtu
INFO: Step 521, time 7.11e-05, U, 3 components, 522 values
INFO: Writing examples/ccx_2.16.structest/contact2i.481.vtu
INFO: Step 522, time 7.11e-05, U, 3 components, 522 values
INFO: Writing examples/ccx_2.16.structest/contact2i.482.vtu
INFO: Step 523, time 7.12e-05, U, 3 components, 522 values
INFO: Writing examples/ccx_2.16.structest/contact2i.483.vtu
INFO: Step 524, time 7.13e-05, U, 3 components, 522 values
INFO: Writing examples/ccx_2.16.structest/contact2i.484.vtu
INFO: Step 525, time 7.14e-05, U, 3 components, 522 values
INFO: Writing examples/ccx_2.16.structest/contact2i.485.vtu
INFO: Step 526, time 7.15e-05, U, 3 components, 522 values
INFO: Writing examples/ccx_2.16.structest/contact2i.486.vtu
INFO: Step 527, time 7.15e-05, U, 3 components, 522 values
INFO: Writing examples/ccx_2.16.structest/contact2i.487.vtu
INFO: Step 528, time 7.16e-05, U, 3 components, 522 values
INFO: Writing examples/ccx_2.16.structest/contact2i.488.vtu
INFO: Step 529, time 7.17e-05, U, 3 components, 522 values
INFO: Writing examples/ccx_2.16.structest/contact2i.489.vtu
INFO: Step 530, time 7.18e-05, U, 3 components, 522 values
INFO: Writing examples/ccx_2.16.structest/contact2i.490.vtu
INFO: Step 531, time 7.19e-05, U, 3 components, 522 values
INFO: Writing examples/ccx_2.16.structest/contact2i.491.vtu
INFO: Step 532, time 7.19e-05, U, 3 components, 522 values
INFO: Writing examples/ccx_2.16.structest/contact2i.492.vtu
INFO: Step 533, time 7.20e-05, U, 3 components, 522 values
INFO: Writing examples/ccx_2.16.structest/contact2i.493.vtu
INFO: Step 534, time 7.21e-05, U, 3 components, 522 values
INFO: Writing examples/ccx_2.16.structest/contact2i.494.vtu
INFO: Step 535, time 7.22e-05, U, 3 components, 522 values
INFO: Writing examples/ccx_2.16.structest/contact2i.495.vtu
INFO: Step 536, time 7.22e-05, U, 3 components, 522 values
INFO: Writing examples/ccx_2.16.structest/contact2i.496.vtu
INFO: Step 537, time 7.23e-05, U, 3 components, 522 values
INFO: Writing examples/ccx_2.16.structest/contact2i.497.vtu
INFO: Step 538, time 7.24e-05, U, 3 components, 522 values
INFO: Writing examples/ccx_2.16.structest/contact2i.498.vtu
INFO: Step 539, time 7.25e-05, U, 3 components, 522 values
INFO: Writing examples/ccx_2.16.structest/contact2i.499.vtu
INFO: Step 540, time 7.26e-05, U, 3 components, 522 values
INFO: Writing examples/ccx_2.16.structest/contact2i.500.vtu
INFO: Step 541, time 7.26e-05, U, 3 components, 522 values
INFO: Writing examples/ccx_2.16.structest/contact2i.501.vtu
INFO: Step 542, time 7.27e-05, U, 3 components, 522 values
INFO: Writing examples/ccx_2.16.structest/contact2i.502.vtu
INFO: Step 543, time 7.28e-05, U, 3 components, 522 values
INFO: Writing examples/ccx_2.16.structest/contact2i.503.vtu
INFO: Step 544, time 7.29e-05, U, 3 components, 522 values
INFO: Writing examples/ccx_2.16.structest/contact2i.504.vtu
INFO: Step 545, time 7.30e-05, U, 3 components, 522 values
INFO: Writing examples/ccx_2.16.structest/contact2i.505.vtu
INFO: Step 546, time 7.30e-05, U, 3 components, 522 values
INFO: Writing examples/ccx_2.16.structest/contact2i.506.vtu
INFO: Step 547, time 7.31e-05, U, 3 components, 522 values
INFO: Writing examples/ccx_2.16.structest/contact2i.507.vtu
INFO: Step 548, time 7.32e-05, U, 3 components, 522 values
INFO: Writing examples/ccx_2.16.structest/contact2i.508.vtu
INFO: Step 549, time 7.33e-05, U, 3 components, 522 values
INFO: Writing examples/ccx_2.16.structest/contact2i.509.vtu
INFO: Step 550, time 7.34e-05, U, 3 components, 522 values
INFO: Writing examples/ccx_2.16.structest/contact2i.510.vtu
INFO: Step 551, time 7.34e-05, U, 3 components, 522 values
INFO: Writing examples/ccx_2.16.structest/contact2i.511.vtu
INFO: Step 552, time 7.35e-05, U, 3 components, 522 values
INFO: Writing examples/ccx_2.16.structest/contact2i.512.vtu
INFO: Step 553, time 7.36e-05, U, 3 components, 522 values
INFO: Writing examples/ccx_2.16.structest/contact2i.513.vtu
INFO: Step 554, time 7.37e-05, U, 3 components, 522 values
INFO: Writing examples/ccx_2.16.structest/contact2i.514.vtu
INFO: Step 555, time 7.37e-05, U, 3 components, 522 values
INFO: Writing examples/ccx_2.16.structest/contact2i.515.vtu
INFO: Step 556, time 7.38e-05, U, 3 components, 522 values
INFO: Writing examples/ccx_2.16.structest/contact2i.516.vtu
INFO: Step 557, time 7.39e-05, U, 3 components, 522 values
INFO: Writing examples/ccx_2.16.structest/contact2i.517.vtu
INFO: Step 558, time 7.40e-05, U, 3 components, 522 values
INFO: Writing examples/ccx_2.16.structest/contact2i.518.vtu
INFO: Step 559, time 7.41e-05, U, 3 components, 522 values
INFO: Writing examples/ccx_2.16.structest/contact2i.519.vtu
INFO: Step 560, time 7.41e-05, U, 3 components, 522 values
INFO: Writing examples/ccx_2.16.structest/contact2i.520.vtu
INFO: Step 561, time 7.42e-05, U, 3 components, 522 values
INFO: Writing examples/ccx_2.16.structest/contact2i.521.vtu
INFO: Step 562, time 7.43e-05, U, 3 components, 522 values
INFO: Writing examples/ccx_2.16.structest/contact2i.522.vtu
INFO: Step 563, time 7.44e-05, U, 3 components, 522 values
INFO: Writing examples/ccx_2.16.structest/contact2i.523.vtu
INFO: Step 564, time 7.45e-05, U, 3 components, 522 values
INFO: Writing examples/ccx_2.16.structest/contact2i.524.vtu
INFO: Step 565, time 7.45e-05, U, 3 components, 522 values
INFO: Writing examples/ccx_2.16.structest/contact2i.525.vtu
INFO: Step 566, time 7.46e-05, U, 3 components, 522 values
INFO: Writing examples/ccx_2.16.structest/contact2i.526.vtu
INFO: Step 567, time 7.47e-05, U, 3 components, 522 values
INFO: Writing examples/ccx_2.16.structest/contact2i.527.vtu
INFO: Step 568, time 7.48e-05, U, 3 components, 522 values
INFO: Writing examples/ccx_2.16.structest/contact2i.528.vtu
INFO: Step 569, time 7.48e-05, U, 3 components, 522 values
INFO: Writing examples/ccx_2.16.structest/contact2i.529.vtu
INFO: Step 570, time 7.49e-05, U, 3 components, 522 values
INFO: Writing examples/ccx_2.16.structest/contact2i.530.vtu
INFO: Step 571, time 7.50e-05, U, 3 components, 522 values
INFO: Writing examples/ccx_2.16.structest/contact2i.531.vtu
INFO: Step 572, time 7.51e-05, U, 3 components, 522 values
INFO: Writing examples/ccx_2.16.structest/contact2i.532.vtu
INFO: Step 573, time 7.52e-05, U, 3 components, 522 values
INFO: Writing examples/ccx_2.16.structest/contact2i.533.vtu
INFO: Step 574, time 7.52e-05, U, 3 components, 522 values
INFO: Writing examples/ccx_2.16.structest/contact2i.534.vtu
INFO: Step 575, time 7.53e-05, U, 3 components, 522 values
INFO: Writing examples/ccx_2.16.structest/contact2i.535.vtu
INFO: Step 576, time 7.54e-05, U, 3 components, 522 values
INFO: Writing examples/ccx_2.16.structest/contact2i.536.vtu
INFO: Step 577, time 7.55e-05, U, 3 components, 522 values
INFO: Writing examples/ccx_2.16.structest/contact2i.537.vtu
INFO: Step 578, time 7.56e-05, U, 3 components, 522 values
INFO: Writing examples/ccx_2.16.structest/contact2i.538.vtu
INFO: Step 579, time 7.56e-05, U, 3 components, 522 values
INFO: Writing examples/ccx_2.16.structest/contact2i.539.vtu
INFO: Step 580, time 7.57e-05, U, 3 components, 522 values
INFO: Writing examples/ccx_2.16.structest/contact2i.540.vtu
INFO: Step 581, time 7.58e-05, U, 3 components, 522 values
INFO: Writing examples/ccx_2.16.structest/contact2i.541.vtu
INFO: Step 582, time 7.59e-05, U, 3 components, 522 values
INFO: Writing examples/ccx_2.16.structest/contact2i.542.vtu
INFO: Step 583, time 7.59e-05, U, 3 components, 522 values
INFO: Writing examples/ccx_2.16.structest/contact2i.543.vtu
INFO: Step 584, time 7.60e-05, U, 3 components, 522 values
INFO: Writing examples/ccx_2.16.structest/contact2i.544.vtu
INFO: Step 585, time 7.61e-05, U, 3 components, 522 values
INFO: Writing examples/ccx_2.16.structest/contact2i.545.vtu
INFO: Step 586, time 7.62e-05, U, 3 components, 522 values
INFO: Writing examples/ccx_2.16.structest/contact2i.546.vtu
INFO: Step 587, time 7.63e-05, U, 3 components, 522 values
INFO: Writing examples/ccx_2.16.structest/contact2i.547.vtu
INFO: Step 588, time 7.63e-05, U, 3 components, 522 values
INFO: Writing examples/ccx_2.16.structest/contact2i.548.vtu
INFO: Step 589, time 7.64e-05, U, 3 components, 522 values
INFO: Writing examples/ccx_2.16.structest/contact2i.549.vtu
INFO: Step 590, time 7.65e-05, U, 3 components, 522 values
INFO: Writing examples/ccx_2.16.structest/contact2i.550.vtu
INFO: Step 591, time 7.66e-05, U, 3 components, 522 values
INFO: Writing examples/ccx_2.16.structest/contact2i.551.vtu
INFO: Step 592, time 7.67e-05, U, 3 components, 522 values
INFO: Writing examples/ccx_2.16.structest/contact2i.552.vtu
INFO: Step 593, time 7.67e-05, U, 3 components, 522 values
INFO: Writing examples/ccx_2.16.structest/contact2i.553.vtu
INFO: Step 594, time 7.68e-05, U, 3 components, 522 values
INFO: Writing examples/ccx_2.16.structest/contact2i.554.vtu
INFO: Step 595, time 7.69e-05, U, 3 components, 522 values
INFO: Writing examples/ccx_2.16.structest/contact2i.555.vtu
INFO: Step 596, time 7.70e-05, U, 3 components, 522 values
INFO: Writing examples/ccx_2.16.structest/contact2i.556.vtu
INFO: Step 597, time 7.71e-05, U, 3 components, 522 values
INFO: Writing examples/ccx_2.16.structest/contact2i.557.vtu
INFO: Step 598, time 7.71e-05, U, 3 components, 522 values
INFO: Writing examples/ccx_2.16.structest/contact2i.558.vtu
INFO: Step 599, time 7.72e-05, U, 3 components, 522 values
INFO: Writing examples/ccx_2.16.structest/contact2i.559.vtu
INFO: Step 600, time 7.73e-05, U, 3 components, 522 values
INFO: Writing examples/ccx_2.16.structest/contact2i.560.vtu
INFO: Step 601, time 7.74e-05, U, 3 components, 522 values
INFO: Writing examples/ccx_2.16.structest/contact2i.561.vtu
INFO: Step 602, time 7.74e-05, U, 3 components, 522 values
INFO: Writing examples/ccx_2.16.structest/contact2i.562.vtu
INFO: Step 603, time 7.75e-05, U, 3 components, 522 values
INFO: Writing examples/ccx_2.16.structest/contact2i.563.vtu
INFO: Step 604, time 7.76e-05, U, 3 components, 522 values
INFO: Writing examples/ccx_2.16.structest/contact2i.564.vtu
INFO: Step 605, time 7.77e-05, U, 3 components, 522 values
INFO: Writing examples/ccx_2.16.structest/contact2i.565.vtu
INFO: Step 606, time 7.78e-05, U, 3 components, 522 values
INFO: Writing examples/ccx_2.16.structest/contact2i.566.vtu
INFO: Step 607, time 7.78e-05, U, 3 components, 522 values
INFO: Writing examples/ccx_2.16.structest/contact2i.567.vtu
INFO: Step 608, time 7.79e-05, U, 3 components, 522 values
INFO: Writing examples/ccx_2.16.structest/contact2i.568.vtu
INFO: Step 609, time 7.80e-05, U, 3 components, 522 values
INFO: Writing examples/ccx_2.16.structest/contact2i.569.vtu
INFO: Step 610, time 7.81e-05, U, 3 components, 522 values
INFO: Writing examples/ccx_2.16.structest/contact2i.570.vtu
INFO: Step 611, time 7.82e-05, U, 3 components, 522 values
INFO: Writing examples/ccx_2.16.structest/contact2i.571.vtu
INFO: Step 612, time 7.82e-05, U, 3 components, 522 values
INFO: Writing examples/ccx_2.16.structest/contact2i.572.vtu
INFO: Step 613, time 7.83e-05, U, 3 components, 522 values
INFO: Writing examples/ccx_2.16.structest/contact2i.573.vtu
INFO: Step 614, time 7.84e-05, U, 3 components, 522 values
INFO: Writing examples/ccx_2.16.structest/contact2i.574.vtu
INFO: Step 615, time 7.85e-05, U, 3 components, 522 values
INFO: Writing examples/ccx_2.16.structest/contact2i.575.vtu
INFO: Step 616, time 7.85e-05, U, 3 components, 522 values
INFO: Writing examples/ccx_2.16.structest/contact2i.576.vtu
INFO: Step 617, time 7.86e-05, U, 3 components, 522 values
INFO: Writing examples/ccx_2.16.structest/contact2i.577.vtu
INFO: Step 618, time 7.87e-05, U, 3 components, 522 values
INFO: Writing examples/ccx_2.16.structest/contact2i.578.vtu
INFO: Step 619, time 7.88e-05, U, 3 components, 522 values
INFO: Writing examples/ccx_2.16.structest/contact2i.579.vtu
INFO: Step 620, time 7.89e-05, U, 3 components, 522 values
INFO: Writing examples/ccx_2.16.structest/contact2i.580.vtu
INFO: Step 621, time 7.89e-05, U, 3 components, 522 values
INFO: Writing examples/ccx_2.16.structest/contact2i.581.vtu
INFO: Step 622, time 7.90e-05, U, 3 components, 522 values
INFO: Writing examples/ccx_2.16.structest/contact2i.582.vtu
INFO: Step 623, time 7.91e-05, U, 3 components, 522 values
INFO: Writing examples/ccx_2.16.structest/contact2i.583.vtu
INFO: Step 624, time 7.92e-05, U, 3 components, 522 values
INFO: Writing examples/ccx_2.16.structest/contact2i.584.vtu
INFO: Step 625, time 7.93e-05, U, 3 components, 522 values
INFO: Writing examples/ccx_2.16.structest/contact2i.585.vtu
INFO: Step 626, time 7.93e-05, U, 3 components, 522 values
INFO: Writing examples/ccx_2.16.structest/contact2i.586.vtu
INFO: Step 627, time 7.94e-05, U, 3 components, 522 values
INFO: Writing examples/ccx_2.16.structest/contact2i.587.vtu
INFO: Step 628, time 7.95e-05, U, 3 components, 522 values
INFO: Writing examples/ccx_2.16.structest/contact2i.588.vtu
INFO: Step 629, time 7.96e-05, U, 3 components, 522 values
INFO: Writing examples/ccx_2.16.structest/contact2i.589.vtu
INFO: Step 630, time 7.96e-05, U, 3 components, 522 values
INFO: Writing examples/ccx_2.16.structest/contact2i.590.vtu
INFO: Step 631, time 7.97e-05, U, 3 components, 522 values
INFO: Writing examples/ccx_2.16.structest/contact2i.591.vtu
INFO: Step 632, time 7.98e-05, U, 3 components, 522 values
INFO: Writing examples/ccx_2.16.structest/contact2i.592.vtu
INFO: Step 633, time 7.99e-05, U, 3 components, 522 values
INFO: Writing examples/ccx_2.16.structest/contact2i.593.vtu
INFO: Step 634, time 8.00e-05, U, 3 components, 522 values
INFO: Writing examples/ccx_2.16.structest/contact2i.594.vtu
INFO: Step 635, time 8.00e-05, U, 3 components, 522 values
INFO: Writing examples/ccx_2.16.structest/contact2i.595.vtu
INFO: Step 636, time 8.01e-05, U, 3 components, 522 values
INFO: Writing examples/ccx_2.16.structest/contact2i.596.vtu
INFO: Step 637, time 8.02e-05, U, 3 components, 522 values
INFO: Writing examples/ccx_2.16.structest/contact2i.597.vtu
INFO: Step 638, time 8.03e-05, U, 3 components, 522 values
INFO: Writing examples/ccx_2.16.structest/contact2i.598.vtu
INFO: Step 639, time 8.04e-05, U, 3 components, 522 values
INFO: Writing examples/ccx_2.16.structest/contact2i.599.vtu
INFO: Step 640, time 8.04e-05, U, 3 components, 522 values
INFO: Writing examples/ccx_2.16.structest/contact2i.600.vtu
INFO: Step 641, time 8.05e-05, U, 3 components, 522 values
INFO: Writing examples/ccx_2.16.structest/contact2i.601.vtu
INFO: Step 642, time 8.06e-05, U, 3 components, 522 values
INFO: Writing examples/ccx_2.16.structest/contact2i.602.vtu
INFO: Step 643, time 8.07e-05, U, 3 components, 522 values
INFO: Writing examples/ccx_2.16.structest/contact2i.603.vtu
INFO: Step 644, time 8.08e-05, U, 3 components, 522 values
INFO: Writing examples/ccx_2.16.structest/contact2i.604.vtu
INFO: Step 645, time 8.08e-05, U, 3 components, 522 values
INFO: Writing examples/ccx_2.16.structest/contact2i.605.vtu
INFO: Step 646, time 8.09e-05, U, 3 components, 522 values
INFO: Writing examples/ccx_2.16.structest/contact2i.606.vtu
INFO: Step 647, time 8.10e-05, U, 3 components, 522 values
INFO: Writing examples/ccx_2.16.structest/contact2i.607.vtu
INFO: Step 648, time 8.11e-05, U, 3 components, 522 values
INFO: Writing examples/ccx_2.16.structest/contact2i.608.vtu
INFO: Step 649, time 8.11e-05, U, 3 components, 522 values
INFO: Writing examples/ccx_2.16.structest/contact2i.609.vtu
INFO: Step 650, time 8.12e-05, U, 3 components, 522 values
INFO: Writing examples/ccx_2.16.structest/contact2i.610.vtu
INFO: Step 651, time 8.13e-05, U, 3 components, 522 values
INFO: Writing examples/ccx_2.16.structest/contact2i.611.vtu
INFO: Step 652, time 8.14e-05, U, 3 components, 522 values
INFO: Writing examples/ccx_2.16.structest/contact2i.612.vtu
INFO: Step 653, time 8.15e-05, U, 3 components, 522 values
INFO: Writing examples/ccx_2.16.structest/contact2i.613.vtu
INFO: Step 654, time 8.15e-05, U, 3 components, 522 values
INFO: Writing examples/ccx_2.16.structest/contact2i.614.vtu
INFO: Step 655, time 8.16e-05, U, 3 components, 522 values
INFO: Writing examples/ccx_2.16.structest/contact2i.615.vtu
INFO: Step 656, time 8.17e-05, U, 3 components, 522 values
INFO: Writing examples/ccx_2.16.structest/contact2i.616.vtu
INFO: Step 657, time 8.18e-05, U, 3 components, 522 values
INFO: Writing examples/ccx_2.16.structest/contact2i.617.vtu
INFO: Step 658, time 8.19e-05, U, 3 components, 522 values
INFO: Writing examples/ccx_2.16.structest/contact2i.618.vtu
INFO: Step 659, time 8.19e-05, U, 3 components, 522 values
INFO: Writing examples/ccx_2.16.structest/contact2i.619.vtu
INFO: Step 660, time 8.20e-05, U, 3 components, 522 values
INFO: Writing examples/ccx_2.16.structest/contact2i.620.vtu
INFO: Step 661, time 8.22e-05, U, 3 components, 522 values
INFO: Writing examples/ccx_2.16.structest/contact2i.621.vtu
INFO: Step 662, time 8.23e-05, U, 3 components, 522 values
INFO: Writing examples/ccx_2.16.structest/contact2i.622.vtu
INFO: Step 663, time 8.24e-05, U, 3 components, 522 values
INFO: Writing examples/ccx_2.16.structest/contact2i.623.vtu
INFO: Step 664, time 8.25e-05, U, 3 components, 522 values
INFO: Writing examples/ccx_2.16.structest/contact2i.624.vtu
INFO: Step 665, time 8.26e-05, U, 3 components, 522 values
INFO: Writing examples/ccx_2.16.structest/contact2i.625.vtu
INFO: Step 666, time 8.28e-05, U, 3 components, 522 values
INFO: Writing examples/ccx_2.16.structest/contact2i.626.vtu
INFO: Step 667, time 8.29e-05, U, 3 components, 522 values
INFO: Writing examples/ccx_2.16.structest/contact2i.627.vtu
INFO: Step 668, time 8.31e-05, U, 3 components, 522 values
INFO: Writing examples/ccx_2.16.structest/contact2i.628.vtu
INFO: Step 669, time 8.33e-05, U, 3 components, 522 values
INFO: Writing examples/ccx_2.16.structest/contact2i.629.vtu
INFO: Step 670, time 8.35e-05, U, 3 components, 522 values
INFO: Writing examples/ccx_2.16.structest/contact2i.630.vtu
INFO: Step 671, time 8.36e-05, U, 3 components, 522 values
INFO: Writing examples/ccx_2.16.structest/contact2i.631.vtu
INFO: Step 672, time 8.38e-05, U, 3 components, 522 values
INFO: Writing examples/ccx_2.16.structest/contact2i.632.vtu
INFO: Step 673, time 8.40e-05, U, 3 components, 522 values
INFO: Writing examples/ccx_2.16.structest/contact2i.633.vtu
INFO: Step 674, time 8.42e-05, U, 3 components, 522 values
INFO: Writing examples/ccx_2.16.structest/contact2i.634.vtu
INFO: Step 675, time 8.44e-05, U, 3 components, 522 values
INFO: Writing examples/ccx_2.16.structest/contact2i.635.vtu
INFO: Step 676, time 8.45e-05, U, 3 components, 522 values
INFO: Writing examples/ccx_2.16.structest/contact2i.636.vtu
INFO: Step 677, time 8.47e-05, U, 3 components, 522 values
INFO: Writing examples/ccx_2.16.structest/contact2i.637.vtu
INFO: Step 678, time 8.49e-05, U, 3 components, 522 values
INFO: Writing examples/ccx_2.16.structest/contact2i.638.vtu
INFO: Step 679, time 8.51e-05, U, 3 components, 522 values
INFO: Writing examples/ccx_2.16.structest/contact2i.639.vtu
INFO: Step 680, time 8.52e-05, U, 3 components, 522 values
INFO: Writing examples/ccx_2.16.structest/contact2i.640.vtu
INFO: Step 681, time 8.54e-05, U, 3 components, 522 values
INFO: Writing examples/ccx_2.16.structest/contact2i.641.vtu
INFO: Step 682, time 8.56e-05, U, 3 components, 522 values
INFO: Writing examples/ccx_2.16.structest/contact2i.642.vtu
INFO: Step 683, time 8.58e-05, U, 3 components, 522 values
INFO: Writing examples/ccx_2.16.structest/contact2i.643.vtu
INFO: Step 684, time 8.59e-05, U, 3 components, 522 values
INFO: Writing examples/ccx_2.16.structest/contact2i.644.vtu
INFO: Step 685, time 8.61e-05, U, 3 components, 522 values
INFO: Writing examples/ccx_2.16.structest/contact2i.645.vtu
INFO: Step 686, time 8.63e-05, U, 3 components, 522 values
INFO: Writing examples/ccx_2.16.structest/contact2i.646.vtu
INFO: Step 687, time 8.65e-05, U, 3 components, 522 values
INFO: Writing examples/ccx_2.16.structest/contact2i.647.vtu
INFO: Step 688, time 8.67e-05, U, 3 components, 522 values
INFO: Writing examples/ccx_2.16.structest/contact2i.648.vtu
INFO: Step 689, time 8.68e-05, U, 3 components, 522 values
INFO: Writing examples/ccx_2.16.structest/contact2i.649.vtu
INFO: Step 690, time 8.70e-05, U, 3 components, 522 values
INFO: Writing examples/ccx_2.16.structest/contact2i.650.vtu
INFO: Step 691, time 8.72e-05, U, 3 components, 522 values
INFO: Writing examples/ccx_2.16.structest/contact2i.651.vtu
INFO: Step 692, time 8.74e-05, U, 3 components, 522 values
INFO: Writing examples/ccx_2.16.structest/contact2i.652.vtu
INFO: Step 693, time 8.75e-05, U, 3 components, 522 values
INFO: Writing examples/ccx_2.16.structest/contact2i.653.vtu
INFO: Step 694, time 8.77e-05, U, 3 components, 522 values
INFO: Writing examples/ccx_2.16.structest/contact2i.654.vtu
INFO: Step 695, time 8.79e-05, U, 3 components, 522 values
INFO: Writing examples/ccx_2.16.structest/contact2i.655.vtu
INFO: Step 696, time 8.81e-05, U, 3 components, 522 values
INFO: Writing examples/ccx_2.16.structest/contact2i.656.vtu
INFO: Step 697, time 8.82e-05, U, 3 components, 522 values
INFO: Writing examples/ccx_2.16.structest/contact2i.657.vtu
INFO: Step 698, time 8.84e-05, U, 3 components, 522 values
INFO: Writing examples/ccx_2.16.structest/contact2i.658.vtu
INFO: Step 699, time 8.86e-05, U, 3 components, 522 values
INFO: Writing examples/ccx_2.16.structest/contact2i.659.vtu
INFO: Step 700, time 8.88e-05, U, 3 components, 522 values
INFO: Writing examples/ccx_2.16.structest/contact2i.660.vtu
INFO: Step 701, time 8.90e-05, U, 3 components, 522 values
INFO: Writing examples/ccx_2.16.structest/contact2i.661.vtu
INFO: Step 702, time 8.91e-05, U, 3 components, 522 values
INFO: Writing examples/ccx_2.16.structest/contact2i.662.vtu
INFO: Step 703, time 8.93e-05, U, 3 components, 522 values
INFO: Writing examples/ccx_2.16.structest/contact2i.663.vtu
INFO: Step 704, time 8.95e-05, U, 3 components, 522 values
INFO: Writing examples/ccx_2.16.structest/contact2i.664.vtu
INFO: Step 705, time 8.97e-05, U, 3 components, 522 values
INFO: Writing examples/ccx_2.16.structest/contact2i.665.vtu
INFO: Step 706, time 8.98e-05, U, 3 components, 522 values
INFO: Writing examples/ccx_2.16.structest/contact2i.666.vtu
INFO: Step 707, time 9.00e-05, U, 3 components, 522 values
INFO: Writing examples/ccx_2.16.structest/contact2i.667.vtu
INFO: Step 708, time 9.02e-05, U, 3 components, 522 values
INFO: Writing examples/ccx_2.16.structest/contact2i.668.vtu
INFO: Step 709, time 9.04e-05, U, 3 components, 522 values
INFO: Writing examples/ccx_2.16.structest/contact2i.669.vtu
INFO: Step 710, time 9.06e-05, U, 3 components, 522 values
INFO: Writing examples/ccx_2.16.structest/contact2i.670.vtu
INFO: Step 711, time 9.07e-05, U, 3 components, 522 values
INFO: Writing examples/ccx_2.16.structest/contact2i.671.vtu
INFO: Step 712, time 9.09e-05, U, 3 components, 522 values
INFO: Writing examples/ccx_2.16.structest/contact2i.672.vtu
INFO: Step 713, time 9.11e-05, U, 3 components, 522 values
INFO: Writing examples/ccx_2.16.structest/contact2i.673.vtu
INFO: Step 714, time 9.13e-05, U, 3 components, 522 values
INFO: Writing examples/ccx_2.16.structest/contact2i.674.vtu
INFO: Step 715, time 9.14e-05, U, 3 components, 522 values
INFO: Writing examples/ccx_2.16.structest/contact2i.675.vtu
INFO: Step 716, time 9.16e-05, U, 3 components, 522 values
INFO: Writing examples/ccx_2.16.structest/contact2i.676.vtu
INFO: Step 717, time 9.18e-05, U, 3 components, 522 values
INFO: Writing examples/ccx_2.16.structest/contact2i.677.vtu
INFO: Step 718, time 9.20e-05, U, 3 components, 522 values
INFO: Writing examples/ccx_2.16.structest/contact2i.678.vtu
INFO: Step 719, time 9.21e-05, U, 3 components, 522 values
INFO: Writing examples/ccx_2.16.structest/contact2i.679.vtu
INFO: Step 720, time 9.23e-05, U, 3 components, 522 values
INFO: Writing examples/ccx_2.16.structest/contact2i.680.vtu
INFO: Step 721, time 9.25e-05, U, 3 components, 522 values
INFO: Writing examples/ccx_2.16.structest/contact2i.681.vtu
INFO: Step 722, time 9.27e-05, U, 3 components, 522 values
INFO: Writing examples/ccx_2.16.structest/contact2i.682.vtu
INFO: Step 723, time 9.29e-05, U, 3 components, 522 values
INFO: Writing examples/ccx_2.16.structest/contact2i.683.vtu
INFO: Step 724, time 9.30e-05, U, 3 components, 522 values
INFO: Writing examples/ccx_2.16.structest/contact2i.684.vtu
INFO: Step 725, time 9.33e-05, U, 3 components, 522 values
INFO: Writing examples/ccx_2.16.structest/contact2i.685.vtu
INFO: Step 726, time 9.37e-05, U, 3 components, 522 values
INFO: Writing examples/ccx_2.16.structest/contact2i.686.vtu
INFO: Step 727, time 9.43e-05, U, 3 components, 522 values
INFO: Writing examples/ccx_2.16.structest/contact2i.687.vtu
INFO: Step 728, time 9.50e-05, U, 3 components, 522 values
INFO: Writing examples/ccx_2.16.structest/contact2i.688.vtu
INFO: Step 729, time 9.57e-05, U, 3 components, 522 values
INFO: Writing examples/ccx_2.16.structest/contact2i.689.vtu
INFO: Step 730, time 9.64e-05, U, 3 components, 522 values
INFO: Step 731, time 9.64e-05, U, 3 components, 522 values
INFO: Step 732, time 9.64e-05, U, 3 components, 522 values
INFO: Step 733, time 9.64e-05, U, 3 components, 522 values
INFO: Step 734, time 9.64e-05, U, 3 components, 522 values
INFO: Step 735, time 9.64e-05, U, 3 components, 522 values
INFO: Step 736, time 9.64e-05, U, 3 components, 522 values
INFO: Step 737, time 9.64e-05, U, 3 components, 522 values
INFO: Step 738, time 9.64e-05, U, 3 components, 522 values
INFO: Step 739, time 9.64e-05, U, 3 components, 522 values
INFO: Step 740, time 9.64e-05, U, 3 components, 522 values
INFO: Step 741, time 9.64e-05, U, 3 components, 522 values
INFO: Step 742, time 9.64e-05, U, 3 components, 522 values
INFO: Step 743, time 9.64e-05, U, 3 components, 522 values
INFO: Step 744, time 9.64e-05, U, 3 components, 522 values
INFO: Step 745, time 9.64e-05, U, 3 components, 522 values
INFO: Step 746, time 9.64e-05, U, 3 components, 522 values
INFO: Writing examples/ccx_2.16.structest/contact2i.690.vtu
INFO: Step 747, time 9.64e-05, U, 3 components, 522 values
INFO: Step 748, time 9.64e-05, U, 3 components, 522 values
INFO: Step 749, time 9.64e-05, U, 3 components, 522 values
INFO: Step 750, time 9.64e-05, U, 3 components, 522 values
INFO: Step 751, time 9.64e-05, U, 3 components, 522 values
INFO: Writing examples/ccx_2.16.structest/contact2i.691.vtu
INFO: Step 752, time 9.64e-05, U, 3 components, 522 values
INFO: Writing examples/ccx_2.16.structest/contact2i.692.vtu
INFO: Step 753, time 9.64e-05, U, 3 components, 522 values
INFO: Writing examples/ccx_2.16.structest/contact2i.693.vtu
INFO: Step 754, time 9.64e-05, U, 3 components, 522 values
INFO: Writing examples/ccx_2.16.structest/contact2i.694.vtu
INFO: Step 755, time 9.64e-05, U, 3 components, 522 values
INFO: Writing examples/ccx_2.16.structest/contact2i.695.vtu
INFO: Step 756, time 9.64e-05, U, 3 components, 522 values
INFO: Writing examples/ccx_2.16.structest/contact2i.696.vtu
INFO: Step 757, time 9.64e-05, U, 3 components, 522 values
INFO: Writing examples/ccx_2.16.structest/contact2i.697.vtu
INFO: Step 758, time 9.64e-05, U, 3 components, 522 values
INFO: Writing examples/ccx_2.16.structest/contact2i.698.vtu
INFO: Step 759, time 9.64e-05, U, 3 components, 522 values
INFO: Writing examples/ccx_2.16.structest/contact2i.699.vtu
INFO: Step 760, time 9.64e-05, U, 3 components, 522 values
INFO: Writing examples/ccx_2.16.structest/contact2i.700.vtu
INFO: Step 761, time 9.64e-05, U, 3 components, 522 values
INFO: Writing examples/ccx_2.16.structest/contact2i.701.vtu
INFO: Step 762, time 9.64e-05, U, 3 components, 522 values
INFO: Writing examples/ccx_2.16.structest/contact2i.702.vtu
INFO: Step 763, time 9.64e-05, U, 3 components, 522 values
INFO: Writing examples/ccx_2.16.structest/contact2i.703.vtu
INFO: Step 764, time 9.64e-05, U, 3 components, 522 values
INFO: Writing examples/ccx_2.16.structest/contact2i.704.vtu
INFO: Step 765, time 9.64e-05, U, 3 components, 522 values
INFO: Writing examples/ccx_2.16.structest/contact2i.705.vtu
INFO: Step 766, time 9.64e-05, U, 3 components, 522 values
INFO: Writing examples/ccx_2.16.structest/contact2i.706.vtu
INFO: Step 767, time 9.64e-05, U, 3 components, 522 values
INFO: Writing examples/ccx_2.16.structest/contact2i.707.vtu
INFO: Step 768, time 9.65e-05, U, 3 components, 522 values
INFO: Writing examples/ccx_2.16.structest/contact2i.708.vtu
INFO: Step 769, time 9.65e-05, U, 3 components, 522 values
INFO: Writing examples/ccx_2.16.structest/contact2i.709.vtu
INFO: Step 770, time 9.66e-05, U, 3 components, 522 values
INFO: Writing examples/ccx_2.16.structest/contact2i.710.vtu
INFO: Step 771, time 9.67e-05, U, 3 components, 522 values
INFO: Writing examples/ccx_2.16.structest/contact2i.711.vtu
INFO: Step 772, time 9.69e-05, U, 3 components, 522 values
INFO: Writing examples/ccx_2.16.structest/contact2i.712.vtu
INFO: Step 773, time 9.71e-05, U, 3 components, 522 values
INFO: Writing examples/ccx_2.16.structest/contact2i.713.vtu
INFO: Step 774, time 9.75e-05, U, 3 components, 522 values
INFO: Writing examples/ccx_2.16.structest/contact2i.714.vtu
INFO: Step 775, time 9.81e-05, U, 3 components, 522 values
INFO: Writing examples/ccx_2.16.structest/contact2i.715.vtu
INFO: Step 776, time 9.89e-05, U, 3 components, 522 values
INFO: Writing examples/ccx_2.16.structest/contact2i.716.vtu
INFO: Step 777, time 1.00e-04, U, 3 components, 522 values

==================================================
INFO: Parsing examples/ccx_2.16.test/achtel2.frd
INFO: 98 nodes
INFO: 8 cells
WARNING: No time increments!

==================================================
INFO: Parsing examples/ccx_2.16.test/achtel2.frd
INFO: 98 nodes
INFO: 8 cells
WARNING: No time increments!

==================================================
INFO: Parsing examples/ccx_2.16.test/achtel29.frd
INFO: 98 nodes
INFO: 8 cells
WARNING: No time increments!

==================================================
INFO: Parsing examples/ccx_2.16.test/achtel29.frd
INFO: 98 nodes
INFO: 8 cells
WARNING: No time increments!

==================================================
INFO: Parsing examples/ccx_2.16.test/achtel9.frd
INFO: 98 nodes
INFO: 8 cells
WARNING: No time increments!

==================================================
INFO: Parsing examples/ccx_2.16.test/achtel9.frd
INFO: 98 nodes
INFO: 8 cells
WARNING: No time increments!

==================================================
INFO: Parsing examples/ccx_2.16.test/achtelc.frd
INFO: 81 nodes
INFO: 8 cells
WARNING: No time increments!

==================================================
INFO: Parsing examples/ccx_2.16.test/achtelc.frd
INFO: 81 nodes
INFO: 8 cells
WARNING: No time increments!

==================================================
INFO: Parsing examples/ccx_2.16.test/achtelcas.frd
INFO: 98 nodes
INFO: 8 cells
WARNING: No time increments!

==================================================
INFO: Parsing examples/ccx_2.16.test/achtelcas.frd
INFO: 98 nodes
INFO: 8 cells
WARNING: No time increments!

==================================================
INFO: Parsing examples/ccx_2.16.test/achteld.frd
INFO: 81 nodes
INFO: 8 cells
WARNING: No time increments!

==================================================
INFO: Parsing examples/ccx_2.16.test/achteld.frd
INFO: 81 nodes
INFO: 8 cells
WARNING: No time increments!

==================================================
INFO: Parsing examples/ccx_2.16.test/achtelg.frd
INFO: 81 nodes
INFO: 8 cells
WARNING: No time increments!

==================================================
INFO: Parsing examples/ccx_2.16.test/achtelg.frd
INFO: 81 nodes
INFO: 8 cells
WARNING: No time increments!

==================================================
INFO: Parsing examples/ccx_2.16.test/achtelp.frd
INFO: 81 nodes
INFO: 8 cells
WARNING: No time increments!

==================================================
INFO: Parsing examples/ccx_2.16.test/achtelp.frd
INFO: 81 nodes
INFO: 8 cells
WARNING: No time increments!

==================================================
INFO: Parsing examples/ccx_2.16.test/acou1.frd
INFO: 261 nodes
INFO: 32 cells
WARNING: No time increments!

==================================================
INFO: Parsing examples/ccx_2.16.test/acou1.frd
INFO: 261 nodes
INFO: 32 cells
WARNING: No time increments!

==================================================
INFO: Parsing examples/ccx_2.16.test/acou2.frd
INFO: 261 nodes
INFO: 32 cells
WARNING: No time increments!

==================================================
INFO: Parsing examples/ccx_2.16.test/acou2.frd
INFO: 261 nodes
INFO: 32 cells
WARNING: No time increments!

==================================================
INFO: Parsing examples/ccx_2.16.test/acou3.frd
INFO: 261 nodes
INFO: 32 cells
WARNING: No time increments!

==================================================
INFO: Parsing examples/ccx_2.16.test/acou3.frd
INFO: 261 nodes
INFO: 32 cells
WARNING: No time increments!

==================================================
INFO: Parsing examples/ccx_2.16.test/acou4.frd
INFO: 261 nodes
INFO: 32 cells
WARNING: No time increments!

==================================================
INFO: Parsing examples/ccx_2.16.test/acou4.frd
INFO: 261 nodes
INFO: 32 cells
WARNING: No time increments!

==================================================
INFO: Parsing examples/ccx_2.16.test/aircolumn.frd
INFO: 261 nodes
INFO: 32 cells
WARNING: No time increments!

==================================================
INFO: Parsing examples/ccx_2.16.test/aircolumn.frd
INFO: 261 nodes
INFO: 32 cells
WARNING: No time increments!

==================================================
INFO: Parsing examples/ccx_2.16.test/anipla.frd
INFO: 20 nodes
INFO: 1 cells
WARNING: No time increments!

==================================================
INFO: Parsing examples/ccx_2.16.test/anipla.frd
INFO: 20 nodes
INFO: 1 cells
WARNING: No time increments!

==================================================
INFO: Parsing examples/ccx_2.16.test/aniso.frd
INFO: 261 nodes
INFO: 32 cells
WARNING: No time increments!

==================================================
INFO: Parsing examples/ccx_2.16.test/aniso.frd
INFO: 261 nodes
INFO: 32 cells
WARNING: No time increments!

==================================================
INFO: Parsing examples/ccx_2.16.test/artery1.frd
INFO: 13 nodes
INFO: 4 cells
WARNING: No time increments!

==================================================
INFO: Parsing examples/ccx_2.16.test/artery1.frd
INFO: 13 nodes
INFO: 4 cells
WARNING: No time increments!

==================================================
INFO: Parsing examples/ccx_2.16.test/artery2.frd
INFO: 13 nodes
INFO: 4 cells
WARNING: No time increments!

==================================================
INFO: Parsing examples/ccx_2.16.test/artery2.frd
INFO: 13 nodes
INFO: 4 cells
WARNING: No time increments!

==================================================
INFO: Parsing examples/ccx_2.16.test/artery3.frd
INFO: 14 nodes
INFO: 4 cells
INFO: Step 1, time 1.0, NT, 1 components, 14 values
INFO: Step 1, time 1.0, TOTEMP, 1 components, 6 values
INFO: Step 1, time 1.0, MAFLOW, 1 components, 6 values
INFO: Step 1, time 1.0, TOPRES, 1 components, 6 values
INFO: 1 time increment
INFO: Writing examples/ccx_2.16.test/artery3.vtk
INFO: Step 1, time 1.0, NT, 1 components, 14 values
INFO: Step 1, time 1.0, TOTEMP, 1 components, 14 values
INFO: Step 1, time 1.0, MAFLOW, 1 components, 14 values
INFO: Step 1, time 1.0, TOPRES, 1 components, 14 values

==================================================
INFO: Parsing examples/ccx_2.16.test/artery3.frd
INFO: 14 nodes
INFO: 4 cells
INFO: Step 1, time 1.0, NT, 1 components, 14 values
INFO: Step 1, time 1.0, TOTEMP, 1 components, 6 values
INFO: Step 1, time 1.0, MAFLOW, 1 components, 6 values
INFO: Step 1, time 1.0, TOPRES, 1 components, 6 values
INFO: 1 time increment
INFO: Writing examples/ccx_2.16.test/artery3.vtu
INFO: Step 1, time 1.0, NT, 1 components, 14 values
INFO: Step 1, time 1.0, TOTEMP, 1 components, 14 values
INFO: Step 1, time 1.0, MAFLOW, 1 components, 14 values
INFO: Step 1, time 1.0, TOPRES, 1 components, 14 values

==================================================
INFO: Parsing examples/ccx_2.16.test/artery4.frd
INFO: 14 nodes
INFO: 4 cells
INFO: Step 1, time 1.0, NT, 1 components, 14 values
INFO: Step 1, time 1.0, TOTEMP, 1 components, 6 values
INFO: Step 1, time 1.0, MAFLOW, 1 components, 6 values
INFO: Step 1, time 1.0, TOPRES, 1 components, 6 values
INFO: 1 time increment
INFO: Writing examples/ccx_2.16.test/artery4.vtk
INFO: Step 1, time 1.0, NT, 1 components, 14 values
INFO: Step 1, time 1.0, TOTEMP, 1 components, 14 values
INFO: Step 1, time 1.0, MAFLOW, 1 components, 14 values
INFO: Step 1, time 1.0, TOPRES, 1 components, 14 values

==================================================
INFO: Parsing examples/ccx_2.16.test/artery4.frd
INFO: 14 nodes
INFO: 4 cells
INFO: Step 1, time 1.0, NT, 1 components, 14 values
INFO: Step 1, time 1.0, TOTEMP, 1 components, 6 values
INFO: Step 1, time 1.0, MAFLOW, 1 components, 6 values
INFO: Step 1, time 1.0, TOPRES, 1 components, 6 values
INFO: 1 time increment
INFO: Writing examples/ccx_2.16.test/artery4.vtu
INFO: Step 1, time 1.0, NT, 1 components, 14 values
INFO: Step 1, time 1.0, TOTEMP, 1 components, 14 values
INFO: Step 1, time 1.0, MAFLOW, 1 components, 14 values
INFO: Step 1, time 1.0, TOPRES, 1 components, 14 values

==================================================
INFO: Parsing examples/ccx_2.16.test/artery5.frd
INFO: 14 nodes
INFO: 4 cells
INFO: Step 1, time 1.0, NT, 1 components, 14 values
INFO: Step 1, time 1.0, TOTEMP, 1 components, 6 values
INFO: Step 1, time 1.0, MAFLOW, 1 components, 6 values
INFO: Step 1, time 1.0, TOPRES, 1 components, 6 values
INFO: 1 time increment
INFO: Writing examples/ccx_2.16.test/artery5.vtk
INFO: Step 1, time 1.0, NT, 1 components, 14 values
INFO: Step 1, time 1.0, TOTEMP, 1 components, 14 values
INFO: Step 1, time 1.0, MAFLOW, 1 components, 14 values
INFO: Step 1, time 1.0, TOPRES, 1 components, 14 values

==================================================
INFO: Parsing examples/ccx_2.16.test/artery5.frd
INFO: 14 nodes
INFO: 4 cells
INFO: Step 1, time 1.0, NT, 1 components, 14 values
INFO: Step 1, time 1.0, TOTEMP, 1 components, 6 values
INFO: Step 1, time 1.0, MAFLOW, 1 components, 6 values
INFO: Step 1, time 1.0, TOPRES, 1 components, 6 values
INFO: 1 time increment
INFO: Writing examples/ccx_2.16.test/artery5.vtu
INFO: Step 1, time 1.0, NT, 1 components, 14 values
INFO: Step 1, time 1.0, TOTEMP, 1 components, 14 values
INFO: Step 1, time 1.0, MAFLOW, 1 components, 14 values
INFO: Step 1, time 1.0, TOPRES, 1 components, 14 values

==================================================
INFO: Parsing examples/ccx_2.16.test/ax6.frd
INFO: 85 nodes
INFO: 32 cells
WARNING: No time increments!

==================================================
INFO: Parsing examples/ccx_2.16.test/ax6.frd
INFO: 85 nodes
INFO: 32 cells
WARNING: No time increments!

==================================================
INFO: Parsing examples/ccx_2.16.test/ax6ht.frd
INFO: 85 nodes
INFO: 32 cells
WARNING: No time increments!

==================================================
INFO: Parsing examples/ccx_2.16.test/ax6ht.frd
INFO: 85 nodes
INFO: 32 cells
WARNING: No time increments!

==================================================
INFO: Parsing examples/ccx_2.16.test/axial.frd
INFO: 13 nodes
INFO: 2 cells
WARNING: No time increments!

==================================================
INFO: Parsing examples/ccx_2.16.test/axial.frd
INFO: 13 nodes
INFO: 2 cells
WARNING: No time increments!

==================================================
INFO: Parsing examples/ccx_2.16.test/axiplane.frd
INFO: 13 nodes
INFO: 2 cells
WARNING: No time increments!

==================================================
INFO: Parsing examples/ccx_2.16.test/axiplane.frd
INFO: 13 nodes
INFO: 2 cells
WARNING: No time increments!

==================================================
INFO: Parsing examples/ccx_2.16.test/axrad.frd
INFO: 53 nodes
INFO: 10 cells
WARNING: No time increments!

==================================================
INFO: Parsing examples/ccx_2.16.test/axrad.frd
INFO: 53 nodes
INFO: 10 cells
WARNING: No time increments!

==================================================
INFO: Parsing examples/ccx_2.16.test/axrad2.frd
WARNING: File is empty!

==================================================
INFO: Parsing examples/ccx_2.16.test/axrad2.frd
WARNING: File is empty!

==================================================
INFO: Parsing examples/ccx_2.16.test/b31.frd
INFO: 44 nodes
INFO: 10 cells
INFO: Step 1, time 1.0, U, 3 components, 44 values
INFO: Step 1, time 1.0, S, 10 components, 44 values
INFO: 1 time increment
INFO: Writing examples/ccx_2.16.test/b31.vtk
INFO: Step 1, time 1.0, U, 3 components, 44 values
INFO: Step 1, time 1.0, S, 10 components, 44 values

==================================================
INFO: Parsing examples/ccx_2.16.test/b31.frd
INFO: 44 nodes
INFO: 10 cells
INFO: Step 1, time 1.0, U, 3 components, 44 values
INFO: Step 1, time 1.0, S, 10 components, 44 values
INFO: 1 time increment
INFO: Writing examples/ccx_2.16.test/b31.vtu
INFO: Step 1, time 1.0, U, 3 components, 44 values
INFO: Step 1, time 1.0, S, 10 components, 44 values

==================================================
INFO: Parsing examples/ccx_2.16.test/b31nodthi.frd
INFO: 48 nodes
INFO: 10 cells
WARNING: No time increments!

==================================================
INFO: Parsing examples/ccx_2.16.test/b31nodthi.frd
INFO: 48 nodes
INFO: 10 cells
WARNING: No time increments!

==================================================
INFO: Parsing examples/ccx_2.16.test/ball.frd
INFO: 1037 nodes
INFO: 769 cells
WARNING: No time increments!

==================================================
INFO: Parsing examples/ccx_2.16.test/ball.frd
INFO: 1037 nodes
INFO: 769 cells
WARNING: No time increments!

==================================================
INFO: Parsing examples/ccx_2.16.test/beam10p.frd
INFO: 90 nodes
INFO: 31 cells
WARNING: No time increments!

==================================================
INFO: Parsing examples/ccx_2.16.test/beam10p.frd
INFO: 90 nodes
INFO: 31 cells
WARNING: No time increments!

==================================================
INFO: Parsing examples/ccx_2.16.test/beam20p.frd
INFO: 261 nodes
INFO: 32 cells
WARNING: No time increments!

==================================================
INFO: Parsing examples/ccx_2.16.test/beam20p.frd
INFO: 261 nodes
INFO: 32 cells
WARNING: No time increments!

==================================================
INFO: Parsing examples/ccx_2.16.test/beam20t.frd
INFO: 261 nodes
INFO: 32 cells
WARNING: No time increments!

==================================================
INFO: Parsing examples/ccx_2.16.test/beam20t.frd
INFO: 261 nodes
INFO: 32 cells
WARNING: No time increments!

==================================================
INFO: Parsing examples/ccx_2.16.test/beam8b.frd
INFO: 425 nodes
INFO: 256 cells
WARNING: No time increments!

==================================================
INFO: Parsing examples/ccx_2.16.test/beam8b.frd
INFO: 425 nodes
INFO: 256 cells
WARNING: No time increments!

==================================================
INFO: Parsing examples/ccx_2.16.test/beam8f.frd
INFO: 425 nodes
INFO: 256 cells
WARNING: No time increments!

==================================================
INFO: Parsing examples/ccx_2.16.test/beam8f.frd
INFO: 425 nodes
INFO: 256 cells
WARNING: No time increments!

==================================================
INFO: Parsing examples/ccx_2.16.test/beam8p.frd
INFO: 425 nodes
INFO: 256 cells
WARNING: No time increments!

==================================================
INFO: Parsing examples/ccx_2.16.test/beam8p.frd
INFO: 425 nodes
INFO: 256 cells
WARNING: No time increments!

==================================================
INFO: Parsing examples/ccx_2.16.test/beam8t.frd
INFO: 425 nodes
INFO: 256 cells
WARNING: No time increments!

==================================================
INFO: Parsing examples/ccx_2.16.test/beam8t.frd
INFO: 425 nodes
INFO: 256 cells
WARNING: No time increments!

==================================================
INFO: Parsing examples/ccx_2.16.test/beam_sens_freq_coord1.frd
INFO: 81 nodes
INFO: 32 cells
INFO: Step 11, time 0.00e+00, NORM, 3 components, 81 values
INFO: Step 12, time 15717.6, SENFREQ, 2 components, 81 values
INFO: Step 13, time 21366.3, SENFREQ, 2 components, 81 values
INFO: Step 14, time 93946.1, SENFREQ, 2 components, 81 values
INFO: Step 15, time 94079.5, SENFREQ, 2 components, 81 values
INFO: Step 16, time 119778.3, SENFREQ, 2 components, 81 values
INFO: Step 17, time 164426.6, SENFREQ, 2 components, 81 values
INFO: Step 18, time 251151.1, SENFREQ, 2 components, 81 values
INFO: Step 19, time 286227.3, SENFREQ, 2 components, 81 values
INFO: Step 20, time 299896.5, SENFREQ, 2 components, 81 values
INFO: Step 21, time 469199.9, SENFREQ, 2 components, 81 values
INFO: 11 time increments
INFO: Writing examples/ccx_2.16.test/beam_sens_freq_coord1.01.vtk
INFO: Step 11, time 0.00e+00, NORM, 3 components, 81 values
INFO: Writing examples/ccx_2.16.test/beam_sens_freq_coord1.02.vtk
INFO: Step 12, time 15717.6, SENFREQ, 2 components, 81 values
INFO: Writing examples/ccx_2.16.test/beam_sens_freq_coord1.03.vtk
INFO: Step 13, time 21366.3, SENFREQ, 2 components, 81 values
INFO: Writing examples/ccx_2.16.test/beam_sens_freq_coord1.04.vtk
INFO: Step 14, time 93946.1, SENFREQ, 2 components, 81 values
INFO: Writing examples/ccx_2.16.test/beam_sens_freq_coord1.05.vtk
INFO: Step 15, time 94079.5, SENFREQ, 2 components, 81 values
INFO: Writing examples/ccx_2.16.test/beam_sens_freq_coord1.06.vtk
INFO: Step 16, time 119778.3, SENFREQ, 2 components, 81 values
INFO: Writing examples/ccx_2.16.test/beam_sens_freq_coord1.07.vtk
INFO: Step 17, time 164426.6, SENFREQ, 2 components, 81 values
INFO: Writing examples/ccx_2.16.test/beam_sens_freq_coord1.08.vtk
INFO: Step 18, time 251151.1, SENFREQ, 2 components, 81 values
INFO: Writing examples/ccx_2.16.test/beam_sens_freq_coord1.09.vtk
INFO: Step 19, time 286227.3, SENFREQ, 2 components, 81 values
INFO: Writing examples/ccx_2.16.test/beam_sens_freq_coord1.10.vtk
INFO: Step 20, time 299896.5, SENFREQ, 2 components, 81 values
INFO: Writing examples/ccx_2.16.test/beam_sens_freq_coord1.11.vtk
INFO: Step 21, time 469199.9, SENFREQ, 2 components, 81 values

==================================================
INFO: Parsing examples/ccx_2.16.test/beam_sens_freq_coord1.frd
INFO: 81 nodes
INFO: 32 cells
INFO: Step 11, time 0.00e+00, NORM, 3 components, 81 values
INFO: Step 12, time 15717.6, SENFREQ, 2 components, 81 values
INFO: Step 13, time 21366.3, SENFREQ, 2 components, 81 values
INFO: Step 14, time 93946.1, SENFREQ, 2 components, 81 values
INFO: Step 15, time 94079.5, SENFREQ, 2 components, 81 values
INFO: Step 16, time 119778.3, SENFREQ, 2 components, 81 values
INFO: Step 17, time 164426.6, SENFREQ, 2 components, 81 values
INFO: Step 18, time 251151.1, SENFREQ, 2 components, 81 values
INFO: Step 19, time 286227.3, SENFREQ, 2 components, 81 values
INFO: Step 20, time 299896.5, SENFREQ, 2 components, 81 values
INFO: Step 21, time 469199.9, SENFREQ, 2 components, 81 values
INFO: 11 time increments
INFO: Writing examples/ccx_2.16.test/beam_sens_freq_coord1.01.vtu
INFO: Step 11, time 0.00e+00, NORM, 3 components, 81 values
INFO: Writing examples/ccx_2.16.test/beam_sens_freq_coord1.02.vtu
INFO: Step 12, time 15717.6, SENFREQ, 2 components, 81 values
INFO: Writing examples/ccx_2.16.test/beam_sens_freq_coord1.03.vtu
INFO: Step 13, time 21366.3, SENFREQ, 2 components, 81 values
INFO: Writing examples/ccx_2.16.test/beam_sens_freq_coord1.04.vtu
INFO: Step 14, time 93946.1, SENFREQ, 2 components, 81 values
INFO: Writing examples/ccx_2.16.test/beam_sens_freq_coord1.05.vtu
INFO: Step 15, time 94079.5, SENFREQ, 2 components, 81 values
INFO: Writing examples/ccx_2.16.test/beam_sens_freq_coord1.06.vtu
INFO: Step 16, time 119778.3, SENFREQ, 2 components, 81 values
INFO: Writing examples/ccx_2.16.test/beam_sens_freq_coord1.07.vtu
INFO: Step 17, time 164426.6, SENFREQ, 2 components, 81 values
INFO: Writing examples/ccx_2.16.test/beam_sens_freq_coord1.08.vtu
INFO: Step 18, time 251151.1, SENFREQ, 2 components, 81 values
INFO: Writing examples/ccx_2.16.test/beam_sens_freq_coord1.09.vtu
INFO: Step 19, time 286227.3, SENFREQ, 2 components, 81 values
INFO: Writing examples/ccx_2.16.test/beam_sens_freq_coord1.10.vtu
INFO: Step 20, time 299896.5, SENFREQ, 2 components, 81 values
INFO: Writing examples/ccx_2.16.test/beam_sens_freq_coord1.11.vtu
INFO: Step 21, time 469199.9, SENFREQ, 2 components, 81 values

==================================================
INFO: Parsing examples/ccx_2.16.test/beam_sens_freq_coord2.frd
INFO: 81 nodes
INFO: 32 cells
INFO: Step 1, time 1.0, U, 3 components, 81 values
INFO: Step 2, time 117547.9, U, 3 components, 81 values
INFO: Step 3, time 117547.9, U, 3 components, 81 values
INFO: Step 4, time 137033.0, U, 3 components, 81 values
INFO: Step 5, time 266253.2, U, 3 components, 81 values
INFO: Step 6, time 363862.3, U, 3 components, 81 values
INFO: Step 7, time 363862.3, U, 3 components, 81 values
INFO: Step 8, time 415424.3, U, 3 components, 81 values
INFO: Step 9, time 639830.9, U, 3 components, 81 values
INFO: Step 10, time 639830.9, U, 3 components, 81 values
INFO: Step 11, time 701285.2, U, 3 components, 81 values
INFO: Step 12, time 0.00e+00, NORM, 3 components, 81 values
INFO: Step 13, time 117547.9, SENFREQ, 2 components, 81 values
INFO: Step 14, time 117547.9, SENFREQ, 2 components, 81 values
INFO: Step 15, time 137033.0, SENFREQ, 2 components, 81 values
INFO: Step 16, time 266253.2, SENFREQ, 2 components, 81 values
INFO: Step 17, time 363862.3, SENFREQ, 2 components, 81 values
INFO: Step 18, time 363862.3, SENFREQ, 2 components, 81 values
INFO: Step 19, time 415424.3, SENFREQ, 2 components, 81 values
INFO: Step 20, time 639830.9, SENFREQ, 2 components, 81 values
INFO: Step 21, time 639830.9, SENFREQ, 2 components, 81 values
INFO: Step 22, time 701285.2, SENFREQ, 2 components, 81 values
INFO: 9 time increments
INFO: Writing examples/ccx_2.16.test/beam_sens_freq_coord2.1.vtk
INFO: Step 12, time 0.00e+00, NORM, 3 components, 81 values
INFO: Writing examples/ccx_2.16.test/beam_sens_freq_coord2.2.vtk
INFO: Step 1, time 1.0, U, 3 components, 81 values
INFO: Writing examples/ccx_2.16.test/beam_sens_freq_coord2.3.vtk
INFO: Step 2, time 117547.9, U, 3 components, 81 values
INFO: Step 3, time 117547.9, U, 3 components, 81 values
INFO: Step 13, time 117547.9, SENFREQ, 2 components, 81 values
INFO: Step 14, time 117547.9, SENFREQ, 2 components, 81 values
INFO: Writing examples/ccx_2.16.test/beam_sens_freq_coord2.4.vtk
INFO: Step 4, time 137033.0, U, 3 components, 81 values
INFO: Step 15, time 137033.0, SENFREQ, 2 components, 81 values
INFO: Writing examples/ccx_2.16.test/beam_sens_freq_coord2.5.vtk
INFO: Step 5, time 266253.2, U, 3 components, 81 values
INFO: Step 16, time 266253.2, SENFREQ, 2 components, 81 values
INFO: Writing examples/ccx_2.16.test/beam_sens_freq_coord2.6.vtk
INFO: Step 6, time 363862.3, U, 3 components, 81 values
INFO: Step 7, time 363862.3, U, 3 components, 81 values
INFO: Step 17, time 363862.3, SENFREQ, 2 components, 81 values
INFO: Step 18, time 363862.3, SENFREQ, 2 components, 81 values
INFO: Writing examples/ccx_2.16.test/beam_sens_freq_coord2.7.vtk
INFO: Step 8, time 415424.3, U, 3 components, 81 values
INFO: Step 19, time 415424.3, SENFREQ, 2 components, 81 values
INFO: Writing examples/ccx_2.16.test/beam_sens_freq_coord2.8.vtk
INFO: Step 9, time 639830.9, U, 3 components, 81 values
INFO: Step 10, time 639830.9, U, 3 components, 81 values
INFO: Step 20, time 639830.9, SENFREQ, 2 components, 81 values
INFO: Step 21, time 639830.9, SENFREQ, 2 components, 81 values
INFO: Writing examples/ccx_2.16.test/beam_sens_freq_coord2.9.vtk
INFO: Step 11, time 701285.2, U, 3 components, 81 values
INFO: Step 22, time 701285.2, SENFREQ, 2 components, 81 values

==================================================
INFO: Parsing examples/ccx_2.16.test/beam_sens_freq_coord2.frd
INFO: 81 nodes
INFO: 32 cells
INFO: Step 1, time 1.0, U, 3 components, 81 values
INFO: Step 2, time 117547.9, U, 3 components, 81 values
INFO: Step 3, time 117547.9, U, 3 components, 81 values
INFO: Step 4, time 137033.0, U, 3 components, 81 values
INFO: Step 5, time 266253.2, U, 3 components, 81 values
INFO: Step 6, time 363862.3, U, 3 components, 81 values
INFO: Step 7, time 363862.3, U, 3 components, 81 values
INFO: Step 8, time 415424.3, U, 3 components, 81 values
INFO: Step 9, time 639830.9, U, 3 components, 81 values
INFO: Step 10, time 639830.9, U, 3 components, 81 values
INFO: Step 11, time 701285.2, U, 3 components, 81 values
INFO: Step 12, time 0.00e+00, NORM, 3 components, 81 values
INFO: Step 13, time 117547.9, SENFREQ, 2 components, 81 values
INFO: Step 14, time 117547.9, SENFREQ, 2 components, 81 values
INFO: Step 15, time 137033.0, SENFREQ, 2 components, 81 values
INFO: Step 16, time 266253.2, SENFREQ, 2 components, 81 values
INFO: Step 17, time 363862.3, SENFREQ, 2 components, 81 values
INFO: Step 18, time 363862.3, SENFREQ, 2 components, 81 values
INFO: Step 19, time 415424.3, SENFREQ, 2 components, 81 values
INFO: Step 20, time 639830.9, SENFREQ, 2 components, 81 values
INFO: Step 21, time 639830.9, SENFREQ, 2 components, 81 values
INFO: Step 22, time 701285.2, SENFREQ, 2 components, 81 values
INFO: 9 time increments
INFO: Writing examples/ccx_2.16.test/beam_sens_freq_coord2.1.vtu
INFO: Step 12, time 0.00e+00, NORM, 3 components, 81 values
INFO: Writing examples/ccx_2.16.test/beam_sens_freq_coord2.2.vtu
INFO: Step 1, time 1.0, U, 3 components, 81 values
INFO: Writing examples/ccx_2.16.test/beam_sens_freq_coord2.3.vtu
INFO: Step 2, time 117547.9, U, 3 components, 81 values
INFO: Step 3, time 117547.9, U, 3 components, 81 values
INFO: Step 13, time 117547.9, SENFREQ, 2 components, 81 values
INFO: Step 14, time 117547.9, SENFREQ, 2 components, 81 values
INFO: Writing examples/ccx_2.16.test/beam_sens_freq_coord2.4.vtu
INFO: Step 4, time 137033.0, U, 3 components, 81 values
INFO: Step 15, time 137033.0, SENFREQ, 2 components, 81 values
INFO: Writing examples/ccx_2.16.test/beam_sens_freq_coord2.5.vtu
INFO: Step 5, time 266253.2, U, 3 components, 81 values
INFO: Step 16, time 266253.2, SENFREQ, 2 components, 81 values
INFO: Writing examples/ccx_2.16.test/beam_sens_freq_coord2.6.vtu
INFO: Step 6, time 363862.3, U, 3 components, 81 values
INFO: Step 7, time 363862.3, U, 3 components, 81 values
INFO: Step 17, time 363862.3, SENFREQ, 2 components, 81 values
INFO: Step 18, time 363862.3, SENFREQ, 2 components, 81 values
INFO: Writing examples/ccx_2.16.test/beam_sens_freq_coord2.7.vtu
INFO: Step 8, time 415424.3, U, 3 components, 81 values
INFO: Step 19, time 415424.3, SENFREQ, 2 components, 81 values
INFO: Writing examples/ccx_2.16.test/beam_sens_freq_coord2.8.vtu
INFO: Step 9, time 639830.9, U, 3 components, 81 values
INFO: Step 10, time 639830.9, U, 3 components, 81 values
INFO: Step 20, time 639830.9, SENFREQ, 2 components, 81 values
INFO: Step 21, time 639830.9, SENFREQ, 2 components, 81 values
INFO: Writing examples/ccx_2.16.test/beam_sens_freq_coord2.9.vtu
INFO: Step 11, time 701285.2, U, 3 components, 81 values
INFO: Step 22, time 701285.2, SENFREQ, 2 components, 81 values

==================================================
INFO: Parsing examples/ccx_2.16.test/beam_sens_freq_coord3.frd
INFO: 90 nodes
INFO: 32 cells
INFO: Step 1, time 1.0, U, 3 components, 90 values
INFO: Step 2, time 117547.9, U, 3 components, 90 values
INFO: Step 3, time 117547.9, U, 3 components, 90 values
INFO: Step 4, time 137033.0, U, 3 components, 90 values
INFO: Step 5, time 266253.2, U, 3 components, 90 values
INFO: Step 6, time 363862.3, U, 3 components, 90 values
INFO: Step 7, time 363862.3, U, 3 components, 90 values
INFO: Step 8, time 415424.3, U, 3 components, 90 values
INFO: Step 9, time 639830.9, U, 3 components, 90 values
INFO: Step 10, time 639830.9, U, 3 components, 90 values
INFO: Step 11, time 701285.2, U, 3 components, 90 values
INFO: Step 12, time 0.00e+00, NORM, 3 components, 90 values
INFO: Step 13, time 117547.9, SENFREQ, 2 components, 90 values
INFO: Step 14, time 117547.9, SENFREQ, 2 components, 90 values
INFO: Step 15, time 137033.0, SENFREQ, 2 components, 90 values
INFO: Step 16, time 266253.2, SENFREQ, 2 components, 90 values
INFO: Step 17, time 363862.3, SENFREQ, 2 components, 90 values
INFO: Step 18, time 363862.3, SENFREQ, 2 components, 90 values
INFO: Step 19, time 415424.3, SENFREQ, 2 components, 90 values
INFO: Step 20, time 639830.9, SENFREQ, 2 components, 90 values
INFO: Step 21, time 639830.9, SENFREQ, 2 components, 90 values
INFO: Step 22, time 701285.2, SENFREQ, 2 components, 90 values
INFO: 9 time increments
INFO: Writing examples/ccx_2.16.test/beam_sens_freq_coord3.1.vtk
INFO: Step 12, time 0.00e+00, NORM, 3 components, 90 values
INFO: Writing examples/ccx_2.16.test/beam_sens_freq_coord3.2.vtk
INFO: Step 1, time 1.0, U, 3 components, 90 values
INFO: Writing examples/ccx_2.16.test/beam_sens_freq_coord3.3.vtk
INFO: Step 2, time 117547.9, U, 3 components, 90 values
INFO: Step 3, time 117547.9, U, 3 components, 90 values
INFO: Step 13, time 117547.9, SENFREQ, 2 components, 90 values
INFO: Step 14, time 117547.9, SENFREQ, 2 components, 90 values
INFO: Writing examples/ccx_2.16.test/beam_sens_freq_coord3.4.vtk
INFO: Step 4, time 137033.0, U, 3 components, 90 values
INFO: Step 15, time 137033.0, SENFREQ, 2 components, 90 values
INFO: Writing examples/ccx_2.16.test/beam_sens_freq_coord3.5.vtk
INFO: Step 5, time 266253.2, U, 3 components, 90 values
INFO: Step 16, time 266253.2, SENFREQ, 2 components, 90 values
INFO: Writing examples/ccx_2.16.test/beam_sens_freq_coord3.6.vtk
INFO: Step 6, time 363862.3, U, 3 components, 90 values
INFO: Step 7, time 363862.3, U, 3 components, 90 values
INFO: Step 17, time 363862.3, SENFREQ, 2 components, 90 values
INFO: Step 18, time 363862.3, SENFREQ, 2 components, 90 values
INFO: Writing examples/ccx_2.16.test/beam_sens_freq_coord3.7.vtk
INFO: Step 8, time 415424.3, U, 3 components, 90 values
INFO: Step 19, time 415424.3, SENFREQ, 2 components, 90 values
INFO: Writing examples/ccx_2.16.test/beam_sens_freq_coord3.8.vtk
INFO: Step 9, time 639830.9, U, 3 components, 90 values
INFO: Step 10, time 639830.9, U, 3 components, 90 values
INFO: Step 20, time 639830.9, SENFREQ, 2 components, 90 values
INFO: Step 21, time 639830.9, SENFREQ, 2 components, 90 values
INFO: Writing examples/ccx_2.16.test/beam_sens_freq_coord3.9.vtk
INFO: Step 11, time 701285.2, U, 3 components, 90 values
INFO: Step 22, time 701285.2, SENFREQ, 2 components, 90 values

==================================================
INFO: Parsing examples/ccx_2.16.test/beam_sens_freq_coord3.frd
INFO: 90 nodes
INFO: 32 cells
INFO: Step 1, time 1.0, U, 3 components, 90 values
INFO: Step 2, time 117547.9, U, 3 components, 90 values
INFO: Step 3, time 117547.9, U, 3 components, 90 values
INFO: Step 4, time 137033.0, U, 3 components, 90 values
INFO: Step 5, time 266253.2, U, 3 components, 90 values
INFO: Step 6, time 363862.3, U, 3 components, 90 values
INFO: Step 7, time 363862.3, U, 3 components, 90 values
INFO: Step 8, time 415424.3, U, 3 components, 90 values
INFO: Step 9, time 639830.9, U, 3 components, 90 values
INFO: Step 10, time 639830.9, U, 3 components, 90 values
INFO: Step 11, time 701285.2, U, 3 components, 90 values
INFO: Step 12, time 0.00e+00, NORM, 3 components, 90 values
INFO: Step 13, time 117547.9, SENFREQ, 2 components, 90 values
INFO: Step 14, time 117547.9, SENFREQ, 2 components, 90 values
INFO: Step 15, time 137033.0, SENFREQ, 2 components, 90 values
INFO: Step 16, time 266253.2, SENFREQ, 2 components, 90 values
INFO: Step 17, time 363862.3, SENFREQ, 2 components, 90 values
INFO: Step 18, time 363862.3, SENFREQ, 2 components, 90 values
INFO: Step 19, time 415424.3, SENFREQ, 2 components, 90 values
INFO: Step 20, time 639830.9, SENFREQ, 2 components, 90 values
INFO: Step 21, time 639830.9, SENFREQ, 2 components, 90 values
INFO: Step 22, time 701285.2, SENFREQ, 2 components, 90 values
INFO: 9 time increments
INFO: Writing examples/ccx_2.16.test/beam_sens_freq_coord3.1.vtu
INFO: Step 12, time 0.00e+00, NORM, 3 components, 90 values
INFO: Writing examples/ccx_2.16.test/beam_sens_freq_coord3.2.vtu
INFO: Step 1, time 1.0, U, 3 components, 90 values
INFO: Writing examples/ccx_2.16.test/beam_sens_freq_coord3.3.vtu
INFO: Step 2, time 117547.9, U, 3 components, 90 values
INFO: Step 3, time 117547.9, U, 3 components, 90 values
INFO: Step 13, time 117547.9, SENFREQ, 2 components, 90 values
INFO: Step 14, time 117547.9, SENFREQ, 2 components, 90 values
INFO: Writing examples/ccx_2.16.test/beam_sens_freq_coord3.4.vtu
INFO: Step 4, time 137033.0, U, 3 components, 90 values
INFO: Step 15, time 137033.0, SENFREQ, 2 components, 90 values
INFO: Writing examples/ccx_2.16.test/beam_sens_freq_coord3.5.vtu
INFO: Step 5, time 266253.2, U, 3 components, 90 values
INFO: Step 16, time 266253.2, SENFREQ, 2 components, 90 values
INFO: Writing examples/ccx_2.16.test/beam_sens_freq_coord3.6.vtu
INFO: Step 6, time 363862.3, U, 3 components, 90 values
INFO: Step 7, time 363862.3, U, 3 components, 90 values
INFO: Step 17, time 363862.3, SENFREQ, 2 components, 90 values
INFO: Step 18, time 363862.3, SENFREQ, 2 components, 90 values
INFO: Writing examples/ccx_2.16.test/beam_sens_freq_coord3.7.vtu
INFO: Step 8, time 415424.3, U, 3 components, 90 values
INFO: Step 19, time 415424.3, SENFREQ, 2 components, 90 values
INFO: Writing examples/ccx_2.16.test/beam_sens_freq_coord3.8.vtu
INFO: Step 9, time 639830.9, U, 3 components, 90 values
INFO: Step 10, time 639830.9, U, 3 components, 90 values
INFO: Step 20, time 639830.9, SENFREQ, 2 components, 90 values
INFO: Step 21, time 639830.9, SENFREQ, 2 components, 90 values
INFO: Writing examples/ccx_2.16.test/beam_sens_freq_coord3.9.vtu
INFO: Step 11, time 701285.2, U, 3 components, 90 values
INFO: Step 22, time 701285.2, SENFREQ, 2 components, 90 values

==================================================
INFO: Parsing examples/ccx_2.16.test/beam_sens_stress_coord1.frd
INFO: 81 nodes
INFO: 32 cells
INFO: Step 1, time 1.0, U, 3 components, 81 values
INFO: Step 1, time 1.0, S, 10 components, 81 values
INFO: Step 1, time 1.0, ERROR, 1 components, 81 values
INFO: Step 2, time 0.00e+00, NORM, 3 components, 81 values
INFO: Step 3, time 0.00e+00, SENSTRE, 2 components, 81 values
INFO: 2 time increments
INFO: Writing examples/ccx_2.16.test/beam_sens_stress_coord1.1.vtk
INFO: Step 2, time 0.00e+00, NORM, 3 components, 81 values
INFO: Step 3, time 0.00e+00, SENSTRE, 2 components, 81 values
INFO: Writing examples/ccx_2.16.test/beam_sens_stress_coord1.2.vtk
INFO: Step 1, time 1.0, U, 3 components, 81 values
INFO: Step 1, time 1.0, S, 10 components, 81 values
INFO: Step 1, time 1.0, ERROR, 1 components, 81 values

==================================================
INFO: Parsing examples/ccx_2.16.test/beam_sens_stress_coord1.frd
INFO: 81 nodes
INFO: 32 cells
INFO: Step 1, time 1.0, U, 3 components, 81 values
INFO: Step 1, time 1.0, S, 10 components, 81 values
INFO: Step 1, time 1.0, ERROR, 1 components, 81 values
INFO: Step 2, time 0.00e+00, NORM, 3 components, 81 values
INFO: Step 3, time 0.00e+00, SENSTRE, 2 components, 81 values
INFO: 2 time increments
INFO: Writing examples/ccx_2.16.test/beam_sens_stress_coord1.1.vtu
INFO: Step 2, time 0.00e+00, NORM, 3 components, 81 values
INFO: Step 3, time 0.00e+00, SENSTRE, 2 components, 81 values
INFO: Writing examples/ccx_2.16.test/beam_sens_stress_coord1.2.vtu
INFO: Step 1, time 1.0, U, 3 components, 81 values
INFO: Step 1, time 1.0, S, 10 components, 81 values
INFO: Step 1, time 1.0, ERROR, 1 components, 81 values

==================================================
INFO: Parsing examples/ccx_2.16.test/beam_sens_stress_coord2.frd
INFO: 81 nodes
INFO: 32 cells
INFO: Step 1, time 1.0, U, 3 components, 81 values
INFO: Step 1, time 1.0, S, 10 components, 81 values
INFO: Step 1, time 1.0, ERROR, 1 components, 81 values
INFO: Step 2, time 0.00e+00, NORM, 3 components, 81 values
INFO: Step 3, time 0.00e+00, SENSTRE, 2 components, 81 values
INFO: 2 time increments
INFO: Writing examples/ccx_2.16.test/beam_sens_stress_coord2.1.vtk
INFO: Step 2, time 0.00e+00, NORM, 3 components, 81 values
INFO: Step 3, time 0.00e+00, SENSTRE, 2 components, 81 values
INFO: Writing examples/ccx_2.16.test/beam_sens_stress_coord2.2.vtk
INFO: Step 1, time 1.0, U, 3 components, 81 values
INFO: Step 1, time 1.0, S, 10 components, 81 values
INFO: Step 1, time 1.0, ERROR, 1 components, 81 values

==================================================
INFO: Parsing examples/ccx_2.16.test/beam_sens_stress_coord2.frd
INFO: 81 nodes
INFO: 32 cells
INFO: Step 1, time 1.0, U, 3 components, 81 values
INFO: Step 1, time 1.0, S, 10 components, 81 values
INFO: Step 1, time 1.0, ERROR, 1 components, 81 values
INFO: Step 2, time 0.00e+00, NORM, 3 components, 81 values
INFO: Step 3, time 0.00e+00, SENSTRE, 2 components, 81 values
INFO: 2 time increments
INFO: Writing examples/ccx_2.16.test/beam_sens_stress_coord2.1.vtu
INFO: Step 2, time 0.00e+00, NORM, 3 components, 81 values
INFO: Step 3, time 0.00e+00, SENSTRE, 2 components, 81 values
INFO: Writing examples/ccx_2.16.test/beam_sens_stress_coord2.2.vtu
INFO: Step 1, time 1.0, U, 3 components, 81 values
INFO: Step 1, time 1.0, S, 10 components, 81 values
INFO: Step 1, time 1.0, ERROR, 1 components, 81 values

==================================================
INFO: Parsing examples/ccx_2.16.test/beamabq.frd
INFO: 261 nodes
INFO: 32 cells
WARNING: No time increments!

==================================================
INFO: Parsing examples/ccx_2.16.test/beamabq.frd
INFO: 261 nodes
INFO: 32 cells
WARNING: No time increments!

==================================================
INFO: Parsing examples/ccx_2.16.test/beamb.frd
INFO: 261 nodes
INFO: 32 cells
WARNING: No time increments!

==================================================
INFO: Parsing examples/ccx_2.16.test/beamb.frd
INFO: 261 nodes
INFO: 32 cells
WARNING: No time increments!

==================================================
INFO: Parsing examples/ccx_2.16.test/beamcom.frd
INFO: 64 nodes
INFO: 4 cells
WARNING: No time increments!

==================================================
INFO: Parsing examples/ccx_2.16.test/beamcom.frd
INFO: 64 nodes
INFO: 4 cells
WARNING: No time increments!

==================================================
INFO: Parsing examples/ccx_2.16.test/beamcontact.frd
INFO: 277 nodes
INFO: 34 cells
INFO: Step 1, time 1.0, CONTACT, 6 components, 277 values
INFO: 1 time increment
INFO: Writing examples/ccx_2.16.test/beamcontact.vtk
INFO: Step 1, time 1.0, CONTACT, 6 components, 277 values

==================================================
INFO: Parsing examples/ccx_2.16.test/beamcontact.frd
INFO: 277 nodes
INFO: 34 cells
INFO: Step 1, time 1.0, CONTACT, 6 components, 277 values
INFO: 1 time increment
INFO: Writing examples/ccx_2.16.test/beamcontact.vtu
INFO: Step 1, time 1.0, CONTACT, 6 components, 277 values

==================================================
INFO: Parsing examples/ccx_2.16.test/beamcr.frd
INFO: 261 nodes
INFO: 32 cells
WARNING: No time increments!

==================================================
INFO: Parsing examples/ccx_2.16.test/beamcr.frd
INFO: 261 nodes
INFO: 32 cells
WARNING: No time increments!

==================================================
INFO: Parsing examples/ccx_2.16.test/beamcr2.frd
INFO: 261 nodes
INFO: 32 cells
WARNING: No time increments!

==================================================
INFO: Parsing examples/ccx_2.16.test/beamcr2.frd
INFO: 261 nodes
INFO: 32 cells
WARNING: No time increments!

==================================================
INFO: Parsing examples/ccx_2.16.test/beamd.frd
INFO: 261 nodes
INFO: 32 cells
WARNING: No time increments!

==================================================
INFO: Parsing examples/ccx_2.16.test/beamd.frd
INFO: 261 nodes
INFO: 32 cells
WARNING: No time increments!

==================================================
INFO: Parsing examples/ccx_2.16.test/beamd2.frd
INFO: 261 nodes
INFO: 32 cells
WARNING: No time increments!

==================================================
INFO: Parsing examples/ccx_2.16.test/beamd2.frd
INFO: 261 nodes
INFO: 32 cells
WARNING: No time increments!

==================================================
INFO: Parsing examples/ccx_2.16.test/beamdelay.frd
INFO: 261 nodes
INFO: 32 cells
WARNING: No time increments!

==================================================
INFO: Parsing examples/ccx_2.16.test/beamdelay.frd
INFO: 261 nodes
INFO: 32 cells
WARNING: No time increments!

==================================================
INFO: Parsing examples/ccx_2.16.test/beamdy1.frd
INFO: 261 nodes
INFO: 32 cells
WARNING: No time increments!

==================================================
INFO: Parsing examples/ccx_2.16.test/beamdy1.frd
INFO: 261 nodes
INFO: 32 cells
WARNING: No time increments!

==================================================
INFO: Parsing examples/ccx_2.16.test/beamdy10.frd
INFO: 261 nodes
INFO: 32 cells
WARNING: No time increments!

==================================================
INFO: Parsing examples/ccx_2.16.test/beamdy10.frd
INFO: 261 nodes
INFO: 32 cells
WARNING: No time increments!

==================================================
INFO: Parsing examples/ccx_2.16.test/beamdy10bm.frd
INFO: 261 nodes
INFO: 32 cells
WARNING: No time increments!

==================================================
INFO: Parsing examples/ccx_2.16.test/beamdy10bm.frd
INFO: 261 nodes
INFO: 32 cells
WARNING: No time increments!

==================================================
INFO: Parsing examples/ccx_2.16.test/beamdy11.frd
INFO: 261 nodes
INFO: 32 cells
WARNING: No time increments!

==================================================
INFO: Parsing examples/ccx_2.16.test/beamdy11.frd
INFO: 261 nodes
INFO: 32 cells
WARNING: No time increments!

==================================================
INFO: Parsing examples/ccx_2.16.test/beamdy12.frd
INFO: 261 nodes
INFO: 32 cells
WARNING: No time increments!

==================================================
INFO: Parsing examples/ccx_2.16.test/beamdy12.frd
INFO: 261 nodes
INFO: 32 cells
WARNING: No time increments!

==================================================
INFO: Parsing examples/ccx_2.16.test/beamdy13.frd
INFO: 261 nodes
INFO: 32 cells
WARNING: No time increments!

==================================================
INFO: Parsing examples/ccx_2.16.test/beamdy13.frd
INFO: 261 nodes
INFO: 32 cells
WARNING: No time increments!

==================================================
INFO: Parsing examples/ccx_2.16.test/beamdy14.frd
INFO: 261 nodes
INFO: 32 cells
WARNING: No time increments!

==================================================
INFO: Parsing examples/ccx_2.16.test/beamdy14.frd
INFO: 261 nodes
INFO: 32 cells
WARNING: No time increments!

==================================================
INFO: Parsing examples/ccx_2.16.test/beamdy15.frd
INFO: 261 nodes
INFO: 32 cells
WARNING: No time increments!

==================================================
INFO: Parsing examples/ccx_2.16.test/beamdy15.frd
INFO: 261 nodes
INFO: 32 cells
WARNING: No time increments!

==================================================
INFO: Parsing examples/ccx_2.16.test/beamdy16.frd
INFO: 261 nodes
INFO: 32 cells
WARNING: No time increments!

==================================================
INFO: Parsing examples/ccx_2.16.test/beamdy16.frd
INFO: 261 nodes
INFO: 32 cells
WARNING: No time increments!

==================================================
INFO: Parsing examples/ccx_2.16.test/beamdy17.frd
INFO: 261 nodes
INFO: 32 cells
WARNING: No time increments!

==================================================
INFO: Parsing examples/ccx_2.16.test/beamdy17.frd
INFO: 261 nodes
INFO: 32 cells
WARNING: No time increments!

==================================================
INFO: Parsing examples/ccx_2.16.test/beamdy18.frd
INFO: 261 nodes
INFO: 32 cells
WARNING: No time increments!

==================================================
INFO: Parsing examples/ccx_2.16.test/beamdy18.frd
INFO: 261 nodes
INFO: 32 cells
WARNING: No time increments!

==================================================
INFO: Parsing examples/ccx_2.16.test/beamdy19.frd
INFO: 261 nodes
INFO: 32 cells
WARNING: No time increments!

==================================================
INFO: Parsing examples/ccx_2.16.test/beamdy19.frd
INFO: 261 nodes
INFO: 32 cells
WARNING: No time increments!

==================================================
INFO: Parsing examples/ccx_2.16.test/beamdy2.frd
INFO: 261 nodes
INFO: 32 cells
WARNING: No time increments!

==================================================
INFO: Parsing examples/ccx_2.16.test/beamdy2.frd
INFO: 261 nodes
INFO: 32 cells
WARNING: No time increments!

==================================================
INFO: Parsing examples/ccx_2.16.test/beamdy20.frd
INFO: 261 nodes
INFO: 32 cells
INFO: Step 11, time 12000.0, E, 10 components, 261 values
INFO: Step 11, time 12000.0, TOSTRAII, 6 components, 261 values
INFO: Step 11, time 12000.0, PDISP, 6 components, 261 values
INFO: Step 12, time 12001.0, E, 10 components, 261 values
INFO: Step 12, time 12001.0, TOSTRAII, 6 components, 261 values
INFO: Step 12, time 12001.0, PDISP, 6 components, 261 values
INFO: 2 time increments
INFO: Writing examples/ccx_2.16.test/beamdy20.1.vtk
INFO: Step 11, time 12000.0, E, 10 components, 261 values
INFO: Step 11, time 12000.0, TOSTRAII, 6 components, 261 values
INFO: Step 11, time 12000.0, PDISP, 6 components, 261 values
INFO: Writing examples/ccx_2.16.test/beamdy20.2.vtk
INFO: Step 12, time 12001.0, E, 10 components, 261 values
INFO: Step 12, time 12001.0, TOSTRAII, 6 components, 261 values
INFO: Step 12, time 12001.0, PDISP, 6 components, 261 values

==================================================
INFO: Parsing examples/ccx_2.16.test/beamdy20.frd
INFO: 261 nodes
INFO: 32 cells
INFO: Step 11, time 12000.0, E, 10 components, 261 values
INFO: Step 11, time 12000.0, TOSTRAII, 6 components, 261 values
INFO: Step 11, time 12000.0, PDISP, 6 components, 261 values
INFO: Step 12, time 12001.0, E, 10 components, 261 values
INFO: Step 12, time 12001.0, TOSTRAII, 6 components, 261 values
INFO: Step 12, time 12001.0, PDISP, 6 components, 261 values
INFO: 2 time increments
INFO: Writing examples/ccx_2.16.test/beamdy20.1.vtu
INFO: Step 11, time 12000.0, E, 10 components, 261 values
INFO: Step 11, time 12000.0, TOSTRAII, 6 components, 261 values
INFO: Step 11, time 12000.0, PDISP, 6 components, 261 values
INFO: Writing examples/ccx_2.16.test/beamdy20.2.vtu
INFO: Step 12, time 12001.0, E, 10 components, 261 values
INFO: Step 12, time 12001.0, TOSTRAII, 6 components, 261 values
INFO: Step 12, time 12001.0, PDISP, 6 components, 261 values

==================================================
INFO: Parsing examples/ccx_2.16.test/beamdy3.frd
INFO: 261 nodes
INFO: 32 cells
WARNING: No time increments!

==================================================
INFO: Parsing examples/ccx_2.16.test/beamdy3.frd
INFO: 261 nodes
INFO: 32 cells
WARNING: No time increments!

==================================================
INFO: Parsing examples/ccx_2.16.test/beamdy4.frd
INFO: 261 nodes
INFO: 32 cells
WARNING: No time increments!

==================================================
INFO: Parsing examples/ccx_2.16.test/beamdy4.frd
INFO: 261 nodes
INFO: 32 cells
WARNING: No time increments!

==================================================
INFO: Parsing examples/ccx_2.16.test/beamdy5.frd
INFO: 261 nodes
INFO: 32 cells
WARNING: No time increments!

==================================================
INFO: Parsing examples/ccx_2.16.test/beamdy5.frd
INFO: 261 nodes
INFO: 32 cells
WARNING: No time increments!

==================================================
INFO: Parsing examples/ccx_2.16.test/beamdy6.frd
INFO: 261 nodes
INFO: 32 cells
WARNING: No time increments!

==================================================
INFO: Parsing examples/ccx_2.16.test/beamdy6.frd
INFO: 261 nodes
INFO: 32 cells
WARNING: No time increments!

==================================================
INFO: Parsing examples/ccx_2.16.test/beamdy7.frd
INFO: 261 nodes
INFO: 32 cells
WARNING: No time increments!

==================================================
INFO: Parsing examples/ccx_2.16.test/beamdy7.frd
INFO: 261 nodes
INFO: 32 cells
WARNING: No time increments!

==================================================
INFO: Parsing examples/ccx_2.16.test/beamdy7bm.frd
INFO: 261 nodes
INFO: 32 cells
WARNING: No time increments!

==================================================
INFO: Parsing examples/ccx_2.16.test/beamdy7bm.frd
INFO: 261 nodes
INFO: 32 cells
WARNING: No time increments!

==================================================
INFO: Parsing examples/ccx_2.16.test/beamdy8.frd
INFO: 261 nodes
INFO: 32 cells
WARNING: No time increments!

==================================================
INFO: Parsing examples/ccx_2.16.test/beamdy8.frd
INFO: 261 nodes
INFO: 32 cells
WARNING: No time increments!

==================================================
INFO: Parsing examples/ccx_2.16.test/beamdy9.frd
INFO: 261 nodes
INFO: 32 cells
WARNING: No time increments!

==================================================
INFO: Parsing examples/ccx_2.16.test/beamdy9.frd
INFO: 261 nodes
INFO: 32 cells
WARNING: No time increments!

==================================================
INFO: Parsing examples/ccx_2.16.test/beamdynamic.frd
INFO: 261 nodes
INFO: 32 cells
WARNING: No time increments!

==================================================
INFO: Parsing examples/ccx_2.16.test/beamdynamic.frd
INFO: 261 nodes
INFO: 32 cells
WARNING: No time increments!

==================================================
INFO: Parsing examples/ccx_2.16.test/beamexpdy1.frd
INFO: 261 nodes
INFO: 32 cells
WARNING: No time increments!

==================================================
INFO: Parsing examples/ccx_2.16.test/beamexpdy1.frd
INFO: 261 nodes
INFO: 32 cells
WARNING: No time increments!

==================================================
INFO: Parsing examples/ccx_2.16.test/beamf.frd
INFO: 261 nodes
INFO: 32 cells
INFO: Step 1, time 13096.0, U, 3 components, 261 values
INFO: Step 2, time 19319.5, U, 3 components, 261 values
INFO: Step 3, time 76839.7, U, 3 components, 261 values
INFO: Step 4, time 86955.2, U, 3 components, 261 values
INFO: Step 5, time 105963.6, U, 3 components, 261 values
INFO: Step 6, time 162998.5, U, 3 components, 261 values
INFO: Step 7, time 197645.0, U, 3 components, 261 values
INFO: Step 8, time 256161.0, U, 3 components, 261 values
INFO: Step 9, time 261139.5, U, 3 components, 261 values
INFO: Step 10, time 351862.3, U, 3 components, 261 values
INFO: 10 time increments
INFO: Writing examples/ccx_2.16.test/beamf.01.vtk
INFO: Step 1, time 13096.0, U, 3 components, 261 values
INFO: Writing examples/ccx_2.16.test/beamf.02.vtk
INFO: Step 2, time 19319.5, U, 3 components, 261 values
INFO: Writing examples/ccx_2.16.test/beamf.03.vtk
INFO: Step 3, time 76839.7, U, 3 components, 261 values
INFO: Writing examples/ccx_2.16.test/beamf.04.vtk
INFO: Step 4, time 86955.2, U, 3 components, 261 values
INFO: Writing examples/ccx_2.16.test/beamf.05.vtk
INFO: Step 5, time 105963.6, U, 3 components, 261 values
INFO: Writing examples/ccx_2.16.test/beamf.06.vtk
INFO: Step 6, time 162998.5, U, 3 components, 261 values
INFO: Writing examples/ccx_2.16.test/beamf.07.vtk
INFO: Step 7, time 197645.0, U, 3 components, 261 values
INFO: Writing examples/ccx_2.16.test/beamf.08.vtk
INFO: Step 8, time 256161.0, U, 3 components, 261 values
INFO: Writing examples/ccx_2.16.test/beamf.09.vtk
INFO: Step 9, time 261139.5, U, 3 components, 261 values
INFO: Writing examples/ccx_2.16.test/beamf.10.vtk
INFO: Step 10, time 351862.3, U, 3 components, 261 values

==================================================
INFO: Parsing examples/ccx_2.16.test/beamf.frd
INFO: 261 nodes
INFO: 32 cells
INFO: Step 1, time 13096.0, U, 3 components, 261 values
INFO: Step 2, time 19319.5, U, 3 components, 261 values
INFO: Step 3, time 76839.7, U, 3 components, 261 values
INFO: Step 4, time 86955.2, U, 3 components, 261 values
INFO: Step 5, time 105963.6, U, 3 components, 261 values
INFO: Step 6, time 162998.5, U, 3 components, 261 values
INFO: Step 7, time 197645.0, U, 3 components, 261 values
INFO: Step 8, time 256161.0, U, 3 components, 261 values
INFO: Step 9, time 261139.5, U, 3 components, 261 values
INFO: Step 10, time 351862.3, U, 3 components, 261 values
INFO: 10 time increments
INFO: Writing examples/ccx_2.16.test/beamf.01.vtu
INFO: Step 1, time 13096.0, U, 3 components, 261 values
INFO: Writing examples/ccx_2.16.test/beamf.02.vtu
INFO: Step 2, time 19319.5, U, 3 components, 261 values
INFO: Writing examples/ccx_2.16.test/beamf.03.vtu
INFO: Step 3, time 76839.7, U, 3 components, 261 values
INFO: Writing examples/ccx_2.16.test/beamf.04.vtu
INFO: Step 4, time 86955.2, U, 3 components, 261 values
INFO: Writing examples/ccx_2.16.test/beamf.05.vtu
INFO: Step 5, time 105963.6, U, 3 components, 261 values
INFO: Writing examples/ccx_2.16.test/beamf.06.vtu
INFO: Step 6, time 162998.5, U, 3 components, 261 values
INFO: Writing examples/ccx_2.16.test/beamf.07.vtu
INFO: Step 7, time 197645.0, U, 3 components, 261 values
INFO: Writing examples/ccx_2.16.test/beamf.08.vtu
INFO: Step 8, time 256161.0, U, 3 components, 261 values
INFO: Writing examples/ccx_2.16.test/beamf.09.vtu
INFO: Step 9, time 261139.5, U, 3 components, 261 values
INFO: Writing examples/ccx_2.16.test/beamf.10.vtu
INFO: Step 10, time 351862.3, U, 3 components, 261 values

==================================================
INFO: Parsing examples/ccx_2.16.test/beamf2.frd
INFO: 261 nodes
INFO: 32 cells
WARNING: No time increments!

==================================================
INFO: Parsing examples/ccx_2.16.test/beamf2.frd
INFO: 261 nodes
INFO: 32 cells
WARNING: No time increments!

==================================================
INFO: Parsing examples/ccx_2.16.test/beamf3.frd
INFO: 261 nodes
INFO: 32 cells
INFO: Step 1, time 1.0, U, 3 components, 261 values
INFO: Step 2, time 12653.3, U, 3 components, 261 values
INFO: Step 3, time 19471.3, U, 3 components, 261 values
INFO: Step 4, time 74835.1, U, 3 components, 261 values
INFO: Step 5, time 88464.9, U, 3 components, 261 values
INFO: Step 6, time 105741.2, U, 3 components, 261 values
INFO: Step 7, time 166365.5, U, 3 components, 261 values
INFO: Step 8, time 197400.7, U, 3 components, 261 values
INFO: Step 9, time 261211.6, U, 3 components, 261 values
INFO: Step 10, time 263202.9, U, 3 components, 261 values
INFO: Step 11, time 351828.0, U, 3 components, 261 values
INFO: 11 time increments
INFO: Writing examples/ccx_2.16.test/beamf3.01.vtk
INFO: Step 1, time 1.0, U, 3 components, 261 values
INFO: Writing examples/ccx_2.16.test/beamf3.02.vtk
INFO: Step 2, time 12653.3, U, 3 components, 261 values
INFO: Writing examples/ccx_2.16.test/beamf3.03.vtk
INFO: Step 3, time 19471.3, U, 3 components, 261 values
INFO: Writing examples/ccx_2.16.test/beamf3.04.vtk
INFO: Step 4, time 74835.1, U, 3 components, 261 values
INFO: Writing examples/ccx_2.16.test/beamf3.05.vtk
INFO: Step 5, time 88464.9, U, 3 components, 261 values
INFO: Writing examples/ccx_2.16.test/beamf3.06.vtk
INFO: Step 6, time 105741.2, U, 3 components, 261 values
INFO: Writing examples/ccx_2.16.test/beamf3.07.vtk
INFO: Step 7, time 166365.5, U, 3 components, 261 values
INFO: Writing examples/ccx_2.16.test/beamf3.08.vtk
INFO: Step 8, time 197400.7, U, 3 components, 261 values
INFO: Writing examples/ccx_2.16.test/beamf3.09.vtk
INFO: Step 9, time 261211.6, U, 3 components, 261 values
INFO: Writing examples/ccx_2.16.test/beamf3.10.vtk
INFO: Step 10, time 263202.9, U, 3 components, 261 values
INFO: Writing examples/ccx_2.16.test/beamf3.11.vtk
INFO: Step 11, time 351828.0, U, 3 components, 261 values

==================================================
INFO: Parsing examples/ccx_2.16.test/beamf3.frd
INFO: 261 nodes
INFO: 32 cells
INFO: Step 1, time 1.0, U, 3 components, 261 values
INFO: Step 2, time 12653.3, U, 3 components, 261 values
INFO: Step 3, time 19471.3, U, 3 components, 261 values
INFO: Step 4, time 74835.1, U, 3 components, 261 values
INFO: Step 5, time 88464.9, U, 3 components, 261 values
INFO: Step 6, time 105741.2, U, 3 components, 261 values
INFO: Step 7, time 166365.5, U, 3 components, 261 values
INFO: Step 8, time 197400.7, U, 3 components, 261 values
INFO: Step 9, time 261211.6, U, 3 components, 261 values
INFO: Step 10, time 263202.9, U, 3 components, 261 values
INFO: Step 11, time 351828.0, U, 3 components, 261 values
INFO: 11 time increments
INFO: Writing examples/ccx_2.16.test/beamf3.01.vtu
INFO: Step 1, time 1.0, U, 3 components, 261 values
INFO: Writing examples/ccx_2.16.test/beamf3.02.vtu
INFO: Step 2, time 12653.3, U, 3 components, 261 values
INFO: Writing examples/ccx_2.16.test/beamf3.03.vtu
INFO: Step 3, time 19471.3, U, 3 components, 261 values
INFO: Writing examples/ccx_2.16.test/beamf3.04.vtu
INFO: Step 4, time 74835.1, U, 3 components, 261 values
INFO: Writing examples/ccx_2.16.test/beamf3.05.vtu
INFO: Step 5, time 88464.9, U, 3 components, 261 values
INFO: Writing examples/ccx_2.16.test/beamf3.06.vtu
INFO: Step 6, time 105741.2, U, 3 components, 261 values
INFO: Writing examples/ccx_2.16.test/beamf3.07.vtu
INFO: Step 7, time 166365.5, U, 3 components, 261 values
INFO: Writing examples/ccx_2.16.test/beamf3.08.vtu
INFO: Step 8, time 197400.7, U, 3 components, 261 values
INFO: Writing examples/ccx_2.16.test/beamf3.09.vtu
INFO: Step 9, time 261211.6, U, 3 components, 261 values
INFO: Writing examples/ccx_2.16.test/beamf3.10.vtu
INFO: Step 10, time 263202.9, U, 3 components, 261 values
INFO: Writing examples/ccx_2.16.test/beamf3.11.vtu
INFO: Step 11, time 351828.0, U, 3 components, 261 values

==================================================
INFO: Parsing examples/ccx_2.16.test/beamf3submodel.frd
WARNING: File is empty!

==================================================
INFO: Parsing examples/ccx_2.16.test/beamf3submodel.frd
WARNING: File is empty!

==================================================
INFO: Parsing examples/ccx_2.16.test/beamfrdread.frd
INFO: 261 nodes
INFO: 32 cells
INFO: Step 1, time 1.0, U, 3 components, 261 values
INFO: Step 2, time 2.0, U, 3 components, 261 values
INFO: 2 time increments
INFO: Writing examples/ccx_2.16.test/beamfrdread.1.vtk
INFO: Step 1, time 1.0, U, 3 components, 261 values
INFO: Writing examples/ccx_2.16.test/beamfrdread.2.vtk
INFO: Step 2, time 2.0, U, 3 components, 261 values

==================================================
INFO: Parsing examples/ccx_2.16.test/beamfrdread.frd
INFO: 261 nodes
INFO: 32 cells
INFO: Step 1, time 1.0, U, 3 components, 261 values
INFO: Step 2, time 2.0, U, 3 components, 261 values
INFO: 2 time increments
INFO: Writing examples/ccx_2.16.test/beamfrdread.1.vtu
INFO: Step 1, time 1.0, U, 3 components, 261 values
INFO: Writing examples/ccx_2.16.test/beamfrdread.2.vtu
INFO: Step 2, time 2.0, U, 3 components, 261 values

==================================================
INFO: Parsing examples/ccx_2.16.test/beamfrdwrite.frd
INFO: 261 nodes
INFO: 32 cells
INFO: Step 1, time 1.0, NT, 1 components, 261 values
INFO: Step 2, time 2.0, NT, 1 components, 261 values
INFO: 2 time increments
INFO: Writing examples/ccx_2.16.test/beamfrdwrite.1.vtk
INFO: Step 1, time 1.0, NT, 1 components, 261 values
INFO: Writing examples/ccx_2.16.test/beamfrdwrite.2.vtk
INFO: Step 2, time 2.0, NT, 1 components, 261 values

==================================================
INFO: Parsing examples/ccx_2.16.test/beamfrdwrite.frd
INFO: 261 nodes
INFO: 32 cells
INFO: Step 1, time 1.0, NT, 1 components, 261 values
INFO: Step 2, time 2.0, NT, 1 components, 261 values
INFO: 2 time increments
INFO: Writing examples/ccx_2.16.test/beamfrdwrite.1.vtu
INFO: Step 1, time 1.0, NT, 1 components, 261 values
INFO: Writing examples/ccx_2.16.test/beamfrdwrite.2.vtu
INFO: Step 2, time 2.0, NT, 1 components, 261 values

==================================================
INFO: Parsing examples/ccx_2.16.test/beamfsh1.frd
INFO: 293 nodes
INFO: 34 cells
WARNING: No time increments!

==================================================
INFO: Parsing examples/ccx_2.16.test/beamfsh1.frd
INFO: 293 nodes
INFO: 34 cells
WARNING: No time increments!

==================================================
INFO: Parsing examples/ccx_2.16.test/beamfstrucdamp.frd
INFO: 261 nodes
INFO: 32 cells
WARNING: No time increments!

==================================================
INFO: Parsing examples/ccx_2.16.test/beamfstrucdamp.frd
INFO: 261 nodes
INFO: 32 cells
WARNING: No time increments!

==================================================
INFO: Parsing examples/ccx_2.16.test/beamfsubmodel.frd
WARNING: File is empty!

==================================================
INFO: Parsing examples/ccx_2.16.test/beamfsubmodel.frd
WARNING: File is empty!

==================================================
INFO: Parsing examples/ccx_2.16.test/beamft.frd
INFO: 261 nodes
INFO: 32 cells
WARNING: No time increments!

==================================================
INFO: Parsing examples/ccx_2.16.test/beamft.frd
INFO: 261 nodes
INFO: 32 cells
WARNING: No time increments!

==================================================
INFO: Parsing examples/ccx_2.16.test/beamheatplas.frd
INFO: 261 nodes
INFO: 32 cells
INFO: Step 1, time 9.00e-01, U, 3 components, 261 values
INFO: Step 1, time 9.00e-01, NT, 1 components, 261 values
INFO: Step 1, time 9.00e-01, RF, 3 components, 261 values
INFO: Step 1, time 9.00e-01, RFL, 1 components, 261 values
INFO: Step 1, time 9.00e-01, TOTEMP, 1 components, 0 values
INFO: Step 1, time 9.00e-01, MAFLOW, 1 components, 0 values
INFO: 1 time increment
INFO: Writing examples/ccx_2.16.test/beamheatplas.vtk
INFO: Step 1, time 9.00e-01, U, 3 components, 261 values
INFO: Step 1, time 9.00e-01, NT, 1 components, 261 values
INFO: Step 1, time 9.00e-01, RF, 3 components, 261 values
INFO: Step 1, time 9.00e-01, RFL, 1 components, 261 values
INFO: Step 1, time 9.00e-01, TOTEMP, 1 components, 261 values
INFO: Step 1, time 9.00e-01, MAFLOW, 1 components, 261 values

==================================================
INFO: Parsing examples/ccx_2.16.test/beamheatplas.frd
INFO: 261 nodes
INFO: 32 cells
INFO: Step 1, time 9.00e-01, U, 3 components, 261 values
INFO: Step 1, time 9.00e-01, NT, 1 components, 261 values
INFO: Step 1, time 9.00e-01, RF, 3 components, 261 values
INFO: Step 1, time 9.00e-01, RFL, 1 components, 261 values
INFO: Step 1, time 9.00e-01, TOTEMP, 1 components, 0 values
INFO: Step 1, time 9.00e-01, MAFLOW, 1 components, 0 values
INFO: 1 time increment
INFO: Writing examples/ccx_2.16.test/beamheatplas.vtu
INFO: Step 1, time 9.00e-01, U, 3 components, 261 values
INFO: Step 1, time 9.00e-01, NT, 1 components, 261 values
INFO: Step 1, time 9.00e-01, RF, 3 components, 261 values
INFO: Step 1, time 9.00e-01, RFL, 1 components, 261 values
INFO: Step 1, time 9.00e-01, TOTEMP, 1 components, 261 values
INFO: Step 1, time 9.00e-01, MAFLOW, 1 components, 261 values

==================================================
INFO: Parsing examples/ccx_2.16.test/beamhf.frd
INFO: 261 nodes
INFO: 32 cells
WARNING: No time increments!

==================================================
INFO: Parsing examples/ccx_2.16.test/beamhf.frd
INFO: 261 nodes
INFO: 32 cells
WARNING: No time increments!

==================================================
INFO: Parsing examples/ccx_2.16.test/beamhtbf.frd
INFO: 261 nodes
INFO: 32 cells
WARNING: No time increments!

==================================================
INFO: Parsing examples/ccx_2.16.test/beamhtbf.frd
INFO: 261 nodes
INFO: 32 cells
WARNING: No time increments!

==================================================
INFO: Parsing examples/ccx_2.16.test/beamhtbo.frd
INFO: 261 nodes
INFO: 32 cells
WARNING: No time increments!

==================================================
INFO: Parsing examples/ccx_2.16.test/beamhtbo.frd
INFO: 261 nodes
INFO: 32 cells
WARNING: No time increments!

==================================================
INFO: Parsing examples/ccx_2.16.test/beamhtcr.frd
INFO: 495 nodes
INFO: 48 cells
WARNING: No time increments!

==================================================
INFO: Parsing examples/ccx_2.16.test/beamhtcr.frd
INFO: 495 nodes
INFO: 48 cells
WARNING: No time increments!

==================================================
INFO: Parsing examples/ccx_2.16.test/beamhtcr2.frd
INFO: 495 nodes
INFO: 48 cells
WARNING: No time increments!

==================================================
INFO: Parsing examples/ccx_2.16.test/beamhtcr2.frd
INFO: 495 nodes
INFO: 48 cells
WARNING: No time increments!

==================================================
INFO: Parsing examples/ccx_2.16.test/beamhtfc.frd
INFO: 278 nodes
INFO: 40 cells
WARNING: No time increments!

==================================================
INFO: Parsing examples/ccx_2.16.test/beamhtfc.frd
INFO: 278 nodes
INFO: 40 cells
WARNING: No time increments!

==================================================
INFO: Parsing examples/ccx_2.16.test/beamhtfc2.frd
INFO: 278 nodes
INFO: 40 cells
WARNING: No time increments!

==================================================
INFO: Parsing examples/ccx_2.16.test/beamhtfc2.frd
INFO: 278 nodes
INFO: 40 cells
WARNING: No time increments!

==================================================
INFO: Parsing examples/ccx_2.16.test/beamhtfcaero.frd
INFO: 278 nodes
INFO: 40 cells
WARNING: No time increments!

==================================================
INFO: Parsing examples/ccx_2.16.test/beamhtfcaero.frd
INFO: 278 nodes
INFO: 40 cells
WARNING: No time increments!

==================================================
INFO: Parsing examples/ccx_2.16.test/beamhtfcaerothne.frd
INFO: 278 nodes
INFO: 40 cells
WARNING: No time increments!

==================================================
INFO: Parsing examples/ccx_2.16.test/beamhtfcaerothne.frd
INFO: 278 nodes
INFO: 40 cells
WARNING: No time increments!

==================================================
INFO: Parsing examples/ccx_2.16.test/beamhtfcnu.frd
INFO: 278 nodes
INFO: 40 cells
INFO: Step 1, time 1.0, NT, 1 components, 278 values
INFO: 1 time increment
INFO: Writing examples/ccx_2.16.test/beamhtfcnu.vtk
INFO: Step 1, time 1.0, NT, 1 components, 278 values

==================================================
INFO: Parsing examples/ccx_2.16.test/beamhtfcnu.frd
INFO: 278 nodes
INFO: 40 cells
INFO: Step 1, time 1.0, NT, 1 components, 278 values
INFO: 1 time increment
INFO: Writing examples/ccx_2.16.test/beamhtfcnu.vtu
INFO: Step 1, time 1.0, NT, 1 components, 278 values

==================================================
INFO: Parsing examples/ccx_2.16.test/beamidset.frd
INFO: 261 nodes
INFO: 32 cells
WARNING: No time increments!

==================================================
INFO: Parsing examples/ccx_2.16.test/beamidset.frd
INFO: 261 nodes
INFO: 32 cells
WARNING: No time increments!

==================================================
INFO: Parsing examples/ccx_2.16.test/beamimpdy1.frd
INFO: 261 nodes
INFO: 32 cells
WARNING: No time increments!

==================================================
INFO: Parsing examples/ccx_2.16.test/beamimpdy1.frd
INFO: 261 nodes
INFO: 32 cells
WARNING: No time increments!

==================================================
INFO: Parsing examples/ccx_2.16.test/beamimpdy1nodirect.frd
INFO: 261 nodes
INFO: 32 cells
WARNING: No time increments!

==================================================
INFO: Parsing examples/ccx_2.16.test/beamimpdy1nodirect.frd
INFO: 261 nodes
INFO: 32 cells
WARNING: No time increments!

==================================================
INFO: Parsing examples/ccx_2.16.test/beamimpdy2.frd
INFO: 261 nodes
INFO: 32 cells
WARNING: No time increments!

==================================================
INFO: Parsing examples/ccx_2.16.test/beamimpdy2.frd
INFO: 261 nodes
INFO: 32 cells
WARNING: No time increments!

==================================================
INFO: Parsing examples/ccx_2.16.test/beamlin.frd
INFO: 40 nodes
INFO: 2 cells
WARNING: No time increments!

==================================================
INFO: Parsing examples/ccx_2.16.test/beamlin.frd
INFO: 40 nodes
INFO: 2 cells
WARNING: No time increments!

==================================================
INFO: Parsing examples/ccx_2.16.test/beammix.frd
INFO: 40 nodes
INFO: 2 cells
WARNING: No time increments!

==================================================
INFO: Parsing examples/ccx_2.16.test/beammix.frd
INFO: 40 nodes
INFO: 2 cells
WARNING: No time increments!

==================================================
INFO: Parsing examples/ccx_2.16.test/beammpc.frd
INFO: 261 nodes
INFO: 32 cells
WARNING: No time increments!

==================================================
INFO: Parsing examples/ccx_2.16.test/beammpc.frd
INFO: 261 nodes
INFO: 32 cells
WARNING: No time increments!

==================================================
INFO: Parsing examples/ccx_2.16.test/beammr.frd
INFO: 261 nodes
INFO: 32 cells
WARNING: No time increments!

==================================================
INFO: Parsing examples/ccx_2.16.test/beammr.frd
INFO: 261 nodes
INFO: 32 cells
WARNING: No time increments!

==================================================
INFO: Parsing examples/ccx_2.16.test/beammrco.frd
INFO: 261 nodes
INFO: 32 cells
WARNING: No time increments!

==================================================
INFO: Parsing examples/ccx_2.16.test/beammrco.frd
INFO: 261 nodes
INFO: 32 cells
WARNING: No time increments!

==================================================
INFO: Parsing examples/ccx_2.16.test/beammrlin.frd
INFO: 261 nodes
INFO: 32 cells
WARNING: No time increments!

==================================================
INFO: Parsing examples/ccx_2.16.test/beammrlin.frd
INFO: 261 nodes
INFO: 32 cells
WARNING: No time increments!

==================================================
INFO: Parsing examples/ccx_2.16.test/beamnh.frd
INFO: 261 nodes
INFO: 32 cells
WARNING: No time increments!

==================================================
INFO: Parsing examples/ccx_2.16.test/beamnh.frd
INFO: 261 nodes
INFO: 32 cells
WARNING: No time increments!

==================================================
INFO: Parsing examples/ccx_2.16.test/beamnld.frd
INFO: 261 nodes
INFO: 32 cells
WARNING: No time increments!

==================================================
INFO: Parsing examples/ccx_2.16.test/beamnld.frd
INFO: 261 nodes
INFO: 32 cells
WARNING: No time increments!

==================================================
INFO: Parsing examples/ccx_2.16.test/beamnldy.frd
INFO: 261 nodes
INFO: 32 cells
WARNING: No time increments!

==================================================
INFO: Parsing examples/ccx_2.16.test/beamnldy.frd
INFO: 261 nodes
INFO: 32 cells
WARNING: No time increments!

==================================================
INFO: Parsing examples/ccx_2.16.test/beamnldye.frd
INFO: 81 nodes
INFO: 32 cells
WARNING: No time increments!

==================================================
INFO: Parsing examples/ccx_2.16.test/beamnldye.frd
INFO: 81 nodes
INFO: 32 cells
WARNING: No time increments!

==================================================
INFO: Parsing examples/ccx_2.16.test/beamnldye20.frd
INFO: 261 nodes
INFO: 32 cells
WARNING: No time increments!

==================================================
INFO: Parsing examples/ccx_2.16.test/beamnldye20.frd
INFO: 261 nodes
INFO: 32 cells
WARNING: No time increments!

==================================================
INFO: Parsing examples/ccx_2.16.test/beamnldyems.frd
INFO: 81 nodes
INFO: 32 cells
WARNING: No time increments!

==================================================
INFO: Parsing examples/ccx_2.16.test/beamnldyems.frd
INFO: 81 nodes
INFO: 32 cells
WARNING: No time increments!

==================================================
INFO: Parsing examples/ccx_2.16.test/beamnldynodirect.frd
INFO: 261 nodes
INFO: 32 cells
WARNING: No time increments!

==================================================
INFO: Parsing examples/ccx_2.16.test/beamnldynodirect.frd
INFO: 261 nodes
INFO: 32 cells
WARNING: No time increments!

==================================================
INFO: Parsing examples/ccx_2.16.test/beamnldyp.frd
INFO: 261 nodes
INFO: 32 cells
WARNING: No time increments!

==================================================
INFO: Parsing examples/ccx_2.16.test/beamnldyp.frd
INFO: 261 nodes
INFO: 32 cells
WARNING: No time increments!

==================================================
INFO: Parsing examples/ccx_2.16.test/beamnldype.frd
INFO: 81 nodes
INFO: 32 cells
WARNING: No time increments!

==================================================
INFO: Parsing examples/ccx_2.16.test/beamnldype.frd
INFO: 81 nodes
INFO: 32 cells
WARNING: No time increments!

==================================================
INFO: Parsing examples/ccx_2.16.test/beamnlmpc.frd
INFO: 261 nodes
INFO: 32 cells
WARNING: No time increments!

==================================================
INFO: Parsing examples/ccx_2.16.test/beamnlmpc.frd
INFO: 261 nodes
INFO: 32 cells
WARNING: No time increments!

==================================================
INFO: Parsing examples/ccx_2.16.test/beamnlp.frd
INFO: 261 nodes
INFO: 32 cells
WARNING: No time increments!

==================================================
INFO: Parsing examples/ccx_2.16.test/beamnlp.frd
INFO: 261 nodes
INFO: 32 cells
WARNING: No time increments!

==================================================
INFO: Parsing examples/ccx_2.16.test/beamnlptp.frd
INFO: 261 nodes
INFO: 32 cells
WARNING: No time increments!

==================================================
INFO: Parsing examples/ccx_2.16.test/beamnlptp.frd
INFO: 261 nodes
INFO: 32 cells
WARNING: No time increments!

==================================================
INFO: Parsing examples/ccx_2.16.test/beamnlt.frd
INFO: 261 nodes
INFO: 32 cells
WARNING: No time increments!

==================================================
INFO: Parsing examples/ccx_2.16.test/beamnlt.frd
INFO: 261 nodes
INFO: 32 cells
WARNING: No time increments!

==================================================
INFO: Parsing examples/ccx_2.16.test/beamnoan.frd
INFO: 261 nodes
INFO: 32 cells
WARNING: No time increments!

==================================================
INFO: Parsing examples/ccx_2.16.test/beamnoan.frd
INFO: 261 nodes
INFO: 32 cells
WARNING: No time increments!

==================================================
INFO: Parsing examples/ccx_2.16.test/beamog.frd
INFO: 261 nodes
INFO: 32 cells
WARNING: No time increments!

==================================================
INFO: Parsing examples/ccx_2.16.test/beamog.frd
INFO: 261 nodes
INFO: 32 cells
WARNING: No time increments!

==================================================
INFO: Parsing examples/ccx_2.16.test/beamp.frd
INFO: 261 nodes
INFO: 32 cells
INFO: Step 1, time 1.0, U, 3 components, 261 values
INFO: 1 time increment
INFO: Writing examples/ccx_2.16.test/beamp.vtk
INFO: Step 1, time 1.0, U, 3 components, 261 values

==================================================
INFO: Parsing examples/ccx_2.16.test/beamp.frd
INFO: 261 nodes
INFO: 32 cells
INFO: Step 1, time 1.0, U, 3 components, 261 values
INFO: 1 time increment
INFO: Writing examples/ccx_2.16.test/beamp.vtu
INFO: Step 1, time 1.0, U, 3 components, 261 values

==================================================
INFO: Parsing examples/ccx_2.16.test/beamp1rotate.frd
INFO: 261 nodes
INFO: 32 cells
INFO: Step 1, time 1.0, U, 3 components, 261 values
INFO: Step 1, time 1.0, S, 10 components, 261 values
INFO: 1 time increment
INFO: Writing examples/ccx_2.16.test/beamp1rotate.vtk
INFO: Step 1, time 1.0, U, 3 components, 261 values
INFO: Step 1, time 1.0, S, 10 components, 261 values

==================================================
INFO: Parsing examples/ccx_2.16.test/beamp1rotate.frd
INFO: 261 nodes
INFO: 32 cells
INFO: Step 1, time 1.0, U, 3 components, 261 values
INFO: Step 1, time 1.0, S, 10 components, 261 values
INFO: 1 time increment
INFO: Writing examples/ccx_2.16.test/beamp1rotate.vtu
INFO: Step 1, time 1.0, U, 3 components, 261 values
INFO: Step 1, time 1.0, S, 10 components, 261 values

==================================================
INFO: Parsing examples/ccx_2.16.test/beamp2.frd
INFO: 261 nodes
INFO: 32 cells
INFO: Step 1, time 5.00e-01, U, 3 components, 261 values
INFO: Step 2, time 1.0, U, 3 components, 261 values
INFO: Step 3, time 1.5, U, 3 components, 261 values
INFO: Step 4, time 2.0, U, 3 components, 261 values
INFO: 4 time increments
INFO: Writing examples/ccx_2.16.test/beamp2.1.vtk
INFO: Step 1, time 5.00e-01, U, 3 components, 261 values
INFO: Writing examples/ccx_2.16.test/beamp2.2.vtk
INFO: Step 2, time 1.0, U, 3 components, 261 values
INFO: Writing examples/ccx_2.16.test/beamp2.3.vtk
INFO: Step 3, time 1.5, U, 3 components, 261 values
INFO: Writing examples/ccx_2.16.test/beamp2.4.vtk
INFO: Step 4, time 2.0, U, 3 components, 261 values

==================================================
INFO: Parsing examples/ccx_2.16.test/beamp2.frd
INFO: 261 nodes
INFO: 32 cells
INFO: Step 1, time 5.00e-01, U, 3 components, 261 values
INFO: Step 2, time 1.0, U, 3 components, 261 values
INFO: Step 3, time 1.5, U, 3 components, 261 values
INFO: Step 4, time 2.0, U, 3 components, 261 values
INFO: 4 time increments
INFO: Writing examples/ccx_2.16.test/beamp2.1.vtu
INFO: Step 1, time 5.00e-01, U, 3 components, 261 values
INFO: Writing examples/ccx_2.16.test/beamp2.2.vtu
INFO: Step 2, time 1.0, U, 3 components, 261 values
INFO: Writing examples/ccx_2.16.test/beamp2.3.vtu
INFO: Step 3, time 1.5, U, 3 components, 261 values
INFO: Writing examples/ccx_2.16.test/beamp2.4.vtu
INFO: Step 4, time 2.0, U, 3 components, 261 values

==================================================
INFO: Parsing examples/ccx_2.16.test/beamp2rotate.frd
INFO: 261 nodes
INFO: 32 cells
INFO: Step 15, time 3.0, U, 3 components, 261 values
INFO: Step 15, time 3.0, S, 10 components, 261 values
INFO: 1 time increment
INFO: Writing examples/ccx_2.16.test/beamp2rotate.vtk
INFO: Step 15, time 3.0, U, 3 components, 261 values
INFO: Step 15, time 3.0, S, 10 components, 261 values

==================================================
INFO: Parsing examples/ccx_2.16.test/beamp2rotate.frd
INFO: 261 nodes
INFO: 32 cells
INFO: Step 15, time 3.0, U, 3 components, 261 values
INFO: Step 15, time 3.0, S, 10 components, 261 values
INFO: 1 time increment
INFO: Writing examples/ccx_2.16.test/beamp2rotate.vtu
INFO: Step 15, time 3.0, U, 3 components, 261 values
INFO: Step 15, time 3.0, S, 10 components, 261 values

==================================================
INFO: Parsing examples/ccx_2.16.test/beamp2stage.frd
INFO: 261 nodes
INFO: 32 cells
WARNING: No time increments!

==================================================
INFO: Parsing examples/ccx_2.16.test/beamp2stage.frd
INFO: 261 nodes
INFO: 32 cells
WARNING: No time increments!

==================================================
INFO: Parsing examples/ccx_2.16.test/beamp_ciarlet.frd
INFO: 261 nodes
INFO: 32 cells
INFO: Step 1, time 1.0, U, 3 components, 261 values
INFO: 1 time increment
INFO: Writing examples/ccx_2.16.test/beamp_ciarlet.vtk
INFO: Step 1, time 1.0, U, 3 components, 261 values

==================================================
INFO: Parsing examples/ccx_2.16.test/beamp_ciarlet.frd
INFO: 261 nodes
INFO: 32 cells
INFO: Step 1, time 1.0, U, 3 components, 261 values
INFO: 1 time increment
INFO: Writing examples/ccx_2.16.test/beamp_ciarlet.vtu
INFO: Step 1, time 1.0, U, 3 components, 261 values

==================================================
INFO: Parsing examples/ccx_2.16.test/beampd.frd
INFO: 261 nodes
INFO: 32 cells
WARNING: No time increments!

==================================================
INFO: Parsing examples/ccx_2.16.test/beampd.frd
INFO: 261 nodes
INFO: 32 cells
WARNING: No time increments!

==================================================
INFO: Parsing examples/ccx_2.16.test/beampdepmpc.frd
INFO: 261 nodes
INFO: 32 cells
WARNING: No time increments!

==================================================
INFO: Parsing examples/ccx_2.16.test/beampdepmpc.frd
INFO: 261 nodes
INFO: 32 cells
WARNING: No time increments!

==================================================
INFO: Parsing examples/ccx_2.16.test/beamperror.frd
INFO: 261 nodes
INFO: 32 cells
INFO: Step 1, time 1.0, ERROR, 1 components, 261 values
INFO: 1 time increment
INFO: Writing examples/ccx_2.16.test/beamperror.vtk
INFO: Step 1, time 1.0, ERROR, 1 components, 261 values

==================================================
INFO: Parsing examples/ccx_2.16.test/beamperror.frd
INFO: 261 nodes
INFO: 32 cells
INFO: Step 1, time 1.0, ERROR, 1 components, 261 values
INFO: 1 time increment
INFO: Writing examples/ccx_2.16.test/beamperror.vtu
INFO: Step 1, time 1.0, ERROR, 1 components, 261 values

==================================================
INFO: Parsing examples/ccx_2.16.test/beampfix.frd
INFO: 261 nodes
INFO: 32 cells
WARNING: No time increments!

==================================================
INFO: Parsing examples/ccx_2.16.test/beampfix.frd
INFO: 261 nodes
INFO: 32 cells
WARNING: No time increments!

==================================================
INFO: Parsing examples/ccx_2.16.test/beampic.frd
INFO: 261 nodes
INFO: 32 cells
WARNING: No time increments!

==================================================
INFO: Parsing examples/ccx_2.16.test/beampic.frd
INFO: 261 nodes
INFO: 32 cells
WARNING: No time increments!

==================================================
INFO: Parsing examples/ccx_2.16.test/beampik.frd
INFO: 261 nodes
INFO: 32 cells
WARNING: No time increments!

==================================================
INFO: Parsing examples/ccx_2.16.test/beampik.frd
INFO: 261 nodes
INFO: 32 cells
WARNING: No time increments!

==================================================
INFO: Parsing examples/ccx_2.16.test/beampis.frd
INFO: 261 nodes
INFO: 32 cells
WARNING: No time increments!

==================================================
INFO: Parsing examples/ccx_2.16.test/beampis.frd
INFO: 261 nodes
INFO: 32 cells
WARNING: No time increments!

==================================================
INFO: Parsing examples/ccx_2.16.test/beampiso.frd
INFO: 261 nodes
INFO: 32 cells
WARNING: No time increments!

==================================================
INFO: Parsing examples/ccx_2.16.test/beampiso.frd
INFO: 261 nodes
INFO: 32 cells
WARNING: No time increments!

==================================================
INFO: Parsing examples/ccx_2.16.test/beampiso2.frd
INFO: 261 nodes
INFO: 32 cells
WARNING: No time increments!

==================================================
INFO: Parsing examples/ccx_2.16.test/beampiso2.frd
INFO: 261 nodes
INFO: 32 cells
WARNING: No time increments!

==================================================
INFO: Parsing examples/ccx_2.16.test/beampisof.frd
INFO: 261 nodes
INFO: 32 cells
WARNING: No time increments!

==================================================
INFO: Parsing examples/ccx_2.16.test/beampisof.frd
INFO: 261 nodes
INFO: 32 cells
WARNING: No time increments!

==================================================
INFO: Parsing examples/ccx_2.16.test/beampkin.frd
INFO: 261 nodes
INFO: 32 cells
WARNING: No time increments!

==================================================
INFO: Parsing examples/ccx_2.16.test/beampkin.frd
INFO: 261 nodes
INFO: 32 cells
WARNING: No time increments!

==================================================
INFO: Parsing examples/ccx_2.16.test/beampl.frd
INFO: 261 nodes
INFO: 32 cells
WARNING: No time increments!

==================================================
INFO: Parsing examples/ccx_2.16.test/beampl.frd
INFO: 261 nodes
INFO: 32 cells
WARNING: No time increments!

==================================================
INFO: Parsing examples/ccx_2.16.test/beamplane.frd
INFO: 261 nodes
INFO: 32 cells
WARNING: No time increments!

==================================================
INFO: Parsing examples/ccx_2.16.test/beamplane.frd
INFO: 261 nodes
INFO: 32 cells
WARNING: No time increments!

==================================================
INFO: Parsing examples/ccx_2.16.test/beampo1.frd
INFO: 261 nodes
INFO: 32 cells
WARNING: No time increments!

==================================================
INFO: Parsing examples/ccx_2.16.test/beampo1.frd
INFO: 261 nodes
INFO: 32 cells
WARNING: No time increments!

==================================================
INFO: Parsing examples/ccx_2.16.test/beampo2.frd
INFO: 261 nodes
INFO: 32 cells
WARNING: No time increments!

==================================================
INFO: Parsing examples/ccx_2.16.test/beampo2.frd
INFO: 261 nodes
INFO: 32 cells
WARNING: No time increments!

==================================================
INFO: Parsing examples/ccx_2.16.test/beampo3.frd
INFO: 261 nodes
INFO: 32 cells
WARNING: No time increments!

==================================================
INFO: Parsing examples/ccx_2.16.test/beampo3.frd
INFO: 261 nodes
INFO: 32 cells
WARNING: No time increments!

==================================================
INFO: Parsing examples/ccx_2.16.test/beamprand.frd
INFO: 261 nodes
INFO: 32 cells
INFO: Step 2, time 0.00e+00, NORM, 3 components, 261 values
INFO: Step 2, time 6.53e-01, RAND, 3 components, 261 values
INFO: Step 2, time 4.85e-01, RAND, 3 components, 261 values
INFO: Step 2, time 2.93e-01, RAND, 3 components, 261 values
INFO: Step 2, time 1.45e-01, RAND, 3 components, 261 values
INFO: Step 2, time 6.55e-02, RAND, 3 components, 261 values
INFO: Step 2, time 5.63e-02, RAND, 3 components, 261 values
INFO: Step 2, time 0.00e+00, RAND, 3 components, 261 values
INFO: 7 time increments
INFO: Writing examples/ccx_2.16.test/beamprand.1.vtk
INFO: Step 2, time 0.00e+00, NORM, 3 components, 261 values
INFO: Step 2, time 0.00e+00, RAND, 3 components, 261 values
INFO: Writing examples/ccx_2.16.test/beamprand.2.vtk
INFO: Step 2, time 5.63e-02, RAND, 3 components, 261 values
INFO: Writing examples/ccx_2.16.test/beamprand.3.vtk
INFO: Step 2, time 6.55e-02, RAND, 3 components, 261 values
INFO: Writing examples/ccx_2.16.test/beamprand.4.vtk
INFO: Step 2, time 1.45e-01, RAND, 3 components, 261 values
INFO: Writing examples/ccx_2.16.test/beamprand.5.vtk
INFO: Step 2, time 2.93e-01, RAND, 3 components, 261 values
INFO: Writing examples/ccx_2.16.test/beamprand.6.vtk
INFO: Step 2, time 4.85e-01, RAND, 3 components, 261 values
INFO: Writing examples/ccx_2.16.test/beamprand.7.vtk
INFO: Step 2, time 6.53e-01, RAND, 3 components, 261 values

==================================================
INFO: Parsing examples/ccx_2.16.test/beamprand.frd
INFO: 261 nodes
INFO: 32 cells
INFO: Step 2, time 0.00e+00, NORM, 3 components, 261 values
INFO: Step 2, time 6.53e-01, RAND, 3 components, 261 values
INFO: Step 2, time 4.85e-01, RAND, 3 components, 261 values
INFO: Step 2, time 2.93e-01, RAND, 3 components, 261 values
INFO: Step 2, time 1.45e-01, RAND, 3 components, 261 values
INFO: Step 2, time 6.55e-02, RAND, 3 components, 261 values
INFO: Step 2, time 5.63e-02, RAND, 3 components, 261 values
INFO: Step 2, time 0.00e+00, RAND, 3 components, 261 values
INFO: 7 time increments
INFO: Writing examples/ccx_2.16.test/beamprand.1.vtu
INFO: Step 2, time 0.00e+00, NORM, 3 components, 261 values
INFO: Step 2, time 0.00e+00, RAND, 3 components, 261 values
INFO: Writing examples/ccx_2.16.test/beamprand.2.vtu
INFO: Step 2, time 5.63e-02, RAND, 3 components, 261 values
INFO: Writing examples/ccx_2.16.test/beamprand.3.vtu
INFO: Step 2, time 6.55e-02, RAND, 3 components, 261 values
INFO: Writing examples/ccx_2.16.test/beamprand.4.vtu
INFO: Step 2, time 1.45e-01, RAND, 3 components, 261 values
INFO: Writing examples/ccx_2.16.test/beamprand.5.vtu
INFO: Step 2, time 2.93e-01, RAND, 3 components, 261 values
INFO: Writing examples/ccx_2.16.test/beamprand.6.vtu
INFO: Step 2, time 4.85e-01, RAND, 3 components, 261 values
INFO: Writing examples/ccx_2.16.test/beamprand.7.vtu
INFO: Step 2, time 6.53e-01, RAND, 3 components, 261 values

==================================================
INFO: Parsing examples/ccx_2.16.test/beamprb.frd
INFO: 261 nodes
INFO: 32 cells
INFO: Step 1, time 1.0, U, 3 components, 261 values
INFO: 1 time increment
INFO: Writing examples/ccx_2.16.test/beamprb.vtk
INFO: Step 1, time 1.0, U, 3 components, 261 values

==================================================
INFO: Parsing examples/ccx_2.16.test/beamprb.frd
INFO: 261 nodes
INFO: 32 cells
INFO: Step 1, time 1.0, U, 3 components, 261 values
INFO: 1 time increment
INFO: Writing examples/ccx_2.16.test/beamprb.vtu
INFO: Step 1, time 1.0, U, 3 components, 261 values

==================================================
INFO: Parsing examples/ccx_2.16.test/beampset.frd
INFO: 261 nodes
INFO: 32 cells
WARNING: No time increments!

==================================================
INFO: Parsing examples/ccx_2.16.test/beampset.frd
INFO: 261 nodes
INFO: 32 cells
WARNING: No time increments!

==================================================
INFO: Parsing examples/ccx_2.16.test/beampt.frd
INFO: 261 nodes
INFO: 32 cells
WARNING: No time increments!

==================================================
INFO: Parsing examples/ccx_2.16.test/beampt.frd
INFO: 261 nodes
INFO: 32 cells
WARNING: No time increments!

==================================================
INFO: Parsing examples/ccx_2.16.test/beamptied1.frd
INFO: 282 nodes
INFO: 32 cells
WARNING: No time increments!

==================================================
INFO: Parsing examples/ccx_2.16.test/beamptied1.frd
INFO: 282 nodes
INFO: 32 cells
WARNING: No time increments!

==================================================
INFO: Parsing examples/ccx_2.16.test/beamptied1noadjust.frd
INFO: 282 nodes
INFO: 32 cells
WARNING: No time increments!

==================================================
INFO: Parsing examples/ccx_2.16.test/beamptied1noadjust.frd
INFO: 282 nodes
INFO: 32 cells
WARNING: No time increments!

==================================================
INFO: Parsing examples/ccx_2.16.test/beamptied2.frd
INFO: 282 nodes
INFO: 32 cells
WARNING: No time increments!

==================================================
INFO: Parsing examples/ccx_2.16.test/beamptied2.frd
INFO: 282 nodes
INFO: 32 cells
WARNING: No time increments!

==================================================
INFO: Parsing examples/ccx_2.16.test/beamptied3.frd
INFO: 282 nodes
INFO: 32 cells
WARNING: No time increments!

==================================================
INFO: Parsing examples/ccx_2.16.test/beamptied3.frd
INFO: 282 nodes
INFO: 32 cells
WARNING: No time increments!

==================================================
INFO: Parsing examples/ccx_2.16.test/beamptied4.frd
INFO: 282 nodes
INFO: 32 cells
WARNING: No time increments!

==================================================
INFO: Parsing examples/ccx_2.16.test/beamptied4.frd
INFO: 282 nodes
INFO: 32 cells
WARNING: No time increments!

==================================================
INFO: Parsing examples/ccx_2.16.test/beamptied5.frd
INFO: 282 nodes
INFO: 32 cells
WARNING: No time increments!

==================================================
INFO: Parsing examples/ccx_2.16.test/beamptied5.frd
INFO: 282 nodes
INFO: 32 cells
WARNING: No time increments!

==================================================
INFO: Parsing examples/ccx_2.16.test/beamptied6.frd
INFO: 282 nodes
INFO: 32 cells
WARNING: No time increments!

==================================================
INFO: Parsing examples/ccx_2.16.test/beamptied6.frd
INFO: 282 nodes
INFO: 32 cells
WARNING: No time increments!

==================================================
INFO: Parsing examples/ccx_2.16.test/beamptied7.frd
INFO: 282 nodes
INFO: 32 cells
WARNING: No time increments!

==================================================
INFO: Parsing examples/ccx_2.16.test/beamptied7.frd
INFO: 282 nodes
INFO: 32 cells
WARNING: No time increments!

==================================================
INFO: Parsing examples/ccx_2.16.test/beamptrans.frd
INFO: 261 nodes
INFO: 32 cells
WARNING: No time increments!

==================================================
INFO: Parsing examples/ccx_2.16.test/beamptrans.frd
INFO: 261 nodes
INFO: 32 cells
WARNING: No time increments!

==================================================
INFO: Parsing examples/ccx_2.16.test/beamrb.frd
INFO: 261 nodes
INFO: 32 cells
WARNING: No time increments!

==================================================
INFO: Parsing examples/ccx_2.16.test/beamrb.frd
INFO: 261 nodes
INFO: 32 cells
WARNING: No time increments!

==================================================
INFO: Parsing examples/ccx_2.16.test/beamrb2.frd
INFO: 261 nodes
INFO: 32 cells
WARNING: No time increments!

==================================================
INFO: Parsing examples/ccx_2.16.test/beamrb2.frd
INFO: 261 nodes
INFO: 32 cells
WARNING: No time increments!

==================================================
INFO: Parsing examples/ccx_2.16.test/beamstraight.frd
INFO: 261 nodes
INFO: 32 cells
WARNING: No time increments!

==================================================
INFO: Parsing examples/ccx_2.16.test/beamstraight.frd
INFO: 261 nodes
INFO: 32 cells
WARNING: No time increments!

==================================================
INFO: Parsing examples/ccx_2.16.test/beamt.frd
INFO: 261 nodes
INFO: 32 cells
WARNING: No time increments!

==================================================
INFO: Parsing examples/ccx_2.16.test/beamt.frd
INFO: 261 nodes
INFO: 32 cells
WARNING: No time increments!

==================================================
INFO: Parsing examples/ccx_2.16.test/beamt2.frd
INFO: 261 nodes
INFO: 32 cells
WARNING: No time increments!

==================================================
INFO: Parsing examples/ccx_2.16.test/beamt2.frd
INFO: 261 nodes
INFO: 32 cells
WARNING: No time increments!

==================================================
INFO: Parsing examples/ccx_2.16.test/beamt3.frd
INFO: 261 nodes
INFO: 32 cells
WARNING: No time increments!

==================================================
INFO: Parsing examples/ccx_2.16.test/beamt3.frd
INFO: 261 nodes
INFO: 32 cells
WARNING: No time increments!

==================================================
INFO: Parsing examples/ccx_2.16.test/beamt4.frd
INFO: 261 nodes
INFO: 32 cells
WARNING: No time increments!

==================================================
INFO: Parsing examples/ccx_2.16.test/beamt4.frd
INFO: 261 nodes
INFO: 32 cells
WARNING: No time increments!

==================================================
INFO: Parsing examples/ccx_2.16.test/beamt6.frd
INFO: 261 nodes
INFO: 32 cells
WARNING: No time increments!

==================================================
INFO: Parsing examples/ccx_2.16.test/beamt6.frd
INFO: 261 nodes
INFO: 32 cells
WARNING: No time increments!

==================================================
INFO: Parsing examples/ccx_2.16.test/beamth.frd
INFO: 261 nodes
INFO: 32 cells
WARNING: No time increments!

==================================================
INFO: Parsing examples/ccx_2.16.test/beamth.frd
INFO: 261 nodes
INFO: 32 cells
WARNING: No time increments!

==================================================
INFO: Parsing examples/ccx_2.16.test/beamtor.frd
INFO: 32 nodes
INFO: 2 cells
WARNING: No time increments!

==================================================
INFO: Parsing examples/ccx_2.16.test/beamtor.frd
INFO: 32 nodes
INFO: 2 cells
WARNING: No time increments!

==================================================
INFO: Parsing examples/ccx_2.16.test/beamu.frd
INFO: 261 nodes
INFO: 32 cells
WARNING: No time increments!

==================================================
INFO: Parsing examples/ccx_2.16.test/beamu.frd
INFO: 261 nodes
INFO: 32 cells
WARNING: No time increments!

==================================================
INFO: Parsing examples/ccx_2.16.test/beamuamp.frd
INFO: 261 nodes
INFO: 32 cells
WARNING: No time increments!

==================================================
INFO: Parsing examples/ccx_2.16.test/beamuamp.frd
INFO: 261 nodes
INFO: 32 cells
WARNING: No time increments!

==================================================
INFO: Parsing examples/ccx_2.16.test/beamwrite.frd
INFO: 261 nodes
INFO: 32 cells
WARNING: No time increments!

==================================================
INFO: Parsing examples/ccx_2.16.test/beamwrite.frd
INFO: 261 nodes
INFO: 32 cells
WARNING: No time increments!

==================================================
INFO: Parsing examples/ccx_2.16.test/beamwrite2.frd
INFO: 261 nodes
INFO: 32 cells
WARNING: No time increments!

==================================================
INFO: Parsing examples/ccx_2.16.test/beamwrite2.frd
INFO: 261 nodes
INFO: 32 cells
WARNING: No time increments!

==================================================
INFO: Parsing examples/ccx_2.16.test/beamwrite3.frd
INFO: 261 nodes
INFO: 32 cells
INFO: Step 1, time 1.00e-06, U, 3 components, 261 values
INFO: Step 2, time 2.00e-06, U, 3 components, 261 values
INFO: Step 3, time 3.50e-06, U, 3 components, 261 values
INFO: Step 4, time 5.75e-06, U, 3 components, 261 values
INFO: Step 5, time 8.00e-06, U, 3 components, 261 values
INFO: Step 6, time 1.00e-05, U, 3 components, 261 values
INFO: Step 7, time 1.10e-05, U, 3 components, 261 values
INFO: Step 8, time 1.20e-05, U, 3 components, 261 values
INFO: Step 9, time 1.35e-05, U, 3 components, 261 values
INFO: Step 10, time 1.57e-05, U, 3 components, 261 values
INFO: Step 11, time 1.91e-05, U, 3 components, 261 values
INFO: Step 12, time 2.00e-05, U, 3 components, 261 values
INFO: 12 time increments
INFO: Writing examples/ccx_2.16.test/beamwrite3.01.vtk
INFO: Step 1, time 1.00e-06, U, 3 components, 261 values
INFO: Writing examples/ccx_2.16.test/beamwrite3.02.vtk
INFO: Step 2, time 2.00e-06, U, 3 components, 261 values
INFO: Writing examples/ccx_2.16.test/beamwrite3.03.vtk
INFO: Step 3, time 3.50e-06, U, 3 components, 261 values
INFO: Writing examples/ccx_2.16.test/beamwrite3.04.vtk
INFO: Step 4, time 5.75e-06, U, 3 components, 261 values
INFO: Writing examples/ccx_2.16.test/beamwrite3.05.vtk
INFO: Step 5, time 8.00e-06, U, 3 components, 261 values
INFO: Writing examples/ccx_2.16.test/beamwrite3.06.vtk
INFO: Step 6, time 1.00e-05, U, 3 components, 261 values
INFO: Writing examples/ccx_2.16.test/beamwrite3.07.vtk
INFO: Step 7, time 1.10e-05, U, 3 components, 261 values
INFO: Writing examples/ccx_2.16.test/beamwrite3.08.vtk
INFO: Step 8, time 1.20e-05, U, 3 components, 261 values
INFO: Writing examples/ccx_2.16.test/beamwrite3.09.vtk
INFO: Step 9, time 1.35e-05, U, 3 components, 261 values
INFO: Writing examples/ccx_2.16.test/beamwrite3.10.vtk
INFO: Step 10, time 1.57e-05, U, 3 components, 261 values
INFO: Writing examples/ccx_2.16.test/beamwrite3.11.vtk
INFO: Step 11, time 1.91e-05, U, 3 components, 261 values
INFO: Writing examples/ccx_2.16.test/beamwrite3.12.vtk
INFO: Step 12, time 2.00e-05, U, 3 components, 261 values

==================================================
INFO: Parsing examples/ccx_2.16.test/beamwrite3.frd
INFO: 261 nodes
INFO: 32 cells
INFO: Step 1, time 1.00e-06, U, 3 components, 261 values
INFO: Step 2, time 2.00e-06, U, 3 components, 261 values
INFO: Step 3, time 3.50e-06, U, 3 components, 261 values
INFO: Step 4, time 5.75e-06, U, 3 components, 261 values
INFO: Step 5, time 8.00e-06, U, 3 components, 261 values
INFO: Step 6, time 1.00e-05, U, 3 components, 261 values
INFO: Step 7, time 1.10e-05, U, 3 components, 261 values
INFO: Step 8, time 1.20e-05, U, 3 components, 261 values
INFO: Step 9, time 1.35e-05, U, 3 components, 261 values
INFO: Step 10, time 1.57e-05, U, 3 components, 261 values
INFO: Step 11, time 1.91e-05, U, 3 components, 261 values
INFO: Step 12, time 2.00e-05, U, 3 components, 261 values
INFO: 12 time increments
INFO: Writing examples/ccx_2.16.test/beamwrite3.01.vtu
INFO: Step 1, time 1.00e-06, U, 3 components, 261 values
INFO: Writing examples/ccx_2.16.test/beamwrite3.02.vtu
INFO: Step 2, time 2.00e-06, U, 3 components, 261 values
INFO: Writing examples/ccx_2.16.test/beamwrite3.03.vtu
INFO: Step 3, time 3.50e-06, U, 3 components, 261 values
INFO: Writing examples/ccx_2.16.test/beamwrite3.04.vtu
INFO: Step 4, time 5.75e-06, U, 3 components, 261 values
INFO: Writing examples/ccx_2.16.test/beamwrite3.05.vtu
INFO: Step 5, time 8.00e-06, U, 3 components, 261 values
INFO: Writing examples/ccx_2.16.test/beamwrite3.06.vtu
INFO: Step 6, time 1.00e-05, U, 3 components, 261 values
INFO: Writing examples/ccx_2.16.test/beamwrite3.07.vtu
INFO: Step 7, time 1.10e-05, U, 3 components, 261 values
INFO: Writing examples/ccx_2.16.test/beamwrite3.08.vtu
INFO: Step 8, time 1.20e-05, U, 3 components, 261 values
INFO: Writing examples/ccx_2.16.test/beamwrite3.09.vtu
INFO: Step 9, time 1.35e-05, U, 3 components, 261 values
INFO: Writing examples/ccx_2.16.test/beamwrite3.10.vtu
INFO: Step 10, time 1.57e-05, U, 3 components, 261 values
INFO: Writing examples/ccx_2.16.test/beamwrite3.11.vtu
INFO: Step 11, time 1.91e-05, U, 3 components, 261 values
INFO: Writing examples/ccx_2.16.test/beamwrite3.12.vtu
INFO: Step 12, time 2.00e-05, U, 3 components, 261 values

==================================================
INFO: Parsing examples/ccx_2.16.test/bifur.frd
INFO: 13 nodes
INFO: 8 cells
WARNING: No time increments!

==================================================
INFO: Parsing examples/ccx_2.16.test/bifur.frd
INFO: 13 nodes
INFO: 8 cells
WARNING: No time increments!

==================================================
INFO: Parsing examples/ccx_2.16.test/bolt.frd
INFO: 1203 nodes
INFO: 352 cells
WARNING: No time increments!

==================================================
INFO: Parsing examples/ccx_2.16.test/bolt.frd
INFO: 1203 nodes
INFO: 352 cells
WARNING: No time increments!

==================================================
INFO: Parsing examples/ccx_2.16.test/boxprofile.frd
INFO: 68 nodes
INFO: 5 cells
INFO: Step 1, time 1.0, U, 3 components, 68 values
INFO: Step 1, time 1.0, S, 10 components, 68 values
INFO: Step 2, time 32.5, U, 3 components, 68 values
INFO: Step 3, time 32.5, U, 3 components, 68 values
INFO: Step 4, time 200.3, U, 3 components, 68 values
INFO: Step 5, time 200.3, U, 3 components, 68 values
INFO: Step 6, time 463.0, U, 3 components, 68 values
INFO: 5 time increments
INFO: Writing examples/ccx_2.16.test/boxprofile.1.vtk
INFO: Step 1, time 1.0, U, 3 components, 68 values
INFO: Step 1, time 1.0, S, 10 components, 68 values
INFO: Writing examples/ccx_2.16.test/boxprofile.2.vtk
INFO: Step 2, time 32.5, U, 3 components, 68 values
INFO: Writing examples/ccx_2.16.test/boxprofile.3.vtk
INFO: Step 3, time 32.5, U, 3 components, 68 values
INFO: Writing examples/ccx_2.16.test/boxprofile.4.vtk
INFO: Step 4, time 200.3, U, 3 components, 68 values
INFO: Step 5, time 200.3, U, 3 components, 68 values
INFO: Writing examples/ccx_2.16.test/boxprofile.5.vtk
INFO: Step 6, time 463.0, U, 3 components, 68 values

==================================================
INFO: Parsing examples/ccx_2.16.test/boxprofile.frd
INFO: 68 nodes
INFO: 5 cells
INFO: Step 1, time 1.0, U, 3 components, 68 values
INFO: Step 1, time 1.0, S, 10 components, 68 values
INFO: Step 2, time 32.5, U, 3 components, 68 values
INFO: Step 3, time 32.5, U, 3 components, 68 values
INFO: Step 4, time 200.3, U, 3 components, 68 values
INFO: Step 5, time 200.3, U, 3 components, 68 values
INFO: Step 6, time 463.0, U, 3 components, 68 values
INFO: 5 time increments
INFO: Writing examples/ccx_2.16.test/boxprofile.1.vtu
INFO: Step 1, time 1.0, U, 3 components, 68 values
INFO: Step 1, time 1.0, S, 10 components, 68 values
INFO: Writing examples/ccx_2.16.test/boxprofile.2.vtu
INFO: Step 2, time 32.5, U, 3 components, 68 values
INFO: Writing examples/ccx_2.16.test/boxprofile.3.vtu
INFO: Step 3, time 32.5, U, 3 components, 68 values
INFO: Writing examples/ccx_2.16.test/boxprofile.4.vtu
INFO: Step 4, time 200.3, U, 3 components, 68 values
INFO: Step 5, time 200.3, U, 3 components, 68 values
INFO: Writing examples/ccx_2.16.test/boxprofile.5.vtu
INFO: Step 6, time 463.0, U, 3 components, 68 values

==================================================
INFO: Parsing examples/ccx_2.16.test/boxprofile2.frd
INFO: 11 nodes
INFO: 5 cells
INFO: Step 1, time 1.0, S, 10 components, 11 values
INFO: 1 time increment
INFO: Writing examples/ccx_2.16.test/boxprofile2.vtk
INFO: Step 1, time 1.0, S, 10 components, 11 values

==================================================
INFO: Parsing examples/ccx_2.16.test/boxprofile2.frd
INFO: 11 nodes
INFO: 5 cells
INFO: Step 1, time 1.0, S, 10 components, 11 values
INFO: 1 time increment
INFO: Writing examples/ccx_2.16.test/boxprofile2.vtu
INFO: Step 1, time 1.0, S, 10 components, 11 values

==================================================
INFO: Parsing examples/ccx_2.16.test/branch1.frd
INFO: 10 nodes
INFO: 6 cells
WARNING: No time increments!

==================================================
INFO: Parsing examples/ccx_2.16.test/branch1.frd
INFO: 10 nodes
INFO: 6 cells
WARNING: No time increments!

==================================================
INFO: Parsing examples/ccx_2.16.test/branch2.frd
INFO: 8 nodes
INFO: 5 cells
WARNING: No time increments!

==================================================
INFO: Parsing examples/ccx_2.16.test/branch2.frd
INFO: 8 nodes
INFO: 5 cells
WARNING: No time increments!

==================================================
INFO: Parsing examples/ccx_2.16.test/branchjoint1.frd
INFO: 14 nodes
INFO: 8 cells
WARNING: No time increments!

==================================================
INFO: Parsing examples/ccx_2.16.test/branchjoint1.frd
INFO: 14 nodes
INFO: 8 cells
WARNING: No time increments!

==================================================
INFO: Parsing examples/ccx_2.16.test/branchjoint2.frd
INFO: 14 nodes
INFO: 8 cells
WARNING: No time increments!

==================================================
INFO: Parsing examples/ccx_2.16.test/branchjoint2.frd
INFO: 14 nodes
INFO: 8 cells
WARNING: No time increments!

==================================================
INFO: Parsing examples/ccx_2.16.test/branchjoint3.frd
INFO: 14 nodes
INFO: 8 cells
WARNING: No time increments!

==================================================
INFO: Parsing examples/ccx_2.16.test/branchjoint3.frd
INFO: 14 nodes
INFO: 8 cells
WARNING: No time increments!

==================================================
INFO: Parsing examples/ccx_2.16.test/branchjoint4.frd
INFO: 14 nodes
INFO: 8 cells
WARNING: No time increments!

==================================================
INFO: Parsing examples/ccx_2.16.test/branchjoint4.frd
INFO: 14 nodes
INFO: 8 cells
WARNING: No time increments!

==================================================
INFO: Parsing examples/ccx_2.16.test/branchsplit1.frd
INFO: 14 nodes
INFO: 8 cells
WARNING: No time increments!

==================================================
INFO: Parsing examples/ccx_2.16.test/branchsplit1.frd
INFO: 14 nodes
INFO: 8 cells
WARNING: No time increments!

==================================================
INFO: Parsing examples/ccx_2.16.test/branchsplit2.frd
INFO: 14 nodes
INFO: 8 cells
WARNING: No time increments!

==================================================
INFO: Parsing examples/ccx_2.16.test/branchsplit2.frd
INFO: 14 nodes
INFO: 8 cells
WARNING: No time increments!

==================================================
INFO: Parsing examples/ccx_2.16.test/branchsplit3.frd
INFO: 14 nodes
INFO: 8 cells
WARNING: No time increments!

==================================================
INFO: Parsing examples/ccx_2.16.test/branchsplit3.frd
INFO: 14 nodes
INFO: 8 cells
WARNING: No time increments!

==================================================
INFO: Parsing examples/ccx_2.16.test/c3d15.frd
INFO: 127 nodes
INFO: 24 cells
WARNING: No time increments!

==================================================
INFO: Parsing examples/ccx_2.16.test/c3d15.frd
INFO: 127 nodes
INFO: 24 cells
WARNING: No time increments!

==================================================
INFO: Parsing examples/ccx_2.16.test/c3d6.frd
INFO: 16 nodes
INFO: 6 cells
WARNING: No time increments!

==================================================
INFO: Parsing examples/ccx_2.16.test/c3d6.frd
INFO: 16 nodes
INFO: 6 cells
WARNING: No time increments!

==================================================
INFO: Parsing examples/ccx_2.16.test/capacitor.frd
INFO: 108 nodes
INFO: 10 cells
WARNING: No time increments!

==================================================
INFO: Parsing examples/ccx_2.16.test/capacitor.frd
INFO: 108 nodes
INFO: 10 cells
WARNING: No time increments!

==================================================
INFO: Parsing examples/ccx_2.16.test/carbonseal.frd
INFO: 5 nodes
INFO: 3 cells
WARNING: No time increments!

==================================================
INFO: Parsing examples/ccx_2.16.test/carbonseal.frd
INFO: 5 nodes
INFO: 3 cells
WARNING: No time increments!

==================================================
INFO: Parsing examples/ccx_2.16.test/centheat1.frd
INFO: 29 nodes
INFO: 15 cells
WARNING: No time increments!

==================================================
INFO: Parsing examples/ccx_2.16.test/centheat1.frd
INFO: 29 nodes
INFO: 15 cells
WARNING: No time increments!

==================================================
INFO: Parsing examples/ccx_2.16.test/changefric.frd
INFO: 16 nodes
INFO: 2 cells
INFO: Step 1, time 1.00e-01, U, 3 components, 16 values
INFO: Step 1, time 1.00e-01, S, 10 components, 16 values
INFO: Step 1, time 1.00e-01, CONTACT, 6 components, 16 values
INFO: Step 2, time 2.00e-01, U, 3 components, 16 values
INFO: Step 2, time 2.00e-01, S, 10 components, 16 values
INFO: Step 2, time 2.00e-01, CONTACT, 6 components, 16 values
INFO: Step 3, time 3.50e-01, U, 3 components, 16 values
INFO: Step 3, time 3.50e-01, S, 10 components, 16 values
INFO: Step 3, time 3.50e-01, CONTACT, 6 components, 16 values
INFO: Step 4, time 5.75e-01, U, 3 components, 16 values
INFO: Step 4, time 5.75e-01, S, 10 components, 16 values
INFO: Step 4, time 5.75e-01, CONTACT, 6 components, 16 values
INFO: Step 5, time 9.12e-01, U, 3 components, 16 values
INFO: Step 5, time 9.12e-01, S, 10 components, 16 values
INFO: Step 5, time 9.12e-01, CONTACT, 6 components, 16 values
INFO: Step 6, time 1.0, U, 3 components, 16 values
INFO: Step 6, time 1.0, S, 10 components, 16 values
INFO: Step 6, time 1.0, CONTACT, 6 components, 16 values
INFO: Step 7, time 2.0, U, 3 components, 16 values
INFO: Step 7, time 2.0, S, 10 components, 16 values
INFO: Step 7, time 2.0, CONTACT, 6 components, 16 values
INFO: Step 8, time 2.0, U, 3 components, 16 values
INFO: Step 8, time 2.0, S, 10 components, 16 values
INFO: Step 8, time 2.0, CONTACT, 6 components, 16 values
INFO: Step 9, time 2.0, U, 3 components, 16 values
INFO: Step 9, time 2.0, S, 10 components, 16 values
INFO: Step 9, time 2.0, CONTACT, 6 components, 16 values
INFO: Step 10, time 2.0, U, 3 components, 16 values
INFO: Step 10, time 2.0, S, 10 components, 16 values
INFO: Step 10, time 2.0, CONTACT, 6 components, 16 values
INFO: Step 11, time 2.1, U, 3 components, 16 values
INFO: Step 11, time 2.1, S, 10 components, 16 values
INFO: Step 11, time 2.1, CONTACT, 6 components, 16 values
INFO: Step 12, time 2.1, U, 3 components, 16 values
INFO: Step 12, time 2.1, S, 10 components, 16 values
INFO: Step 12, time 2.1, CONTACT, 6 components, 16 values
INFO: Step 13, time 2.1, U, 3 components, 16 values
INFO: Step 13, time 2.1, S, 10 components, 16 values
INFO: Step 13, time 2.1, CONTACT, 6 components, 16 values
INFO: Step 14, time 2.2, U, 3 components, 16 values
INFO: Step 14, time 2.2, S, 10 components, 16 values
INFO: Step 14, time 2.2, CONTACT, 6 components, 16 values
INFO: Step 15, time 2.3, U, 3 components, 16 values
INFO: Step 15, time 2.3, S, 10 components, 16 values
INFO: Step 15, time 2.3, CONTACT, 6 components, 16 values
INFO: Step 16, time 2.5, U, 3 components, 16 values
INFO: Step 16, time 2.5, S, 10 components, 16 values
INFO: Step 16, time 2.5, CONTACT, 6 components, 16 values
INFO: Step 17, time 2.8, U, 3 components, 16 values
INFO: Step 17, time 2.8, S, 10 components, 16 values
INFO: Step 17, time 2.8, CONTACT, 6 components, 16 values
INFO: Step 18, time 3.0, U, 3 components, 16 values
INFO: Step 18, time 3.0, S, 10 components, 16 values
INFO: Step 18, time 3.0, CONTACT, 6 components, 16 values
INFO: Step 19, time 3.0, U, 3 components, 16 values
INFO: Step 19, time 3.0, S, 10 components, 16 values
INFO: Step 19, time 3.0, CONTACT, 6 components, 16 values
INFO: Step 20, time 3.0, U, 3 components, 16 values
INFO: Step 20, time 3.0, S, 10 components, 16 values
INFO: Step 20, time 3.0, CONTACT, 6 components, 16 values
INFO: Step 21, time 3.0, U, 3 components, 16 values
INFO: Step 21, time 3.0, S, 10 components, 16 values
INFO: Step 21, time 3.0, CONTACT, 6 components, 16 values
INFO: Step 22, time 3.1, U, 3 components, 16 values
INFO: Step 22, time 3.1, S, 10 components, 16 values
INFO: Step 22, time 3.1, CONTACT, 6 components, 16 values
INFO: Step 23, time 3.1, U, 3 components, 16 values
INFO: Step 23, time 3.1, S, 10 components, 16 values
INFO: Step 23, time 3.1, CONTACT, 6 components, 16 values
INFO: Step 24, time 3.1, U, 3 components, 16 values
INFO: Step 24, time 3.1, S, 10 components, 16 values
INFO: Step 24, time 3.1, CONTACT, 6 components, 16 values
INFO: Step 25, time 3.2, U, 3 components, 16 values
INFO: Step 25, time 3.2, S, 10 components, 16 values
INFO: Step 25, time 3.2, CONTACT, 6 components, 16 values
INFO: Step 26, time 3.3, U, 3 components, 16 values
INFO: Step 26, time 3.3, S, 10 components, 16 values
INFO: Step 26, time 3.3, CONTACT, 6 components, 16 values
INFO: Step 27, time 3.5, U, 3 components, 16 values
INFO: Step 27, time 3.5, S, 10 components, 16 values
INFO: Step 27, time 3.5, CONTACT, 6 components, 16 values
INFO: Step 28, time 3.8, U, 3 components, 16 values
INFO: Step 28, time 3.8, S, 10 components, 16 values
INFO: Step 28, time 3.8, CONTACT, 6 components, 16 values
INFO: Step 29, time 4.0, U, 3 components, 16 values
INFO: Step 29, time 4.0, S, 10 components, 16 values
INFO: Step 29, time 4.0, CONTACT, 6 components, 16 values
INFO: Step 30, time 4.0, U, 3 components, 16 values
INFO: Step 30, time 4.0, S, 10 components, 16 values
INFO: Step 30, time 4.0, CONTACT, 6 components, 16 values
INFO: Step 31, time 4.0, U, 3 components, 16 values
INFO: Step 31, time 4.0, S, 10 components, 16 values
INFO: Step 31, time 4.0, CONTACT, 6 components, 16 values
INFO: Step 32, time 4.0, U, 3 components, 16 values
INFO: Step 32, time 4.0, S, 10 components, 16 values
INFO: Step 32, time 4.0, CONTACT, 6 components, 16 values
INFO: Step 33, time 4.1, U, 3 components, 16 values
INFO: Step 33, time 4.1, S, 10 components, 16 values
INFO: Step 33, time 4.1, CONTACT, 6 components, 16 values
INFO: Step 34, time 4.1, U, 3 components, 16 values
INFO: Step 34, time 4.1, S, 10 components, 16 values
INFO: Step 34, time 4.1, CONTACT, 6 components, 16 values
INFO: Step 35, time 4.1, U, 3 components, 16 values
INFO: Step 35, time 4.1, S, 10 components, 16 values
INFO: Step 35, time 4.1, CONTACT, 6 components, 16 values
INFO: Step 36, time 4.2, U, 3 components, 16 values
INFO: Step 36, time 4.2, S, 10 components, 16 values
INFO: Step 36, time 4.2, CONTACT, 6 components, 16 values
INFO: Step 37, time 4.3, U, 3 components, 16 values
INFO: Step 37, time 4.3, S, 10 components, 16 values
INFO: Step 37, time 4.3, CONTACT, 6 components, 16 values
INFO: Step 38, time 4.5, U, 3 components, 16 values
INFO: Step 38, time 4.5, S, 10 components, 16 values
INFO: Step 38, time 4.5, CONTACT, 6 components, 16 values
INFO: Step 39, time 4.8, U, 3 components, 16 values
INFO: Step 39, time 4.8, S, 10 components, 16 values
INFO: Step 39, time 4.8, CONTACT, 6 components, 16 values
INFO: Step 40, time 5.0, U, 3 components, 16 values
INFO: Step 40, time 5.0, S, 10 components, 16 values
INFO: Step 40, time 5.0, CONTACT, 6 components, 16 values
INFO: 40 time increments
INFO: Writing examples/ccx_2.16.test/changefric.01.vtk
INFO: Step 1, time 1.00e-01, U, 3 components, 16 values
INFO: Step 1, time 1.00e-01, S, 10 components, 16 values
INFO: Step 1, time 1.00e-01, CONTACT, 6 components, 16 values
INFO: Writing examples/ccx_2.16.test/changefric.02.vtk
INFO: Step 2, time 2.00e-01, U, 3 components, 16 values
INFO: Step 2, time 2.00e-01, S, 10 components, 16 values
INFO: Step 2, time 2.00e-01, CONTACT, 6 components, 16 values
INFO: Writing examples/ccx_2.16.test/changefric.03.vtk
INFO: Step 3, time 3.50e-01, U, 3 components, 16 values
INFO: Step 3, time 3.50e-01, S, 10 components, 16 values
INFO: Step 3, time 3.50e-01, CONTACT, 6 components, 16 values
INFO: Writing examples/ccx_2.16.test/changefric.04.vtk
INFO: Step 4, time 5.75e-01, U, 3 components, 16 values
INFO: Step 4, time 5.75e-01, S, 10 components, 16 values
INFO: Step 4, time 5.75e-01, CONTACT, 6 components, 16 values
INFO: Writing examples/ccx_2.16.test/changefric.05.vtk
INFO: Step 5, time 9.12e-01, U, 3 components, 16 values
INFO: Step 5, time 9.12e-01, S, 10 components, 16 values
INFO: Step 5, time 9.12e-01, CONTACT, 6 components, 16 values
INFO: Writing examples/ccx_2.16.test/changefric.06.vtk
INFO: Step 6, time 1.0, U, 3 components, 16 values
INFO: Step 6, time 1.0, S, 10 components, 16 values
INFO: Step 6, time 1.0, CONTACT, 6 components, 16 values
INFO: Writing examples/ccx_2.16.test/changefric.07.vtk
INFO: Step 7, time 2.0, U, 3 components, 16 values
INFO: Step 7, time 2.0, S, 10 components, 16 values
INFO: Step 7, time 2.0, CONTACT, 6 components, 16 values
INFO: Writing examples/ccx_2.16.test/changefric.08.vtk
INFO: Step 8, time 2.0, U, 3 components, 16 values
INFO: Step 8, time 2.0, S, 10 components, 16 values
INFO: Step 8, time 2.0, CONTACT, 6 components, 16 values
INFO: Writing examples/ccx_2.16.test/changefric.09.vtk
INFO: Step 9, time 2.0, U, 3 components, 16 values
INFO: Step 9, time 2.0, S, 10 components, 16 values
INFO: Step 9, time 2.0, CONTACT, 6 components, 16 values
INFO: Writing examples/ccx_2.16.test/changefric.10.vtk
INFO: Step 10, time 2.0, U, 3 components, 16 values
INFO: Step 10, time 2.0, S, 10 components, 16 values
INFO: Step 10, time 2.0, CONTACT, 6 components, 16 values
INFO: Writing examples/ccx_2.16.test/changefric.11.vtk
INFO: Step 11, time 2.1, U, 3 components, 16 values
INFO: Step 11, time 2.1, S, 10 components, 16 values
INFO: Step 11, time 2.1, CONTACT, 6 components, 16 values
INFO: Writing examples/ccx_2.16.test/changefric.12.vtk
INFO: Step 12, time 2.1, U, 3 components, 16 values
INFO: Step 12, time 2.1, S, 10 components, 16 values
INFO: Step 12, time 2.1, CONTACT, 6 components, 16 values
INFO: Writing examples/ccx_2.16.test/changefric.13.vtk
INFO: Step 13, time 2.1, U, 3 components, 16 values
INFO: Step 13, time 2.1, S, 10 components, 16 values
INFO: Step 13, time 2.1, CONTACT, 6 components, 16 values
INFO: Writing examples/ccx_2.16.test/changefric.14.vtk
INFO: Step 14, time 2.2, U, 3 components, 16 values
INFO: Step 14, time 2.2, S, 10 components, 16 values
INFO: Step 14, time 2.2, CONTACT, 6 components, 16 values
INFO: Writing examples/ccx_2.16.test/changefric.15.vtk
INFO: Step 15, time 2.3, U, 3 components, 16 values
INFO: Step 15, time 2.3, S, 10 components, 16 values
INFO: Step 15, time 2.3, CONTACT, 6 components, 16 values
INFO: Writing examples/ccx_2.16.test/changefric.16.vtk
INFO: Step 16, time 2.5, U, 3 components, 16 values
INFO: Step 16, time 2.5, S, 10 components, 16 values
INFO: Step 16, time 2.5, CONTACT, 6 components, 16 values
INFO: Writing examples/ccx_2.16.test/changefric.17.vtk
INFO: Step 17, time 2.8, U, 3 components, 16 values
INFO: Step 17, time 2.8, S, 10 components, 16 values
INFO: Step 17, time 2.8, CONTACT, 6 components, 16 values
INFO: Writing examples/ccx_2.16.test/changefric.18.vtk
INFO: Step 18, time 3.0, U, 3 components, 16 values
INFO: Step 18, time 3.0, S, 10 components, 16 values
INFO: Step 18, time 3.0, CONTACT, 6 components, 16 values
INFO: Writing examples/ccx_2.16.test/changefric.19.vtk
INFO: Step 19, time 3.0, U, 3 components, 16 values
INFO: Step 19, time 3.0, S, 10 components, 16 values
INFO: Step 19, time 3.0, CONTACT, 6 components, 16 values
INFO: Writing examples/ccx_2.16.test/changefric.20.vtk
INFO: Step 20, time 3.0, U, 3 components, 16 values
INFO: Step 20, time 3.0, S, 10 components, 16 values
INFO: Step 20, time 3.0, CONTACT, 6 components, 16 values
INFO: Writing examples/ccx_2.16.test/changefric.21.vtk
INFO: Step 21, time 3.0, U, 3 components, 16 values
INFO: Step 21, time 3.0, S, 10 components, 16 values
INFO: Step 21, time 3.0, CONTACT, 6 components, 16 values
INFO: Writing examples/ccx_2.16.test/changefric.22.vtk
INFO: Step 22, time 3.1, U, 3 components, 16 values
INFO: Step 22, time 3.1, S, 10 components, 16 values
INFO: Step 22, time 3.1, CONTACT, 6 components, 16 values
INFO: Writing examples/ccx_2.16.test/changefric.23.vtk
INFO: Step 23, time 3.1, U, 3 components, 16 values
INFO: Step 23, time 3.1, S, 10 components, 16 values
INFO: Step 23, time 3.1, CONTACT, 6 components, 16 values
INFO: Writing examples/ccx_2.16.test/changefric.24.vtk
INFO: Step 24, time 3.1, U, 3 components, 16 values
INFO: Step 24, time 3.1, S, 10 components, 16 values
INFO: Step 24, time 3.1, CONTACT, 6 components, 16 values
INFO: Writing examples/ccx_2.16.test/changefric.25.vtk
INFO: Step 25, time 3.2, U, 3 components, 16 values
INFO: Step 25, time 3.2, S, 10 components, 16 values
INFO: Step 25, time 3.2, CONTACT, 6 components, 16 values
INFO: Writing examples/ccx_2.16.test/changefric.26.vtk
INFO: Step 26, time 3.3, U, 3 components, 16 values
INFO: Step 26, time 3.3, S, 10 components, 16 values
INFO: Step 26, time 3.3, CONTACT, 6 components, 16 values
INFO: Writing examples/ccx_2.16.test/changefric.27.vtk
INFO: Step 27, time 3.5, U, 3 components, 16 values
INFO: Step 27, time 3.5, S, 10 components, 16 values
INFO: Step 27, time 3.5, CONTACT, 6 components, 16 values
INFO: Writing examples/ccx_2.16.test/changefric.28.vtk
INFO: Step 28, time 3.8, U, 3 components, 16 values
INFO: Step 28, time 3.8, S, 10 components, 16 values
INFO: Step 28, time 3.8, CONTACT, 6 components, 16 values
INFO: Writing examples/ccx_2.16.test/changefric.29.vtk
INFO: Step 29, time 4.0, U, 3 components, 16 values
INFO: Step 29, time 4.0, S, 10 components, 16 values
INFO: Step 29, time 4.0, CONTACT, 6 components, 16 values
INFO: Writing examples/ccx_2.16.test/changefric.30.vtk
INFO: Step 30, time 4.0, U, 3 components, 16 values
INFO: Step 30, time 4.0, S, 10 components, 16 values
INFO: Step 30, time 4.0, CONTACT, 6 components, 16 values
INFO: Writing examples/ccx_2.16.test/changefric.31.vtk
INFO: Step 31, time 4.0, U, 3 components, 16 values
INFO: Step 31, time 4.0, S, 10 components, 16 values
INFO: Step 31, time 4.0, CONTACT, 6 components, 16 values
INFO: Writing examples/ccx_2.16.test/changefric.32.vtk
INFO: Step 32, time 4.0, U, 3 components, 16 values
INFO: Step 32, time 4.0, S, 10 components, 16 values
INFO: Step 32, time 4.0, CONTACT, 6 components, 16 values
INFO: Writing examples/ccx_2.16.test/changefric.33.vtk
INFO: Step 33, time 4.1, U, 3 components, 16 values
INFO: Step 33, time 4.1, S, 10 components, 16 values
INFO: Step 33, time 4.1, CONTACT, 6 components, 16 values
INFO: Writing examples/ccx_2.16.test/changefric.34.vtk
INFO: Step 34, time 4.1, U, 3 components, 16 values
INFO: Step 34, time 4.1, S, 10 components, 16 values
INFO: Step 34, time 4.1, CONTACT, 6 components, 16 values
INFO: Writing examples/ccx_2.16.test/changefric.35.vtk
INFO: Step 35, time 4.1, U, 3 components, 16 values
INFO: Step 35, time 4.1, S, 10 components, 16 values
INFO: Step 35, time 4.1, CONTACT, 6 components, 16 values
INFO: Writing examples/ccx_2.16.test/changefric.36.vtk
INFO: Step 36, time 4.2, U, 3 components, 16 values
INFO: Step 36, time 4.2, S, 10 components, 16 values
INFO: Step 36, time 4.2, CONTACT, 6 components, 16 values
INFO: Writing examples/ccx_2.16.test/changefric.37.vtk
INFO: Step 37, time 4.3, U, 3 components, 16 values
INFO: Step 37, time 4.3, S, 10 components, 16 values
INFO: Step 37, time 4.3, CONTACT, 6 components, 16 values
INFO: Writing examples/ccx_2.16.test/changefric.38.vtk
INFO: Step 38, time 4.5, U, 3 components, 16 values
INFO: Step 38, time 4.5, S, 10 components, 16 values
INFO: Step 38, time 4.5, CONTACT, 6 components, 16 values
INFO: Writing examples/ccx_2.16.test/changefric.39.vtk
INFO: Step 39, time 4.8, U, 3 components, 16 values
INFO: Step 39, time 4.8, S, 10 components, 16 values
INFO: Step 39, time 4.8, CONTACT, 6 components, 16 values
INFO: Writing examples/ccx_2.16.test/changefric.40.vtk
INFO: Step 40, time 5.0, U, 3 components, 16 values
INFO: Step 40, time 5.0, S, 10 components, 16 values
INFO: Step 40, time 5.0, CONTACT, 6 components, 16 values

==================================================
INFO: Parsing examples/ccx_2.16.test/changefric.frd
INFO: 16 nodes
INFO: 2 cells
INFO: Step 1, time 1.00e-01, U, 3 components, 16 values
INFO: Step 1, time 1.00e-01, S, 10 components, 16 values
INFO: Step 1, time 1.00e-01, CONTACT, 6 components, 16 values
INFO: Step 2, time 2.00e-01, U, 3 components, 16 values
INFO: Step 2, time 2.00e-01, S, 10 components, 16 values
INFO: Step 2, time 2.00e-01, CONTACT, 6 components, 16 values
INFO: Step 3, time 3.50e-01, U, 3 components, 16 values
INFO: Step 3, time 3.50e-01, S, 10 components, 16 values
INFO: Step 3, time 3.50e-01, CONTACT, 6 components, 16 values
INFO: Step 4, time 5.75e-01, U, 3 components, 16 values
INFO: Step 4, time 5.75e-01, S, 10 components, 16 values
INFO: Step 4, time 5.75e-01, CONTACT, 6 components, 16 values
INFO: Step 5, time 9.12e-01, U, 3 components, 16 values
INFO: Step 5, time 9.12e-01, S, 10 components, 16 values
INFO: Step 5, time 9.12e-01, CONTACT, 6 components, 16 values
INFO: Step 6, time 1.0, U, 3 components, 16 values
INFO: Step 6, time 1.0, S, 10 components, 16 values
INFO: Step 6, time 1.0, CONTACT, 6 components, 16 values
INFO: Step 7, time 2.0, U, 3 components, 16 values
INFO: Step 7, time 2.0, S, 10 components, 16 values
INFO: Step 7, time 2.0, CONTACT, 6 components, 16 values
INFO: Step 8, time 2.0, U, 3 components, 16 values
INFO: Step 8, time 2.0, S, 10 components, 16 values
INFO: Step 8, time 2.0, CONTACT, 6 components, 16 values
INFO: Step 9, time 2.0, U, 3 components, 16 values
INFO: Step 9, time 2.0, S, 10 components, 16 values
INFO: Step 9, time 2.0, CONTACT, 6 components, 16 values
INFO: Step 10, time 2.0, U, 3 components, 16 values
INFO: Step 10, time 2.0, S, 10 components, 16 values
INFO: Step 10, time 2.0, CONTACT, 6 components, 16 values
INFO: Step 11, time 2.1, U, 3 components, 16 values
INFO: Step 11, time 2.1, S, 10 components, 16 values
INFO: Step 11, time 2.1, CONTACT, 6 components, 16 values
INFO: Step 12, time 2.1, U, 3 components, 16 values
INFO: Step 12, time 2.1, S, 10 components, 16 values
INFO: Step 12, time 2.1, CONTACT, 6 components, 16 values
INFO: Step 13, time 2.1, U, 3 components, 16 values
INFO: Step 13, time 2.1, S, 10 components, 16 values
INFO: Step 13, time 2.1, CONTACT, 6 components, 16 values
INFO: Step 14, time 2.2, U, 3 components, 16 values
INFO: Step 14, time 2.2, S, 10 components, 16 values
INFO: Step 14, time 2.2, CONTACT, 6 components, 16 values
INFO: Step 15, time 2.3, U, 3 components, 16 values
INFO: Step 15, time 2.3, S, 10 components, 16 values
INFO: Step 15, time 2.3, CONTACT, 6 components, 16 values
INFO: Step 16, time 2.5, U, 3 components, 16 values
INFO: Step 16, time 2.5, S, 10 components, 16 values
INFO: Step 16, time 2.5, CONTACT, 6 components, 16 values
INFO: Step 17, time 2.8, U, 3 components, 16 values
INFO: Step 17, time 2.8, S, 10 components, 16 values
INFO: Step 17, time 2.8, CONTACT, 6 components, 16 values
INFO: Step 18, time 3.0, U, 3 components, 16 values
INFO: Step 18, time 3.0, S, 10 components, 16 values
INFO: Step 18, time 3.0, CONTACT, 6 components, 16 values
INFO: Step 19, time 3.0, U, 3 components, 16 values
INFO: Step 19, time 3.0, S, 10 components, 16 values
INFO: Step 19, time 3.0, CONTACT, 6 components, 16 values
INFO: Step 20, time 3.0, U, 3 components, 16 values
INFO: Step 20, time 3.0, S, 10 components, 16 values
INFO: Step 20, time 3.0, CONTACT, 6 components, 16 values
INFO: Step 21, time 3.0, U, 3 components, 16 values
INFO: Step 21, time 3.0, S, 10 components, 16 values
INFO: Step 21, time 3.0, CONTACT, 6 components, 16 values
INFO: Step 22, time 3.1, U, 3 components, 16 values
INFO: Step 22, time 3.1, S, 10 components, 16 values
INFO: Step 22, time 3.1, CONTACT, 6 components, 16 values
INFO: Step 23, time 3.1, U, 3 components, 16 values
INFO: Step 23, time 3.1, S, 10 components, 16 values
INFO: Step 23, time 3.1, CONTACT, 6 components, 16 values
INFO: Step 24, time 3.1, U, 3 components, 16 values
INFO: Step 24, time 3.1, S, 10 components, 16 values
INFO: Step 24, time 3.1, CONTACT, 6 components, 16 values
INFO: Step 25, time 3.2, U, 3 components, 16 values
INFO: Step 25, time 3.2, S, 10 components, 16 values
INFO: Step 25, time 3.2, CONTACT, 6 components, 16 values
INFO: Step 26, time 3.3, U, 3 components, 16 values
INFO: Step 26, time 3.3, S, 10 components, 16 values
INFO: Step 26, time 3.3, CONTACT, 6 components, 16 values
INFO: Step 27, time 3.5, U, 3 components, 16 values
INFO: Step 27, time 3.5, S, 10 components, 16 values
INFO: Step 27, time 3.5, CONTACT, 6 components, 16 values
INFO: Step 28, time 3.8, U, 3 components, 16 values
INFO: Step 28, time 3.8, S, 10 components, 16 values
INFO: Step 28, time 3.8, CONTACT, 6 components, 16 values
INFO: Step 29, time 4.0, U, 3 components, 16 values
INFO: Step 29, time 4.0, S, 10 components, 16 values
INFO: Step 29, time 4.0, CONTACT, 6 components, 16 values
INFO: Step 30, time 4.0, U, 3 components, 16 values
INFO: Step 30, time 4.0, S, 10 components, 16 values
INFO: Step 30, time 4.0, CONTACT, 6 components, 16 values
INFO: Step 31, time 4.0, U, 3 components, 16 values
INFO: Step 31, time 4.0, S, 10 components, 16 values
INFO: Step 31, time 4.0, CONTACT, 6 components, 16 values
INFO: Step 32, time 4.0, U, 3 components, 16 values
INFO: Step 32, time 4.0, S, 10 components, 16 values
INFO: Step 32, time 4.0, CONTACT, 6 components, 16 values
INFO: Step 33, time 4.1, U, 3 components, 16 values
INFO: Step 33, time 4.1, S, 10 components, 16 values
INFO: Step 33, time 4.1, CONTACT, 6 components, 16 values
INFO: Step 34, time 4.1, U, 3 components, 16 values
INFO: Step 34, time 4.1, S, 10 components, 16 values
INFO: Step 34, time 4.1, CONTACT, 6 components, 16 values
INFO: Step 35, time 4.1, U, 3 components, 16 values
INFO: Step 35, time 4.1, S, 10 components, 16 values
INFO: Step 35, time 4.1, CONTACT, 6 components, 16 values
INFO: Step 36, time 4.2, U, 3 components, 16 values
INFO: Step 36, time 4.2, S, 10 components, 16 values
INFO: Step 36, time 4.2, CONTACT, 6 components, 16 values
INFO: Step 37, time 4.3, U, 3 components, 16 values
INFO: Step 37, time 4.3, S, 10 components, 16 values
INFO: Step 37, time 4.3, CONTACT, 6 components, 16 values
INFO: Step 38, time 4.5, U, 3 components, 16 values
INFO: Step 38, time 4.5, S, 10 components, 16 values
INFO: Step 38, time 4.5, CONTACT, 6 components, 16 values
INFO: Step 39, time 4.8, U, 3 components, 16 values
INFO: Step 39, time 4.8, S, 10 components, 16 values
INFO: Step 39, time 4.8, CONTACT, 6 components, 16 values
INFO: Step 40, time 5.0, U, 3 components, 16 values
INFO: Step 40, time 5.0, S, 10 components, 16 values
INFO: Step 40, time 5.0, CONTACT, 6 components, 16 values
INFO: 40 time increments
INFO: Writing examples/ccx_2.16.test/changefric.01.vtu
INFO: Step 1, time 1.00e-01, U, 3 components, 16 values
INFO: Step 1, time 1.00e-01, S, 10 components, 16 values
INFO: Step 1, time 1.00e-01, CONTACT, 6 components, 16 values
INFO: Writing examples/ccx_2.16.test/changefric.02.vtu
INFO: Step 2, time 2.00e-01, U, 3 components, 16 values
INFO: Step 2, time 2.00e-01, S, 10 components, 16 values
INFO: Step 2, time 2.00e-01, CONTACT, 6 components, 16 values
INFO: Writing examples/ccx_2.16.test/changefric.03.vtu
INFO: Step 3, time 3.50e-01, U, 3 components, 16 values
INFO: Step 3, time 3.50e-01, S, 10 components, 16 values
INFO: Step 3, time 3.50e-01, CONTACT, 6 components, 16 values
INFO: Writing examples/ccx_2.16.test/changefric.04.vtu
INFO: Step 4, time 5.75e-01, U, 3 components, 16 values
INFO: Step 4, time 5.75e-01, S, 10 components, 16 values
INFO: Step 4, time 5.75e-01, CONTACT, 6 components, 16 values
INFO: Writing examples/ccx_2.16.test/changefric.05.vtu
INFO: Step 5, time 9.12e-01, U, 3 components, 16 values
INFO: Step 5, time 9.12e-01, S, 10 components, 16 values
INFO: Step 5, time 9.12e-01, CONTACT, 6 components, 16 values
INFO: Writing examples/ccx_2.16.test/changefric.06.vtu
INFO: Step 6, time 1.0, U, 3 components, 16 values
INFO: Step 6, time 1.0, S, 10 components, 16 values
INFO: Step 6, time 1.0, CONTACT, 6 components, 16 values
INFO: Writing examples/ccx_2.16.test/changefric.07.vtu
INFO: Step 7, time 2.0, U, 3 components, 16 values
INFO: Step 7, time 2.0, S, 10 components, 16 values
INFO: Step 7, time 2.0, CONTACT, 6 components, 16 values
INFO: Writing examples/ccx_2.16.test/changefric.08.vtu
INFO: Step 8, time 2.0, U, 3 components, 16 values
INFO: Step 8, time 2.0, S, 10 components, 16 values
INFO: Step 8, time 2.0, CONTACT, 6 components, 16 values
INFO: Writing examples/ccx_2.16.test/changefric.09.vtu
INFO: Step 9, time 2.0, U, 3 components, 16 values
INFO: Step 9, time 2.0, S, 10 components, 16 values
INFO: Step 9, time 2.0, CONTACT, 6 components, 16 values
INFO: Writing examples/ccx_2.16.test/changefric.10.vtu
INFO: Step 10, time 2.0, U, 3 components, 16 values
INFO: Step 10, time 2.0, S, 10 components, 16 values
INFO: Step 10, time 2.0, CONTACT, 6 components, 16 values
INFO: Writing examples/ccx_2.16.test/changefric.11.vtu
INFO: Step 11, time 2.1, U, 3 components, 16 values
INFO: Step 11, time 2.1, S, 10 components, 16 values
INFO: Step 11, time 2.1, CONTACT, 6 components, 16 values
INFO: Writing examples/ccx_2.16.test/changefric.12.vtu
INFO: Step 12, time 2.1, U, 3 components, 16 values
INFO: Step 12, time 2.1, S, 10 components, 16 values
INFO: Step 12, time 2.1, CONTACT, 6 components, 16 values
INFO: Writing examples/ccx_2.16.test/changefric.13.vtu
INFO: Step 13, time 2.1, U, 3 components, 16 values
INFO: Step 13, time 2.1, S, 10 components, 16 values
INFO: Step 13, time 2.1, CONTACT, 6 components, 16 values
INFO: Writing examples/ccx_2.16.test/changefric.14.vtu
INFO: Step 14, time 2.2, U, 3 components, 16 values
INFO: Step 14, time 2.2, S, 10 components, 16 values
INFO: Step 14, time 2.2, CONTACT, 6 components, 16 values
INFO: Writing examples/ccx_2.16.test/changefric.15.vtu
INFO: Step 15, time 2.3, U, 3 components, 16 values
INFO: Step 15, time 2.3, S, 10 components, 16 values
INFO: Step 15, time 2.3, CONTACT, 6 components, 16 values
INFO: Writing examples/ccx_2.16.test/changefric.16.vtu
INFO: Step 16, time 2.5, U, 3 components, 16 values
INFO: Step 16, time 2.5, S, 10 components, 16 values
INFO: Step 16, time 2.5, CONTACT, 6 components, 16 values
INFO: Writing examples/ccx_2.16.test/changefric.17.vtu
INFO: Step 17, time 2.8, U, 3 components, 16 values
INFO: Step 17, time 2.8, S, 10 components, 16 values
INFO: Step 17, time 2.8, CONTACT, 6 components, 16 values
INFO: Writing examples/ccx_2.16.test/changefric.18.vtu
INFO: Step 18, time 3.0, U, 3 components, 16 values
INFO: Step 18, time 3.0, S, 10 components, 16 values
INFO: Step 18, time 3.0, CONTACT, 6 components, 16 values
INFO: Writing examples/ccx_2.16.test/changefric.19.vtu
INFO: Step 19, time 3.0, U, 3 components, 16 values
INFO: Step 19, time 3.0, S, 10 components, 16 values
INFO: Step 19, time 3.0, CONTACT, 6 components, 16 values
INFO: Writing examples/ccx_2.16.test/changefric.20.vtu
INFO: Step 20, time 3.0, U, 3 components, 16 values
INFO: Step 20, time 3.0, S, 10 components, 16 values
INFO: Step 20, time 3.0, CONTACT, 6 components, 16 values
INFO: Writing examples/ccx_2.16.test/changefric.21.vtu
INFO: Step 21, time 3.0, U, 3 components, 16 values
INFO: Step 21, time 3.0, S, 10 components, 16 values
INFO: Step 21, time 3.0, CONTACT, 6 components, 16 values
INFO: Writing examples/ccx_2.16.test/changefric.22.vtu
INFO: Step 22, time 3.1, U, 3 components, 16 values
INFO: Step 22, time 3.1, S, 10 components, 16 values
INFO: Step 22, time 3.1, CONTACT, 6 components, 16 values
INFO: Writing examples/ccx_2.16.test/changefric.23.vtu
INFO: Step 23, time 3.1, U, 3 components, 16 values
INFO: Step 23, time 3.1, S, 10 components, 16 values
INFO: Step 23, time 3.1, CONTACT, 6 components, 16 values
INFO: Writing examples/ccx_2.16.test/changefric.24.vtu
INFO: Step 24, time 3.1, U, 3 components, 16 values
INFO: Step 24, time 3.1, S, 10 components, 16 values
INFO: Step 24, time 3.1, CONTACT, 6 components, 16 values
INFO: Writing examples/ccx_2.16.test/changefric.25.vtu
INFO: Step 25, time 3.2, U, 3 components, 16 values
INFO: Step 25, time 3.2, S, 10 components, 16 values
INFO: Step 25, time 3.2, CONTACT, 6 components, 16 values
INFO: Writing examples/ccx_2.16.test/changefric.26.vtu
INFO: Step 26, time 3.3, U, 3 components, 16 values
INFO: Step 26, time 3.3, S, 10 components, 16 values
INFO: Step 26, time 3.3, CONTACT, 6 components, 16 values
INFO: Writing examples/ccx_2.16.test/changefric.27.vtu
INFO: Step 27, time 3.5, U, 3 components, 16 values
INFO: Step 27, time 3.5, S, 10 components, 16 values
INFO: Step 27, time 3.5, CONTACT, 6 components, 16 values
INFO: Writing examples/ccx_2.16.test/changefric.28.vtu
INFO: Step 28, time 3.8, U, 3 components, 16 values
INFO: Step 28, time 3.8, S, 10 components, 16 values
INFO: Step 28, time 3.8, CONTACT, 6 components, 16 values
INFO: Writing examples/ccx_2.16.test/changefric.29.vtu
INFO: Step 29, time 4.0, U, 3 components, 16 values
INFO: Step 29, time 4.0, S, 10 components, 16 values
INFO: Step 29, time 4.0, CONTACT, 6 components, 16 values
INFO: Writing examples/ccx_2.16.test/changefric.30.vtu
INFO: Step 30, time 4.0, U, 3 components, 16 values
INFO: Step 30, time 4.0, S, 10 components, 16 values
INFO: Step 30, time 4.0, CONTACT, 6 components, 16 values
INFO: Writing examples/ccx_2.16.test/changefric.31.vtu
INFO: Step 31, time 4.0, U, 3 components, 16 values
INFO: Step 31, time 4.0, S, 10 components, 16 values
INFO: Step 31, time 4.0, CONTACT, 6 components, 16 values
INFO: Writing examples/ccx_2.16.test/changefric.32.vtu
INFO: Step 32, time 4.0, U, 3 components, 16 values
INFO: Step 32, time 4.0, S, 10 components, 16 values
INFO: Step 32, time 4.0, CONTACT, 6 components, 16 values
INFO: Writing examples/ccx_2.16.test/changefric.33.vtu
INFO: Step 33, time 4.1, U, 3 components, 16 values
INFO: Step 33, time 4.1, S, 10 components, 16 values
INFO: Step 33, time 4.1, CONTACT, 6 components, 16 values
INFO: Writing examples/ccx_2.16.test/changefric.34.vtu
INFO: Step 34, time 4.1, U, 3 components, 16 values
INFO: Step 34, time 4.1, S, 10 components, 16 values
INFO: Step 34, time 4.1, CONTACT, 6 components, 16 values
INFO: Writing examples/ccx_2.16.test/changefric.35.vtu
INFO: Step 35, time 4.1, U, 3 components, 16 values
INFO: Step 35, time 4.1, S, 10 components, 16 values
INFO: Step 35, time 4.1, CONTACT, 6 components, 16 values
INFO: Writing examples/ccx_2.16.test/changefric.36.vtu
INFO: Step 36, time 4.2, U, 3 components, 16 values
INFO: Step 36, time 4.2, S, 10 components, 16 values
INFO: Step 36, time 4.2, CONTACT, 6 components, 16 values
INFO: Writing examples/ccx_2.16.test/changefric.37.vtu
INFO: Step 37, time 4.3, U, 3 components, 16 values
INFO: Step 37, time 4.3, S, 10 components, 16 values
INFO: Step 37, time 4.3, CONTACT, 6 components, 16 values
INFO: Writing examples/ccx_2.16.test/changefric.38.vtu
INFO: Step 38, time 4.5, U, 3 components, 16 values
INFO: Step 38, time 4.5, S, 10 components, 16 values
INFO: Step 38, time 4.5, CONTACT, 6 components, 16 values
INFO: Writing examples/ccx_2.16.test/changefric.39.vtu
INFO: Step 39, time 4.8, U, 3 components, 16 values
INFO: Step 39, time 4.8, S, 10 components, 16 values
INFO: Step 39, time 4.8, CONTACT, 6 components, 16 values
INFO: Writing examples/ccx_2.16.test/changefric.40.vtu
INFO: Step 40, time 5.0, U, 3 components, 16 values
INFO: Step 40, time 5.0, S, 10 components, 16 values
INFO: Step 40, time 5.0, CONTACT, 6 components, 16 values

==================================================
INFO: Parsing examples/ccx_2.16.test/changesolidsection.frd
INFO: 261 nodes
INFO: 32 cells
INFO: Step 1, time 1.0, U, 3 components, 261 values
INFO: Step 2, time 2.0, U, 3 components, 261 values
INFO: 2 time increments
INFO: Writing examples/ccx_2.16.test/changesolidsection.1.vtk
INFO: Step 1, time 1.0, U, 3 components, 261 values
INFO: Writing examples/ccx_2.16.test/changesolidsection.2.vtk
INFO: Step 2, time 2.0, U, 3 components, 261 values

==================================================
INFO: Parsing examples/ccx_2.16.test/changesolidsection.frd
INFO: 261 nodes
INFO: 32 cells
INFO: Step 1, time 1.0, U, 3 components, 261 values
INFO: Step 2, time 2.0, U, 3 components, 261 values
INFO: 2 time increments
INFO: Writing examples/ccx_2.16.test/changesolidsection.1.vtu
INFO: Step 1, time 1.0, U, 3 components, 261 values
INFO: Writing examples/ccx_2.16.test/changesolidsection.2.vtu
INFO: Step 2, time 2.0, U, 3 components, 261 values

==================================================
INFO: Parsing examples/ccx_2.16.test/changesurfbeh.frd
INFO: 16 nodes
INFO: 2 cells
INFO: Step 1, time 1.0, U, 3 components, 16 values
INFO: Step 1, time 1.0, CONTACT, 6 components, 16 values
INFO: Step 2, time 2.0, U, 3 components, 16 values
INFO: Step 2, time 2.0, CONTACT, 6 components, 16 values
INFO: 2 time increments
INFO: Writing examples/ccx_2.16.test/changesurfbeh.1.vtk
INFO: Step 1, time 1.0, U, 3 components, 16 values
INFO: Step 1, time 1.0, CONTACT, 6 components, 16 values
INFO: Writing examples/ccx_2.16.test/changesurfbeh.2.vtk
INFO: Step 2, time 2.0, U, 3 components, 16 values
INFO: Step 2, time 2.0, CONTACT, 6 components, 16 values

==================================================
INFO: Parsing examples/ccx_2.16.test/changesurfbeh.frd
INFO: 16 nodes
INFO: 2 cells
INFO: Step 1, time 1.0, U, 3 components, 16 values
INFO: Step 1, time 1.0, CONTACT, 6 components, 16 values
INFO: Step 2, time 2.0, U, 3 components, 16 values
INFO: Step 2, time 2.0, CONTACT, 6 components, 16 values
INFO: 2 time increments
INFO: Writing examples/ccx_2.16.test/changesurfbeh.1.vtu
INFO: Step 1, time 1.0, U, 3 components, 16 values
INFO: Step 1, time 1.0, CONTACT, 6 components, 16 values
INFO: Writing examples/ccx_2.16.test/changesurfbeh.2.vtu
INFO: Step 2, time 2.0, U, 3 components, 16 values
INFO: Step 2, time 2.0, CONTACT, 6 components, 16 values

==================================================
INFO: Parsing examples/ccx_2.16.test/channel1.frd
INFO: 11 nodes
INFO: 6 cells
WARNING: No time increments!

==================================================
INFO: Parsing examples/ccx_2.16.test/channel1.frd
INFO: 11 nodes
INFO: 6 cells
WARNING: No time increments!

==================================================
INFO: Parsing examples/ccx_2.16.test/channel10.frd
INFO: 19 nodes
INFO: 10 cells
WARNING: No time increments!

==================================================
INFO: Parsing examples/ccx_2.16.test/channel10.frd
INFO: 19 nodes
INFO: 10 cells
WARNING: No time increments!

==================================================
INFO: Parsing examples/ccx_2.16.test/channel11.frd
INFO: 19 nodes
INFO: 10 cells
WARNING: No time increments!

==================================================
INFO: Parsing examples/ccx_2.16.test/channel11.frd
INFO: 19 nodes
INFO: 10 cells
WARNING: No time increments!

==================================================
INFO: Parsing examples/ccx_2.16.test/channel12.frd
INFO: 19 nodes
INFO: 10 cells
WARNING: No time increments!

==================================================
INFO: Parsing examples/ccx_2.16.test/channel12.frd
INFO: 19 nodes
INFO: 10 cells
WARNING: No time increments!

==================================================
INFO: Parsing examples/ccx_2.16.test/channel2.frd
INFO: 11 nodes
INFO: 6 cells
WARNING: No time increments!

==================================================
INFO: Parsing examples/ccx_2.16.test/channel2.frd
INFO: 11 nodes
INFO: 6 cells
WARNING: No time increments!

==================================================
INFO: Parsing examples/ccx_2.16.test/channel3.frd
INFO: 11 nodes
INFO: 6 cells
WARNING: No time increments!

==================================================
INFO: Parsing examples/ccx_2.16.test/channel3.frd
INFO: 11 nodes
INFO: 6 cells
WARNING: No time increments!

==================================================
INFO: Parsing examples/ccx_2.16.test/channel4.frd
INFO: 11 nodes
INFO: 6 cells
WARNING: No time increments!

==================================================
INFO: Parsing examples/ccx_2.16.test/channel4.frd
INFO: 11 nodes
INFO: 6 cells
WARNING: No time increments!

==================================================
INFO: Parsing examples/ccx_2.16.test/channel5.frd
INFO: 11 nodes
INFO: 6 cells
WARNING: No time increments!

==================================================
INFO: Parsing examples/ccx_2.16.test/channel5.frd
INFO: 11 nodes
INFO: 6 cells
WARNING: No time increments!

==================================================
INFO: Parsing examples/ccx_2.16.test/channel6.frd
INFO: 53 nodes
INFO: 27 cells
WARNING: No time increments!

==================================================
INFO: Parsing examples/ccx_2.16.test/channel6.frd
INFO: 53 nodes
INFO: 27 cells
WARNING: No time increments!

==================================================
INFO: Parsing examples/ccx_2.16.test/channel7.frd
INFO: 11 nodes
INFO: 6 cells
WARNING: No time increments!

==================================================
INFO: Parsing examples/ccx_2.16.test/channel7.frd
INFO: 11 nodes
INFO: 6 cells
WARNING: No time increments!

==================================================
INFO: Parsing examples/ccx_2.16.test/channel9.frd
INFO: 19 nodes
INFO: 10 cells
WARNING: No time increments!

==================================================
INFO: Parsing examples/ccx_2.16.test/channel9.frd
INFO: 19 nodes
INFO: 10 cells
WARNING: No time increments!

==================================================
INFO: Parsing examples/ccx_2.16.test/chanson1.frd
INFO: 29 nodes
INFO: 15 cells
WARNING: No time increments!

==================================================
INFO: Parsing examples/ccx_2.16.test/chanson1.frd
INFO: 29 nodes
INFO: 15 cells
WARNING: No time increments!

==================================================
INFO: Parsing examples/ccx_2.16.test/characteristic.frd
INFO: 7 nodes
INFO: 4 cells
WARNING: No time increments!

==================================================
INFO: Parsing examples/ccx_2.16.test/characteristic.frd
INFO: 7 nodes
INFO: 4 cells
WARNING: No time increments!

==================================================
INFO: Parsing examples/ccx_2.16.test/circ10p.frd
INFO: 90 nodes
INFO: 31 cells
WARNING: No time increments!

==================================================
INFO: Parsing examples/ccx_2.16.test/circ10p.frd
INFO: 90 nodes
INFO: 31 cells
WARNING: No time increments!

==================================================
INFO: Parsing examples/ccx_2.16.test/circ10pfin.frd
INFO: 3047 nodes
INFO: 1849 cells
WARNING: No time increments!

==================================================
INFO: Parsing examples/ccx_2.16.test/circ10pfin.frd
INFO: 3047 nodes
INFO: 1849 cells
WARNING: No time increments!

==================================================
INFO: Parsing examples/ccx_2.16.test/concretebeam.frd
INFO: 1408 nodes
INFO: 110 cells
INFO: Step 1, time 1.0, U, 3 components, 1408 values
INFO: Step 1, time 1.0, S, 10 components, 1408 values
INFO: 1 time increment
INFO: Writing examples/ccx_2.16.test/concretebeam.vtk
INFO: Step 1, time 1.0, U, 3 components, 1408 values
INFO: Step 1, time 1.0, S, 10 components, 1408 values

==================================================
INFO: Parsing examples/ccx_2.16.test/concretebeam.frd
INFO: 1408 nodes
INFO: 110 cells
INFO: Step 1, time 1.0, U, 3 components, 1408 values
INFO: Step 1, time 1.0, S, 10 components, 1408 values
INFO: 1 time increment
INFO: Writing examples/ccx_2.16.test/concretebeam.vtu
INFO: Step 1, time 1.0, U, 3 components, 1408 values
INFO: Step 1, time 1.0, S, 10 components, 1408 values

==================================================
INFO: Parsing examples/ccx_2.16.test/contact1.frd
INFO: 16 nodes
INFO: 2 cells
WARNING: No time increments!

==================================================
INFO: Parsing examples/ccx_2.16.test/contact1.frd
INFO: 16 nodes
INFO: 2 cells
WARNING: No time increments!

==================================================
INFO: Parsing examples/ccx_2.16.test/contact10.frd
INFO: 40 nodes
INFO: 2 cells
INFO: Step 1, time 1.0, CONTACT, 6 components, 40 values
INFO: Step 2, time 0.00e+00, DOR1, 3 components, 40 values
INFO: Step 3, time 0.00e+00, DOR1, 3 components, 40 values
INFO: Step 4, time 0.00e+00, DOR1, 3 components, 40 values
INFO: 2 time increments
INFO: Writing examples/ccx_2.16.test/contact10.1.vtk
INFO: Step 2, time 0.00e+00, DOR1, 3 components, 40 values
INFO: Step 3, time 0.00e+00, DOR1, 3 components, 40 values
INFO: Step 4, time 0.00e+00, DOR1, 3 components, 40 values
INFO: Writing examples/ccx_2.16.test/contact10.2.vtk
INFO: Step 1, time 1.0, CONTACT, 6 components, 40 values

==================================================
INFO: Parsing examples/ccx_2.16.test/contact10.frd
INFO: 40 nodes
INFO: 2 cells
INFO: Step 1, time 1.0, CONTACT, 6 components, 40 values
INFO: Step 2, time 0.00e+00, DOR1, 3 components, 40 values
INFO: Step 3, time 0.00e+00, DOR1, 3 components, 40 values
INFO: Step 4, time 0.00e+00, DOR1, 3 components, 40 values
INFO: 2 time increments
INFO: Writing examples/ccx_2.16.test/contact10.1.vtu
INFO: Step 2, time 0.00e+00, DOR1, 3 components, 40 values
INFO: Step 3, time 0.00e+00, DOR1, 3 components, 40 values
INFO: Step 4, time 0.00e+00, DOR1, 3 components, 40 values
INFO: Writing examples/ccx_2.16.test/contact10.2.vtu
INFO: Step 1, time 1.0, CONTACT, 6 components, 40 values

==================================================
INFO: Parsing examples/ccx_2.16.test/contact11.frd
INFO: 28 nodes
INFO: 2 cells
INFO: Step 1, time 1.0, U, 3 components, 28 values
INFO: Step 1, time 1.0, S, 10 components, 28 values
INFO: 1 time increment
INFO: Writing examples/ccx_2.16.test/contact11.vtk
INFO: Step 1, time 1.0, U, 3 components, 28 values
INFO: Step 1, time 1.0, S, 10 components, 28 values

==================================================
INFO: Parsing examples/ccx_2.16.test/contact11.frd
INFO: 28 nodes
INFO: 2 cells
INFO: Step 1, time 1.0, U, 3 components, 28 values
INFO: Step 1, time 1.0, S, 10 components, 28 values
INFO: 1 time increment
INFO: Writing examples/ccx_2.16.test/contact11.vtu
INFO: Step 1, time 1.0, U, 3 components, 28 values
INFO: Step 1, time 1.0, S, 10 components, 28 values

==================================================
INFO: Parsing examples/ccx_2.16.test/contact12.frd
INFO: 40 nodes
INFO: 2 cells
WARNING: No time increments!

==================================================
INFO: Parsing examples/ccx_2.16.test/contact12.frd
INFO: 40 nodes
INFO: 2 cells
WARNING: No time increments!

==================================================
INFO: Parsing examples/ccx_2.16.test/contact2.frd
INFO: 522 nodes
INFO: 64 cells
INFO: Step 1, time 1.0, U, 3 components, 522 values
INFO: 1 time increment
INFO: Writing examples/ccx_2.16.test/contact2.vtk
INFO: Step 1, time 1.0, U, 3 components, 522 values

==================================================
INFO: Parsing examples/ccx_2.16.test/contact2.frd
INFO: 522 nodes
INFO: 64 cells
INFO: Step 1, time 1.0, U, 3 components, 522 values
INFO: 1 time increment
INFO: Writing examples/ccx_2.16.test/contact2.vtu
INFO: Step 1, time 1.0, U, 3 components, 522 values

==================================================
INFO: Parsing examples/ccx_2.16.test/contact3.frd
INFO: 16 nodes
INFO: 2 cells
WARNING: No time increments!

==================================================
INFO: Parsing examples/ccx_2.16.test/contact3.frd
INFO: 16 nodes
INFO: 2 cells
WARNING: No time increments!

==================================================
INFO: Parsing examples/ccx_2.16.test/contact4.frd
INFO: 40 nodes
INFO: 2 cells
WARNING: No time increments!

==================================================
INFO: Parsing examples/ccx_2.16.test/contact4.frd
INFO: 40 nodes
INFO: 2 cells
WARNING: No time increments!

==================================================
INFO: Parsing examples/ccx_2.16.test/contact5.frd
INFO: 40 nodes
INFO: 2 cells
WARNING: No time increments!

==================================================
INFO: Parsing examples/ccx_2.16.test/contact5.frd
INFO: 40 nodes
INFO: 2 cells
WARNING: No time increments!

==================================================
INFO: Parsing examples/ccx_2.16.test/contact6.frd
INFO: 16 nodes
INFO: 2 cells
WARNING: No time increments!

==================================================
INFO: Parsing examples/ccx_2.16.test/contact6.frd
INFO: 16 nodes
INFO: 2 cells
WARNING: No time increments!

==================================================
INFO: Parsing examples/ccx_2.16.test/contact7.frd
INFO: 16 nodes
INFO: 2 cells
WARNING: No time increments!

==================================================
INFO: Parsing examples/ccx_2.16.test/contact7.frd
INFO: 16 nodes
INFO: 2 cells
WARNING: No time increments!

==================================================
INFO: Parsing examples/ccx_2.16.test/contact8.frd
INFO: 16 nodes
INFO: 2 cells
WARNING: No time increments!

==================================================
INFO: Parsing examples/ccx_2.16.test/contact8.frd
INFO: 16 nodes
INFO: 2 cells
WARNING: No time increments!

==================================================
INFO: Parsing examples/ccx_2.16.test/contact9.frd
INFO: 16 nodes
INFO: 2 cells
WARNING: No time increments!

==================================================
INFO: Parsing examples/ccx_2.16.test/contact9.frd
INFO: 16 nodes
INFO: 2 cells
WARNING: No time increments!

==================================================
INFO: Parsing examples/ccx_2.16.test/contactenergy.frd
INFO: 16 nodes
INFO: 2 cells
WARNING: No time increments!

==================================================
INFO: Parsing examples/ccx_2.16.test/contactenergy.frd
INFO: 16 nodes
INFO: 2 cells
WARNING: No time increments!

==================================================
INFO: Parsing examples/ccx_2.16.test/contdamp1.frd
INFO: 18 nodes
INFO: 3 cells
WARNING: No time increments!

==================================================
INFO: Parsing examples/ccx_2.16.test/contdamp1.frd
INFO: 18 nodes
INFO: 3 cells
WARNING: No time increments!

==================================================
INFO: Parsing examples/ccx_2.16.test/contdamp2.frd
INFO: 18 nodes
INFO: 3 cells
WARNING: No time increments!

==================================================
INFO: Parsing examples/ccx_2.16.test/contdamp2.frd
INFO: 18 nodes
INFO: 3 cells
WARNING: No time increments!

==================================================
INFO: Parsing examples/ccx_2.16.test/cou.frd
INFO: 242 nodes
INFO: 100 cells
WARNING: No time increments!

==================================================
INFO: Parsing examples/ccx_2.16.test/cou.frd
INFO: 242 nodes
INFO: 100 cells
WARNING: No time increments!

==================================================
INFO: Parsing examples/ccx_2.16.test/cou2d.frd
INFO: 242 nodes
INFO: 100 cells
WARNING: No time increments!

==================================================
INFO: Parsing examples/ccx_2.16.test/cou2d.frd
INFO: 242 nodes
INFO: 100 cells
WARNING: No time increments!

==================================================
INFO: Parsing examples/ccx_2.16.test/coucss.frd
INFO: 242 nodes
INFO: 100 cells
WARNING: No time increments!

==================================================
INFO: Parsing examples/ccx_2.16.test/coucss.frd
INFO: 242 nodes
INFO: 100 cells
WARNING: No time increments!

==================================================
INFO: Parsing examples/ccx_2.16.test/couctr.frd
INFO: 242 nodes
INFO: 100 cells
WARNING: No time increments!

==================================================
INFO: Parsing examples/ccx_2.16.test/couctr.frd
INFO: 242 nodes
INFO: 100 cells
WARNING: No time increments!

==================================================
INFO: Parsing examples/ccx_2.16.test/couette1.frd
INFO: 84 nodes
INFO: 20 cells
WARNING: No time increments!

==================================================
INFO: Parsing examples/ccx_2.16.test/couette1.frd
INFO: 84 nodes
INFO: 20 cells
WARNING: No time increments!

==================================================
INFO: Parsing examples/ccx_2.16.test/couette2.frd
INFO: 84 nodes
INFO: 20 cells
WARNING: No time increments!

==================================================
INFO: Parsing examples/ccx_2.16.test/couette2.frd
INFO: 84 nodes
INFO: 20 cells
WARNING: No time increments!

==================================================
INFO: Parsing examples/ccx_2.16.test/couettecyl.frd
INFO: 320 nodes
INFO: 128 cells
WARNING: No time increments!

==================================================
INFO: Parsing examples/ccx_2.16.test/couettecyl.frd
INFO: 320 nodes
INFO: 128 cells
WARNING: No time increments!

==================================================
INFO: Parsing examples/ccx_2.16.test/couettecyl4.frd
WARNING: File is empty!

==================================================
INFO: Parsing examples/ccx_2.16.test/couettecyl4.frd
WARNING: File is empty!

==================================================
INFO: Parsing examples/ccx_2.16.test/couettecylcent.frd
INFO: 320 nodes
INFO: 128 cells
WARNING: No time increments!

==================================================
INFO: Parsing examples/ccx_2.16.test/couettecylcent.frd
INFO: 320 nodes
INFO: 128 cells
WARNING: No time increments!

==================================================
INFO: Parsing examples/ccx_2.16.test/couettecylcomp.frd
INFO: 320 nodes
INFO: 128 cells
INFO: Step 1, time 16.0, V3DF, 3 components, 320 values
INFO: Step 1, time 16.0, PS3DF, 1 components, 320 values
INFO: Step 1, time 16.0, TS3DF, 1 components, 320 values
INFO: 1 time increment
INFO: Writing examples/ccx_2.16.test/couettecylcomp.vtk
INFO: Step 1, time 16.0, V3DF, 3 components, 320 values
INFO: Step 1, time 16.0, PS3DF, 1 components, 320 values
INFO: Step 1, time 16.0, TS3DF, 1 components, 320 values

==================================================
INFO: Parsing examples/ccx_2.16.test/couettecylcomp.frd
INFO: 320 nodes
INFO: 128 cells
INFO: Step 1, time 16.0, V3DF, 3 components, 320 values
INFO: Step 1, time 16.0, PS3DF, 1 components, 320 values
INFO: Step 1, time 16.0, TS3DF, 1 components, 320 values
INFO: 1 time increment
INFO: Writing examples/ccx_2.16.test/couettecylcomp.vtu
INFO: Step 1, time 16.0, V3DF, 3 components, 320 values
INFO: Step 1, time 16.0, PS3DF, 1 components, 320 values
INFO: Step 1, time 16.0, TS3DF, 1 components, 320 values

==================================================
INFO: Parsing examples/ccx_2.16.test/coupling1.frd
INFO: 261 nodes
INFO: 32 cells
WARNING: No time increments!

==================================================
INFO: Parsing examples/ccx_2.16.test/coupling1.frd
INFO: 261 nodes
INFO: 32 cells
WARNING: No time increments!

==================================================
INFO: Parsing examples/ccx_2.16.test/coupling2.frd
INFO: 261 nodes
INFO: 32 cells
WARNING: No time increments!

==================================================
INFO: Parsing examples/ccx_2.16.test/coupling2.frd
INFO: 261 nodes
INFO: 32 cells
WARNING: No time increments!

==================================================
INFO: Parsing examples/ccx_2.16.test/coupling3.frd
INFO: 261 nodes
INFO: 32 cells
WARNING: No time increments!

==================================================
INFO: Parsing examples/ccx_2.16.test/coupling3.frd
INFO: 261 nodes
INFO: 32 cells
WARNING: No time increments!

==================================================
INFO: Parsing examples/ccx_2.16.test/coupling4.frd
INFO: 261 nodes
INFO: 32 cells
WARNING: No time increments!

==================================================
INFO: Parsing examples/ccx_2.16.test/coupling4.frd
INFO: 261 nodes
INFO: 32 cells
WARNING: No time increments!

==================================================
INFO: Parsing examples/ccx_2.16.test/coupling5.frd
INFO: 261 nodes
INFO: 32 cells
WARNING: No time increments!

==================================================
INFO: Parsing examples/ccx_2.16.test/coupling5.frd
INFO: 261 nodes
INFO: 32 cells
WARNING: No time increments!

==================================================
INFO: Parsing examples/ccx_2.16.test/coupling6.frd
INFO: 261 nodes
INFO: 32 cells
WARNING: No time increments!

==================================================
INFO: Parsing examples/ccx_2.16.test/coupling6.frd
INFO: 261 nodes
INFO: 32 cells
WARNING: No time increments!

==================================================
INFO: Parsing examples/ccx_2.16.test/coupling7.frd
INFO: 261 nodes
INFO: 32 cells
WARNING: No time increments!

==================================================
INFO: Parsing examples/ccx_2.16.test/coupling7.frd
INFO: 261 nodes
INFO: 32 cells
WARNING: No time increments!

==================================================
INFO: Parsing examples/ccx_2.16.test/cube2.frd
INFO: 40 nodes
INFO: 2 cells
WARNING: No time increments!

==================================================
INFO: Parsing examples/ccx_2.16.test/cube2.frd
INFO: 40 nodes
INFO: 2 cells
WARNING: No time increments!

==================================================
INFO: Parsing examples/ccx_2.16.test/cubef2f1.frd
INFO: 2960 nodes
INFO: 632 cells
INFO: Step 1, time 1.0, CONTACT, 6 components, 2960 values
INFO: 1 time increment
INFO: Writing examples/ccx_2.16.test/cubef2f1.vtk
INFO: Step 1, time 1.0, CONTACT, 6 components, 2960 values

==================================================
INFO: Parsing examples/ccx_2.16.test/cubef2f1.frd
INFO: 2960 nodes
INFO: 632 cells
INFO: Step 1, time 1.0, CONTACT, 6 components, 2960 values
INFO: 1 time increment
INFO: Writing examples/ccx_2.16.test/cubef2f1.vtu
INFO: Step 1, time 1.0, CONTACT, 6 components, 2960 values

==================================================
INFO: Parsing examples/ccx_2.16.test/cubef2f2.frd
INFO: 2960 nodes
INFO: 632 cells
INFO: Step 1, time 1.0, CONTACT, 6 components, 2960 values
INFO: 1 time increment
INFO: Writing examples/ccx_2.16.test/cubef2f2.vtk
INFO: Step 1, time 1.0, CONTACT, 6 components, 2960 values

==================================================
INFO: Parsing examples/ccx_2.16.test/cubef2f2.frd
INFO: 2960 nodes
INFO: 632 cells
INFO: Step 1, time 1.0, CONTACT, 6 components, 2960 values
INFO: 1 time increment
INFO: Writing examples/ccx_2.16.test/cubef2f2.vtu
INFO: Step 1, time 1.0, CONTACT, 6 components, 2960 values

==================================================
INFO: Parsing examples/ccx_2.16.test/cubef2f3.frd
INFO: 2960 nodes
INFO: 632 cells
INFO: Step 1, time 1.0, S, 10 components, 2960 values
INFO: 1 time increment
INFO: Writing examples/ccx_2.16.test/cubef2f3.vtk
INFO: Step 1, time 1.0, S, 10 components, 2960 values

==================================================
INFO: Parsing examples/ccx_2.16.test/cubef2f3.frd
INFO: 2960 nodes
INFO: 632 cells
INFO: Step 1, time 1.0, S, 10 components, 2960 values
INFO: 1 time increment
INFO: Writing examples/ccx_2.16.test/cubef2f3.vtu
INFO: Step 1, time 1.0, S, 10 components, 2960 values

==================================================
INFO: Parsing examples/ccx_2.16.test/cubenewt.frd
INFO: 40 nodes
INFO: 2 cells
WARNING: No time increments!

==================================================
INFO: Parsing examples/ccx_2.16.test/cubenewt.frd
INFO: 40 nodes
INFO: 2 cells
WARNING: No time increments!

==================================================
INFO: Parsing examples/ccx_2.16.test/cubespring.frd
INFO: 128 nodes
INFO: 54 cells
INFO: Step 1, time 1.0, U, 3 components, 128 values
INFO: Step 1, time 1.0, S, 10 components, 128 values
INFO: Step 1, time 1.0, CONTACT, 6 components, 16 values
INFO: 1 time increment
INFO: Writing examples/ccx_2.16.test/cubespring.vtk
INFO: Step 1, time 1.0, U, 3 components, 128 values
INFO: Step 1, time 1.0, S, 10 components, 128 values
INFO: Step 1, time 1.0, CONTACT, 6 components, 128 values

==================================================
INFO: Parsing examples/ccx_2.16.test/cubespring.frd
INFO: 128 nodes
INFO: 54 cells
INFO: Step 1, time 1.0, U, 3 components, 128 values
INFO: Step 1, time 1.0, S, 10 components, 128 values
INFO: Step 1, time 1.0, CONTACT, 6 components, 16 values
INFO: 1 time increment
INFO: Writing examples/ccx_2.16.test/cubespring.vtu
INFO: Step 1, time 1.0, U, 3 components, 128 values
INFO: Step 1, time 1.0, S, 10 components, 128 values
INFO: Step 1, time 1.0, CONTACT, 6 components, 128 values

==================================================
INFO: Parsing examples/ccx_2.16.test/cyl.frd
INFO: 1200 nodes
INFO: 160 cells
INFO: Step 1, time 1.0, U, 3 components, 1200 values
INFO: 1 time increment
INFO: Writing examples/ccx_2.16.test/cyl.vtk
INFO: Step 1, time 1.0, U, 3 components, 1200 values

==================================================
INFO: Parsing examples/ccx_2.16.test/cyl.frd
INFO: 1200 nodes
INFO: 160 cells
INFO: Step 1, time 1.0, U, 3 components, 1200 values
INFO: 1 time increment
INFO: Writing examples/ccx_2.16.test/cyl.vtu
INFO: Step 1, time 1.0, U, 3 components, 1200 values

==================================================
INFO: Parsing examples/ccx_2.16.test/dam.frd
INFO: 1045 nodes
INFO: 320 cells
WARNING: No time increments!

==================================================
INFO: Parsing examples/ccx_2.16.test/dam.frd
INFO: 1045 nodes
INFO: 320 cells
WARNING: No time increments!

==================================================
INFO: Parsing examples/ccx_2.16.test/dashpot1.frd
INFO: 10 nodes
INFO: 3 cells
WARNING: No time increments!

==================================================
INFO: Parsing examples/ccx_2.16.test/dashpot1.frd
INFO: 10 nodes
INFO: 3 cells
WARNING: No time increments!

==================================================
INFO: Parsing examples/ccx_2.16.test/dashpot2.frd
INFO: 10 nodes
INFO: 3 cells
WARNING: No time increments!

==================================================
INFO: Parsing examples/ccx_2.16.test/dashpot2.frd
INFO: 10 nodes
INFO: 3 cells
WARNING: No time increments!

==================================================
INFO: Parsing examples/ccx_2.16.test/dashpot3.frd
INFO: 10 nodes
INFO: 3 cells
WARNING: No time increments!

==================================================
INFO: Parsing examples/ccx_2.16.test/dashpot3.frd
INFO: 10 nodes
INFO: 3 cells
WARNING: No time increments!

==================================================
INFO: Parsing examples/ccx_2.16.test/dashpot5.frd
INFO: 10 nodes
INFO: 3 cells
WARNING: No time increments!

==================================================
INFO: Parsing examples/ccx_2.16.test/dashpot5.frd
INFO: 10 nodes
INFO: 3 cells
WARNING: No time increments!

==================================================
INFO: Parsing examples/ccx_2.16.test/dashpot6.frd
INFO: 10 nodes
INFO: 2 cells
WARNING: No time increments!

==================================================
INFO: Parsing examples/ccx_2.16.test/dashpot6.frd
INFO: 10 nodes
INFO: 2 cells
WARNING: No time increments!

==================================================
INFO: Parsing examples/ccx_2.16.test/disk2.frd
INFO: 102 nodes
INFO: 8 cells
WARNING: No time increments!

==================================================
INFO: Parsing examples/ccx_2.16.test/disk2.frd
INFO: 102 nodes
INFO: 8 cells
WARNING: No time increments!

==================================================
INFO: Parsing examples/ccx_2.16.test/dist.frd
INFO: 261 nodes
INFO: 32 cells
WARNING: No time increments!

==================================================
INFO: Parsing examples/ccx_2.16.test/dist.frd
INFO: 261 nodes
INFO: 32 cells
WARNING: No time increments!

==================================================
INFO: Parsing examples/ccx_2.16.test/distcoup.frd
INFO: 261 nodes
INFO: 32 cells
WARNING: No time increments!

==================================================
INFO: Parsing examples/ccx_2.16.test/distcoup.frd
INFO: 261 nodes
INFO: 32 cells
WARNING: No time increments!

==================================================
INFO: Parsing examples/ccx_2.16.test/distcoup2.frd
INFO: 261 nodes
INFO: 32 cells
WARNING: No time increments!

==================================================
INFO: Parsing examples/ccx_2.16.test/distcoup2.frd
INFO: 261 nodes
INFO: 32 cells
WARNING: No time increments!

==================================================
INFO: Parsing examples/ccx_2.16.test/dloadlin20f.frd
INFO: 188 nodes
INFO: 15 cells
WARNING: No time increments!

==================================================
INFO: Parsing examples/ccx_2.16.test/dloadlin20f.frd
INFO: 188 nodes
INFO: 15 cells
WARNING: No time increments!

==================================================
INFO: Parsing examples/ccx_2.16.test/dloadlinI.frd
INFO: 64 nodes
INFO: 15 cells
WARNING: No time increments!

==================================================
INFO: Parsing examples/ccx_2.16.test/dloadlinI.frd
INFO: 64 nodes
INFO: 15 cells
WARNING: No time increments!

==================================================
INFO: Parsing examples/ccx_2.16.test/dloadlinIf.frd
INFO: 64 nodes
INFO: 15 cells
WARNING: No time increments!

==================================================
INFO: Parsing examples/ccx_2.16.test/dloadlinIf.frd
INFO: 64 nodes
INFO: 15 cells
WARNING: No time increments!

==================================================
INFO: Parsing examples/ccx_2.16.test/dyncube.frd
INFO: 8 nodes
INFO: 1 cells
INFO: Step 1, time 1.0, U, 3 components, 8 values
INFO: Step 1, time 1.0, VELO, 3 components, 8 values
INFO: Step 2, time 2.0, U, 3 components, 8 values
INFO: Step 2, time 2.0, VELO, 3 components, 8 values
INFO: Step 3, time 3.0, U, 3 components, 8 values
INFO: Step 3, time 3.0, VELO, 3 components, 8 values
INFO: 3 time increments
INFO: Writing examples/ccx_2.16.test/dyncube.1.vtk
INFO: Step 1, time 1.0, U, 3 components, 8 values
INFO: Step 1, time 1.0, VELO, 3 components, 8 values
INFO: Writing examples/ccx_2.16.test/dyncube.2.vtk
INFO: Step 2, time 2.0, U, 3 components, 8 values
INFO: Step 2, time 2.0, VELO, 3 components, 8 values
INFO: Writing examples/ccx_2.16.test/dyncube.3.vtk
INFO: Step 3, time 3.0, U, 3 components, 8 values
INFO: Step 3, time 3.0, VELO, 3 components, 8 values

==================================================
INFO: Parsing examples/ccx_2.16.test/dyncube.frd
INFO: 8 nodes
INFO: 1 cells
INFO: Step 1, time 1.0, U, 3 components, 8 values
INFO: Step 1, time 1.0, VELO, 3 components, 8 values
INFO: Step 2, time 2.0, U, 3 components, 8 values
INFO: Step 2, time 2.0, VELO, 3 components, 8 values
INFO: Step 3, time 3.0, U, 3 components, 8 values
INFO: Step 3, time 3.0, VELO, 3 components, 8 values
INFO: 3 time increments
INFO: Writing examples/ccx_2.16.test/dyncube.1.vtu
INFO: Step 1, time 1.0, U, 3 components, 8 values
INFO: Step 1, time 1.0, VELO, 3 components, 8 values
INFO: Writing examples/ccx_2.16.test/dyncube.2.vtu
INFO: Step 2, time 2.0, U, 3 components, 8 values
INFO: Step 2, time 2.0, VELO, 3 components, 8 values
INFO: Writing examples/ccx_2.16.test/dyncube.3.vtu
INFO: Step 3, time 3.0, U, 3 components, 8 values
INFO: Step 3, time 3.0, VELO, 3 components, 8 values

==================================================
INFO: Parsing examples/ccx_2.16.test/dyncubeexp.frd
INFO: 8 nodes
INFO: 1 cells
INFO: Step 1, time 1.0, U, 3 components, 8 values
INFO: Step 1, time 1.0, VELO, 3 components, 8 values
INFO: 1 time increment
INFO: Writing examples/ccx_2.16.test/dyncubeexp.vtk
INFO: Step 1, time 1.0, U, 3 components, 8 values
INFO: Step 1, time 1.0, VELO, 3 components, 8 values

==================================================
INFO: Parsing examples/ccx_2.16.test/dyncubeexp.frd
INFO: 8 nodes
INFO: 1 cells
INFO: Step 1, time 1.0, U, 3 components, 8 values
INFO: Step 1, time 1.0, VELO, 3 components, 8 values
INFO: 1 time increment
INFO: Writing examples/ccx_2.16.test/dyncubeexp.vtu
INFO: Step 1, time 1.0, U, 3 components, 8 values
INFO: Step 1, time 1.0, VELO, 3 components, 8 values

==================================================
INFO: Parsing examples/ccx_2.16.test/edgeload.frd
INFO: 1740 nodes
INFO: 233 cells
WARNING: No time increments!

==================================================
INFO: Parsing examples/ccx_2.16.test/edgeload.frd
INFO: 1740 nodes
INFO: 233 cells
WARNING: No time increments!

==================================================
INFO: Parsing examples/ccx_2.16.test/equrem1.frd
INFO: 16 nodes
INFO: 2 cells
WARNING: No time increments!

==================================================
INFO: Parsing examples/ccx_2.16.test/equrem1.frd
INFO: 16 nodes
INFO: 2 cells
WARNING: No time increments!

==================================================
INFO: Parsing examples/ccx_2.16.test/equrem2.frd
INFO: 16 nodes
INFO: 2 cells
WARNING: No time increments!

==================================================
INFO: Parsing examples/ccx_2.16.test/equrem2.frd
INFO: 16 nodes
INFO: 2 cells
WARNING: No time increments!

==================================================
INFO: Parsing examples/ccx_2.16.test/equrem3.frd
INFO: 16 nodes
INFO: 2 cells
WARNING: No time increments!

==================================================
INFO: Parsing examples/ccx_2.16.test/equrem3.frd
INFO: 16 nodes
INFO: 2 cells
WARNING: No time increments!

==================================================
INFO: Parsing examples/ccx_2.16.test/equrem4.frd
INFO: 416 nodes
INFO: 34 cells
INFO: Step 1, time 1.0, U, 3 components, 416 values
INFO: Step 1, time 1.0, ENER, 1 components, 416 values
INFO: Step 2, time 1.0, U, 3 components, 416 values
INFO: 2 time increments
INFO: Writing examples/ccx_2.16.test/equrem4.1.vtk
INFO: Step 1, time 1.0, U, 3 components, 416 values
INFO: Step 1, time 1.0, ENER, 1 components, 416 values
INFO: Writing examples/ccx_2.16.test/equrem4.2.vtk
INFO: Step 2, time 1.0, U, 3 components, 416 values

==================================================
INFO: Parsing examples/ccx_2.16.test/equrem4.frd
INFO: 416 nodes
INFO: 34 cells
INFO: Step 1, time 1.0, U, 3 components, 416 values
INFO: Step 1, time 1.0, ENER, 1 components, 416 values
INFO: Step 2, time 1.0, U, 3 components, 416 values
INFO: 2 time increments
INFO: Writing examples/ccx_2.16.test/equrem4.1.vtu
INFO: Step 1, time 1.0, U, 3 components, 416 values
INFO: Step 1, time 1.0, ENER, 1 components, 416 values
INFO: Writing examples/ccx_2.16.test/equrem4.2.vtu
INFO: Step 2, time 1.0, U, 3 components, 416 values

==================================================
INFO: Parsing examples/ccx_2.16.test/fluidwrite.frd
INFO: 286 nodes
INFO: 120 cells
INFO: Step 1, time 1.00e-02, V3DF, 3 components, 286 values
INFO: Step 1, time 1.00e-02, PS3DF, 1 components, 286 values
INFO: Step 1, time 1.00e-02, TS3DF, 1 components, 286 values
INFO: Step 2, time 2.00e-02, V3DF, 3 components, 286 values
INFO: Step 2, time 2.00e-02, PS3DF, 1 components, 286 values
INFO: Step 2, time 2.00e-02, TS3DF, 1 components, 286 values
INFO: 2 time increments
INFO: Writing examples/ccx_2.16.test/fluidwrite.1.vtk
INFO: Step 1, time 1.00e-02, V3DF, 3 components, 286 values
INFO: Step 1, time 1.00e-02, PS3DF, 1 components, 286 values
INFO: Step 1, time 1.00e-02, TS3DF, 1 components, 286 values
INFO: Writing examples/ccx_2.16.test/fluidwrite.2.vtk
INFO: Step 2, time 2.00e-02, V3DF, 3 components, 286 values
INFO: Step 2, time 2.00e-02, PS3DF, 1 components, 286 values
INFO: Step 2, time 2.00e-02, TS3DF, 1 components, 286 values

==================================================
INFO: Parsing examples/ccx_2.16.test/fluidwrite.frd
INFO: 286 nodes
INFO: 120 cells
INFO: Step 1, time 1.00e-02, V3DF, 3 components, 286 values
INFO: Step 1, time 1.00e-02, PS3DF, 1 components, 286 values
INFO: Step 1, time 1.00e-02, TS3DF, 1 components, 286 values
INFO: Step 2, time 2.00e-02, V3DF, 3 components, 286 values
INFO: Step 2, time 2.00e-02, PS3DF, 1 components, 286 values
INFO: Step 2, time 2.00e-02, TS3DF, 1 components, 286 values
INFO: 2 time increments
INFO: Writing examples/ccx_2.16.test/fluidwrite.1.vtu
INFO: Step 1, time 1.00e-02, V3DF, 3 components, 286 values
INFO: Step 1, time 1.00e-02, PS3DF, 1 components, 286 values
INFO: Step 1, time 1.00e-02, TS3DF, 1 components, 286 values
INFO: Writing examples/ccx_2.16.test/fluidwrite.2.vtu
INFO: Step 2, time 2.00e-02, V3DF, 3 components, 286 values
INFO: Step 2, time 2.00e-02, PS3DF, 1 components, 286 values
INFO: Step 2, time 2.00e-02, TS3DF, 1 components, 286 values

==================================================
INFO: Parsing examples/ccx_2.16.test/fricloop.frd
INFO: 16 nodes
INFO: 2 cells
INFO: Step 1, time 1.00e-01, U, 3 components, 16 values
INFO: Step 1, time 1.00e-01, S, 10 components, 16 values
INFO: Step 1, time 1.00e-01, CONTACT, 6 components, 16 values
INFO: Step 2, time 2.00e-01, U, 3 components, 16 values
INFO: Step 2, time 2.00e-01, S, 10 components, 16 values
INFO: Step 2, time 2.00e-01, CONTACT, 6 components, 16 values
INFO: Step 3, time 3.50e-01, U, 3 components, 16 values
INFO: Step 3, time 3.50e-01, S, 10 components, 16 values
INFO: Step 3, time 3.50e-01, CONTACT, 6 components, 16 values
INFO: Step 4, time 5.75e-01, U, 3 components, 16 values
INFO: Step 4, time 5.75e-01, S, 10 components, 16 values
INFO: Step 4, time 5.75e-01, CONTACT, 6 components, 16 values
INFO: Step 5, time 9.12e-01, U, 3 components, 16 values
INFO: Step 5, time 9.12e-01, S, 10 components, 16 values
INFO: Step 5, time 9.12e-01, CONTACT, 6 components, 16 values
INFO: Step 6, time 1.0, U, 3 components, 16 values
INFO: Step 6, time 1.0, S, 10 components, 16 values
INFO: Step 6, time 1.0, CONTACT, 6 components, 16 values
INFO: Step 7, time 1.0, U, 3 components, 16 values
INFO: Step 7, time 1.0, S, 10 components, 16 values
INFO: Step 7, time 1.0, CONTACT, 6 components, 16 values
INFO: Step 8, time 1.0, U, 3 components, 16 values
INFO: Step 8, time 1.0, S, 10 components, 16 values
INFO: Step 8, time 1.0, CONTACT, 6 components, 16 values
INFO: Step 9, time 1.0, U, 3 components, 16 values
INFO: Step 9, time 1.0, S, 10 components, 16 values
INFO: Step 9, time 1.0, CONTACT, 6 components, 16 values
INFO: Step 10, time 1.1, U, 3 components, 16 values
INFO: Step 10, time 1.1, S, 10 components, 16 values
INFO: Step 10, time 1.1, CONTACT, 6 components, 16 values
INFO: Step 11, time 1.1, U, 3 components, 16 values
INFO: Step 11, time 1.1, S, 10 components, 16 values
INFO: Step 11, time 1.1, CONTACT, 6 components, 16 values
INFO: Step 12, time 1.1, U, 3 components, 16 values
INFO: Step 12, time 1.1, S, 10 components, 16 values
INFO: Step 12, time 1.1, CONTACT, 6 components, 16 values
INFO: Step 13, time 1.2, U, 3 components, 16 values
INFO: Step 13, time 1.2, S, 10 components, 16 values
INFO: Step 13, time 1.2, CONTACT, 6 components, 16 values
INFO: Step 14, time 1.3, U, 3 components, 16 values
INFO: Step 14, time 1.3, S, 10 components, 16 values
INFO: Step 14, time 1.3, CONTACT, 6 components, 16 values
INFO: Step 15, time 1.5, U, 3 components, 16 values
INFO: Step 15, time 1.5, S, 10 components, 16 values
INFO: Step 15, time 1.5, CONTACT, 6 components, 16 values
INFO: Step 16, time 1.8, U, 3 components, 16 values
INFO: Step 16, time 1.8, S, 10 components, 16 values
INFO: Step 16, time 1.8, CONTACT, 6 components, 16 values
INFO: Step 17, time 2.0, U, 3 components, 16 values
INFO: Step 17, time 2.0, S, 10 components, 16 values
INFO: Step 17, time 2.0, CONTACT, 6 components, 16 values
INFO: Step 18, time 2.0, U, 3 components, 16 values
INFO: Step 18, time 2.0, S, 10 components, 16 values
INFO: Step 18, time 2.0, CONTACT, 6 components, 16 values
INFO: Step 19, time 2.0, U, 3 components, 16 values
INFO: Step 19, time 2.0, S, 10 components, 16 values
INFO: Step 19, time 2.0, CONTACT, 6 components, 16 values
INFO: Step 20, time 2.1, U, 3 components, 16 values
INFO: Step 20, time 2.1, S, 10 components, 16 values
INFO: Step 20, time 2.1, CONTACT, 6 components, 16 values
INFO: Step 21, time 2.1, U, 3 components, 16 values
INFO: Step 21, time 2.1, S, 10 components, 16 values
INFO: Step 21, time 2.1, CONTACT, 6 components, 16 values
INFO: Step 22, time 2.2, U, 3 components, 16 values
INFO: Step 22, time 2.2, S, 10 components, 16 values
INFO: Step 22, time 2.2, CONTACT, 6 components, 16 values
INFO: Step 23, time 2.3, U, 3 components, 16 values
INFO: Step 23, time 2.3, S, 10 components, 16 values
INFO: Step 23, time 2.3, CONTACT, 6 components, 16 values
INFO: Step 24, time 2.4, U, 3 components, 16 values
INFO: Step 24, time 2.4, S, 10 components, 16 values
INFO: Step 24, time 2.4, CONTACT, 6 components, 16 values
INFO: Step 25, time 2.7, U, 3 components, 16 values
INFO: Step 25, time 2.7, S, 10 components, 16 values
INFO: Step 25, time 2.7, CONTACT, 6 components, 16 values
INFO: Step 26, time 3.0, U, 3 components, 16 values
INFO: Step 26, time 3.0, S, 10 components, 16 values
INFO: Step 26, time 3.0, CONTACT, 6 components, 16 values
INFO: Step 27, time 3.5, U, 3 components, 16 values
INFO: Step 27, time 3.5, S, 10 components, 16 values
INFO: Step 27, time 3.5, CONTACT, 6 components, 16 values
INFO: Step 28, time 4.0, U, 3 components, 16 values
INFO: Step 28, time 4.0, S, 10 components, 16 values
INFO: Step 28, time 4.0, CONTACT, 6 components, 16 values
INFO: Step 29, time 4.0, U, 3 components, 16 values
INFO: Step 29, time 4.0, S, 10 components, 16 values
INFO: Step 29, time 4.0, CONTACT, 6 components, 16 values
INFO: Step 30, time 4.0, U, 3 components, 16 values
INFO: Step 30, time 4.0, S, 10 components, 16 values
INFO: Step 30, time 4.0, CONTACT, 6 components, 16 values
INFO: Step 31, time 4.0, U, 3 components, 16 values
INFO: Step 31, time 4.0, S, 10 components, 16 values
INFO: Step 31, time 4.0, CONTACT, 6 components, 16 values
INFO: Step 32, time 4.1, U, 3 components, 16 values
INFO: Step 32, time 4.1, S, 10 components, 16 values
INFO: Step 32, time 4.1, CONTACT, 6 components, 16 values
INFO: Step 33, time 4.1, U, 3 components, 16 values
INFO: Step 33, time 4.1, S, 10 components, 16 values
INFO: Step 33, time 4.1, CONTACT, 6 components, 16 values
INFO: Step 34, time 4.1, U, 3 components, 16 values
INFO: Step 34, time 4.1, S, 10 components, 16 values
INFO: Step 34, time 4.1, CONTACT, 6 components, 16 values
INFO: Step 35, time 4.2, U, 3 components, 16 values
INFO: Step 35, time 4.2, S, 10 components, 16 values
INFO: Step 35, time 4.2, CONTACT, 6 components, 16 values
INFO: Step 36, time 4.3, U, 3 components, 16 values
INFO: Step 36, time 4.3, S, 10 components, 16 values
INFO: Step 36, time 4.3, CONTACT, 6 components, 16 values
INFO: Step 37, time 4.5, U, 3 components, 16 values
INFO: Step 37, time 4.5, S, 10 components, 16 values
INFO: Step 37, time 4.5, CONTACT, 6 components, 16 values
INFO: Step 38, time 4.8, U, 3 components, 16 values
INFO: Step 38, time 4.8, S, 10 components, 16 values
INFO: Step 38, time 4.8, CONTACT, 6 components, 16 values
INFO: Step 39, time 5.0, U, 3 components, 16 values
INFO: Step 39, time 5.0, S, 10 components, 16 values
INFO: Step 39, time 5.0, CONTACT, 6 components, 16 values
INFO: 39 time increments
INFO: Writing examples/ccx_2.16.test/fricloop.01.vtk
INFO: Step 1, time 1.00e-01, U, 3 components, 16 values
INFO: Step 1, time 1.00e-01, S, 10 components, 16 values
INFO: Step 1, time 1.00e-01, CONTACT, 6 components, 16 values
INFO: Writing examples/ccx_2.16.test/fricloop.02.vtk
INFO: Step 2, time 2.00e-01, U, 3 components, 16 values
INFO: Step 2, time 2.00e-01, S, 10 components, 16 values
INFO: Step 2, time 2.00e-01, CONTACT, 6 components, 16 values
INFO: Writing examples/ccx_2.16.test/fricloop.03.vtk
INFO: Step 3, time 3.50e-01, U, 3 components, 16 values
INFO: Step 3, time 3.50e-01, S, 10 components, 16 values
INFO: Step 3, time 3.50e-01, CONTACT, 6 components, 16 values
INFO: Writing examples/ccx_2.16.test/fricloop.04.vtk
INFO: Step 4, time 5.75e-01, U, 3 components, 16 values
INFO: Step 4, time 5.75e-01, S, 10 components, 16 values
INFO: Step 4, time 5.75e-01, CONTACT, 6 components, 16 values
INFO: Writing examples/ccx_2.16.test/fricloop.05.vtk
INFO: Step 5, time 9.12e-01, U, 3 components, 16 values
INFO: Step 5, time 9.12e-01, S, 10 components, 16 values
INFO: Step 5, time 9.12e-01, CONTACT, 6 components, 16 values
INFO: Writing examples/ccx_2.16.test/fricloop.06.vtk
INFO: Step 6, time 1.0, U, 3 components, 16 values
INFO: Step 6, time 1.0, S, 10 components, 16 values
INFO: Step 6, time 1.0, CONTACT, 6 components, 16 values
INFO: Writing examples/ccx_2.16.test/fricloop.07.vtk
INFO: Step 7, time 1.0, U, 3 components, 16 values
INFO: Step 7, time 1.0, S, 10 components, 16 values
INFO: Step 7, time 1.0, CONTACT, 6 components, 16 values
INFO: Writing examples/ccx_2.16.test/fricloop.08.vtk
INFO: Step 8, time 1.0, U, 3 components, 16 values
INFO: Step 8, time 1.0, S, 10 components, 16 values
INFO: Step 8, time 1.0, CONTACT, 6 components, 16 values
INFO: Writing examples/ccx_2.16.test/fricloop.09.vtk
INFO: Step 9, time 1.0, U, 3 components, 16 values
INFO: Step 9, time 1.0, S, 10 components, 16 values
INFO: Step 9, time 1.0, CONTACT, 6 components, 16 values
INFO: Writing examples/ccx_2.16.test/fricloop.10.vtk
INFO: Step 10, time 1.1, U, 3 components, 16 values
INFO: Step 10, time 1.1, S, 10 components, 16 values
INFO: Step 10, time 1.1, CONTACT, 6 components, 16 values
INFO: Writing examples/ccx_2.16.test/fricloop.11.vtk
INFO: Step 11, time 1.1, U, 3 components, 16 values
INFO: Step 11, time 1.1, S, 10 components, 16 values
INFO: Step 11, time 1.1, CONTACT, 6 components, 16 values
INFO: Writing examples/ccx_2.16.test/fricloop.12.vtk
INFO: Step 12, time 1.1, U, 3 components, 16 values
INFO: Step 12, time 1.1, S, 10 components, 16 values
INFO: Step 12, time 1.1, CONTACT, 6 components, 16 values
INFO: Writing examples/ccx_2.16.test/fricloop.13.vtk
INFO: Step 13, time 1.2, U, 3 components, 16 values
INFO: Step 13, time 1.2, S, 10 components, 16 values
INFO: Step 13, time 1.2, CONTACT, 6 components, 16 values
INFO: Writing examples/ccx_2.16.test/fricloop.14.vtk
INFO: Step 14, time 1.3, U, 3 components, 16 values
INFO: Step 14, time 1.3, S, 10 components, 16 values
INFO: Step 14, time 1.3, CONTACT, 6 components, 16 values
INFO: Writing examples/ccx_2.16.test/fricloop.15.vtk
INFO: Step 15, time 1.5, U, 3 components, 16 values
INFO: Step 15, time 1.5, S, 10 components, 16 values
INFO: Step 15, time 1.5, CONTACT, 6 components, 16 values
INFO: Writing examples/ccx_2.16.test/fricloop.16.vtk
INFO: Step 16, time 1.8, U, 3 components, 16 values
INFO: Step 16, time 1.8, S, 10 components, 16 values
INFO: Step 16, time 1.8, CONTACT, 6 components, 16 values
INFO: Writing examples/ccx_2.16.test/fricloop.17.vtk
INFO: Step 17, time 2.0, U, 3 components, 16 values
INFO: Step 17, time 2.0, S, 10 components, 16 values
INFO: Step 17, time 2.0, CONTACT, 6 components, 16 values
INFO: Writing examples/ccx_2.16.test/fricloop.18.vtk
INFO: Step 18, time 2.0, U, 3 components, 16 values
INFO: Step 18, time 2.0, S, 10 components, 16 values
INFO: Step 18, time 2.0, CONTACT, 6 components, 16 values
INFO: Writing examples/ccx_2.16.test/fricloop.19.vtk
INFO: Step 19, time 2.0, U, 3 components, 16 values
INFO: Step 19, time 2.0, S, 10 components, 16 values
INFO: Step 19, time 2.0, CONTACT, 6 components, 16 values
INFO: Writing examples/ccx_2.16.test/fricloop.20.vtk
INFO: Step 20, time 2.1, U, 3 components, 16 values
INFO: Step 20, time 2.1, S, 10 components, 16 values
INFO: Step 20, time 2.1, CONTACT, 6 components, 16 values
INFO: Writing examples/ccx_2.16.test/fricloop.21.vtk
INFO: Step 21, time 2.1, U, 3 components, 16 values
INFO: Step 21, time 2.1, S, 10 components, 16 values
INFO: Step 21, time 2.1, CONTACT, 6 components, 16 values
INFO: Writing examples/ccx_2.16.test/fricloop.22.vtk
INFO: Step 22, time 2.2, U, 3 components, 16 values
INFO: Step 22, time 2.2, S, 10 components, 16 values
INFO: Step 22, time 2.2, CONTACT, 6 components, 16 values
INFO: Writing examples/ccx_2.16.test/fricloop.23.vtk
INFO: Step 23, time 2.3, U, 3 components, 16 values
INFO: Step 23, time 2.3, S, 10 components, 16 values
INFO: Step 23, time 2.3, CONTACT, 6 components, 16 values
INFO: Writing examples/ccx_2.16.test/fricloop.24.vtk
INFO: Step 24, time 2.4, U, 3 components, 16 values
INFO: Step 24, time 2.4, S, 10 components, 16 values
INFO: Step 24, time 2.4, CONTACT, 6 components, 16 values
INFO: Writing examples/ccx_2.16.test/fricloop.25.vtk
INFO: Step 25, time 2.7, U, 3 components, 16 values
INFO: Step 25, time 2.7, S, 10 components, 16 values
INFO: Step 25, time 2.7, CONTACT, 6 components, 16 values
INFO: Writing examples/ccx_2.16.test/fricloop.26.vtk
INFO: Step 26, time 3.0, U, 3 components, 16 values
INFO: Step 26, time 3.0, S, 10 components, 16 values
INFO: Step 26, time 3.0, CONTACT, 6 components, 16 values
INFO: Writing examples/ccx_2.16.test/fricloop.27.vtk
INFO: Step 27, time 3.5, U, 3 components, 16 values
INFO: Step 27, time 3.5, S, 10 components, 16 values
INFO: Step 27, time 3.5, CONTACT, 6 components, 16 values
INFO: Writing examples/ccx_2.16.test/fricloop.28.vtk
INFO: Step 28, time 4.0, U, 3 components, 16 values
INFO: Step 28, time 4.0, S, 10 components, 16 values
INFO: Step 28, time 4.0, CONTACT, 6 components, 16 values
INFO: Writing examples/ccx_2.16.test/fricloop.29.vtk
INFO: Step 29, time 4.0, U, 3 components, 16 values
INFO: Step 29, time 4.0, S, 10 components, 16 values
INFO: Step 29, time 4.0, CONTACT, 6 components, 16 values
INFO: Writing examples/ccx_2.16.test/fricloop.30.vtk
INFO: Step 30, time 4.0, U, 3 components, 16 values
INFO: Step 30, time 4.0, S, 10 components, 16 values
INFO: Step 30, time 4.0, CONTACT, 6 components, 16 values
INFO: Writing examples/ccx_2.16.test/fricloop.31.vtk
INFO: Step 31, time 4.0, U, 3 components, 16 values
INFO: Step 31, time 4.0, S, 10 components, 16 values
INFO: Step 31, time 4.0, CONTACT, 6 components, 16 values
INFO: Writing examples/ccx_2.16.test/fricloop.32.vtk
INFO: Step 32, time 4.1, U, 3 components, 16 values
INFO: Step 32, time 4.1, S, 10 components, 16 values
INFO: Step 32, time 4.1, CONTACT, 6 components, 16 values
INFO: Writing examples/ccx_2.16.test/fricloop.33.vtk
INFO: Step 33, time 4.1, U, 3 components, 16 values
INFO: Step 33, time 4.1, S, 10 components, 16 values
INFO: Step 33, time 4.1, CONTACT, 6 components, 16 values
INFO: Writing examples/ccx_2.16.test/fricloop.34.vtk
INFO: Step 34, time 4.1, U, 3 components, 16 values
INFO: Step 34, time 4.1, S, 10 components, 16 values
INFO: Step 34, time 4.1, CONTACT, 6 components, 16 values
INFO: Writing examples/ccx_2.16.test/fricloop.35.vtk
INFO: Step 35, time 4.2, U, 3 components, 16 values
INFO: Step 35, time 4.2, S, 10 components, 16 values
INFO: Step 35, time 4.2, CONTACT, 6 components, 16 values
INFO: Writing examples/ccx_2.16.test/fricloop.36.vtk
INFO: Step 36, time 4.3, U, 3 components, 16 values
INFO: Step 36, time 4.3, S, 10 components, 16 values
INFO: Step 36, time 4.3, CONTACT, 6 components, 16 values
INFO: Writing examples/ccx_2.16.test/fricloop.37.vtk
INFO: Step 37, time 4.5, U, 3 components, 16 values
INFO: Step 37, time 4.5, S, 10 components, 16 values
INFO: Step 37, time 4.5, CONTACT, 6 components, 16 values
INFO: Writing examples/ccx_2.16.test/fricloop.38.vtk
INFO: Step 38, time 4.8, U, 3 components, 16 values
INFO: Step 38, time 4.8, S, 10 components, 16 values
INFO: Step 38, time 4.8, CONTACT, 6 components, 16 values
INFO: Writing examples/ccx_2.16.test/fricloop.39.vtk
INFO: Step 39, time 5.0, U, 3 components, 16 values
INFO: Step 39, time 5.0, S, 10 components, 16 values
INFO: Step 39, time 5.0, CONTACT, 6 components, 16 values

==================================================
INFO: Parsing examples/ccx_2.16.test/fricloop.frd
INFO: 16 nodes
INFO: 2 cells
INFO: Step 1, time 1.00e-01, U, 3 components, 16 values
INFO: Step 1, time 1.00e-01, S, 10 components, 16 values
INFO: Step 1, time 1.00e-01, CONTACT, 6 components, 16 values
INFO: Step 2, time 2.00e-01, U, 3 components, 16 values
INFO: Step 2, time 2.00e-01, S, 10 components, 16 values
INFO: Step 2, time 2.00e-01, CONTACT, 6 components, 16 values
INFO: Step 3, time 3.50e-01, U, 3 components, 16 values
INFO: Step 3, time 3.50e-01, S, 10 components, 16 values
INFO: Step 3, time 3.50e-01, CONTACT, 6 components, 16 values
INFO: Step 4, time 5.75e-01, U, 3 components, 16 values
INFO: Step 4, time 5.75e-01, S, 10 components, 16 values
INFO: Step 4, time 5.75e-01, CONTACT, 6 components, 16 values
INFO: Step 5, time 9.12e-01, U, 3 components, 16 values
INFO: Step 5, time 9.12e-01, S, 10 components, 16 values
INFO: Step 5, time 9.12e-01, CONTACT, 6 components, 16 values
INFO: Step 6, time 1.0, U, 3 components, 16 values
INFO: Step 6, time 1.0, S, 10 components, 16 values
INFO: Step 6, time 1.0, CONTACT, 6 components, 16 values
INFO: Step 7, time 1.0, U, 3 components, 16 values
INFO: Step 7, time 1.0, S, 10 components, 16 values
INFO: Step 7, time 1.0, CONTACT, 6 components, 16 values
INFO: Step 8, time 1.0, U, 3 components, 16 values
INFO: Step 8, time 1.0, S, 10 components, 16 values
INFO: Step 8, time 1.0, CONTACT, 6 components, 16 values
INFO: Step 9, time 1.0, U, 3 components, 16 values
INFO: Step 9, time 1.0, S, 10 components, 16 values
INFO: Step 9, time 1.0, CONTACT, 6 components, 16 values
INFO: Step 10, time 1.1, U, 3 components, 16 values
INFO: Step 10, time 1.1, S, 10 components, 16 values
INFO: Step 10, time 1.1, CONTACT, 6 components, 16 values
INFO: Step 11, time 1.1, U, 3 components, 16 values
INFO: Step 11, time 1.1, S, 10 components, 16 values
INFO: Step 11, time 1.1, CONTACT, 6 components, 16 values
INFO: Step 12, time 1.1, U, 3 components, 16 values
INFO: Step 12, time 1.1, S, 10 components, 16 values
INFO: Step 12, time 1.1, CONTACT, 6 components, 16 values
INFO: Step 13, time 1.2, U, 3 components, 16 values
INFO: Step 13, time 1.2, S, 10 components, 16 values
INFO: Step 13, time 1.2, CONTACT, 6 components, 16 values
INFO: Step 14, time 1.3, U, 3 components, 16 values
INFO: Step 14, time 1.3, S, 10 components, 16 values
INFO: Step 14, time 1.3, CONTACT, 6 components, 16 values
INFO: Step 15, time 1.5, U, 3 components, 16 values
INFO: Step 15, time 1.5, S, 10 components, 16 values
INFO: Step 15, time 1.5, CONTACT, 6 components, 16 values
INFO: Step 16, time 1.8, U, 3 components, 16 values
INFO: Step 16, time 1.8, S, 10 components, 16 values
INFO: Step 16, time 1.8, CONTACT, 6 components, 16 values
INFO: Step 17, time 2.0, U, 3 components, 16 values
INFO: Step 17, time 2.0, S, 10 components, 16 values
INFO: Step 17, time 2.0, CONTACT, 6 components, 16 values
INFO: Step 18, time 2.0, U, 3 components, 16 values
INFO: Step 18, time 2.0, S, 10 components, 16 values
INFO: Step 18, time 2.0, CONTACT, 6 components, 16 values
INFO: Step 19, time 2.0, U, 3 components, 16 values
INFO: Step 19, time 2.0, S, 10 components, 16 values
INFO: Step 19, time 2.0, CONTACT, 6 components, 16 values
INFO: Step 20, time 2.1, U, 3 components, 16 values
INFO: Step 20, time 2.1, S, 10 components, 16 values
INFO: Step 20, time 2.1, CONTACT, 6 components, 16 values
INFO: Step 21, time 2.1, U, 3 components, 16 values
INFO: Step 21, time 2.1, S, 10 components, 16 values
INFO: Step 21, time 2.1, CONTACT, 6 components, 16 values
INFO: Step 22, time 2.2, U, 3 components, 16 values
INFO: Step 22, time 2.2, S, 10 components, 16 values
INFO: Step 22, time 2.2, CONTACT, 6 components, 16 values
INFO: Step 23, time 2.3, U, 3 components, 16 values
INFO: Step 23, time 2.3, S, 10 components, 16 values
INFO: Step 23, time 2.3, CONTACT, 6 components, 16 values
INFO: Step 24, time 2.4, U, 3 components, 16 values
INFO: Step 24, time 2.4, S, 10 components, 16 values
INFO: Step 24, time 2.4, CONTACT, 6 components, 16 values
INFO: Step 25, time 2.7, U, 3 components, 16 values
INFO: Step 25, time 2.7, S, 10 components, 16 values
INFO: Step 25, time 2.7, CONTACT, 6 components, 16 values
INFO: Step 26, time 3.0, U, 3 components, 16 values
INFO: Step 26, time 3.0, S, 10 components, 16 values
INFO: Step 26, time 3.0, CONTACT, 6 components, 16 values
INFO: Step 27, time 3.5, U, 3 components, 16 values
INFO: Step 27, time 3.5, S, 10 components, 16 values
INFO: Step 27, time 3.5, CONTACT, 6 components, 16 values
INFO: Step 28, time 4.0, U, 3 components, 16 values
INFO: Step 28, time 4.0, S, 10 components, 16 values
INFO: Step 28, time 4.0, CONTACT, 6 components, 16 values
INFO: Step 29, time 4.0, U, 3 components, 16 values
INFO: Step 29, time 4.0, S, 10 components, 16 values
INFO: Step 29, time 4.0, CONTACT, 6 components, 16 values
INFO: Step 30, time 4.0, U, 3 components, 16 values
INFO: Step 30, time 4.0, S, 10 components, 16 values
INFO: Step 30, time 4.0, CONTACT, 6 components, 16 values
INFO: Step 31, time 4.0, U, 3 components, 16 values
INFO: Step 31, time 4.0, S, 10 components, 16 values
INFO: Step 31, time 4.0, CONTACT, 6 components, 16 values
INFO: Step 32, time 4.1, U, 3 components, 16 values
INFO: Step 32, time 4.1, S, 10 components, 16 values
INFO: Step 32, time 4.1, CONTACT, 6 components, 16 values
INFO: Step 33, time 4.1, U, 3 components, 16 values
INFO: Step 33, time 4.1, S, 10 components, 16 values
INFO: Step 33, time 4.1, CONTACT, 6 components, 16 values
INFO: Step 34, time 4.1, U, 3 components, 16 values
INFO: Step 34, time 4.1, S, 10 components, 16 values
INFO: Step 34, time 4.1, CONTACT, 6 components, 16 values
INFO: Step 35, time 4.2, U, 3 components, 16 values
INFO: Step 35, time 4.2, S, 10 components, 16 values
INFO: Step 35, time 4.2, CONTACT, 6 components, 16 values
INFO: Step 36, time 4.3, U, 3 components, 16 values
INFO: Step 36, time 4.3, S, 10 components, 16 values
INFO: Step 36, time 4.3, CONTACT, 6 components, 16 values
INFO: Step 37, time 4.5, U, 3 components, 16 values
INFO: Step 37, time 4.5, S, 10 components, 16 values
INFO: Step 37, time 4.5, CONTACT, 6 components, 16 values
INFO: Step 38, time 4.8, U, 3 components, 16 values
INFO: Step 38, time 4.8, S, 10 components, 16 values
INFO: Step 38, time 4.8, CONTACT, 6 components, 16 values
INFO: Step 39, time 5.0, U, 3 components, 16 values
INFO: Step 39, time 5.0, S, 10 components, 16 values
INFO: Step 39, time 5.0, CONTACT, 6 components, 16 values
INFO: 39 time increments
INFO: Writing examples/ccx_2.16.test/fricloop.01.vtu
INFO: Step 1, time 1.00e-01, U, 3 components, 16 values
INFO: Step 1, time 1.00e-01, S, 10 components, 16 values
INFO: Step 1, time 1.00e-01, CONTACT, 6 components, 16 values
INFO: Writing examples/ccx_2.16.test/fricloop.02.vtu
INFO: Step 2, time 2.00e-01, U, 3 components, 16 values
INFO: Step 2, time 2.00e-01, S, 10 components, 16 values
INFO: Step 2, time 2.00e-01, CONTACT, 6 components, 16 values
INFO: Writing examples/ccx_2.16.test/fricloop.03.vtu
INFO: Step 3, time 3.50e-01, U, 3 components, 16 values
INFO: Step 3, time 3.50e-01, S, 10 components, 16 values
INFO: Step 3, time 3.50e-01, CONTACT, 6 components, 16 values
INFO: Writing examples/ccx_2.16.test/fricloop.04.vtu
INFO: Step 4, time 5.75e-01, U, 3 components, 16 values
INFO: Step 4, time 5.75e-01, S, 10 components, 16 values
INFO: Step 4, time 5.75e-01, CONTACT, 6 components, 16 values
INFO: Writing examples/ccx_2.16.test/fricloop.05.vtu
INFO: Step 5, time 9.12e-01, U, 3 components, 16 values
INFO: Step 5, time 9.12e-01, S, 10 components, 16 values
INFO: Step 5, time 9.12e-01, CONTACT, 6 components, 16 values
INFO: Writing examples/ccx_2.16.test/fricloop.06.vtu
INFO: Step 6, time 1.0, U, 3 components, 16 values
INFO: Step 6, time 1.0, S, 10 components, 16 values
INFO: Step 6, time 1.0, CONTACT, 6 components, 16 values
INFO: Writing examples/ccx_2.16.test/fricloop.07.vtu
INFO: Step 7, time 1.0, U, 3 components, 16 values
INFO: Step 7, time 1.0, S, 10 components, 16 values
INFO: Step 7, time 1.0, CONTACT, 6 components, 16 values
INFO: Writing examples/ccx_2.16.test/fricloop.08.vtu
INFO: Step 8, time 1.0, U, 3 components, 16 values
INFO: Step 8, time 1.0, S, 10 components, 16 values
INFO: Step 8, time 1.0, CONTACT, 6 components, 16 values
INFO: Writing examples/ccx_2.16.test/fricloop.09.vtu
INFO: Step 9, time 1.0, U, 3 components, 16 values
INFO: Step 9, time 1.0, S, 10 components, 16 values
INFO: Step 9, time 1.0, CONTACT, 6 components, 16 values
INFO: Writing examples/ccx_2.16.test/fricloop.10.vtu
INFO: Step 10, time 1.1, U, 3 components, 16 values
INFO: Step 10, time 1.1, S, 10 components, 16 values
INFO: Step 10, time 1.1, CONTACT, 6 components, 16 values
INFO: Writing examples/ccx_2.16.test/fricloop.11.vtu
INFO: Step 11, time 1.1, U, 3 components, 16 values
INFO: Step 11, time 1.1, S, 10 components, 16 values
INFO: Step 11, time 1.1, CONTACT, 6 components, 16 values
INFO: Writing examples/ccx_2.16.test/fricloop.12.vtu
INFO: Step 12, time 1.1, U, 3 components, 16 values
INFO: Step 12, time 1.1, S, 10 components, 16 values
INFO: Step 12, time 1.1, CONTACT, 6 components, 16 values
INFO: Writing examples/ccx_2.16.test/fricloop.13.vtu
INFO: Step 13, time 1.2, U, 3 components, 16 values
INFO: Step 13, time 1.2, S, 10 components, 16 values
INFO: Step 13, time 1.2, CONTACT, 6 components, 16 values
INFO: Writing examples/ccx_2.16.test/fricloop.14.vtu
INFO: Step 14, time 1.3, U, 3 components, 16 values
INFO: Step 14, time 1.3, S, 10 components, 16 values
INFO: Step 14, time 1.3, CONTACT, 6 components, 16 values
INFO: Writing examples/ccx_2.16.test/fricloop.15.vtu
INFO: Step 15, time 1.5, U, 3 components, 16 values
INFO: Step 15, time 1.5, S, 10 components, 16 values
INFO: Step 15, time 1.5, CONTACT, 6 components, 16 values
INFO: Writing examples/ccx_2.16.test/fricloop.16.vtu
INFO: Step 16, time 1.8, U, 3 components, 16 values
INFO: Step 16, time 1.8, S, 10 components, 16 values
INFO: Step 16, time 1.8, CONTACT, 6 components, 16 values
INFO: Writing examples/ccx_2.16.test/fricloop.17.vtu
INFO: Step 17, time 2.0, U, 3 components, 16 values
INFO: Step 17, time 2.0, S, 10 components, 16 values
INFO: Step 17, time 2.0, CONTACT, 6 components, 16 values
INFO: Writing examples/ccx_2.16.test/fricloop.18.vtu
INFO: Step 18, time 2.0, U, 3 components, 16 values
INFO: Step 18, time 2.0, S, 10 components, 16 values
INFO: Step 18, time 2.0, CONTACT, 6 components, 16 values
INFO: Writing examples/ccx_2.16.test/fricloop.19.vtu
INFO: Step 19, time 2.0, U, 3 components, 16 values
INFO: Step 19, time 2.0, S, 10 components, 16 values
INFO: Step 19, time 2.0, CONTACT, 6 components, 16 values
INFO: Writing examples/ccx_2.16.test/fricloop.20.vtu
INFO: Step 20, time 2.1, U, 3 components, 16 values
INFO: Step 20, time 2.1, S, 10 components, 16 values
INFO: Step 20, time 2.1, CONTACT, 6 components, 16 values
INFO: Writing examples/ccx_2.16.test/fricloop.21.vtu
INFO: Step 21, time 2.1, U, 3 components, 16 values
INFO: Step 21, time 2.1, S, 10 components, 16 values
INFO: Step 21, time 2.1, CONTACT, 6 components, 16 values
INFO: Writing examples/ccx_2.16.test/fricloop.22.vtu
INFO: Step 22, time 2.2, U, 3 components, 16 values
INFO: Step 22, time 2.2, S, 10 components, 16 values
INFO: Step 22, time 2.2, CONTACT, 6 components, 16 values
INFO: Writing examples/ccx_2.16.test/fricloop.23.vtu
INFO: Step 23, time 2.3, U, 3 components, 16 values
INFO: Step 23, time 2.3, S, 10 components, 16 values
INFO: Step 23, time 2.3, CONTACT, 6 components, 16 values
INFO: Writing examples/ccx_2.16.test/fricloop.24.vtu
INFO: Step 24, time 2.4, U, 3 components, 16 values
INFO: Step 24, time 2.4, S, 10 components, 16 values
INFO: Step 24, time 2.4, CONTACT, 6 components, 16 values
INFO: Writing examples/ccx_2.16.test/fricloop.25.vtu
INFO: Step 25, time 2.7, U, 3 components, 16 values
INFO: Step 25, time 2.7, S, 10 components, 16 values
INFO: Step 25, time 2.7, CONTACT, 6 components, 16 values
INFO: Writing examples/ccx_2.16.test/fricloop.26.vtu
INFO: Step 26, time 3.0, U, 3 components, 16 values
INFO: Step 26, time 3.0, S, 10 components, 16 values
INFO: Step 26, time 3.0, CONTACT, 6 components, 16 values
INFO: Writing examples/ccx_2.16.test/fricloop.27.vtu
INFO: Step 27, time 3.5, U, 3 components, 16 values
INFO: Step 27, time 3.5, S, 10 components, 16 values
INFO: Step 27, time 3.5, CONTACT, 6 components, 16 values
INFO: Writing examples/ccx_2.16.test/fricloop.28.vtu
INFO: Step 28, time 4.0, U, 3 components, 16 values
INFO: Step 28, time 4.0, S, 10 components, 16 values
INFO: Step 28, time 4.0, CONTACT, 6 components, 16 values
INFO: Writing examples/ccx_2.16.test/fricloop.29.vtu
INFO: Step 29, time 4.0, U, 3 components, 16 values
INFO: Step 29, time 4.0, S, 10 components, 16 values
INFO: Step 29, time 4.0, CONTACT, 6 components, 16 values
INFO: Writing examples/ccx_2.16.test/fricloop.30.vtu
INFO: Step 30, time 4.0, U, 3 components, 16 values
INFO: Step 30, time 4.0, S, 10 components, 16 values
INFO: Step 30, time 4.0, CONTACT, 6 components, 16 values
INFO: Writing examples/ccx_2.16.test/fricloop.31.vtu
INFO: Step 31, time 4.0, U, 3 components, 16 values
INFO: Step 31, time 4.0, S, 10 components, 16 values
INFO: Step 31, time 4.0, CONTACT, 6 components, 16 values
INFO: Writing examples/ccx_2.16.test/fricloop.32.vtu
INFO: Step 32, time 4.1, U, 3 components, 16 values
INFO: Step 32, time 4.1, S, 10 components, 16 values
INFO: Step 32, time 4.1, CONTACT, 6 components, 16 values
INFO: Writing examples/ccx_2.16.test/fricloop.33.vtu
INFO: Step 33, time 4.1, U, 3 components, 16 values
INFO: Step 33, time 4.1, S, 10 components, 16 values
INFO: Step 33, time 4.1, CONTACT, 6 components, 16 values
INFO: Writing examples/ccx_2.16.test/fricloop.34.vtu
INFO: Step 34, time 4.1, U, 3 components, 16 values
INFO: Step 34, time 4.1, S, 10 components, 16 values
INFO: Step 34, time 4.1, CONTACT, 6 components, 16 values
INFO: Writing examples/ccx_2.16.test/fricloop.35.vtu
INFO: Step 35, time 4.2, U, 3 components, 16 values
INFO: Step 35, time 4.2, S, 10 components, 16 values
INFO: Step 35, time 4.2, CONTACT, 6 components, 16 values
INFO: Writing examples/ccx_2.16.test/fricloop.36.vtu
INFO: Step 36, time 4.3, U, 3 components, 16 values
INFO: Step 36, time 4.3, S, 10 components, 16 values
INFO: Step 36, time 4.3, CONTACT, 6 components, 16 values
INFO: Writing examples/ccx_2.16.test/fricloop.37.vtu
INFO: Step 37, time 4.5, U, 3 components, 16 values
INFO: Step 37, time 4.5, S, 10 components, 16 values
INFO: Step 37, time 4.5, CONTACT, 6 components, 16 values
INFO: Writing examples/ccx_2.16.test/fricloop.38.vtu
INFO: Step 38, time 4.8, U, 3 components, 16 values
INFO: Step 38, time 4.8, S, 10 components, 16 values
INFO: Step 38, time 4.8, CONTACT, 6 components, 16 values
INFO: Writing examples/ccx_2.16.test/fricloop.39.vtu
INFO: Step 39, time 5.0, U, 3 components, 16 values
INFO: Step 39, time 5.0, S, 10 components, 16 values
INFO: Step 39, time 5.0, CONTACT, 6 components, 16 values

==================================================
INFO: Parsing examples/ccx_2.16.test/friction1.frd
INFO: 250 nodes
INFO: 128 cells
WARNING: No time increments!

==================================================
INFO: Parsing examples/ccx_2.16.test/friction1.frd
INFO: 250 nodes
INFO: 128 cells
WARNING: No time increments!

==================================================
INFO: Parsing examples/ccx_2.16.test/friction2.frd
INFO: 16 nodes
INFO: 2 cells
WARNING: No time increments!

==================================================
INFO: Parsing examples/ccx_2.16.test/friction2.frd
INFO: 16 nodes
INFO: 2 cells
WARNING: No time increments!

==================================================
INFO: Parsing examples/ccx_2.16.test/friction3.frd
INFO: 16 nodes
INFO: 2 cells
WARNING: No time increments!

==================================================
INFO: Parsing examples/ccx_2.16.test/friction3.frd
INFO: 16 nodes
INFO: 2 cells
WARNING: No time increments!

==================================================
INFO: Parsing examples/ccx_2.16.test/fullseg.frd
INFO: 1013 nodes
INFO: 160 cells
WARNING: No time increments!

==================================================
INFO: Parsing examples/ccx_2.16.test/fullseg.frd
INFO: 1013 nodes
INFO: 160 cells
WARNING: No time increments!

==================================================
INFO: Parsing examples/ccx_2.16.test/furnace.frd
INFO: 1800 nodes
INFO: 305 cells
WARNING: No time increments!

==================================================
INFO: Parsing examples/ccx_2.16.test/furnace.frd
INFO: 1800 nodes
INFO: 305 cells
WARNING: No time increments!

==================================================
INFO: Parsing examples/ccx_2.16.test/gap.frd
INFO: 522 nodes
INFO: 65 cells
WARNING: No time increments!

==================================================
INFO: Parsing examples/ccx_2.16.test/gap.frd
INFO: 522 nodes
INFO: 65 cells
WARNING: No time increments!

==================================================
INFO: Parsing examples/ccx_2.16.test/gap2.frd
INFO: 16 nodes
INFO: 6 cells
INFO: Step 1, time 1.0, U, 3 components, 16 values
INFO: Step 1, time 1.0, RF, 3 components, 16 values
INFO: 1 time increment
INFO: Writing examples/ccx_2.16.test/gap2.vtk
INFO: Step 1, time 1.0, U, 3 components, 16 values
INFO: Step 1, time 1.0, RF, 3 components, 16 values

==================================================
INFO: Parsing examples/ccx_2.16.test/gap2.frd
INFO: 16 nodes
INFO: 6 cells
INFO: Step 1, time 1.0, U, 3 components, 16 values
INFO: Step 1, time 1.0, RF, 3 components, 16 values
INFO: 1 time increment
INFO: Writing examples/ccx_2.16.test/gap2.vtu
INFO: Step 1, time 1.0, U, 3 components, 16 values
INFO: Step 1, time 1.0, RF, 3 components, 16 values

==================================================
INFO: Parsing examples/ccx_2.16.test/gaspipe-cfd-pressure.frd
INFO: 5 nodes
INFO: 3 cells
WARNING: No time increments!

==================================================
INFO: Parsing examples/ccx_2.16.test/gaspipe-cfd-pressure.frd
INFO: 5 nodes
INFO: 3 cells
WARNING: No time increments!

==================================================
INFO: Parsing examples/ccx_2.16.test/gaspipe-fanno10.frd
INFO: 23 nodes
INFO: 12 cells
WARNING: No time increments!

==================================================
INFO: Parsing examples/ccx_2.16.test/gaspipe-fanno10.frd
INFO: 23 nodes
INFO: 12 cells
WARNING: No time increments!

==================================================
INFO: Parsing examples/ccx_2.16.test/gaspipe-fanno8-oil.frd
INFO: 21 nodes
INFO: 11 cells
WARNING: No time increments!

==================================================
INFO: Parsing examples/ccx_2.16.test/gaspipe-fanno8-oil.frd
INFO: 21 nodes
INFO: 11 cells
WARNING: No time increments!

==================================================
INFO: Parsing examples/ccx_2.16.test/gaspipe-fanno9.frd
INFO: 21 nodes
INFO: 11 cells
WARNING: No time increments!

==================================================
INFO: Parsing examples/ccx_2.16.test/gaspipe-fanno9.frd
INFO: 21 nodes
INFO: 11 cells
WARNING: No time increments!

==================================================
INFO: Parsing examples/ccx_2.16.test/gaspipe1-oil.frd
INFO: 5 nodes
INFO: 3 cells
WARNING: No time increments!

==================================================
INFO: Parsing examples/ccx_2.16.test/gaspipe1-oil.frd
INFO: 5 nodes
INFO: 3 cells
WARNING: No time increments!

==================================================
INFO: Parsing examples/ccx_2.16.test/gaspipe1.frd
INFO: 5 nodes
INFO: 3 cells
WARNING: No time increments!

==================================================
INFO: Parsing examples/ccx_2.16.test/gaspipe1.frd
INFO: 5 nodes
INFO: 3 cells
WARNING: No time increments!

==================================================
INFO: Parsing examples/ccx_2.16.test/gaspipe11.frd
INFO: 5 nodes
INFO: 3 cells
WARNING: No time increments!

==================================================
INFO: Parsing examples/ccx_2.16.test/gaspipe11.frd
INFO: 5 nodes
INFO: 3 cells
WARNING: No time increments!

==================================================
INFO: Parsing examples/ccx_2.16.test/gaspipe12.frd
INFO: 5 nodes
INFO: 3 cells
WARNING: No time increments!

==================================================
INFO: Parsing examples/ccx_2.16.test/gaspipe12.frd
INFO: 5 nodes
INFO: 3 cells
WARNING: No time increments!

==================================================
INFO: Parsing examples/ccx_2.16.test/gaspipe13.frd
INFO: 5 nodes
INFO: 3 cells
WARNING: No time increments!

==================================================
INFO: Parsing examples/ccx_2.16.test/gaspipe13.frd
INFO: 5 nodes
INFO: 3 cells
WARNING: No time increments!

==================================================
INFO: Parsing examples/ccx_2.16.test/gaspipe14.frd
INFO: 5 nodes
INFO: 3 cells
WARNING: No time increments!

==================================================
INFO: Parsing examples/ccx_2.16.test/gaspipe14.frd
INFO: 5 nodes
INFO: 3 cells
WARNING: No time increments!

==================================================
INFO: Parsing examples/ccx_2.16.test/gaspipe15.frd
INFO: 5 nodes
INFO: 3 cells
WARNING: No time increments!

==================================================
INFO: Parsing examples/ccx_2.16.test/gaspipe15.frd
INFO: 5 nodes
INFO: 3 cells
WARNING: No time increments!

==================================================
INFO: Parsing examples/ccx_2.16.test/gaspipe2.frd
INFO: 5 nodes
INFO: 3 cells
WARNING: No time increments!

==================================================
INFO: Parsing examples/ccx_2.16.test/gaspipe2.frd
INFO: 5 nodes
INFO: 3 cells
WARNING: No time increments!

==================================================
INFO: Parsing examples/ccx_2.16.test/gaspipe3.frd
INFO: 5 nodes
INFO: 3 cells
WARNING: No time increments!

==================================================
INFO: Parsing examples/ccx_2.16.test/gaspipe3.frd
INFO: 5 nodes
INFO: 3 cells
WARNING: No time increments!

==================================================
INFO: Parsing examples/ccx_2.16.test/gaspipe4.frd
INFO: 5 nodes
INFO: 3 cells
WARNING: No time increments!

==================================================
INFO: Parsing examples/ccx_2.16.test/gaspipe4.frd
INFO: 5 nodes
INFO: 3 cells
WARNING: No time increments!

==================================================
INFO: Parsing examples/ccx_2.16.test/gaspipe5.frd
INFO: 5 nodes
INFO: 3 cells
WARNING: No time increments!

==================================================
INFO: Parsing examples/ccx_2.16.test/gaspipe5.frd
INFO: 5 nodes
INFO: 3 cells
WARNING: No time increments!

==================================================
INFO: Parsing examples/ccx_2.16.test/gaspipe6.frd
INFO: 5 nodes
INFO: 3 cells
WARNING: No time increments!

==================================================
INFO: Parsing examples/ccx_2.16.test/gaspipe6.frd
INFO: 5 nodes
INFO: 3 cells
WARNING: No time increments!

==================================================
INFO: Parsing examples/ccx_2.16.test/gaspipe7.frd
INFO: 5 nodes
INFO: 3 cells
WARNING: No time increments!

==================================================
INFO: Parsing examples/ccx_2.16.test/gaspipe7.frd
INFO: 5 nodes
INFO: 3 cells
WARNING: No time increments!

==================================================
INFO: Parsing examples/ccx_2.16.test/gaspipe8-cfd-massflow.frd
INFO: 19 nodes
INFO: 10 cells
WARNING: No time increments!

==================================================
INFO: Parsing examples/ccx_2.16.test/gaspipe8-cfd-massflow.frd
INFO: 19 nodes
INFO: 10 cells
WARNING: No time increments!

==================================================
INFO: Parsing examples/ccx_2.16.test/gaspipe8-cfd-pressure-split.frd
INFO: 22 nodes
INFO: 12 cells
WARNING: No time increments!

==================================================
INFO: Parsing examples/ccx_2.16.test/gaspipe8-cfd-pressure-split.frd
INFO: 22 nodes
INFO: 12 cells
WARNING: No time increments!

==================================================
INFO: Parsing examples/ccx_2.16.test/gaspipe8-cfd-pressure.frd
INFO: 19 nodes
INFO: 10 cells
WARNING: No time increments!

==================================================
INFO: Parsing examples/ccx_2.16.test/gaspipe8-cfd-pressure.frd
INFO: 19 nodes
INFO: 10 cells
WARNING: No time increments!

==================================================
INFO: Parsing examples/ccx_2.16.test/gaspipe8-oil.frd
INFO: 21 nodes
INFO: 11 cells
WARNING: No time increments!

==================================================
INFO: Parsing examples/ccx_2.16.test/gaspipe8-oil.frd
INFO: 21 nodes
INFO: 11 cells
WARNING: No time increments!

==================================================
INFO: Parsing examples/ccx_2.16.test/gaspipe8.frd
INFO: 5 nodes
INFO: 3 cells
WARNING: No time increments!

==================================================
INFO: Parsing examples/ccx_2.16.test/gaspipe8.frd
INFO: 5 nodes
INFO: 3 cells
WARNING: No time increments!

==================================================
INFO: Parsing examples/ccx_2.16.test/gaspipe9.frd
INFO: 21 nodes
INFO: 11 cells
WARNING: No time increments!

==================================================
INFO: Parsing examples/ccx_2.16.test/gaspipe9.frd
INFO: 21 nodes
INFO: 11 cells
WARNING: No time increments!

==================================================
INFO: Parsing examples/ccx_2.16.test/gaspres.frd
INFO: 13 nodes
INFO: 4 cells
WARNING: No time increments!

==================================================
INFO: Parsing examples/ccx_2.16.test/gaspres.frd
INFO: 13 nodes
INFO: 4 cells
WARNING: No time increments!

==================================================
INFO: Parsing examples/ccx_2.16.test/green1.frd
INFO: 261 nodes
INFO: 32 cells
INFO: Step 1, time 0.00e+00, U, 3 components, 261 values
INFO: 1 time increment
INFO: Writing examples/ccx_2.16.test/green1.vtk
INFO: Step 1, time 0.00e+00, U, 3 components, 261 values

==================================================
INFO: Parsing examples/ccx_2.16.test/green1.frd
INFO: 261 nodes
INFO: 32 cells
INFO: Step 1, time 0.00e+00, U, 3 components, 261 values
INFO: 1 time increment
INFO: Writing examples/ccx_2.16.test/green1.vtu
INFO: Step 1, time 0.00e+00, U, 3 components, 261 values

==================================================
INFO: Parsing examples/ccx_2.16.test/green2.frd
INFO: 261 nodes
INFO: 32 cells
INFO: Step 1, time 0.00e+00, U, 3 components, 261 values
INFO: Step 2, time 1.59e-06, DOR1, 3 components, 261 values
INFO: Step 3, time 1.59e-06, DOR1, 3 components, 261 values
INFO: Step 4, time 1.59e-06, DOR1, 3 components, 261 values
INFO: 2 time increments
INFO: Writing examples/ccx_2.16.test/green2.1.vtk
INFO: Step 1, time 0.00e+00, U, 3 components, 261 values
INFO: Writing examples/ccx_2.16.test/green2.2.vtk
INFO: Step 2, time 1.59e-06, DOR1, 3 components, 261 values
INFO: Step 3, time 1.59e-06, DOR1, 3 components, 261 values
INFO: Step 4, time 1.59e-06, DOR1, 3 components, 261 values

==================================================
INFO: Parsing examples/ccx_2.16.test/green2.frd
INFO: 261 nodes
INFO: 32 cells
INFO: Step 1, time 0.00e+00, U, 3 components, 261 values
INFO: Step 2, time 1.59e-06, DOR1, 3 components, 261 values
INFO: Step 3, time 1.59e-06, DOR1, 3 components, 261 values
INFO: Step 4, time 1.59e-06, DOR1, 3 components, 261 values
INFO: 2 time increments
INFO: Writing examples/ccx_2.16.test/green2.1.vtu
INFO: Step 1, time 0.00e+00, U, 3 components, 261 values
INFO: Writing examples/ccx_2.16.test/green2.2.vtu
INFO: Step 2, time 1.59e-06, DOR1, 3 components, 261 values
INFO: Step 3, time 1.59e-06, DOR1, 3 components, 261 values
INFO: Step 4, time 1.59e-06, DOR1, 3 components, 261 values

==================================================
INFO: Parsing examples/ccx_2.16.test/green3.frd
INFO: 261 nodes
INFO: 32 cells
INFO: Step 2, time 1.0, U, 3 components, 261 values
INFO: 1 time increment
INFO: Writing examples/ccx_2.16.test/green3.vtk
INFO: Step 2, time 1.0, U, 3 components, 261 values

==================================================
INFO: Parsing examples/ccx_2.16.test/green3.frd
INFO: 261 nodes
INFO: 32 cells
INFO: Step 2, time 1.0, U, 3 components, 261 values
INFO: 1 time increment
INFO: Writing examples/ccx_2.16.test/green3.vtu
INFO: Step 2, time 1.0, U, 3 components, 261 values

==================================================
INFO: Parsing examples/ccx_2.16.test/green4.frd
INFO: 261 nodes
INFO: 32 cells
INFO: Step 2, time 1.0, U, 3 components, 261 values
INFO: 1 time increment
INFO: Writing examples/ccx_2.16.test/green4.vtk
INFO: Step 2, time 1.0, U, 3 components, 261 values

==================================================
INFO: Parsing examples/ccx_2.16.test/green4.frd
INFO: 261 nodes
INFO: 32 cells
INFO: Step 2, time 1.0, U, 3 components, 261 values
INFO: 1 time increment
INFO: Writing examples/ccx_2.16.test/green4.vtu
INFO: Step 2, time 1.0, U, 3 components, 261 values

==================================================
INFO: Parsing examples/ccx_2.16.test/greencyc1.frd
INFO: 7932 nodes
INFO: 1152 cells
INFO: Step 1, time 1.59e-06, S, 10 components, 612 values
INFO: Step 1, time 1.59e-06, STRESSI, 6 components, 612 values
INFO: 1 time increment
INFO: Writing examples/ccx_2.16.test/greencyc1.vtk
INFO: Step 1, time 1.59e-06, S, 10 components, 7932 values
INFO: Step 1, time 1.59e-06, STRESSI, 6 components, 7932 values

==================================================
INFO: Parsing examples/ccx_2.16.test/greencyc1.frd
INFO: 7932 nodes
INFO: 1152 cells
INFO: Step 1, time 1.59e-06, S, 10 components, 612 values
INFO: Step 1, time 1.59e-06, STRESSI, 6 components, 612 values
INFO: 1 time increment
INFO: Writing examples/ccx_2.16.test/greencyc1.vtu
INFO: Step 1, time 1.59e-06, S, 10 components, 7932 values
INFO: Step 1, time 1.59e-06, STRESSI, 6 components, 7932 values

==================================================
INFO: Parsing examples/ccx_2.16.test/greencyc2.frd
INFO: 7932 nodes
INFO: 1152 cells
INFO: Step 1, time 1.59e-06, S, 10 components, 612 values
INFO: Step 1, time 1.59e-06, STRESSI, 6 components, 612 values
INFO: Step 2, time 1.59e-06, DOR1, 3 components, 661 values
INFO: Step 2, time 1.59e-06, DOR1, 3 components, 661 values
INFO: Step 3, time 1.59e-06, DOR1, 3 components, 661 values
INFO: Step 3, time 1.59e-06, DOR1, 3 components, 661 values
INFO: Step 4, time 1.59e-06, DOR1, 3 components, 661 values
INFO: Step 4, time 1.59e-06, DOR1, 3 components, 661 values
INFO: 1 time increment
INFO: Writing examples/ccx_2.16.test/greencyc2.vtk
INFO: Step 1, time 1.59e-06, S, 10 components, 7932 values
INFO: Step 1, time 1.59e-06, STRESSI, 6 components, 7932 values
INFO: Step 2, time 1.59e-06, DOR1, 3 components, 7932 values
INFO: Step 2, time 1.59e-06, DOR1, 3 components, 7932 values
INFO: Step 3, time 1.59e-06, DOR1, 3 components, 7932 values
INFO: Step 3, time 1.59e-06, DOR1, 3 components, 7932 values
INFO: Step 4, time 1.59e-06, DOR1, 3 components, 7932 values
INFO: Step 4, time 1.59e-06, DOR1, 3 components, 7932 values

==================================================
INFO: Parsing examples/ccx_2.16.test/greencyc2.frd
INFO: 7932 nodes
INFO: 1152 cells
INFO: Step 1, time 1.59e-06, S, 10 components, 612 values
INFO: Step 1, time 1.59e-06, STRESSI, 6 components, 612 values
INFO: Step 2, time 1.59e-06, DOR1, 3 components, 661 values
INFO: Step 2, time 1.59e-06, DOR1, 3 components, 661 values
INFO: Step 3, time 1.59e-06, DOR1, 3 components, 661 values
INFO: Step 3, time 1.59e-06, DOR1, 3 components, 661 values
INFO: Step 4, time 1.59e-06, DOR1, 3 components, 661 values
INFO: Step 4, time 1.59e-06, DOR1, 3 components, 661 values
INFO: 1 time increment
INFO: Writing examples/ccx_2.16.test/greencyc2.vtu
INFO: Step 1, time 1.59e-06, S, 10 components, 7932 values
INFO: Step 1, time 1.59e-06, STRESSI, 6 components, 7932 values
INFO: Step 2, time 1.59e-06, DOR1, 3 components, 7932 values
INFO: Step 2, time 1.59e-06, DOR1, 3 components, 7932 values
INFO: Step 3, time 1.59e-06, DOR1, 3 components, 7932 values
INFO: Step 3, time 1.59e-06, DOR1, 3 components, 7932 values
INFO: Step 4, time 1.59e-06, DOR1, 3 components, 7932 values
INFO: Step 4, time 1.59e-06, DOR1, 3 components, 7932 values

==================================================
INFO: Parsing examples/ccx_2.16.test/hinge.frd
INFO: 261 nodes
INFO: 32 cells
WARNING: No time increments!

==================================================
INFO: Parsing examples/ccx_2.16.test/hinge.frd
INFO: 261 nodes
INFO: 32 cells
WARNING: No time increments!

==================================================
INFO: Parsing examples/ccx_2.16.test/hueeber1.frd
INFO: 17524 nodes
INFO: 8500 cells
WARNING: No time increments!

==================================================
INFO: Parsing examples/ccx_2.16.test/hueeber1.frd
INFO: 17524 nodes
INFO: 8500 cells
WARNING: No time increments!

==================================================
INFO: Parsing examples/ccx_2.16.test/hueeber2.frd
INFO: 17524 nodes
INFO: 8500 cells
WARNING: No time increments!

==================================================
INFO: Parsing examples/ccx_2.16.test/hueeber2.frd
INFO: 17524 nodes
INFO: 8500 cells
WARNING: No time increments!

==================================================
INFO: Parsing examples/ccx_2.16.test/hueeber3.frd
INFO: 17524 nodes
INFO: 8500 cells
WARNING: No time increments!

==================================================
INFO: Parsing examples/ccx_2.16.test/hueeber3.frd
INFO: 17524 nodes
INFO: 8500 cells
WARNING: No time increments!

==================================================
INFO: Parsing examples/ccx_2.16.test/hueeber4.frd
INFO: 17524 nodes
INFO: 8500 cells
WARNING: No time increments!

==================================================
INFO: Parsing examples/ccx_2.16.test/hueeber4.frd
INFO: 17524 nodes
INFO: 8500 cells
WARNING: No time increments!

==================================================
INFO: Parsing examples/ccx_2.16.test/impdyn.frd
INFO: 2656 nodes
INFO: 368 cells
INFO: Step 1, time 1.00e-10, ENER, 1 components, 2656 values
INFO: Step 2, time 4.50e-06, U, 3 components, 2656 values
INFO: Step 2, time 4.50e-06, VELO, 3 components, 2656 values
INFO: 2 time increments
INFO: Writing examples/ccx_2.16.test/impdyn.1.vtk
INFO: Step 1, time 1.00e-10, ENER, 1 components, 2656 values
INFO: Writing examples/ccx_2.16.test/impdyn.2.vtk
INFO: Step 2, time 4.50e-06, U, 3 components, 2656 values
INFO: Step 2, time 4.50e-06, VELO, 3 components, 2656 values

==================================================
INFO: Parsing examples/ccx_2.16.test/impdyn.frd
INFO: 2656 nodes
INFO: 368 cells
INFO: Step 1, time 1.00e-10, ENER, 1 components, 2656 values
INFO: Step 2, time 4.50e-06, U, 3 components, 2656 values
INFO: Step 2, time 4.50e-06, VELO, 3 components, 2656 values
INFO: 2 time increments
INFO: Writing examples/ccx_2.16.test/impdyn.1.vtu
INFO: Step 1, time 1.00e-10, ENER, 1 components, 2656 values
INFO: Writing examples/ccx_2.16.test/impdyn.2.vtu
INFO: Step 2, time 4.50e-06, U, 3 components, 2656 values
INFO: Step 2, time 4.50e-06, VELO, 3 components, 2656 values

==================================================
INFO: Parsing examples/ccx_2.16.test/induction.frd
INFO: 3473 nodes
INFO: 612 cells
INFO: Step 1, time 0.00e+00, ELPOT, 1 components, 3473 values
INFO: Step 1, time 0.00e+00, CURR, 3 components, 3473 values
INFO: Step 2, time 1.0, EMFB, 3 components, 2673 values
INFO: 2 time increments
INFO: Writing examples/ccx_2.16.test/induction.1.vtk
INFO: Step 1, time 0.00e+00, ELPOT, 1 components, 3473 values
INFO: Step 1, time 0.00e+00, CURR, 3 components, 3473 values
INFO: Writing examples/ccx_2.16.test/induction.2.vtk
INFO: Step 2, time 1.0, EMFB, 3 components, 3473 values

==================================================
INFO: Parsing examples/ccx_2.16.test/induction.frd
INFO: 3473 nodes
INFO: 612 cells
INFO: Step 1, time 0.00e+00, ELPOT, 1 components, 3473 values
INFO: Step 1, time 0.00e+00, CURR, 3 components, 3473 values
INFO: Step 2, time 1.0, EMFB, 3 components, 2673 values
INFO: 2 time increments
INFO: Writing examples/ccx_2.16.test/induction.1.vtu
INFO: Step 1, time 0.00e+00, ELPOT, 1 components, 3473 values
INFO: Step 1, time 0.00e+00, CURR, 3 components, 3473 values
INFO: Writing examples/ccx_2.16.test/induction.2.vtu
INFO: Step 2, time 1.0, EMFB, 3 components, 3473 values

==================================================
INFO: Parsing examples/ccx_2.16.test/induction2.frd
INFO: 5407 nodes
INFO: 1712 cells
INFO: Step 1, time 0.00e+00, ELPOT, 1 components, 5407 values
INFO: Step 1, time 0.00e+00, CURR, 3 components, 5407 values
INFO: Step 2, time 1.0, U, 5 components, 1647 values
INFO: Step 2, time 1.0, NT, 1 components, 2015 values
INFO: Step 2, time 1.0, EMFE, 3 components, 1647 values
INFO: Step 2, time 1.0, EMFB, 3 components, 1647 values
INFO: 2 time increments
INFO: Writing examples/ccx_2.16.test/induction2.1.vtk
INFO: Step 1, time 0.00e+00, ELPOT, 1 components, 5407 values
INFO: Step 1, time 0.00e+00, CURR, 3 components, 5407 values
INFO: Writing examples/ccx_2.16.test/induction2.2.vtk
INFO: Step 2, time 1.0, U, 5 components, 5407 values
INFO: Step 2, time 1.0, NT, 1 components, 5775 values
INFO: Step 2, time 1.0, EMFE, 3 components, 5407 values
INFO: Step 2, time 1.0, EMFB, 3 components, 5407 values

==================================================
INFO: Parsing examples/ccx_2.16.test/induction2.frd
INFO: 5407 nodes
INFO: 1712 cells
INFO: Step 1, time 0.00e+00, ELPOT, 1 components, 5407 values
INFO: Step 1, time 0.00e+00, CURR, 3 components, 5407 values
INFO: Step 2, time 1.0, U, 5 components, 1647 values
INFO: Step 2, time 1.0, NT, 1 components, 2015 values
INFO: Step 2, time 1.0, EMFE, 3 components, 1647 values
INFO: Step 2, time 1.0, EMFB, 3 components, 1647 values
INFO: 2 time increments
INFO: Writing examples/ccx_2.16.test/induction2.1.vtu
INFO: Step 1, time 0.00e+00, ELPOT, 1 components, 5407 values
INFO: Step 1, time 0.00e+00, CURR, 3 components, 5407 values
INFO: Writing examples/ccx_2.16.test/induction2.2.vtu
INFO: Step 2, time 1.0, U, 5 components, 5407 values
INFO: Step 2, time 1.0, NT, 1 components, 5775 values
INFO: Step 2, time 1.0, EMFE, 3 components, 5407 values
INFO: Step 2, time 1.0, EMFB, 3 components, 5407 values

==================================================
INFO: Parsing examples/ccx_2.16.test/induction3.frd
INFO: 5407 nodes
INFO: 1712 cells
INFO: Step 2, time 1.0, EMFE, 3 components, 1647 values
INFO: Step 2, time 1.0, EMFB, 3 components, 1647 values
INFO: Step 3, time 1.0, EMFE, 3 components, 1647 values
INFO: Step 3, time 1.0, EMFB, 3 components, 1647 values
INFO: 1 time increment
INFO: Writing examples/ccx_2.16.test/induction3.vtk
INFO: Step 2, time 1.0, EMFE, 3 components, 5407 values
INFO: Step 2, time 1.0, EMFB, 3 components, 5407 values
INFO: Step 3, time 1.0, EMFE, 3 components, 5407 values
INFO: Step 3, time 1.0, EMFB, 3 components, 5407 values

==================================================
INFO: Parsing examples/ccx_2.16.test/induction3.frd
INFO: 5407 nodes
INFO: 1712 cells
INFO: Step 2, time 1.0, EMFE, 3 components, 1647 values
INFO: Step 2, time 1.0, EMFB, 3 components, 1647 values
INFO: Step 3, time 1.0, EMFE, 3 components, 1647 values
INFO: Step 3, time 1.0, EMFB, 3 components, 1647 values
INFO: 1 time increment
INFO: Writing examples/ccx_2.16.test/induction3.vtu
INFO: Step 2, time 1.0, EMFE, 3 components, 5407 values
INFO: Step 2, time 1.0, EMFB, 3 components, 5407 values
INFO: Step 3, time 1.0, EMFE, 3 components, 5407 values
INFO: Step 3, time 1.0, EMFB, 3 components, 5407 values

==================================================
INFO: Parsing examples/ccx_2.16.test/inistrain.frd
INFO: 20 nodes
INFO: 1 cells
WARNING: No time increments!

==================================================
INFO: Parsing examples/ccx_2.16.test/inistrain.frd
INFO: 20 nodes
INFO: 1 cells
WARNING: No time increments!

==================================================
INFO: Parsing examples/ccx_2.16.test/inistrain2.frd
INFO: 20 nodes
INFO: 1 cells
WARNING: No time increments!

==================================================
INFO: Parsing examples/ccx_2.16.test/inistrain2.frd
INFO: 20 nodes
INFO: 1 cells
WARNING: No time increments!

==================================================
INFO: Parsing examples/ccx_2.16.test/labyrinth1fin.frd
INFO: 5 nodes
INFO: 3 cells
WARNING: No time increments!

==================================================
INFO: Parsing examples/ccx_2.16.test/labyrinth1fin.frd
INFO: 5 nodes
INFO: 3 cells
WARNING: No time increments!

==================================================
INFO: Parsing examples/ccx_2.16.test/labyrinthstepped.frd
INFO: 5 nodes
INFO: 3 cells
WARNING: No time increments!

==================================================
INFO: Parsing examples/ccx_2.16.test/labyrinthstepped.frd
INFO: 5 nodes
INFO: 3 cells
WARNING: No time increments!

==================================================
INFO: Parsing examples/ccx_2.16.test/labyrinthstraight.frd
INFO: 5 nodes
INFO: 3 cells
WARNING: No time increments!

==================================================
INFO: Parsing examples/ccx_2.16.test/labyrinthstraight.frd
INFO: 5 nodes
INFO: 3 cells
WARNING: No time increments!

==================================================
INFO: Parsing examples/ccx_2.16.test/largerot1.frd
INFO: 261 nodes
INFO: 32 cells
INFO: Step 1, time 1.0, E, 10 components, 261 values
INFO: 1 time increment
INFO: Writing examples/ccx_2.16.test/largerot1.vtk
INFO: Step 1, time 1.0, E, 10 components, 261 values

==================================================
INFO: Parsing examples/ccx_2.16.test/largerot1.frd
INFO: 261 nodes
INFO: 32 cells
INFO: Step 1, time 1.0, E, 10 components, 261 values
INFO: 1 time increment
INFO: Writing examples/ccx_2.16.test/largerot1.vtu
INFO: Step 1, time 1.0, E, 10 components, 261 values

==================================================
INFO: Parsing examples/ccx_2.16.test/largerot2.frd
INFO: 261 nodes
INFO: 32 cells
INFO: Step 1, time 1.0, E, 10 components, 261 values
INFO: 1 time increment
INFO: Writing examples/ccx_2.16.test/largerot2.vtk
INFO: Step 1, time 1.0, E, 10 components, 261 values

==================================================
INFO: Parsing examples/ccx_2.16.test/largerot2.frd
INFO: 261 nodes
INFO: 32 cells
INFO: Step 1, time 1.0, E, 10 components, 261 values
INFO: 1 time increment
INFO: Writing examples/ccx_2.16.test/largerot2.vtu
INFO: Step 1, time 1.0, E, 10 components, 261 values

==================================================
INFO: Parsing examples/ccx_2.16.test/largerot3.frd
INFO: 261 nodes
INFO: 32 cells
INFO: Step 1, time 1.0, E, 10 components, 261 values
INFO: 1 time increment
INFO: Writing examples/ccx_2.16.test/largerot3.vtk
INFO: Step 1, time 1.0, E, 10 components, 261 values

==================================================
INFO: Parsing examples/ccx_2.16.test/largerot3.frd
INFO: 261 nodes
INFO: 32 cells
INFO: Step 1, time 1.0, E, 10 components, 261 values
INFO: 1 time increment
INFO: Writing examples/ccx_2.16.test/largerot3.vtu
INFO: Step 1, time 1.0, E, 10 components, 261 values

==================================================
INFO: Parsing examples/ccx_2.16.test/largerot4.frd
INFO: 261 nodes
INFO: 32 cells
INFO: Step 1, time 1.0, E, 10 components, 261 values
INFO: 1 time increment
INFO: Writing examples/ccx_2.16.test/largerot4.vtk
INFO: Step 1, time 1.0, E, 10 components, 261 values

==================================================
INFO: Parsing examples/ccx_2.16.test/largerot4.frd
INFO: 261 nodes
INFO: 32 cells
INFO: Step 1, time 1.0, E, 10 components, 261 values
INFO: 1 time increment
INFO: Writing examples/ccx_2.16.test/largerot4.vtu
INFO: Step 1, time 1.0, E, 10 components, 261 values

==================================================
INFO: Parsing examples/ccx_2.16.test/largerot5.frd
INFO: 261 nodes
INFO: 32 cells
INFO: Step 1, time 2.50e-01, E, 10 components, 261 values
INFO: Step 2, time 5.00e-01, E, 10 components, 261 values
INFO: Step 3, time 7.50e-01, E, 10 components, 261 values
INFO: Step 4, time 1.0, E, 10 components, 261 values
INFO: 4 time increments
INFO: Writing examples/ccx_2.16.test/largerot5.1.vtk
INFO: Step 1, time 2.50e-01, E, 10 components, 261 values
INFO: Writing examples/ccx_2.16.test/largerot5.2.vtk
INFO: Step 2, time 5.00e-01, E, 10 components, 261 values
INFO: Writing examples/ccx_2.16.test/largerot5.3.vtk
INFO: Step 3, time 7.50e-01, E, 10 components, 261 values
INFO: Writing examples/ccx_2.16.test/largerot5.4.vtk
INFO: Step 4, time 1.0, E, 10 components, 261 values

==================================================
INFO: Parsing examples/ccx_2.16.test/largerot5.frd
INFO: 261 nodes
INFO: 32 cells
INFO: Step 1, time 2.50e-01, E, 10 components, 261 values
INFO: Step 2, time 5.00e-01, E, 10 components, 261 values
INFO: Step 3, time 7.50e-01, E, 10 components, 261 values
INFO: Step 4, time 1.0, E, 10 components, 261 values
INFO: 4 time increments
INFO: Writing examples/ccx_2.16.test/largerot5.1.vtu
INFO: Step 1, time 2.50e-01, E, 10 components, 261 values
INFO: Writing examples/ccx_2.16.test/largerot5.2.vtu
INFO: Step 2, time 5.00e-01, E, 10 components, 261 values
INFO: Writing examples/ccx_2.16.test/largerot5.3.vtu
INFO: Step 3, time 7.50e-01, E, 10 components, 261 values
INFO: Writing examples/ccx_2.16.test/largerot5.4.vtu
INFO: Step 4, time 1.0, E, 10 components, 261 values

==================================================
INFO: Parsing examples/ccx_2.16.test/leifer1.frd
INFO: 803 nodes
INFO: 100 cells
WARNING: No time increments!

==================================================
INFO: Parsing examples/ccx_2.16.test/leifer1.frd
INFO: 803 nodes
INFO: 100 cells
WARNING: No time increments!

==================================================
INFO: Parsing examples/ccx_2.16.test/leifer2.frd
INFO: 803 nodes
INFO: 100 cells
INFO: Step 1, time 1.0, U, 3 components, 803 values
INFO: Step 1, time 1.0, S, 10 components, 803 values
INFO: 1 time increment
INFO: Writing examples/ccx_2.16.test/leifer2.vtk
INFO: Step 1, time 1.0, U, 3 components, 803 values
INFO: Step 1, time 1.0, S, 10 components, 803 values

==================================================
INFO: Parsing examples/ccx_2.16.test/leifer2.frd
INFO: 803 nodes
INFO: 100 cells
INFO: Step 1, time 1.0, U, 3 components, 803 values
INFO: Step 1, time 1.0, S, 10 components, 803 values
INFO: 1 time increment
INFO: Writing examples/ccx_2.16.test/leifer2.vtu
INFO: Step 1, time 1.0, U, 3 components, 803 values
INFO: Step 1, time 1.0, S, 10 components, 803 values

==================================================
INFO: Parsing examples/ccx_2.16.test/linearnet.frd
INFO: 7 nodes
INFO: 4 cells
WARNING: No time increments!

==================================================
INFO: Parsing examples/ccx_2.16.test/linearnet.frd
INFO: 7 nodes
INFO: 4 cells
WARNING: No time increments!

==================================================
INFO: Parsing examples/ccx_2.16.test/load1.frd
INFO: 40 nodes
INFO: 2 cells
WARNING: No time increments!

==================================================
INFO: Parsing examples/ccx_2.16.test/load1.frd
INFO: 40 nodes
INFO: 2 cells
WARNING: No time increments!

==================================================
INFO: Parsing examples/ccx_2.16.test/mass1.frd
INFO: 261 nodes
INFO: 32 cells
WARNING: No time increments!

==================================================
INFO: Parsing examples/ccx_2.16.test/mass1.frd
INFO: 261 nodes
INFO: 32 cells
WARNING: No time increments!

==================================================
INFO: Parsing examples/ccx_2.16.test/mass2.frd
INFO: 261 nodes
INFO: 32 cells
WARNING: No time increments!

==================================================
INFO: Parsing examples/ccx_2.16.test/mass2.frd
INFO: 261 nodes
INFO: 32 cells
WARNING: No time increments!

==================================================
INFO: Parsing examples/ccx_2.16.test/mass3.frd
INFO: 13 nodes
INFO: 2 cells
WARNING: No time increments!

==================================================
INFO: Parsing examples/ccx_2.16.test/mass3.frd
INFO: 13 nodes
INFO: 2 cells
WARNING: No time increments!

==================================================
INFO: Parsing examples/ccx_2.16.test/massflow_percent_ccx.frd
INFO: 12 nodes
INFO: 7 cells
WARNING: No time increments!

==================================================
INFO: Parsing examples/ccx_2.16.test/massflow_percent_ccx.frd
INFO: 12 nodes
INFO: 7 cells
WARNING: No time increments!

==================================================
INFO: Parsing examples/ccx_2.16.test/membrane1.frd
INFO: 32 nodes
INFO: 4 cells
INFO: Step 1, time 1.0, U, 3 components, 32 values
INFO: Step 1, time 1.0, S, 10 components, 32 values
INFO: Step 1, time 1.0, RF, 3 components, 32 values
INFO: 1 time increment
INFO: Writing examples/ccx_2.16.test/membrane1.vtk
INFO: Step 1, time 1.0, U, 3 components, 32 values
INFO: Step 1, time 1.0, S, 10 components, 32 values
INFO: Step 1, time 1.0, RF, 3 components, 32 values

==================================================
INFO: Parsing examples/ccx_2.16.test/membrane1.frd
INFO: 32 nodes
INFO: 4 cells
INFO: Step 1, time 1.0, U, 3 components, 32 values
INFO: Step 1, time 1.0, S, 10 components, 32 values
INFO: Step 1, time 1.0, RF, 3 components, 32 values
INFO: 1 time increment
INFO: Writing examples/ccx_2.16.test/membrane1.vtu
INFO: Step 1, time 1.0, U, 3 components, 32 values
INFO: Step 1, time 1.0, S, 10 components, 32 values
INFO: Step 1, time 1.0, RF, 3 components, 32 values

==================================================
INFO: Parsing examples/ccx_2.16.test/membrane2.frd
INFO: 24 nodes
INFO: 4 cells
INFO: Step 1, time 1.0, U, 3 components, 24 values
INFO: Step 1, time 1.0, S, 10 components, 24 values
INFO: Step 1, time 1.0, RF, 3 components, 24 values
INFO: 1 time increment
INFO: Writing examples/ccx_2.16.test/membrane2.vtk
INFO: Step 1, time 1.0, U, 3 components, 24 values
INFO: Step 1, time 1.0, S, 10 components, 24 values
INFO: Step 1, time 1.0, RF, 3 components, 24 values

==================================================
INFO: Parsing examples/ccx_2.16.test/membrane2.frd
INFO: 24 nodes
INFO: 4 cells
INFO: Step 1, time 1.0, U, 3 components, 24 values
INFO: Step 1, time 1.0, S, 10 components, 24 values
INFO: Step 1, time 1.0, RF, 3 components, 24 values
INFO: 1 time increment
INFO: Writing examples/ccx_2.16.test/membrane2.vtu
INFO: Step 1, time 1.0, U, 3 components, 24 values
INFO: Step 1, time 1.0, S, 10 components, 24 values
INFO: Step 1, time 1.0, RF, 3 components, 24 values

==================================================
INFO: Parsing examples/ccx_2.16.test/membrane3.frd
INFO: 80 nodes
INFO: 4 cells
INFO: Step 1, time 1.0, U, 3 components, 80 values
INFO: Step 1, time 1.0, S, 10 components, 80 values
INFO: Step 1, time 1.0, RF, 3 components, 80 values
INFO: 1 time increment
INFO: Writing examples/ccx_2.16.test/membrane3.vtk
INFO: Step 1, time 1.0, U, 3 components, 80 values
INFO: Step 1, time 1.0, S, 10 components, 80 values
INFO: Step 1, time 1.0, RF, 3 components, 80 values

==================================================
INFO: Parsing examples/ccx_2.16.test/membrane3.frd
INFO: 80 nodes
INFO: 4 cells
INFO: Step 1, time 1.0, U, 3 components, 80 values
INFO: Step 1, time 1.0, S, 10 components, 80 values
INFO: Step 1, time 1.0, RF, 3 components, 80 values
INFO: 1 time increment
INFO: Writing examples/ccx_2.16.test/membrane3.vtu
INFO: Step 1, time 1.0, U, 3 components, 80 values
INFO: Step 1, time 1.0, S, 10 components, 80 values
INFO: Step 1, time 1.0, RF, 3 components, 80 values

==================================================
INFO: Parsing examples/ccx_2.16.test/metalforming.frd
INFO: 2032 nodes
INFO: 848 cells
WARNING: No time increments!

==================================================
INFO: Parsing examples/ccx_2.16.test/metalforming.frd
INFO: 2032 nodes
INFO: 848 cells
WARNING: No time increments!

==================================================
INFO: Parsing examples/ccx_2.16.test/modelchel.frd
INFO: 258 nodes
INFO: 30 cells
INFO: Step 1, time 1.0, S, 10 components, 258 values
INFO: Step 2, time 2.0, S, 10 components, 261 values
INFO: 2 time increments
INFO: Writing examples/ccx_2.16.test/modelchel.1.vtk
INFO: Step 1, time 1.0, S, 10 components, 258 values
INFO: Writing examples/ccx_2.16.test/modelchel.2.vtk
INFO: Step 2, time 2.0, S, 10 components, 261 values

==================================================
INFO: Parsing examples/ccx_2.16.test/modelchel.frd
INFO: 258 nodes
INFO: 30 cells
INFO: Step 1, time 1.0, S, 10 components, 258 values
INFO: Step 2, time 2.0, S, 10 components, 261 values
INFO: 2 time increments
INFO: Writing examples/ccx_2.16.test/modelchel.1.vtu
INFO: Step 1, time 1.0, S, 10 components, 258 values
INFO: Writing examples/ccx_2.16.test/modelchel.2.vtu
INFO: Step 2, time 2.0, S, 10 components, 261 values

==================================================
INFO: Parsing examples/ccx_2.16.test/modelchel2.frd
INFO: 261 nodes
INFO: 32 cells
WARNING: No time increments!

==================================================
INFO: Parsing examples/ccx_2.16.test/modelchel2.frd
INFO: 261 nodes
INFO: 32 cells
WARNING: No time increments!

==================================================
INFO: Parsing examples/ccx_2.16.test/modelchel3.frd
INFO: 261 nodes
INFO: 32 cells
WARNING: No time increments!

==================================================
INFO: Parsing examples/ccx_2.16.test/modelchel3.frd
INFO: 261 nodes
INFO: 32 cells
WARNING: No time increments!

==================================================
INFO: Parsing examples/ccx_2.16.test/moehring.frd
INFO: 11 nodes
INFO: 6 cells
WARNING: No time increments!

==================================================
INFO: Parsing examples/ccx_2.16.test/moehring.frd
INFO: 11 nodes
INFO: 6 cells
WARNING: No time increments!

==================================================
INFO: Parsing examples/ccx_2.16.test/mpcforce.frd
INFO: 261 nodes
INFO: 32 cells
WARNING: No time increments!

==================================================
INFO: Parsing examples/ccx_2.16.test/mpcforce.frd
INFO: 261 nodes
INFO: 32 cells
WARNING: No time increments!

==================================================
INFO: Parsing examples/ccx_2.16.test/multistage.frd
INFO: 20808 nodes
INFO: 2040 cells
WARNING: No time increments!

==================================================
INFO: Parsing examples/ccx_2.16.test/multistage.frd
INFO: 20808 nodes
INFO: 2040 cells
WARNING: No time increments!

==================================================
INFO: Parsing examples/ccx_2.16.test/networkmpc.frd
INFO: 6 nodes
INFO: 3 cells
WARNING: No time increments!

==================================================
INFO: Parsing examples/ccx_2.16.test/networkmpc.frd
INFO: 6 nodes
INFO: 3 cells
WARNING: No time increments!

==================================================
INFO: Parsing examples/ccx_2.16.test/networkmpc2.frd
INFO: 10 nodes
INFO: 6 cells
INFO: Step 1, time 1.0, TOTEMP, 1 components, 10 values
INFO: Step 1, time 1.0, MAFLOW, 1 components, 10 values
INFO: Step 1, time 1.0, TOPRES, 1 components, 10 values
INFO: Step 1, time 1.0, STTEMP, 1 components, 10 values
INFO: 1 time increment
INFO: Writing examples/ccx_2.16.test/networkmpc2.vtk
INFO: Step 1, time 1.0, TOTEMP, 1 components, 10 values
INFO: Step 1, time 1.0, MAFLOW, 1 components, 10 values
INFO: Step 1, time 1.0, TOPRES, 1 components, 10 values
INFO: Step 1, time 1.0, STTEMP, 1 components, 10 values

==================================================
INFO: Parsing examples/ccx_2.16.test/networkmpc2.frd
INFO: 10 nodes
INFO: 6 cells
INFO: Step 1, time 1.0, TOTEMP, 1 components, 10 values
INFO: Step 1, time 1.0, MAFLOW, 1 components, 10 values
INFO: Step 1, time 1.0, TOPRES, 1 components, 10 values
INFO: Step 1, time 1.0, STTEMP, 1 components, 10 values
INFO: 1 time increment
INFO: Writing examples/ccx_2.16.test/networkmpc2.vtu
INFO: Step 1, time 1.0, TOTEMP, 1 components, 10 values
INFO: Step 1, time 1.0, MAFLOW, 1 components, 10 values
INFO: Step 1, time 1.0, TOPRES, 1 components, 10 values
INFO: Step 1, time 1.0, STTEMP, 1 components, 10 values

==================================================
INFO: Parsing examples/ccx_2.16.test/oneel.frd
INFO: 8 nodes
INFO: 1 cells
INFO: Step 1, time 1.0, U, 3 components, 8 values
INFO: Step 1, time 1.0, S, 10 components, 8 values
INFO: Step 1, time 1.0, RF, 3 components, 8 values
INFO: 1 time increment
INFO: Writing examples/ccx_2.16.test/oneel.vtk
INFO: Step 1, time 1.0, U, 3 components, 8 values
INFO: Step 1, time 1.0, S, 10 components, 8 values
INFO: Step 1, time 1.0, RF, 3 components, 8 values

==================================================
INFO: Parsing examples/ccx_2.16.test/oneel.frd
INFO: 8 nodes
INFO: 1 cells
INFO: Step 1, time 1.0, U, 3 components, 8 values
INFO: Step 1, time 1.0, S, 10 components, 8 values
INFO: Step 1, time 1.0, RF, 3 components, 8 values
INFO: 1 time increment
INFO: Writing examples/ccx_2.16.test/oneel.vtu
INFO: Step 1, time 1.0, U, 3 components, 8 values
INFO: Step 1, time 1.0, S, 10 components, 8 values
INFO: Step 1, time 1.0, RF, 3 components, 8 values

==================================================
INFO: Parsing examples/ccx_2.16.test/oneel20cf.frd
INFO: 20 nodes
INFO: 1 cells
WARNING: No time increments!

==================================================
INFO: Parsing examples/ccx_2.16.test/oneel20cf.frd
INFO: 20 nodes
INFO: 1 cells
WARNING: No time increments!

==================================================
INFO: Parsing examples/ccx_2.16.test/oneel20df.frd
INFO: 20 nodes
INFO: 1 cells
WARNING: No time increments!

==================================================
INFO: Parsing examples/ccx_2.16.test/oneel20df.frd
INFO: 20 nodes
INFO: 1 cells
WARNING: No time increments!

==================================================
INFO: Parsing examples/ccx_2.16.test/oneel20fi.frd
INFO: 20 nodes
INFO: 1 cells
WARNING: No time increments!

==================================================
INFO: Parsing examples/ccx_2.16.test/oneel20fi.frd
INFO: 20 nodes
INFO: 1 cells
WARNING: No time increments!

==================================================
INFO: Parsing examples/ccx_2.16.test/oneel20rs.frd
INFO: 20 nodes
INFO: 1 cells
WARNING: No time increments!

==================================================
INFO: Parsing examples/ccx_2.16.test/oneel20rs.frd
INFO: 20 nodes
INFO: 1 cells
WARNING: No time increments!

==================================================
INFO: Parsing examples/ccx_2.16.test/oneel8ra.frd
INFO: 8 nodes
INFO: 1 cells
WARNING: No time increments!

==================================================
INFO: Parsing examples/ccx_2.16.test/oneel8ra.frd
INFO: 8 nodes
INFO: 1 cells
WARNING: No time increments!

==================================================
INFO: Parsing examples/ccx_2.16.test/oneeltruss.frd
INFO: 36 nodes
INFO: 3 cells
INFO: Step 1, time 1.0, U, 3 components, 36 values
INFO: Step 1, time 1.0, S, 10 components, 36 values
INFO: Step 1, time 1.0, RF, 3 components, 36 values
INFO: 1 time increment
INFO: Writing examples/ccx_2.16.test/oneeltruss.vtk
INFO: Step 1, time 1.0, U, 3 components, 36 values
INFO: Step 1, time 1.0, S, 10 components, 36 values
INFO: Step 1, time 1.0, RF, 3 components, 36 values

==================================================
INFO: Parsing examples/ccx_2.16.test/oneeltruss.frd
INFO: 36 nodes
INFO: 3 cells
INFO: Step 1, time 1.0, U, 3 components, 36 values
INFO: Step 1, time 1.0, S, 10 components, 36 values
INFO: Step 1, time 1.0, RF, 3 components, 36 values
INFO: 1 time increment
INFO: Writing examples/ccx_2.16.test/oneeltruss.vtu
INFO: Step 1, time 1.0, U, 3 components, 36 values
INFO: Step 1, time 1.0, S, 10 components, 36 values
INFO: Step 1, time 1.0, RF, 3 components, 36 values

==================================================
INFO: Parsing examples/ccx_2.16.test/opt1.frd
INFO: 261 nodes
INFO: 32 cells
INFO: Step 1, time 1.0, U, 3 components, 261 values
INFO: Step 1, time 1.0, S, 10 components, 261 values
INFO: Step 1, time 1.0, ERROR, 1 components, 261 values
INFO: Step 2, time 0.00e+00, NORM, 3 components, 261 values
INFO: Step 3, time 0.00e+00, SENSTRE, 2 components, 261 values
INFO: Step 4, time 0.00e+00, SENMASS, 2 components, 261 values
INFO: Step 5, time 0.00e+00, PRJGRAD, 2 components, 261 values
INFO: 2 time increments
INFO: Writing examples/ccx_2.16.test/opt1.1.vtk
INFO: Step 2, time 0.00e+00, NORM, 3 components, 261 values
INFO: Step 3, time 0.00e+00, SENSTRE, 2 components, 261 values
INFO: Step 4, time 0.00e+00, SENMASS, 2 components, 261 values
INFO: Step 5, time 0.00e+00, PRJGRAD, 2 components, 261 values
INFO: Writing examples/ccx_2.16.test/opt1.2.vtk
INFO: Step 1, time 1.0, U, 3 components, 261 values
INFO: Step 1, time 1.0, S, 10 components, 261 values
INFO: Step 1, time 1.0, ERROR, 1 components, 261 values

==================================================
INFO: Parsing examples/ccx_2.16.test/opt1.frd
INFO: 261 nodes
INFO: 32 cells
INFO: Step 1, time 1.0, U, 3 components, 261 values
INFO: Step 1, time 1.0, S, 10 components, 261 values
INFO: Step 1, time 1.0, ERROR, 1 components, 261 values
INFO: Step 2, time 0.00e+00, NORM, 3 components, 261 values
INFO: Step 3, time 0.00e+00, SENSTRE, 2 components, 261 values
INFO: Step 4, time 0.00e+00, SENMASS, 2 components, 261 values
INFO: Step 5, time 0.00e+00, PRJGRAD, 2 components, 261 values
INFO: 2 time increments
INFO: Writing examples/ccx_2.16.test/opt1.1.vtu
INFO: Step 2, time 0.00e+00, NORM, 3 components, 261 values
INFO: Step 3, time 0.00e+00, SENSTRE, 2 components, 261 values
INFO: Step 4, time 0.00e+00, SENMASS, 2 components, 261 values
INFO: Step 5, time 0.00e+00, PRJGRAD, 2 components, 261 values
INFO: Writing examples/ccx_2.16.test/opt1.2.vtu
INFO: Step 1, time 1.0, U, 3 components, 261 values
INFO: Step 1, time 1.0, S, 10 components, 261 values
INFO: Step 1, time 1.0, ERROR, 1 components, 261 values

==================================================
INFO: Parsing examples/ccx_2.16.test/pendel.frd
INFO: 40 nodes
INFO: 2 cells
INFO: Step 1, time 1.00e-05, U, 3 components, 40 values
INFO: Step 2, time 2.00e-05, U, 3 components, 40 values
INFO: Step 3, time 3.50e-05, U, 3 components, 40 values
INFO: Step 4, time 5.75e-05, U, 3 components, 40 values
INFO: Step 5, time 9.12e-05, U, 3 components, 40 values
INFO: Step 6, time 1.42e-04, U, 3 components, 40 values
INFO: Step 7, time 2.18e-04, U, 3 components, 40 values
INFO: Step 8, time 3.32e-04, U, 3 components, 40 values
INFO: Step 9, time 5.03e-04, U, 3 components, 40 values
INFO: Step 10, time 7.59e-04, U, 3 components, 40 values
INFO: Step 11, time 1.14e-03, U, 3 components, 40 values
INFO: Step 12, time 1.72e-03, U, 3 components, 40 values
INFO: Step 13, time 2.58e-03, U, 3 components, 40 values
INFO: Step 14, time 3.88e-03, U, 3 components, 40 values
INFO: Step 15, time 5.83e-03, U, 3 components, 40 values
INFO: Step 16, time 8.75e-03, U, 3 components, 40 values
INFO: Step 17, time 1.31e-02, U, 3 components, 40 values
INFO: Step 18, time 1.97e-02, U, 3 components, 40 values
INFO: Step 19, time 2.63e-02, U, 3 components, 40 values
INFO: Step 20, time 3.28e-02, U, 3 components, 40 values
INFO: Step 21, time 4.27e-02, U, 3 components, 40 values
INFO: Step 22, time 5.75e-02, U, 3 components, 40 values
INFO: Step 23, time 7.96e-02, U, 3 components, 40 values
INFO: Step 24, time 1.02e-01, U, 3 components, 40 values
INFO: Step 25, time 1.24e-01, U, 3 components, 40 values
INFO: Step 26, time 1.46e-01, U, 3 components, 40 values
INFO: Step 27, time 1.68e-01, U, 3 components, 40 values
INFO: Step 28, time 1.90e-01, U, 3 components, 40 values
INFO: Step 29, time 2.13e-01, U, 3 components, 40 values
INFO: Step 30, time 2.35e-01, U, 3 components, 40 values
INFO: Step 31, time 2.57e-01, U, 3 components, 40 values
INFO: Step 32, time 2.79e-01, U, 3 components, 40 values
INFO: Step 33, time 3.01e-01, U, 3 components, 40 values
INFO: Step 34, time 3.23e-01, U, 3 components, 40 values
INFO: Step 35, time 3.46e-01, U, 3 components, 40 values
INFO: Step 36, time 3.68e-01, U, 3 components, 40 values
INFO: Step 37, time 3.90e-01, U, 3 components, 40 values
INFO: Step 38, time 4.12e-01, U, 3 components, 40 values
INFO: Step 39, time 4.34e-01, U, 3 components, 40 values
INFO: Step 40, time 4.56e-01, U, 3 components, 40 values
INFO: Step 41, time 4.79e-01, U, 3 components, 40 values
INFO: Step 42, time 5.01e-01, U, 3 components, 40 values
INFO: Step 43, time 5.23e-01, U, 3 components, 40 values
INFO: Step 44, time 5.45e-01, U, 3 components, 40 values
INFO: Step 45, time 5.67e-01, U, 3 components, 40 values
INFO: Step 46, time 5.90e-01, U, 3 components, 40 values
INFO: Step 47, time 6.12e-01, U, 3 components, 40 values
INFO: Step 48, time 6.34e-01, U, 3 components, 40 values
INFO: Step 49, time 6.56e-01, U, 3 components, 40 values
INFO: Step 50, time 6.78e-01, U, 3 components, 40 values
INFO: Step 51, time 7.00e-01, U, 3 components, 40 values
INFO: Step 52, time 7.23e-01, U, 3 components, 40 values
INFO: Step 53, time 7.45e-01, U, 3 components, 40 values
INFO: Step 54, time 7.67e-01, U, 3 components, 40 values
INFO: Step 55, time 7.89e-01, U, 3 components, 40 values
INFO: Step 56, time 8.11e-01, U, 3 components, 40 values
INFO: Step 57, time 8.33e-01, U, 3 components, 40 values
INFO: Step 58, time 8.56e-01, U, 3 components, 40 values
INFO: Step 59, time 8.78e-01, U, 3 components, 40 values
INFO: Step 60, time 9.00e-01, U, 3 components, 40 values
INFO: Step 61, time 9.22e-01, U, 3 components, 40 values
INFO: Step 62, time 9.44e-01, U, 3 components, 40 values
INFO: Step 63, time 9.66e-01, U, 3 components, 40 values
INFO: Step 64, time 9.89e-01, U, 3 components, 40 values
INFO: Step 65, time 1.0, U, 3 components, 40 values
INFO: 65 time increments
INFO: Writing examples/ccx_2.16.test/pendel.01.vtk
INFO: Step 1, time 1.00e-05, U, 3 components, 40 values
INFO: Writing examples/ccx_2.16.test/pendel.02.vtk
INFO: Step 2, time 2.00e-05, U, 3 components, 40 values
INFO: Writing examples/ccx_2.16.test/pendel.03.vtk
INFO: Step 3, time 3.50e-05, U, 3 components, 40 values
INFO: Writing examples/ccx_2.16.test/pendel.04.vtk
INFO: Step 4, time 5.75e-05, U, 3 components, 40 values
INFO: Writing examples/ccx_2.16.test/pendel.05.vtk
INFO: Step 5, time 9.12e-05, U, 3 components, 40 values
INFO: Writing examples/ccx_2.16.test/pendel.06.vtk
INFO: Step 6, time 1.42e-04, U, 3 components, 40 values
INFO: Writing examples/ccx_2.16.test/pendel.07.vtk
INFO: Step 7, time 2.18e-04, U, 3 components, 40 values
INFO: Writing examples/ccx_2.16.test/pendel.08.vtk
INFO: Step 8, time 3.32e-04, U, 3 components, 40 values
INFO: Writing examples/ccx_2.16.test/pendel.09.vtk
INFO: Step 9, time 5.03e-04, U, 3 components, 40 values
INFO: Writing examples/ccx_2.16.test/pendel.10.vtk
INFO: Step 10, time 7.59e-04, U, 3 components, 40 values
INFO: Writing examples/ccx_2.16.test/pendel.11.vtk
INFO: Step 11, time 1.14e-03, U, 3 components, 40 values
INFO: Writing examples/ccx_2.16.test/pendel.12.vtk
INFO: Step 12, time 1.72e-03, U, 3 components, 40 values
INFO: Writing examples/ccx_2.16.test/pendel.13.vtk
INFO: Step 13, time 2.58e-03, U, 3 components, 40 values
INFO: Writing examples/ccx_2.16.test/pendel.14.vtk
INFO: Step 14, time 3.88e-03, U, 3 components, 40 values
INFO: Writing examples/ccx_2.16.test/pendel.15.vtk
INFO: Step 15, time 5.83e-03, U, 3 components, 40 values
INFO: Writing examples/ccx_2.16.test/pendel.16.vtk
INFO: Step 16, time 8.75e-03, U, 3 components, 40 values
INFO: Writing examples/ccx_2.16.test/pendel.17.vtk
INFO: Step 17, time 1.31e-02, U, 3 components, 40 values
INFO: Writing examples/ccx_2.16.test/pendel.18.vtk
INFO: Step 18, time 1.97e-02, U, 3 components, 40 values
INFO: Writing examples/ccx_2.16.test/pendel.19.vtk
INFO: Step 19, time 2.63e-02, U, 3 components, 40 values
INFO: Writing examples/ccx_2.16.test/pendel.20.vtk
INFO: Step 20, time 3.28e-02, U, 3 components, 40 values
INFO: Writing examples/ccx_2.16.test/pendel.21.vtk
INFO: Step 21, time 4.27e-02, U, 3 components, 40 values
INFO: Writing examples/ccx_2.16.test/pendel.22.vtk
INFO: Step 22, time 5.75e-02, U, 3 components, 40 values
INFO: Writing examples/ccx_2.16.test/pendel.23.vtk
INFO: Step 23, time 7.96e-02, U, 3 components, 40 values
INFO: Writing examples/ccx_2.16.test/pendel.24.vtk
INFO: Step 24, time 1.02e-01, U, 3 components, 40 values
INFO: Writing examples/ccx_2.16.test/pendel.25.vtk
INFO: Step 25, time 1.24e-01, U, 3 components, 40 values
INFO: Writing examples/ccx_2.16.test/pendel.26.vtk
INFO: Step 26, time 1.46e-01, U, 3 components, 40 values
INFO: Writing examples/ccx_2.16.test/pendel.27.vtk
INFO: Step 27, time 1.68e-01, U, 3 components, 40 values
INFO: Writing examples/ccx_2.16.test/pendel.28.vtk
INFO: Step 28, time 1.90e-01, U, 3 components, 40 values
INFO: Writing examples/ccx_2.16.test/pendel.29.vtk
INFO: Step 29, time 2.13e-01, U, 3 components, 40 values
INFO: Writing examples/ccx_2.16.test/pendel.30.vtk
INFO: Step 30, time 2.35e-01, U, 3 components, 40 values
INFO: Writing examples/ccx_2.16.test/pendel.31.vtk
INFO: Step 31, time 2.57e-01, U, 3 components, 40 values
INFO: Writing examples/ccx_2.16.test/pendel.32.vtk
INFO: Step 32, time 2.79e-01, U, 3 components, 40 values
INFO: Writing examples/ccx_2.16.test/pendel.33.vtk
INFO: Step 33, time 3.01e-01, U, 3 components, 40 values
INFO: Writing examples/ccx_2.16.test/pendel.34.vtk
INFO: Step 34, time 3.23e-01, U, 3 components, 40 values
INFO: Writing examples/ccx_2.16.test/pendel.35.vtk
INFO: Step 35, time 3.46e-01, U, 3 components, 40 values
INFO: Writing examples/ccx_2.16.test/pendel.36.vtk
INFO: Step 36, time 3.68e-01, U, 3 components, 40 values
INFO: Writing examples/ccx_2.16.test/pendel.37.vtk
INFO: Step 37, time 3.90e-01, U, 3 components, 40 values
INFO: Writing examples/ccx_2.16.test/pendel.38.vtk
INFO: Step 38, time 4.12e-01, U, 3 components, 40 values
INFO: Writing examples/ccx_2.16.test/pendel.39.vtk
INFO: Step 39, time 4.34e-01, U, 3 components, 40 values
INFO: Writing examples/ccx_2.16.test/pendel.40.vtk
INFO: Step 40, time 4.56e-01, U, 3 components, 40 values
INFO: Writing examples/ccx_2.16.test/pendel.41.vtk
INFO: Step 41, time 4.79e-01, U, 3 components, 40 values
INFO: Writing examples/ccx_2.16.test/pendel.42.vtk
INFO: Step 42, time 5.01e-01, U, 3 components, 40 values
INFO: Writing examples/ccx_2.16.test/pendel.43.vtk
INFO: Step 43, time 5.23e-01, U, 3 components, 40 values
INFO: Writing examples/ccx_2.16.test/pendel.44.vtk
INFO: Step 44, time 5.45e-01, U, 3 components, 40 values
INFO: Writing examples/ccx_2.16.test/pendel.45.vtk
INFO: Step 45, time 5.67e-01, U, 3 components, 40 values
INFO: Writing examples/ccx_2.16.test/pendel.46.vtk
INFO: Step 46, time 5.90e-01, U, 3 components, 40 values
INFO: Writing examples/ccx_2.16.test/pendel.47.vtk
INFO: Step 47, time 6.12e-01, U, 3 components, 40 values
INFO: Writing examples/ccx_2.16.test/pendel.48.vtk
INFO: Step 48, time 6.34e-01, U, 3 components, 40 values
INFO: Writing examples/ccx_2.16.test/pendel.49.vtk
INFO: Step 49, time 6.56e-01, U, 3 components, 40 values
INFO: Writing examples/ccx_2.16.test/pendel.50.vtk
INFO: Step 50, time 6.78e-01, U, 3 components, 40 values
INFO: Writing examples/ccx_2.16.test/pendel.51.vtk
INFO: Step 51, time 7.00e-01, U, 3 components, 40 values
INFO: Writing examples/ccx_2.16.test/pendel.52.vtk
INFO: Step 52, time 7.23e-01, U, 3 components, 40 values
INFO: Writing examples/ccx_2.16.test/pendel.53.vtk
INFO: Step 53, time 7.45e-01, U, 3 components, 40 values
INFO: Writing examples/ccx_2.16.test/pendel.54.vtk
INFO: Step 54, time 7.67e-01, U, 3 components, 40 values
INFO: Writing examples/ccx_2.16.test/pendel.55.vtk
INFO: Step 55, time 7.89e-01, U, 3 components, 40 values
INFO: Writing examples/ccx_2.16.test/pendel.56.vtk
INFO: Step 56, time 8.11e-01, U, 3 components, 40 values
INFO: Writing examples/ccx_2.16.test/pendel.57.vtk
INFO: Step 57, time 8.33e-01, U, 3 components, 40 values
INFO: Writing examples/ccx_2.16.test/pendel.58.vtk
INFO: Step 58, time 8.56e-01, U, 3 components, 40 values
INFO: Writing examples/ccx_2.16.test/pendel.59.vtk
INFO: Step 59, time 8.78e-01, U, 3 components, 40 values
INFO: Writing examples/ccx_2.16.test/pendel.60.vtk
INFO: Step 60, time 9.00e-01, U, 3 components, 40 values
INFO: Writing examples/ccx_2.16.test/pendel.61.vtk
INFO: Step 61, time 9.22e-01, U, 3 components, 40 values
INFO: Writing examples/ccx_2.16.test/pendel.62.vtk
INFO: Step 62, time 9.44e-01, U, 3 components, 40 values
INFO: Writing examples/ccx_2.16.test/pendel.63.vtk
INFO: Step 63, time 9.66e-01, U, 3 components, 40 values
INFO: Writing examples/ccx_2.16.test/pendel.64.vtk
INFO: Step 64, time 9.89e-01, U, 3 components, 40 values
INFO: Writing examples/ccx_2.16.test/pendel.65.vtk
INFO: Step 65, time 1.0, U, 3 components, 40 values

==================================================
INFO: Parsing examples/ccx_2.16.test/pendel.frd
INFO: 40 nodes
INFO: 2 cells
INFO: Step 1, time 1.00e-05, U, 3 components, 40 values
INFO: Step 2, time 2.00e-05, U, 3 components, 40 values
INFO: Step 3, time 3.50e-05, U, 3 components, 40 values
INFO: Step 4, time 5.75e-05, U, 3 components, 40 values
INFO: Step 5, time 9.12e-05, U, 3 components, 40 values
INFO: Step 6, time 1.42e-04, U, 3 components, 40 values
INFO: Step 7, time 2.18e-04, U, 3 components, 40 values
INFO: Step 8, time 3.32e-04, U, 3 components, 40 values
INFO: Step 9, time 5.03e-04, U, 3 components, 40 values
INFO: Step 10, time 7.59e-04, U, 3 components, 40 values
INFO: Step 11, time 1.14e-03, U, 3 components, 40 values
INFO: Step 12, time 1.72e-03, U, 3 components, 40 values
INFO: Step 13, time 2.58e-03, U, 3 components, 40 values
INFO: Step 14, time 3.88e-03, U, 3 components, 40 values
INFO: Step 15, time 5.83e-03, U, 3 components, 40 values
INFO: Step 16, time 8.75e-03, U, 3 components, 40 values
INFO: Step 17, time 1.31e-02, U, 3 components, 40 values
INFO: Step 18, time 1.97e-02, U, 3 components, 40 values
INFO: Step 19, time 2.63e-02, U, 3 components, 40 values
INFO: Step 20, time 3.28e-02, U, 3 components, 40 values
INFO: Step 21, time 4.27e-02, U, 3 components, 40 values
INFO: Step 22, time 5.75e-02, U, 3 components, 40 values
INFO: Step 23, time 7.96e-02, U, 3 components, 40 values
INFO: Step 24, time 1.02e-01, U, 3 components, 40 values
INFO: Step 25, time 1.24e-01, U, 3 components, 40 values
INFO: Step 26, time 1.46e-01, U, 3 components, 40 values
INFO: Step 27, time 1.68e-01, U, 3 components, 40 values
INFO: Step 28, time 1.90e-01, U, 3 components, 40 values
INFO: Step 29, time 2.13e-01, U, 3 components, 40 values
INFO: Step 30, time 2.35e-01, U, 3 components, 40 values
INFO: Step 31, time 2.57e-01, U, 3 components, 40 values
INFO: Step 32, time 2.79e-01, U, 3 components, 40 values
INFO: Step 33, time 3.01e-01, U, 3 components, 40 values
INFO: Step 34, time 3.23e-01, U, 3 components, 40 values
INFO: Step 35, time 3.46e-01, U, 3 components, 40 values
INFO: Step 36, time 3.68e-01, U, 3 components, 40 values
INFO: Step 37, time 3.90e-01, U, 3 components, 40 values
INFO: Step 38, time 4.12e-01, U, 3 components, 40 values
INFO: Step 39, time 4.34e-01, U, 3 components, 40 values
INFO: Step 40, time 4.56e-01, U, 3 components, 40 values
INFO: Step 41, time 4.79e-01, U, 3 components, 40 values
INFO: Step 42, time 5.01e-01, U, 3 components, 40 values
INFO: Step 43, time 5.23e-01, U, 3 components, 40 values
INFO: Step 44, time 5.45e-01, U, 3 components, 40 values
INFO: Step 45, time 5.67e-01, U, 3 components, 40 values
INFO: Step 46, time 5.90e-01, U, 3 components, 40 values
INFO: Step 47, time 6.12e-01, U, 3 components, 40 values
INFO: Step 48, time 6.34e-01, U, 3 components, 40 values
INFO: Step 49, time 6.56e-01, U, 3 components, 40 values
INFO: Step 50, time 6.78e-01, U, 3 components, 40 values
INFO: Step 51, time 7.00e-01, U, 3 components, 40 values
INFO: Step 52, time 7.23e-01, U, 3 components, 40 values
INFO: Step 53, time 7.45e-01, U, 3 components, 40 values
INFO: Step 54, time 7.67e-01, U, 3 components, 40 values
INFO: Step 55, time 7.89e-01, U, 3 components, 40 values
INFO: Step 56, time 8.11e-01, U, 3 components, 40 values
INFO: Step 57, time 8.33e-01, U, 3 components, 40 values
INFO: Step 58, time 8.56e-01, U, 3 components, 40 values
INFO: Step 59, time 8.78e-01, U, 3 components, 40 values
INFO: Step 60, time 9.00e-01, U, 3 components, 40 values
INFO: Step 61, time 9.22e-01, U, 3 components, 40 values
INFO: Step 62, time 9.44e-01, U, 3 components, 40 values
INFO: Step 63, time 9.66e-01, U, 3 components, 40 values
INFO: Step 64, time 9.89e-01, U, 3 components, 40 values
INFO: Step 65, time 1.0, U, 3 components, 40 values
INFO: 65 time increments
INFO: Writing examples/ccx_2.16.test/pendel.01.vtu
INFO: Step 1, time 1.00e-05, U, 3 components, 40 values
INFO: Writing examples/ccx_2.16.test/pendel.02.vtu
INFO: Step 2, time 2.00e-05, U, 3 components, 40 values
INFO: Writing examples/ccx_2.16.test/pendel.03.vtu
INFO: Step 3, time 3.50e-05, U, 3 components, 40 values
INFO: Writing examples/ccx_2.16.test/pendel.04.vtu
INFO: Step 4, time 5.75e-05, U, 3 components, 40 values
INFO: Writing examples/ccx_2.16.test/pendel.05.vtu
INFO: Step 5, time 9.12e-05, U, 3 components, 40 values
INFO: Writing examples/ccx_2.16.test/pendel.06.vtu
INFO: Step 6, time 1.42e-04, U, 3 components, 40 values
INFO: Writing examples/ccx_2.16.test/pendel.07.vtu
INFO: Step 7, time 2.18e-04, U, 3 components, 40 values
INFO: Writing examples/ccx_2.16.test/pendel.08.vtu
INFO: Step 8, time 3.32e-04, U, 3 components, 40 values
INFO: Writing examples/ccx_2.16.test/pendel.09.vtu
INFO: Step 9, time 5.03e-04, U, 3 components, 40 values
INFO: Writing examples/ccx_2.16.test/pendel.10.vtu
INFO: Step 10, time 7.59e-04, U, 3 components, 40 values
INFO: Writing examples/ccx_2.16.test/pendel.11.vtu
INFO: Step 11, time 1.14e-03, U, 3 components, 40 values
INFO: Writing examples/ccx_2.16.test/pendel.12.vtu
INFO: Step 12, time 1.72e-03, U, 3 components, 40 values
INFO: Writing examples/ccx_2.16.test/pendel.13.vtu
INFO: Step 13, time 2.58e-03, U, 3 components, 40 values
INFO: Writing examples/ccx_2.16.test/pendel.14.vtu
INFO: Step 14, time 3.88e-03, U, 3 components, 40 values
INFO: Writing examples/ccx_2.16.test/pendel.15.vtu
INFO: Step 15, time 5.83e-03, U, 3 components, 40 values
INFO: Writing examples/ccx_2.16.test/pendel.16.vtu
INFO: Step 16, time 8.75e-03, U, 3 components, 40 values
INFO: Writing examples/ccx_2.16.test/pendel.17.vtu
INFO: Step 17, time 1.31e-02, U, 3 components, 40 values
INFO: Writing examples/ccx_2.16.test/pendel.18.vtu
INFO: Step 18, time 1.97e-02, U, 3 components, 40 values
INFO: Writing examples/ccx_2.16.test/pendel.19.vtu
INFO: Step 19, time 2.63e-02, U, 3 components, 40 values
INFO: Writing examples/ccx_2.16.test/pendel.20.vtu
INFO: Step 20, time 3.28e-02, U, 3 components, 40 values
INFO: Writing examples/ccx_2.16.test/pendel.21.vtu
INFO: Step 21, time 4.27e-02, U, 3 components, 40 values
INFO: Writing examples/ccx_2.16.test/pendel.22.vtu
INFO: Step 22, time 5.75e-02, U, 3 components, 40 values
INFO: Writing examples/ccx_2.16.test/pendel.23.vtu
INFO: Step 23, time 7.96e-02, U, 3 components, 40 values
INFO: Writing examples/ccx_2.16.test/pendel.24.vtu
INFO: Step 24, time 1.02e-01, U, 3 components, 40 values
INFO: Writing examples/ccx_2.16.test/pendel.25.vtu
INFO: Step 25, time 1.24e-01, U, 3 components, 40 values
INFO: Writing examples/ccx_2.16.test/pendel.26.vtu
INFO: Step 26, time 1.46e-01, U, 3 components, 40 values
INFO: Writing examples/ccx_2.16.test/pendel.27.vtu
INFO: Step 27, time 1.68e-01, U, 3 components, 40 values
INFO: Writing examples/ccx_2.16.test/pendel.28.vtu
INFO: Step 28, time 1.90e-01, U, 3 components, 40 values
INFO: Writing examples/ccx_2.16.test/pendel.29.vtu
INFO: Step 29, time 2.13e-01, U, 3 components, 40 values
INFO: Writing examples/ccx_2.16.test/pendel.30.vtu
INFO: Step 30, time 2.35e-01, U, 3 components, 40 values
INFO: Writing examples/ccx_2.16.test/pendel.31.vtu
INFO: Step 31, time 2.57e-01, U, 3 components, 40 values
INFO: Writing examples/ccx_2.16.test/pendel.32.vtu
INFO: Step 32, time 2.79e-01, U, 3 components, 40 values
INFO: Writing examples/ccx_2.16.test/pendel.33.vtu
INFO: Step 33, time 3.01e-01, U, 3 components, 40 values
INFO: Writing examples/ccx_2.16.test/pendel.34.vtu
INFO: Step 34, time 3.23e-01, U, 3 components, 40 values
INFO: Writing examples/ccx_2.16.test/pendel.35.vtu
INFO: Step 35, time 3.46e-01, U, 3 components, 40 values
INFO: Writing examples/ccx_2.16.test/pendel.36.vtu
INFO: Step 36, time 3.68e-01, U, 3 components, 40 values
INFO: Writing examples/ccx_2.16.test/pendel.37.vtu
INFO: Step 37, time 3.90e-01, U, 3 components, 40 values
INFO: Writing examples/ccx_2.16.test/pendel.38.vtu
INFO: Step 38, time 4.12e-01, U, 3 components, 40 values
INFO: Writing examples/ccx_2.16.test/pendel.39.vtu
INFO: Step 39, time 4.34e-01, U, 3 components, 40 values
INFO: Writing examples/ccx_2.16.test/pendel.40.vtu
INFO: Step 40, time 4.56e-01, U, 3 components, 40 values
INFO: Writing examples/ccx_2.16.test/pendel.41.vtu
INFO: Step 41, time 4.79e-01, U, 3 components, 40 values
INFO: Writing examples/ccx_2.16.test/pendel.42.vtu
INFO: Step 42, time 5.01e-01, U, 3 components, 40 values
INFO: Writing examples/ccx_2.16.test/pendel.43.vtu
INFO: Step 43, time 5.23e-01, U, 3 components, 40 values
INFO: Writing examples/ccx_2.16.test/pendel.44.vtu
INFO: Step 44, time 5.45e-01, U, 3 components, 40 values
INFO: Writing examples/ccx_2.16.test/pendel.45.vtu
INFO: Step 45, time 5.67e-01, U, 3 components, 40 values
INFO: Writing examples/ccx_2.16.test/pendel.46.vtu
INFO: Step 46, time 5.90e-01, U, 3 components, 40 values
INFO: Writing examples/ccx_2.16.test/pendel.47.vtu
INFO: Step 47, time 6.12e-01, U, 3 components, 40 values
INFO: Writing examples/ccx_2.16.test/pendel.48.vtu
INFO: Step 48, time 6.34e-01, U, 3 components, 40 values
INFO: Writing examples/ccx_2.16.test/pendel.49.vtu
INFO: Step 49, time 6.56e-01, U, 3 components, 40 values
INFO: Writing examples/ccx_2.16.test/pendel.50.vtu
INFO: Step 50, time 6.78e-01, U, 3 components, 40 values
INFO: Writing examples/ccx_2.16.test/pendel.51.vtu
INFO: Step 51, time 7.00e-01, U, 3 components, 40 values
INFO: Writing examples/ccx_2.16.test/pendel.52.vtu
INFO: Step 52, time 7.23e-01, U, 3 components, 40 values
INFO: Writing examples/ccx_2.16.test/pendel.53.vtu
INFO: Step 53, time 7.45e-01, U, 3 components, 40 values
INFO: Writing examples/ccx_2.16.test/pendel.54.vtu
INFO: Step 54, time 7.67e-01, U, 3 components, 40 values
INFO: Writing examples/ccx_2.16.test/pendel.55.vtu
INFO: Step 55, time 7.89e-01, U, 3 components, 40 values
INFO: Writing examples/ccx_2.16.test/pendel.56.vtu
INFO: Step 56, time 8.11e-01, U, 3 components, 40 values
INFO: Writing examples/ccx_2.16.test/pendel.57.vtu
INFO: Step 57, time 8.33e-01, U, 3 components, 40 values
INFO: Writing examples/ccx_2.16.test/pendel.58.vtu
INFO: Step 58, time 8.56e-01, U, 3 components, 40 values
INFO: Writing examples/ccx_2.16.test/pendel.59.vtu
INFO: Step 59, time 8.78e-01, U, 3 components, 40 values
INFO: Writing examples/ccx_2.16.test/pendel.60.vtu
INFO: Step 60, time 9.00e-01, U, 3 components, 40 values
INFO: Writing examples/ccx_2.16.test/pendel.61.vtu
INFO: Step 61, time 9.22e-01, U, 3 components, 40 values
INFO: Writing examples/ccx_2.16.test/pendel.62.vtu
INFO: Step 62, time 9.44e-01, U, 3 components, 40 values
INFO: Writing examples/ccx_2.16.test/pendel.63.vtu
INFO: Step 63, time 9.66e-01, U, 3 components, 40 values
INFO: Writing examples/ccx_2.16.test/pendel.64.vtu
INFO: Step 64, time 9.89e-01, U, 3 components, 40 values
INFO: Writing examples/ccx_2.16.test/pendel.65.vtu
INFO: Step 65, time 1.0, U, 3 components, 40 values

==================================================
INFO: Parsing examples/ccx_2.16.test/pipe.frd
INFO: 25 nodes
INFO: 13 cells
WARNING: No time increments!

==================================================
INFO: Parsing examples/ccx_2.16.test/pipe.frd
INFO: 25 nodes
INFO: 13 cells
WARNING: No time increments!

==================================================
INFO: Parsing examples/ccx_2.16.test/pipe2.frd
INFO: 9 nodes
INFO: 5 cells
INFO: Step 1, time 1.0, MAFLOW, 1 components, 9 values
INFO: Step 1, time 1.0, TOPRES, 1 components, 9 values
INFO: 1 time increment
INFO: Writing examples/ccx_2.16.test/pipe2.vtk
INFO: Step 1, time 1.0, MAFLOW, 1 components, 9 values
INFO: Step 1, time 1.0, TOPRES, 1 components, 9 values

==================================================
INFO: Parsing examples/ccx_2.16.test/pipe2.frd
INFO: 9 nodes
INFO: 5 cells
INFO: Step 1, time 1.0, MAFLOW, 1 components, 9 values
INFO: Step 1, time 1.0, TOPRES, 1 components, 9 values
INFO: 1 time increment
INFO: Writing examples/ccx_2.16.test/pipe2.vtu
INFO: Step 1, time 1.0, MAFLOW, 1 components, 9 values
INFO: Step 1, time 1.0, TOPRES, 1 components, 9 values

==================================================
INFO: Parsing examples/ccx_2.16.test/pipempc1.frd
INFO: 8 nodes
INFO: 5 cells
WARNING: No time increments!

==================================================
INFO: Parsing examples/ccx_2.16.test/pipempc1.frd
INFO: 8 nodes
INFO: 5 cells
WARNING: No time increments!

==================================================
INFO: Parsing examples/ccx_2.16.test/pipempc2.frd
INFO: 8 nodes
INFO: 5 cells
WARNING: No time increments!

==================================================
INFO: Parsing examples/ccx_2.16.test/pipempc2.frd
INFO: 8 nodes
INFO: 5 cells
WARNING: No time increments!

==================================================
INFO: Parsing examples/ccx_2.16.test/pipempc3.frd
INFO: 12 nodes
INFO: 7 cells
WARNING: No time increments!

==================================================
INFO: Parsing examples/ccx_2.16.test/pipempc3.frd
INFO: 12 nodes
INFO: 7 cells
WARNING: No time increments!

==================================================
INFO: Parsing examples/ccx_2.16.test/piperestrictor.frd
INFO: 25 nodes
INFO: 13 cells
WARNING: No time increments!

==================================================
INFO: Parsing examples/ccx_2.16.test/piperestrictor.frd
INFO: 25 nodes
INFO: 13 cells
WARNING: No time increments!

==================================================
INFO: Parsing examples/ccx_2.16.test/planestrain.frd
INFO: 8 nodes
INFO: 1 cells
INFO: Step 1, time 1.0, U, 3 components, 8 values
INFO: Step 1, time 1.0, S, 10 components, 8 values
INFO: Step 1, time 1.0, RF, 3 components, 8 values
INFO: 1 time increment
INFO: Writing examples/ccx_2.16.test/planestrain.vtk
INFO: Step 1, time 1.0, U, 3 components, 8 values
INFO: Step 1, time 1.0, S, 10 components, 8 values
INFO: Step 1, time 1.0, RF, 3 components, 8 values

==================================================
INFO: Parsing examples/ccx_2.16.test/planestrain.frd
INFO: 8 nodes
INFO: 1 cells
INFO: Step 1, time 1.0, U, 3 components, 8 values
INFO: Step 1, time 1.0, S, 10 components, 8 values
INFO: Step 1, time 1.0, RF, 3 components, 8 values
INFO: 1 time increment
INFO: Writing examples/ccx_2.16.test/planestrain.vtu
INFO: Step 1, time 1.0, U, 3 components, 8 values
INFO: Step 1, time 1.0, S, 10 components, 8 values
INFO: Step 1, time 1.0, RF, 3 components, 8 values

==================================================
INFO: Parsing examples/ccx_2.16.test/planestrain2.frd
INFO: 20 nodes
INFO: 1 cells
INFO: Step 1, time 1.0, U, 3 components, 20 values
INFO: Step 1, time 1.0, S, 10 components, 20 values
INFO: Step 1, time 1.0, E, 10 components, 20 values
INFO: Step 1, time 1.0, RF, 3 components, 20 values
INFO: 1 time increment
INFO: Writing examples/ccx_2.16.test/planestrain2.vtk
INFO: Step 1, time 1.0, U, 3 components, 20 values
INFO: Step 1, time 1.0, S, 10 components, 20 values
INFO: Step 1, time 1.0, E, 10 components, 20 values
INFO: Step 1, time 1.0, RF, 3 components, 20 values

==================================================
INFO: Parsing examples/ccx_2.16.test/planestrain2.frd
INFO: 20 nodes
INFO: 1 cells
INFO: Step 1, time 1.0, U, 3 components, 20 values
INFO: Step 1, time 1.0, S, 10 components, 20 values
INFO: Step 1, time 1.0, E, 10 components, 20 values
INFO: Step 1, time 1.0, RF, 3 components, 20 values
INFO: 1 time increment
INFO: Writing examples/ccx_2.16.test/planestrain2.vtu
INFO: Step 1, time 1.0, U, 3 components, 20 values
INFO: Step 1, time 1.0, S, 10 components, 20 values
INFO: Step 1, time 1.0, E, 10 components, 20 values
INFO: Step 1, time 1.0, RF, 3 components, 20 values

==================================================
INFO: Parsing examples/ccx_2.16.test/planestress.frd
INFO: 21 nodes
INFO: 4 cells
WARNING: No time increments!

==================================================
INFO: Parsing examples/ccx_2.16.test/planestress.frd
INFO: 21 nodes
INFO: 4 cells
WARNING: No time increments!

==================================================
INFO: Parsing examples/ccx_2.16.test/planestress2.frd
INFO: 21 nodes
INFO: 4 cells
WARNING: No time increments!

==================================================
INFO: Parsing examples/ccx_2.16.test/planestress2.frd
INFO: 21 nodes
INFO: 4 cells
WARNING: No time increments!

==================================================
INFO: Parsing examples/ccx_2.16.test/planestress3.frd
INFO: 9 nodes
INFO: 4 cells
INFO: Step 1, time 1.0, U, 3 components, 9 values
INFO: 1 time increment
INFO: Writing examples/ccx_2.16.test/planestress3.vtk
INFO: Step 1, time 1.0, U, 3 components, 9 values

==================================================
INFO: Parsing examples/ccx_2.16.test/planestress3.frd
INFO: 9 nodes
INFO: 4 cells
INFO: Step 1, time 1.0, U, 3 components, 9 values
INFO: 1 time increment
INFO: Writing examples/ccx_2.16.test/planestress3.vtu
INFO: Step 1, time 1.0, U, 3 components, 9 values

==================================================
INFO: Parsing examples/ccx_2.16.test/planestress3dsens.frd
INFO: 18 nodes
INFO: 4 cells
INFO: Step 1, time 1.0, U, 3 components, 18 values
INFO: Step 1, time 1.0, S, 10 components, 18 values
INFO: Step 1, time 1.0, ERROR, 1 components, 18 values
INFO: Step 2, time 0.00e+00, NORM, 3 components, 18 values
INFO: Step 3, time 0.00e+00, SENENER, 2 components, 18 values
INFO: 2 time increments
INFO: Writing examples/ccx_2.16.test/planestress3dsens.1.vtk
INFO: Step 2, time 0.00e+00, NORM, 3 components, 18 values
INFO: Step 3, time 0.00e+00, SENENER, 2 components, 18 values
INFO: Writing examples/ccx_2.16.test/planestress3dsens.2.vtk
INFO: Step 1, time 1.0, U, 3 components, 18 values
INFO: Step 1, time 1.0, S, 10 components, 18 values
INFO: Step 1, time 1.0, ERROR, 1 components, 18 values

==================================================
INFO: Parsing examples/ccx_2.16.test/planestress3dsens.frd
INFO: 18 nodes
INFO: 4 cells
INFO: Step 1, time 1.0, U, 3 components, 18 values
INFO: Step 1, time 1.0, S, 10 components, 18 values
INFO: Step 1, time 1.0, ERROR, 1 components, 18 values
INFO: Step 2, time 0.00e+00, NORM, 3 components, 18 values
INFO: Step 3, time 0.00e+00, SENENER, 2 components, 18 values
INFO: 2 time increments
INFO: Writing examples/ccx_2.16.test/planestress3dsens.1.vtu
INFO: Step 2, time 0.00e+00, NORM, 3 components, 18 values
INFO: Step 3, time 0.00e+00, SENENER, 2 components, 18 values
INFO: Writing examples/ccx_2.16.test/planestress3dsens.2.vtu
INFO: Step 1, time 1.0, U, 3 components, 18 values
INFO: Step 1, time 1.0, S, 10 components, 18 values
INFO: Step 1, time 1.0, ERROR, 1 components, 18 values

==================================================
INFO: Parsing examples/ccx_2.16.test/planestress4.frd
INFO: 51 nodes
INFO: 4 cells
INFO: Step 1, time 1.0, U, 3 components, 51 values
INFO: Step 1, time 1.0, S, 10 components, 51 values
INFO: 1 time increment
INFO: Writing examples/ccx_2.16.test/planestress4.vtk
INFO: Step 1, time 1.0, U, 3 components, 51 values
INFO: Step 1, time 1.0, S, 10 components, 51 values

==================================================
INFO: Parsing examples/ccx_2.16.test/planestress4.frd
INFO: 51 nodes
INFO: 4 cells
INFO: Step 1, time 1.0, U, 3 components, 51 values
INFO: Step 1, time 1.0, S, 10 components, 51 values
INFO: 1 time increment
INFO: Writing examples/ccx_2.16.test/planestress4.vtu
INFO: Step 1, time 1.0, U, 3 components, 51 values
INFO: Step 1, time 1.0, S, 10 components, 51 values

==================================================
INFO: Parsing examples/ccx_2.16.test/planestressquadsens.frd
INFO: 51 nodes
INFO: 4 cells
INFO: Step 1, time 1.0, U, 3 components, 51 values
INFO: Step 1, time 1.0, S, 10 components, 51 values
INFO: Step 1, time 1.0, ERROR, 1 components, 51 values
INFO: Step 2, time 0.00e+00, NORM, 3 components, 51 values
INFO: Step 3, time 0.00e+00, SENENER, 2 components, 51 values
INFO: 2 time increments
INFO: Writing examples/ccx_2.16.test/planestressquadsens.1.vtk
INFO: Step 2, time 0.00e+00, NORM, 3 components, 51 values
INFO: Step 3, time 0.00e+00, SENENER, 2 components, 51 values
INFO: Writing examples/ccx_2.16.test/planestressquadsens.2.vtk
INFO: Step 1, time 1.0, U, 3 components, 51 values
INFO: Step 1, time 1.0, S, 10 components, 51 values
INFO: Step 1, time 1.0, ERROR, 1 components, 51 values

==================================================
INFO: Parsing examples/ccx_2.16.test/planestressquadsens.frd
INFO: 51 nodes
INFO: 4 cells
INFO: Step 1, time 1.0, U, 3 components, 51 values
INFO: Step 1, time 1.0, S, 10 components, 51 values
INFO: Step 1, time 1.0, ERROR, 1 components, 51 values
INFO: Step 2, time 0.00e+00, NORM, 3 components, 51 values
INFO: Step 3, time 0.00e+00, SENENER, 2 components, 51 values
INFO: 2 time increments
INFO: Writing examples/ccx_2.16.test/planestressquadsens.1.vtu
INFO: Step 2, time 0.00e+00, NORM, 3 components, 51 values
INFO: Step 3, time 0.00e+00, SENENER, 2 components, 51 values
INFO: Writing examples/ccx_2.16.test/planestressquadsens.2.vtu
INFO: Step 1, time 1.0, U, 3 components, 51 values
INFO: Step 1, time 1.0, S, 10 components, 51 values
INFO: Step 1, time 1.0, ERROR, 1 components, 51 values

==================================================
INFO: Parsing examples/ccx_2.16.test/planestresssens.frd
INFO: 18 nodes
INFO: 4 cells
INFO: Step 1, time 1.0, U, 3 components, 18 values
INFO: Step 1, time 1.0, S, 10 components, 18 values
INFO: Step 1, time 1.0, ERROR, 1 components, 18 values
INFO: Step 2, time 0.00e+00, NORM, 3 components, 18 values
INFO: Step 3, time 0.00e+00, SENENER, 2 components, 18 values
INFO: 2 time increments
INFO: Writing examples/ccx_2.16.test/planestresssens.1.vtk
INFO: Step 2, time 0.00e+00, NORM, 3 components, 18 values
INFO: Step 3, time 0.00e+00, SENENER, 2 components, 18 values
INFO: Writing examples/ccx_2.16.test/planestresssens.2.vtk
INFO: Step 1, time 1.0, U, 3 components, 18 values
INFO: Step 1, time 1.0, S, 10 components, 18 values
INFO: Step 1, time 1.0, ERROR, 1 components, 18 values

==================================================
INFO: Parsing examples/ccx_2.16.test/planestresssens.frd
INFO: 18 nodes
INFO: 4 cells
INFO: Step 1, time 1.0, U, 3 components, 18 values
INFO: Step 1, time 1.0, S, 10 components, 18 values
INFO: Step 1, time 1.0, ERROR, 1 components, 18 values
INFO: Step 2, time 0.00e+00, NORM, 3 components, 18 values
INFO: Step 3, time 0.00e+00, SENENER, 2 components, 18 values
INFO: 2 time increments
INFO: Writing examples/ccx_2.16.test/planestresssens.1.vtu
INFO: Step 2, time 0.00e+00, NORM, 3 components, 18 values
INFO: Step 3, time 0.00e+00, SENENER, 2 components, 18 values
INFO: Writing examples/ccx_2.16.test/planestresssens.2.vtu
INFO: Step 1, time 1.0, U, 3 components, 18 values
INFO: Step 1, time 1.0, S, 10 components, 18 values
INFO: Step 1, time 1.0, ERROR, 1 components, 18 values

==================================================
INFO: Parsing examples/ccx_2.16.test/plate.frd
INFO: 16 nodes
INFO: 2 cells
WARNING: No time increments!

==================================================
INFO: Parsing examples/ccx_2.16.test/plate.frd
INFO: 16 nodes
INFO: 2 cells
WARNING: No time increments!

==================================================
INFO: Parsing examples/ccx_2.16.test/poi2d.frd
INFO: 462 nodes
INFO: 200 cells
WARNING: No time increments!

==================================================
INFO: Parsing examples/ccx_2.16.test/poi2d.frd
INFO: 462 nodes
INFO: 200 cells
WARNING: No time increments!

==================================================
INFO: Parsing examples/ccx_2.16.test/poi2d2.frd
INFO: 462 nodes
INFO: 200 cells
WARNING: No time increments!

==================================================
INFO: Parsing examples/ccx_2.16.test/poi2d2.frd
INFO: 462 nodes
INFO: 200 cells
WARNING: No time increments!

==================================================
INFO: Parsing examples/ccx_2.16.test/potied.frd
INFO: 461 nodes
INFO: 61 cells
WARNING: No time increments!

==================================================
INFO: Parsing examples/ccx_2.16.test/potied.frd
INFO: 461 nodes
INFO: 61 cells
WARNING: No time increments!

==================================================
INFO: Parsing examples/ccx_2.16.test/pret1.frd
INFO: 168 nodes
INFO: 14 cells
INFO: Step 1, time 1.0, NT, 1 components, 168 values
INFO: 1 time increment
INFO: Writing examples/ccx_2.16.test/pret1.vtk
INFO: Step 1, time 1.0, NT, 1 components, 168 values

==================================================
INFO: Parsing examples/ccx_2.16.test/pret1.frd
INFO: 168 nodes
INFO: 14 cells
INFO: Step 1, time 1.0, NT, 1 components, 168 values
INFO: 1 time increment
INFO: Writing examples/ccx_2.16.test/pret1.vtu
INFO: Step 1, time 1.0, NT, 1 components, 168 values

==================================================
INFO: Parsing examples/ccx_2.16.test/pret2.frd
INFO: 16 nodes
INFO: 2 cells
WARNING: No time increments!

==================================================
INFO: Parsing examples/ccx_2.16.test/pret2.frd
INFO: 16 nodes
INFO: 2 cells
WARNING: No time increments!

==================================================
INFO: Parsing examples/ccx_2.16.test/pret3.frd
INFO: 96 nodes
INFO: 8 cells
WARNING: No time increments!

==================================================
INFO: Parsing examples/ccx_2.16.test/pret3.frd
INFO: 96 nodes
INFO: 8 cells
WARNING: No time increments!

==================================================
INFO: Parsing examples/ccx_2.16.test/pret4.frd
INFO: 168 nodes
INFO: 14 cells
INFO: Step 1, time 1.0, U, 3 components, 168 values
INFO: 1 time increment
INFO: Writing examples/ccx_2.16.test/pret4.vtk
INFO: Step 1, time 1.0, U, 3 components, 168 values

==================================================
INFO: Parsing examples/ccx_2.16.test/pret4.frd
INFO: 168 nodes
INFO: 14 cells
INFO: Step 1, time 1.0, U, 3 components, 168 values
INFO: 1 time increment
INFO: Writing examples/ccx_2.16.test/pret4.vtu
INFO: Step 1, time 1.0, U, 3 components, 168 values

==================================================
INFO: Parsing examples/ccx_2.16.test/pret5.frd
INFO: 16 nodes
INFO: 2 cells
INFO: Step 1, time 1.0, U, 3 components, 16 values
INFO: Step 1, time 1.0, S, 10 components, 16 values
INFO: 1 time increment
INFO: Writing examples/ccx_2.16.test/pret5.vtk
INFO: Step 1, time 1.0, U, 3 components, 16 values
INFO: Step 1, time 1.0, S, 10 components, 16 values

==================================================
INFO: Parsing examples/ccx_2.16.test/pret5.frd
INFO: 16 nodes
INFO: 2 cells
INFO: Step 1, time 1.0, U, 3 components, 16 values
INFO: Step 1, time 1.0, S, 10 components, 16 values
INFO: 1 time increment
INFO: Writing examples/ccx_2.16.test/pret5.vtu
INFO: Step 1, time 1.0, U, 3 components, 16 values
INFO: Step 1, time 1.0, S, 10 components, 16 values

==================================================
INFO: Parsing examples/ccx_2.16.test/pret6.frd
INFO: 40 nodes
INFO: 2 cells
INFO: Step 1, time 1.0, U, 3 components, 40 values
INFO: Step 1, time 1.0, S, 10 components, 40 values
INFO: 1 time increment
INFO: Writing examples/ccx_2.16.test/pret6.vtk
INFO: Step 1, time 1.0, U, 3 components, 40 values
INFO: Step 1, time 1.0, S, 10 components, 40 values

==================================================
INFO: Parsing examples/ccx_2.16.test/pret6.frd
INFO: 40 nodes
INFO: 2 cells
INFO: Step 1, time 1.0, U, 3 components, 40 values
INFO: Step 1, time 1.0, S, 10 components, 40 values
INFO: 1 time increment
INFO: Writing examples/ccx_2.16.test/pret6.vtu
INFO: Step 1, time 1.0, U, 3 components, 40 values
INFO: Step 1, time 1.0, S, 10 components, 40 values

==================================================
INFO: Parsing examples/ccx_2.16.test/pret7.frd
INFO: 40 nodes
INFO: 2 cells
WARNING: No time increments!

==================================================
INFO: Parsing examples/ccx_2.16.test/pret7.frd
INFO: 40 nodes
INFO: 2 cells
WARNING: No time increments!

==================================================
INFO: Parsing examples/ccx_2.16.test/primaryair.frd
INFO: 13 nodes
INFO: 7 cells
INFO: Step 1, time 1.0, TOTEMP, 1 components, 13 values
INFO: Step 1, time 1.0, MAFLOW, 1 components, 13 values
INFO: Step 1, time 1.0, TOPRES, 1 components, 13 values
INFO: 1 time increment
INFO: Writing examples/ccx_2.16.test/primaryair.vtk
INFO: Step 1, time 1.0, TOTEMP, 1 components, 13 values
INFO: Step 1, time 1.0, MAFLOW, 1 components, 13 values
INFO: Step 1, time 1.0, TOPRES, 1 components, 13 values

==================================================
INFO: Parsing examples/ccx_2.16.test/primaryair.frd
INFO: 13 nodes
INFO: 7 cells
INFO: Step 1, time 1.0, TOTEMP, 1 components, 13 values
INFO: Step 1, time 1.0, MAFLOW, 1 components, 13 values
INFO: Step 1, time 1.0, TOPRES, 1 components, 13 values
INFO: 1 time increment
INFO: Writing examples/ccx_2.16.test/primaryair.vtu
INFO: Step 1, time 1.0, TOTEMP, 1 components, 13 values
INFO: Step 1, time 1.0, MAFLOW, 1 components, 13 values
INFO: Step 1, time 1.0, TOPRES, 1 components, 13 values

==================================================
INFO: Parsing examples/ccx_2.16.test/punch1.frd
INFO: 416 nodes
INFO: 54 cells
WARNING: No time increments!

==================================================
INFO: Parsing examples/ccx_2.16.test/punch1.frd
INFO: 416 nodes
INFO: 54 cells
WARNING: No time increments!

==================================================
INFO: Parsing examples/ccx_2.16.test/punch2.frd
INFO: 416 nodes
INFO: 54 cells
WARNING: No time increments!

==================================================
INFO: Parsing examples/ccx_2.16.test/punch2.frd
INFO: 416 nodes
INFO: 54 cells
WARNING: No time increments!

==================================================
INFO: Parsing examples/ccx_2.16.test/resstress1.frd
INFO: 261 nodes
INFO: 32 cells
WARNING: No time increments!

==================================================
INFO: Parsing examples/ccx_2.16.test/resstress1.frd
INFO: 261 nodes
INFO: 32 cells
WARNING: No time increments!

==================================================
INFO: Parsing examples/ccx_2.16.test/resstress2.frd
INFO: 261 nodes
INFO: 32 cells
WARNING: No time increments!

==================================================
INFO: Parsing examples/ccx_2.16.test/resstress2.frd
INFO: 261 nodes
INFO: 32 cells
WARNING: No time increments!

==================================================
INFO: Parsing examples/ccx_2.16.test/resstress3.frd
INFO: 261 nodes
INFO: 32 cells
WARNING: No time increments!

==================================================
INFO: Parsing examples/ccx_2.16.test/resstress3.frd
INFO: 261 nodes
INFO: 32 cells
WARNING: No time increments!

==================================================
INFO: Parsing examples/ccx_2.16.test/restrictor-oil.frd
INFO: 23 nodes
INFO: 12 cells
WARNING: No time increments!

==================================================
INFO: Parsing examples/ccx_2.16.test/restrictor-oil.frd
INFO: 23 nodes
INFO: 12 cells
WARNING: No time increments!

==================================================
INFO: Parsing examples/ccx_2.16.test/restrictor.frd
INFO: 23 nodes
INFO: 12 cells
WARNING: No time increments!

==================================================
INFO: Parsing examples/ccx_2.16.test/restrictor.frd
INFO: 23 nodes
INFO: 12 cells
WARNING: No time increments!

==================================================
INFO: Parsing examples/ccx_2.16.test/ring1.frd
INFO: 16 nodes
INFO: 2 cells
WARNING: No time increments!

==================================================
INFO: Parsing examples/ccx_2.16.test/ring1.frd
INFO: 16 nodes
INFO: 2 cells
WARNING: No time increments!

==================================================
INFO: Parsing examples/ccx_2.16.test/ring2.frd
INFO: 16 nodes
INFO: 2 cells
WARNING: No time increments!

==================================================
INFO: Parsing examples/ccx_2.16.test/ring2.frd
INFO: 16 nodes
INFO: 2 cells
WARNING: No time increments!

==================================================
INFO: Parsing examples/ccx_2.16.test/ring3.frd
INFO: 16 nodes
INFO: 2 cells
WARNING: No time increments!

==================================================
INFO: Parsing examples/ccx_2.16.test/ring3.frd
INFO: 16 nodes
INFO: 2 cells
WARNING: No time increments!

==================================================
INFO: Parsing examples/ccx_2.16.test/ring4.frd
INFO: 16 nodes
INFO: 2 cells
WARNING: No time increments!

==================================================
INFO: Parsing examples/ccx_2.16.test/ring4.frd
INFO: 16 nodes
INFO: 2 cells
WARNING: No time increments!

==================================================
INFO: Parsing examples/ccx_2.16.test/ringfcontact1.frd
INFO: 720 nodes
INFO: 100 cells
WARNING: No time increments!

==================================================
INFO: Parsing examples/ccx_2.16.test/ringfcontact1.frd
INFO: 720 nodes
INFO: 100 cells
WARNING: No time increments!

==================================================
INFO: Parsing examples/ccx_2.16.test/ringfcontact2.frd
INFO: 720 nodes
INFO: 100 cells
WARNING: No time increments!

==================================================
INFO: Parsing examples/ccx_2.16.test/ringfcontact2.frd
INFO: 720 nodes
INFO: 100 cells
WARNING: No time increments!

==================================================
INFO: Parsing examples/ccx_2.16.test/ringfcontact3.frd
INFO: 720 nodes
INFO: 100 cells
WARNING: No time increments!

==================================================
INFO: Parsing examples/ccx_2.16.test/ringfcontact3.frd
INFO: 720 nodes
INFO: 100 cells
WARNING: No time increments!

==================================================
INFO: Parsing examples/ccx_2.16.test/ringfcontact4.frd
INFO: 720 nodes
INFO: 100 cells
WARNING: No time increments!

==================================================
INFO: Parsing examples/ccx_2.16.test/ringfcontact4.frd
INFO: 720 nodes
INFO: 100 cells
WARNING: No time increments!

==================================================
INFO: Parsing examples/ccx_2.16.test/ringfcontact5.frd
INFO: 720 nodes
INFO: 100 cells
WARNING: No time increments!

==================================================
INFO: Parsing examples/ccx_2.16.test/ringfcontact5.frd
INFO: 720 nodes
INFO: 100 cells
WARNING: No time increments!

==================================================
INFO: Parsing examples/ccx_2.16.test/rot1.frd
INFO: 32 nodes
INFO: 2 cells
WARNING: No time increments!

==================================================
INFO: Parsing examples/ccx_2.16.test/rot1.frd
INFO: 32 nodes
INFO: 2 cells
WARNING: No time increments!

==================================================
INFO: Parsing examples/ccx_2.16.test/rot2.frd
INFO: 32 nodes
INFO: 2 cells
WARNING: No time increments!

==================================================
INFO: Parsing examples/ccx_2.16.test/rot2.frd
INFO: 32 nodes
INFO: 2 cells
WARNING: No time increments!

==================================================
INFO: Parsing examples/ccx_2.16.test/rot3.frd
INFO: 32 nodes
INFO: 2 cells
WARNING: No time increments!

==================================================
INFO: Parsing examples/ccx_2.16.test/rot3.frd
INFO: 32 nodes
INFO: 2 cells
WARNING: No time increments!

==================================================
INFO: Parsing examples/ccx_2.16.test/rot4.frd
INFO: 51 nodes
INFO: 4 cells
WARNING: No time increments!

==================================================
INFO: Parsing examples/ccx_2.16.test/rot4.frd
INFO: 51 nodes
INFO: 4 cells
WARNING: No time increments!

==================================================
INFO: Parsing examples/ccx_2.16.test/rotor.frd
INFO: 2656 nodes
INFO: 368 cells
WARNING: No time increments!

==================================================
INFO: Parsing examples/ccx_2.16.test/rotor.frd
INFO: 2656 nodes
INFO: 368 cells
WARNING: No time increments!

==================================================
INFO: Parsing examples/ccx_2.16.test/rotor2.frd
INFO: 2656 nodes
INFO: 368 cells
WARNING: No time increments!

==================================================
INFO: Parsing examples/ccx_2.16.test/rotor2.frd
INFO: 2656 nodes
INFO: 368 cells
WARNING: No time increments!

==================================================
INFO: Parsing examples/ccx_2.16.test/rotor3.frd
INFO: 2656 nodes
INFO: 368 cells
WARNING: No time increments!

==================================================
INFO: Parsing examples/ccx_2.16.test/rotor3.frd
INFO: 2656 nodes
INFO: 368 cells
WARNING: No time increments!

==================================================
INFO: Parsing examples/ccx_2.16.test/rotpipe1.frd
INFO: 5 nodes
INFO: 3 cells
WARNING: No time increments!

==================================================
INFO: Parsing examples/ccx_2.16.test/rotpipe1.frd
INFO: 5 nodes
INFO: 3 cells
WARNING: No time increments!

==================================================
INFO: Parsing examples/ccx_2.16.test/rotpipe2.frd
INFO: 5 nodes
INFO: 3 cells
WARNING: No time increments!

==================================================
INFO: Parsing examples/ccx_2.16.test/rotpipe2.frd
INFO: 5 nodes
INFO: 3 cells
WARNING: No time increments!

==================================================
INFO: Parsing examples/ccx_2.16.test/rotpipe3.frd
INFO: 5 nodes
INFO: 3 cells
WARNING: No time increments!

==================================================
INFO: Parsing examples/ccx_2.16.test/rotpipe3.frd
INFO: 5 nodes
INFO: 3 cells
WARNING: No time increments!

==================================================
INFO: Parsing examples/ccx_2.16.test/rotpipe3inv.frd
INFO: 5 nodes
INFO: 3 cells
WARNING: No time increments!

==================================================
INFO: Parsing examples/ccx_2.16.test/rotpipe3inv.frd
INFO: 5 nodes
INFO: 3 cells
WARNING: No time increments!

==================================================
INFO: Parsing examples/ccx_2.16.test/rotpipe4.frd
INFO: 5 nodes
INFO: 3 cells
WARNING: No time increments!

==================================================
INFO: Parsing examples/ccx_2.16.test/rotpipe4.frd
INFO: 5 nodes
INFO: 3 cells
WARNING: No time increments!

==================================================
INFO: Parsing examples/ccx_2.16.test/rotpipe5.frd
INFO: 5 nodes
INFO: 3 cells
WARNING: No time increments!

==================================================
INFO: Parsing examples/ccx_2.16.test/rotpipe5.frd
INFO: 5 nodes
INFO: 3 cells
WARNING: No time increments!

==================================================
INFO: Parsing examples/ccx_2.16.test/rotpipe6.frd
INFO: 5 nodes
INFO: 3 cells
WARNING: No time increments!

==================================================
INFO: Parsing examples/ccx_2.16.test/rotpipe6.frd
INFO: 5 nodes
INFO: 3 cells
WARNING: No time increments!

==================================================
INFO: Parsing examples/ccx_2.16.test/rotpipe7.frd
INFO: 5 nodes
INFO: 3 cells
WARNING: No time increments!

==================================================
INFO: Parsing examples/ccx_2.16.test/rotpipe7.frd
INFO: 5 nodes
INFO: 3 cells
WARNING: No time increments!

==================================================
INFO: Parsing examples/ccx_2.16.test/rotpipeu.frd
INFO: 7 nodes
INFO: 4 cells
WARNING: No time increments!

==================================================
INFO: Parsing examples/ccx_2.16.test/rotpipeu.frd
INFO: 7 nodes
INFO: 4 cells
WARNING: No time increments!

==================================================
INFO: Parsing examples/ccx_2.16.test/sc123.frd
INFO: 20 nodes
INFO: 1 cells
INFO: Step 1, time 7.20e-01, U, 3 components, 20 values
INFO: Step 1, time 7.20e-01, S, 10 components, 20 values
INFO: Step 1, time 7.20e-01, SDV, 60 components, 20 values
INFO: Step 2, time 1.4, U, 3 components, 20 values
INFO: Step 2, time 1.4, S, 10 components, 20 values
INFO: Step 2, time 1.4, SDV, 60 components, 20 values
INFO: Step 3, time 2.5, U, 3 components, 20 values
INFO: Step 3, time 2.5, S, 10 components, 20 values
INFO: Step 3, time 2.5, SDV, 60 components, 20 values
INFO: Step 4, time 4.1, U, 3 components, 20 values
INFO: Step 4, time 4.1, S, 10 components, 20 values
INFO: Step 4, time 4.1, SDV, 60 components, 20 values
INFO: Step 5, time 6.6, U, 3 components, 20 values
INFO: Step 5, time 6.6, S, 10 components, 20 values
INFO: Step 5, time 6.6, SDV, 60 components, 20 values
INFO: Step 6, time 10.2, U, 3 components, 20 values
INFO: Step 6, time 10.2, S, 10 components, 20 values
INFO: Step 6, time 10.2, SDV, 60 components, 20 values
INFO: Step 7, time 15.7, U, 3 components, 20 values
INFO: Step 7, time 15.7, S, 10 components, 20 values
INFO: Step 7, time 15.7, SDV, 60 components, 20 values
INFO: Step 8, time 23.9, U, 3 components, 20 values
INFO: Step 8, time 23.9, S, 10 components, 20 values
INFO: Step 8, time 23.9, SDV, 60 components, 20 values
INFO: Step 9, time 36.2, U, 3 components, 20 values
INFO: Step 9, time 36.2, S, 10 components, 20 values
INFO: Step 9, time 36.2, SDV, 60 components, 20 values
INFO: Step 10, time 40.8, U, 3 components, 20 values
INFO: Step 10, time 40.8, S, 10 components, 20 values
INFO: Step 10, time 40.8, SDV, 60 components, 20 values
INFO: Step 11, time 45.4, U, 3 components, 20 values
INFO: Step 11, time 45.4, S, 10 components, 20 values
INFO: Step 11, time 45.4, SDV, 60 components, 20 values
INFO: Step 12, time 52.3, U, 3 components, 20 values
INFO: Step 12, time 52.3, S, 10 components, 20 values
INFO: Step 12, time 52.3, SDV, 60 components, 20 values
INFO: Step 13, time 62.7, U, 3 components, 20 values
INFO: Step 13, time 62.7, S, 10 components, 20 values
INFO: Step 13, time 62.7, SDV, 60 components, 20 values
INFO: Step 14, time 72.0, U, 3 components, 20 values
INFO: Step 14, time 72.0, S, 10 components, 20 values
INFO: Step 14, time 72.0, SDV, 60 components, 20 values
INFO: 14 time increments
INFO: Writing examples/ccx_2.16.test/sc123.01.vtk
INFO: Step 1, time 7.20e-01, U, 3 components, 20 values
INFO: Step 1, time 7.20e-01, S, 10 components, 20 values
INFO: Step 1, time 7.20e-01, SDV, 60 components, 20 values
INFO: Writing examples/ccx_2.16.test/sc123.02.vtk
INFO: Step 2, time 1.4, U, 3 components, 20 values
INFO: Step 2, time 1.4, S, 10 components, 20 values
INFO: Step 2, time 1.4, SDV, 60 components, 20 values
INFO: Writing examples/ccx_2.16.test/sc123.03.vtk
INFO: Step 3, time 2.5, U, 3 components, 20 values
INFO: Step 3, time 2.5, S, 10 components, 20 values
INFO: Step 3, time 2.5, SDV, 60 components, 20 values
INFO: Writing examples/ccx_2.16.test/sc123.04.vtk
INFO: Step 4, time 4.1, U, 3 components, 20 values
INFO: Step 4, time 4.1, S, 10 components, 20 values
INFO: Step 4, time 4.1, SDV, 60 components, 20 values
INFO: Writing examples/ccx_2.16.test/sc123.05.vtk
INFO: Step 5, time 6.6, U, 3 components, 20 values
INFO: Step 5, time 6.6, S, 10 components, 20 values
INFO: Step 5, time 6.6, SDV, 60 components, 20 values
INFO: Writing examples/ccx_2.16.test/sc123.06.vtk
INFO: Step 6, time 10.2, U, 3 components, 20 values
INFO: Step 6, time 10.2, S, 10 components, 20 values
INFO: Step 6, time 10.2, SDV, 60 components, 20 values
INFO: Writing examples/ccx_2.16.test/sc123.07.vtk
INFO: Step 7, time 15.7, U, 3 components, 20 values
INFO: Step 7, time 15.7, S, 10 components, 20 values
INFO: Step 7, time 15.7, SDV, 60 components, 20 values
INFO: Writing examples/ccx_2.16.test/sc123.08.vtk
INFO: Step 8, time 23.9, U, 3 components, 20 values
INFO: Step 8, time 23.9, S, 10 components, 20 values
INFO: Step 8, time 23.9, SDV, 60 components, 20 values
INFO: Writing examples/ccx_2.16.test/sc123.09.vtk
INFO: Step 9, time 36.2, U, 3 components, 20 values
INFO: Step 9, time 36.2, S, 10 components, 20 values
INFO: Step 9, time 36.2, SDV, 60 components, 20 values
INFO: Writing examples/ccx_2.16.test/sc123.10.vtk
INFO: Step 10, time 40.8, U, 3 components, 20 values
INFO: Step 10, time 40.8, S, 10 components, 20 values
INFO: Step 10, time 40.8, SDV, 60 components, 20 values
INFO: Writing examples/ccx_2.16.test/sc123.11.vtk
INFO: Step 11, time 45.4, U, 3 components, 20 values
INFO: Step 11, time 45.4, S, 10 components, 20 values
INFO: Step 11, time 45.4, SDV, 60 components, 20 values
INFO: Writing examples/ccx_2.16.test/sc123.12.vtk
INFO: Step 12, time 52.3, U, 3 components, 20 values
INFO: Step 12, time 52.3, S, 10 components, 20 values
INFO: Step 12, time 52.3, SDV, 60 components, 20 values
INFO: Writing examples/ccx_2.16.test/sc123.13.vtk
INFO: Step 13, time 62.7, U, 3 components, 20 values
INFO: Step 13, time 62.7, S, 10 components, 20 values
INFO: Step 13, time 62.7, SDV, 60 components, 20 values
INFO: Writing examples/ccx_2.16.test/sc123.14.vtk
INFO: Step 14, time 72.0, U, 3 components, 20 values
INFO: Step 14, time 72.0, S, 10 components, 20 values
INFO: Step 14, time 72.0, SDV, 60 components, 20 values

==================================================
INFO: Parsing examples/ccx_2.16.test/sc123.frd
INFO: 20 nodes
INFO: 1 cells
INFO: Step 1, time 7.20e-01, U, 3 components, 20 values
INFO: Step 1, time 7.20e-01, S, 10 components, 20 values
INFO: Step 1, time 7.20e-01, SDV, 60 components, 20 values
INFO: Step 2, time 1.4, U, 3 components, 20 values
INFO: Step 2, time 1.4, S, 10 components, 20 values
INFO: Step 2, time 1.4, SDV, 60 components, 20 values
INFO: Step 3, time 2.5, U, 3 components, 20 values
INFO: Step 3, time 2.5, S, 10 components, 20 values
INFO: Step 3, time 2.5, SDV, 60 components, 20 values
INFO: Step 4, time 4.1, U, 3 components, 20 values
INFO: Step 4, time 4.1, S, 10 components, 20 values
INFO: Step 4, time 4.1, SDV, 60 components, 20 values
INFO: Step 5, time 6.6, U, 3 components, 20 values
INFO: Step 5, time 6.6, S, 10 components, 20 values
INFO: Step 5, time 6.6, SDV, 60 components, 20 values
INFO: Step 6, time 10.2, U, 3 components, 20 values
INFO: Step 6, time 10.2, S, 10 components, 20 values
INFO: Step 6, time 10.2, SDV, 60 components, 20 values
INFO: Step 7, time 15.7, U, 3 components, 20 values
INFO: Step 7, time 15.7, S, 10 components, 20 values
INFO: Step 7, time 15.7, SDV, 60 components, 20 values
INFO: Step 8, time 23.9, U, 3 components, 20 values
INFO: Step 8, time 23.9, S, 10 components, 20 values
INFO: Step 8, time 23.9, SDV, 60 components, 20 values
INFO: Step 9, time 36.2, U, 3 components, 20 values
INFO: Step 9, time 36.2, S, 10 components, 20 values
INFO: Step 9, time 36.2, SDV, 60 components, 20 values
INFO: Step 10, time 40.8, U, 3 components, 20 values
INFO: Step 10, time 40.8, S, 10 components, 20 values
INFO: Step 10, time 40.8, SDV, 60 components, 20 values
INFO: Step 11, time 45.4, U, 3 components, 20 values
INFO: Step 11, time 45.4, S, 10 components, 20 values
INFO: Step 11, time 45.4, SDV, 60 components, 20 values
INFO: Step 12, time 52.3, U, 3 components, 20 values
INFO: Step 12, time 52.3, S, 10 components, 20 values
INFO: Step 12, time 52.3, SDV, 60 components, 20 values
INFO: Step 13, time 62.7, U, 3 components, 20 values
INFO: Step 13, time 62.7, S, 10 components, 20 values
INFO: Step 13, time 62.7, SDV, 60 components, 20 values
INFO: Step 14, time 72.0, U, 3 components, 20 values
INFO: Step 14, time 72.0, S, 10 components, 20 values
INFO: Step 14, time 72.0, SDV, 60 components, 20 values
INFO: 14 time increments
INFO: Writing examples/ccx_2.16.test/sc123.01.vtu
INFO: Step 1, time 7.20e-01, U, 3 components, 20 values
INFO: Step 1, time 7.20e-01, S, 10 components, 20 values
INFO: Step 1, time 7.20e-01, SDV, 60 components, 20 values
INFO: Writing examples/ccx_2.16.test/sc123.02.vtu
INFO: Step 2, time 1.4, U, 3 components, 20 values
INFO: Step 2, time 1.4, S, 10 components, 20 values
INFO: Step 2, time 1.4, SDV, 60 components, 20 values
INFO: Writing examples/ccx_2.16.test/sc123.03.vtu
INFO: Step 3, time 2.5, U, 3 components, 20 values
INFO: Step 3, time 2.5, S, 10 components, 20 values
INFO: Step 3, time 2.5, SDV, 60 components, 20 values
INFO: Writing examples/ccx_2.16.test/sc123.04.vtu
INFO: Step 4, time 4.1, U, 3 components, 20 values
INFO: Step 4, time 4.1, S, 10 components, 20 values
INFO: Step 4, time 4.1, SDV, 60 components, 20 values
INFO: Writing examples/ccx_2.16.test/sc123.05.vtu
INFO: Step 5, time 6.6, U, 3 components, 20 values
INFO: Step 5, time 6.6, S, 10 components, 20 values
INFO: Step 5, time 6.6, SDV, 60 components, 20 values
INFO: Writing examples/ccx_2.16.test/sc123.06.vtu
INFO: Step 6, time 10.2, U, 3 components, 20 values
INFO: Step 6, time 10.2, S, 10 components, 20 values
INFO: Step 6, time 10.2, SDV, 60 components, 20 values
INFO: Writing examples/ccx_2.16.test/sc123.07.vtu
INFO: Step 7, time 15.7, U, 3 components, 20 values
INFO: Step 7, time 15.7, S, 10 components, 20 values
INFO: Step 7, time 15.7, SDV, 60 components, 20 values
INFO: Writing examples/ccx_2.16.test/sc123.08.vtu
INFO: Step 8, time 23.9, U, 3 components, 20 values
INFO: Step 8, time 23.9, S, 10 components, 20 values
INFO: Step 8, time 23.9, SDV, 60 components, 20 values
INFO: Writing examples/ccx_2.16.test/sc123.09.vtu
INFO: Step 9, time 36.2, U, 3 components, 20 values
INFO: Step 9, time 36.2, S, 10 components, 20 values
INFO: Step 9, time 36.2, SDV, 60 components, 20 values
INFO: Writing examples/ccx_2.16.test/sc123.10.vtu
INFO: Step 10, time 40.8, U, 3 components, 20 values
INFO: Step 10, time 40.8, S, 10 components, 20 values
INFO: Step 10, time 40.8, SDV, 60 components, 20 values
INFO: Writing examples/ccx_2.16.test/sc123.11.vtu
INFO: Step 11, time 45.4, U, 3 components, 20 values
INFO: Step 11, time 45.4, S, 10 components, 20 values
INFO: Step 11, time 45.4, SDV, 60 components, 20 values
INFO: Writing examples/ccx_2.16.test/sc123.12.vtu
INFO: Step 12, time 52.3, U, 3 components, 20 values
INFO: Step 12, time 52.3, S, 10 components, 20 values
INFO: Step 12, time 52.3, SDV, 60 components, 20 values
INFO: Writing examples/ccx_2.16.test/sc123.13.vtu
INFO: Step 13, time 62.7, U, 3 components, 20 values
INFO: Step 13, time 62.7, S, 10 components, 20 values
INFO: Step 13, time 62.7, SDV, 60 components, 20 values
INFO: Writing examples/ccx_2.16.test/sc123.14.vtu
INFO: Step 14, time 72.0, U, 3 components, 20 values
INFO: Step 14, time 72.0, S, 10 components, 20 values
INFO: Step 14, time 72.0, SDV, 60 components, 20 values

==================================================
INFO: Parsing examples/ccx_2.16.test/sc123creep.frd
INFO: 20 nodes
INFO: 1 cells
WARNING: No time increments!

==================================================
INFO: Parsing examples/ccx_2.16.test/sc123creep.frd
INFO: 20 nodes
INFO: 1 cells
WARNING: No time increments!

==================================================
INFO: Parsing examples/ccx_2.16.test/scheibe.frd
INFO: 8 nodes
INFO: 1 cells
WARNING: No time increments!

==================================================
INFO: Parsing examples/ccx_2.16.test/scheibe.frd
INFO: 8 nodes
INFO: 1 cells
WARNING: No time increments!

==================================================
INFO: Parsing examples/ccx_2.16.test/scheibe2f2f.frd
INFO: 1156 nodes
INFO: 512 cells
INFO: Step 1, time 1.0, U, 3 components, 1156 values
INFO: Step 1, time 1.0, CONTACT, 6 components, 34 values
INFO: 1 time increment
INFO: Writing examples/ccx_2.16.test/scheibe2f2f.vtk
INFO: Step 1, time 1.0, U, 3 components, 1156 values
INFO: Step 1, time 1.0, CONTACT, 6 components, 1156 values

==================================================
INFO: Parsing examples/ccx_2.16.test/scheibe2f2f.frd
INFO: 1156 nodes
INFO: 512 cells
INFO: Step 1, time 1.0, U, 3 components, 1156 values
INFO: Step 1, time 1.0, CONTACT, 6 components, 34 values
INFO: 1 time increment
INFO: Writing examples/ccx_2.16.test/scheibe2f2f.vtu
INFO: Step 1, time 1.0, U, 3 components, 1156 values
INFO: Step 1, time 1.0, CONTACT, 6 components, 1156 values

==================================================
INFO: Parsing examples/ccx_2.16.test/scheibe2n2f.frd
INFO: 1156 nodes
INFO: 512 cells
INFO: Step 1, time 1.0, U, 3 components, 1156 values
INFO: Step 1, time 1.0, CONTACT, 6 components, 34 values
INFO: 1 time increment
INFO: Writing examples/ccx_2.16.test/scheibe2n2f.vtk
INFO: Step 1, time 1.0, U, 3 components, 1156 values
INFO: Step 1, time 1.0, CONTACT, 6 components, 1156 values

==================================================
INFO: Parsing examples/ccx_2.16.test/scheibe2n2f.frd
INFO: 1156 nodes
INFO: 512 cells
INFO: Step 1, time 1.0, U, 3 components, 1156 values
INFO: Step 1, time 1.0, CONTACT, 6 components, 34 values
INFO: 1 time increment
INFO: Writing examples/ccx_2.16.test/scheibe2n2f.vtu
INFO: Step 1, time 1.0, U, 3 components, 1156 values
INFO: Step 1, time 1.0, CONTACT, 6 components, 1156 values

==================================================
INFO: Parsing examples/ccx_2.16.test/section.frd
INFO: 41 nodes
INFO: 20 cells
INFO: Step 1, time 1.0, U, 3 components, 41 values
INFO: Step 1, time 1.0, S, 10 components, 41 values
INFO: 1 time increment
INFO: Writing examples/ccx_2.16.test/section.vtk
INFO: Step 1, time 1.0, U, 3 components, 41 values
INFO: Step 1, time 1.0, S, 10 components, 41 values

==================================================
INFO: Parsing examples/ccx_2.16.test/section.frd
INFO: 41 nodes
INFO: 20 cells
INFO: Step 1, time 1.0, U, 3 components, 41 values
INFO: Step 1, time 1.0, S, 10 components, 41 values
INFO: 1 time increment
INFO: Writing examples/ccx_2.16.test/section.vtu
INFO: Step 1, time 1.0, U, 3 components, 41 values
INFO: Step 1, time 1.0, S, 10 components, 41 values

==================================================
INFO: Parsing examples/ccx_2.16.test/section4.frd
INFO: 248 nodes
INFO: 20 cells
WARNING: No time increments!

==================================================
INFO: Parsing examples/ccx_2.16.test/section4.frd
INFO: 248 nodes
INFO: 20 cells
WARNING: No time increments!

==================================================
INFO: Parsing examples/ccx_2.16.test/segdyn.frd
INFO: 2644 nodes
INFO: 384 cells
WARNING: No time increments!

==================================================
INFO: Parsing examples/ccx_2.16.test/segdyn.frd
INFO: 2644 nodes
INFO: 384 cells
WARNING: No time increments!

==================================================
INFO: Parsing examples/ccx_2.16.test/segment.frd
INFO: 7932 nodes
INFO: 1152 cells
INFO: Step 1, time 2.7, U, 3 components, 7932 values
INFO: Step 1, time 2.7, DISPI, 3 components, 7932 values
INFO: Step 1, time 2.7, S, 10 components, 7932 values
INFO: Step 1, time 2.7, STRESSI, 6 components, 7932 values
INFO: Step 1, time 2.7, ENER, 1 components, 7932 values
INFO: Step 1, time 2.7, PDISP, 6 components, 7932 values
INFO: Step 1, time 2.7, PSTRESS, 12 components, 7932 values
INFO: Step 3, time 13.0, U, 3 components, 7932 values
INFO: Step 3, time 13.0, DISPI, 3 components, 7932 values
INFO: Step 3, time 13.0, S, 10 components, 7932 values
INFO: Step 3, time 13.0, STRESSI, 6 components, 7932 values
INFO: Step 3, time 13.0, ENER, 1 components, 7932 values
INFO: Step 3, time 13.0, PDISP, 6 components, 7932 values
INFO: Step 3, time 13.0, PSTRESS, 12 components, 7932 values
INFO: Step 5, time 489817.4, U, 3 components, 7932 values
INFO: Step 5, time 489817.4, DISPI, 3 components, 7932 values
INFO: Step 5, time 489817.4, S, 10 components, 7932 values
INFO: Step 5, time 489817.4, STRESSI, 6 components, 7932 values
INFO: Step 5, time 489817.4, ENER, 1 components, 7932 values
INFO: Step 5, time 489817.4, PDISP, 6 components, 7932 values
INFO: Step 5, time 489817.4, PSTRESS, 12 components, 7932 values
INFO: Step 7, time 1328906.8, U, 3 components, 7932 values
INFO: Step 7, time 1328906.8, DISPI, 3 components, 7932 values
INFO: Step 7, time 1328906.8, S, 10 components, 7932 values
INFO: Step 7, time 1328906.8, STRESSI, 6 components, 7932 values
INFO: Step 7, time 1328906.8, ENER, 1 components, 7932 values
INFO: Step 7, time 1328906.8, PDISP, 6 components, 7932 values
INFO: Step 7, time 1328906.8, PSTRESS, 12 components, 7932 values
INFO: Step 9, time 1408796.6, U, 3 components, 7932 values
INFO: Step 9, time 1408796.6, DISPI, 3 components, 7932 values
INFO: Step 9, time 1408796.6, S, 10 components, 7932 values
INFO: Step 9, time 1408796.6, STRESSI, 6 components, 7932 values
INFO: Step 9, time 1408796.6, ENER, 1 components, 7932 values
INFO: Step 9, time 1408796.6, PDISP, 6 components, 7932 values
INFO: Step 9, time 1408796.6, PSTRESS, 12 components, 7932 values
INFO: 5 time increments
INFO: Writing examples/ccx_2.16.test/segment.1.vtk
INFO: Step 1, time 2.7, U, 3 components, 7932 values
INFO: Step 1, time 2.7, DISPI, 3 components, 7932 values
INFO: Step 1, time 2.7, S, 10 components, 7932 values
INFO: Step 1, time 2.7, STRESSI, 6 components, 7932 values
INFO: Step 1, time 2.7, ENER, 1 components, 7932 values
INFO: Step 1, time 2.7, PDISP, 6 components, 7932 values
INFO: Step 1, time 2.7, PSTRESS, 12 components, 7932 values
INFO: Writing examples/ccx_2.16.test/segment.2.vtk
INFO: Step 3, time 13.0, U, 3 components, 7932 values
INFO: Step 3, time 13.0, DISPI, 3 components, 7932 values
INFO: Step 3, time 13.0, S, 10 components, 7932 values
INFO: Step 3, time 13.0, STRESSI, 6 components, 7932 values
INFO: Step 3, time 13.0, ENER, 1 components, 7932 values
INFO: Step 3, time 13.0, PDISP, 6 components, 7932 values
INFO: Step 3, time 13.0, PSTRESS, 12 components, 7932 values
INFO: Writing examples/ccx_2.16.test/segment.3.vtk
INFO: Step 5, time 489817.4, U, 3 components, 7932 values
INFO: Step 5, time 489817.4, DISPI, 3 components, 7932 values
INFO: Step 5, time 489817.4, S, 10 components, 7932 values
INFO: Step 5, time 489817.4, STRESSI, 6 components, 7932 values
INFO: Step 5, time 489817.4, ENER, 1 components, 7932 values
INFO: Step 5, time 489817.4, PDISP, 6 components, 7932 values
INFO: Step 5, time 489817.4, PSTRESS, 12 components, 7932 values
INFO: Writing examples/ccx_2.16.test/segment.4.vtk
INFO: Step 7, time 1328906.8, U, 3 components, 7932 values
INFO: Step 7, time 1328906.8, DISPI, 3 components, 7932 values
INFO: Step 7, time 1328906.8, S, 10 components, 7932 values
INFO: Step 7, time 1328906.8, STRESSI, 6 components, 7932 values
INFO: Step 7, time 1328906.8, ENER, 1 components, 7932 values
INFO: Step 7, time 1328906.8, PDISP, 6 components, 7932 values
INFO: Step 7, time 1328906.8, PSTRESS, 12 components, 7932 values
INFO: Writing examples/ccx_2.16.test/segment.5.vtk
INFO: Step 9, time 1408796.6, U, 3 components, 7932 values
INFO: Step 9, time 1408796.6, DISPI, 3 components, 7932 values
INFO: Step 9, time 1408796.6, S, 10 components, 7932 values
INFO: Step 9, time 1408796.6, STRESSI, 6 components, 7932 values
INFO: Step 9, time 1408796.6, ENER, 1 components, 7932 values
INFO: Step 9, time 1408796.6, PDISP, 6 components, 7932 values
INFO: Step 9, time 1408796.6, PSTRESS, 12 components, 7932 values

==================================================
INFO: Parsing examples/ccx_2.16.test/segment.frd
INFO: 7932 nodes
INFO: 1152 cells
INFO: Step 1, time 2.7, U, 3 components, 7932 values
INFO: Step 1, time 2.7, DISPI, 3 components, 7932 values
INFO: Step 1, time 2.7, S, 10 components, 7932 values
INFO: Step 1, time 2.7, STRESSI, 6 components, 7932 values
INFO: Step 1, time 2.7, ENER, 1 components, 7932 values
INFO: Step 1, time 2.7, PDISP, 6 components, 7932 values
INFO: Step 1, time 2.7, PSTRESS, 12 components, 7932 values
INFO: Step 3, time 13.0, U, 3 components, 7932 values
INFO: Step 3, time 13.0, DISPI, 3 components, 7932 values
INFO: Step 3, time 13.0, S, 10 components, 7932 values
INFO: Step 3, time 13.0, STRESSI, 6 components, 7932 values
INFO: Step 3, time 13.0, ENER, 1 components, 7932 values
INFO: Step 3, time 13.0, PDISP, 6 components, 7932 values
INFO: Step 3, time 13.0, PSTRESS, 12 components, 7932 values
INFO: Step 5, time 489817.4, U, 3 components, 7932 values
INFO: Step 5, time 489817.4, DISPI, 3 components, 7932 values
INFO: Step 5, time 489817.4, S, 10 components, 7932 values
INFO: Step 5, time 489817.4, STRESSI, 6 components, 7932 values
INFO: Step 5, time 489817.4, ENER, 1 components, 7932 values
INFO: Step 5, time 489817.4, PDISP, 6 components, 7932 values
INFO: Step 5, time 489817.4, PSTRESS, 12 components, 7932 values
INFO: Step 7, time 1328906.8, U, 3 components, 7932 values
INFO: Step 7, time 1328906.8, DISPI, 3 components, 7932 values
INFO: Step 7, time 1328906.8, S, 10 components, 7932 values
INFO: Step 7, time 1328906.8, STRESSI, 6 components, 7932 values
INFO: Step 7, time 1328906.8, ENER, 1 components, 7932 values
INFO: Step 7, time 1328906.8, PDISP, 6 components, 7932 values
INFO: Step 7, time 1328906.8, PSTRESS, 12 components, 7932 values
INFO: Step 9, time 1408796.6, U, 3 components, 7932 values
INFO: Step 9, time 1408796.6, DISPI, 3 components, 7932 values
INFO: Step 9, time 1408796.6, S, 10 components, 7932 values
INFO: Step 9, time 1408796.6, STRESSI, 6 components, 7932 values
INFO: Step 9, time 1408796.6, ENER, 1 components, 7932 values
INFO: Step 9, time 1408796.6, PDISP, 6 components, 7932 values
INFO: Step 9, time 1408796.6, PSTRESS, 12 components, 7932 values
INFO: 5 time increments
INFO: Writing examples/ccx_2.16.test/segment.1.vtu
INFO: Step 1, time 2.7, U, 3 components, 7932 values
INFO: Step 1, time 2.7, DISPI, 3 components, 7932 values
INFO: Step 1, time 2.7, S, 10 components, 7932 values
INFO: Step 1, time 2.7, STRESSI, 6 components, 7932 values
INFO: Step 1, time 2.7, ENER, 1 components, 7932 values
INFO: Step 1, time 2.7, PDISP, 6 components, 7932 values
INFO: Step 1, time 2.7, PSTRESS, 12 components, 7932 values
INFO: Writing examples/ccx_2.16.test/segment.2.vtu
INFO: Step 3, time 13.0, U, 3 components, 7932 values
INFO: Step 3, time 13.0, DISPI, 3 components, 7932 values
INFO: Step 3, time 13.0, S, 10 components, 7932 values
INFO: Step 3, time 13.0, STRESSI, 6 components, 7932 values
INFO: Step 3, time 13.0, ENER, 1 components, 7932 values
INFO: Step 3, time 13.0, PDISP, 6 components, 7932 values
INFO: Step 3, time 13.0, PSTRESS, 12 components, 7932 values
INFO: Writing examples/ccx_2.16.test/segment.3.vtu
INFO: Step 5, time 489817.4, U, 3 components, 7932 values
INFO: Step 5, time 489817.4, DISPI, 3 components, 7932 values
INFO: Step 5, time 489817.4, S, 10 components, 7932 values
INFO: Step 5, time 489817.4, STRESSI, 6 components, 7932 values
INFO: Step 5, time 489817.4, ENER, 1 components, 7932 values
INFO: Step 5, time 489817.4, PDISP, 6 components, 7932 values
INFO: Step 5, time 489817.4, PSTRESS, 12 components, 7932 values
INFO: Writing examples/ccx_2.16.test/segment.4.vtu
INFO: Step 7, time 1328906.8, U, 3 components, 7932 values
INFO: Step 7, time 1328906.8, DISPI, 3 components, 7932 values
INFO: Step 7, time 1328906.8, S, 10 components, 7932 values
INFO: Step 7, time 1328906.8, STRESSI, 6 components, 7932 values
INFO: Step 7, time 1328906.8, ENER, 1 components, 7932 values
INFO: Step 7, time 1328906.8, PDISP, 6 components, 7932 values
INFO: Step 7, time 1328906.8, PSTRESS, 12 components, 7932 values
INFO: Writing examples/ccx_2.16.test/segment.5.vtu
INFO: Step 9, time 1408796.6, U, 3 components, 7932 values
INFO: Step 9, time 1408796.6, DISPI, 3 components, 7932 values
INFO: Step 9, time 1408796.6, S, 10 components, 7932 values
INFO: Step 9, time 1408796.6, STRESSI, 6 components, 7932 values
INFO: Step 9, time 1408796.6, ENER, 1 components, 7932 values
INFO: Step 9, time 1408796.6, PDISP, 6 components, 7932 values
INFO: Step 9, time 1408796.6, PSTRESS, 12 components, 7932 values

==================================================
INFO: Parsing examples/ccx_2.16.test/segment1.frd
INFO: 81 nodes
INFO: 8 cells
WARNING: No time increments!

==================================================
INFO: Parsing examples/ccx_2.16.test/segment1.frd
INFO: 81 nodes
INFO: 8 cells
WARNING: No time increments!

==================================================
INFO: Parsing examples/ccx_2.16.test/segment2.frd
INFO: 81 nodes
INFO: 8 cells
WARNING: No time increments!

==================================================
INFO: Parsing examples/ccx_2.16.test/segment2.frd
INFO: 81 nodes
INFO: 8 cells
WARNING: No time increments!

==================================================
INFO: Parsing examples/ccx_2.16.test/segmentbeam.frd
INFO: 8028 nodes
INFO: 1164 cells
WARNING: No time increments!

==================================================
INFO: Parsing examples/ccx_2.16.test/segmentbeam.frd
INFO: 8028 nodes
INFO: 1164 cells
WARNING: No time increments!

==================================================
INFO: Parsing examples/ccx_2.16.test/segmentbeam2.frd
INFO: 8028 nodes
INFO: 1164 cells
WARNING: No time increments!

==================================================
INFO: Parsing examples/ccx_2.16.test/segmentbeam2.frd
INFO: 8028 nodes
INFO: 1164 cells
WARNING: No time increments!

==================================================
INFO: Parsing examples/ccx_2.16.test/segmentf.frd
INFO: 81 nodes
INFO: 8 cells
WARNING: No time increments!

==================================================
INFO: Parsing examples/ccx_2.16.test/segmentf.frd
INFO: 81 nodes
INFO: 8 cells
WARNING: No time increments!

==================================================
INFO: Parsing examples/ccx_2.16.test/segmentface.frd
INFO: 7932 nodes
INFO: 1152 cells
WARNING: No time increments!

==================================================
INFO: Parsing examples/ccx_2.16.test/segmentface.frd
INFO: 7932 nodes
INFO: 1152 cells
WARNING: No time increments!

==================================================
INFO: Parsing examples/ccx_2.16.test/segmentm.frd
INFO: 81 nodes
INFO: 8 cells
WARNING: No time increments!

==================================================
INFO: Parsing examples/ccx_2.16.test/segmentm.frd
INFO: 81 nodes
INFO: 8 cells
WARNING: No time increments!

==================================================
INFO: Parsing examples/ccx_2.16.test/segmenttet.frd
INFO: 5512 nodes
INFO: 2978 cells
WARNING: No time increments!

==================================================
INFO: Parsing examples/ccx_2.16.test/segmenttet.frd
INFO: 5512 nodes
INFO: 2978 cells
WARNING: No time increments!

==================================================
INFO: Parsing examples/ccx_2.16.test/segststate.frd
INFO: 7932 nodes
INFO: 1152 cells
WARNING: No time increments!

==================================================
INFO: Parsing examples/ccx_2.16.test/segststate.frd
INFO: 7932 nodes
INFO: 1152 cells
WARNING: No time increments!

==================================================
INFO: Parsing examples/ccx_2.16.test/sens2d.frd
INFO: 4 nodes
INFO: 1 cells
INFO: Step 1, time 1.0, U, 3 components, 4 values
INFO: Step 1, time 1.0, S, 10 components, 4 values
INFO: Step 1, time 1.0, ERROR, 1 components, 4 values
INFO: Step 2, time 0.00e+00, NORM, 3 components, 4 values
INFO: Step 3, time 0.00e+00, SENENER, 2 components, 4 values
INFO: 2 time increments
INFO: Writing examples/ccx_2.16.test/sens2d.1.vtk
INFO: Step 2, time 0.00e+00, NORM, 3 components, 4 values
INFO: Step 3, time 0.00e+00, SENENER, 2 components, 4 values
INFO: Writing examples/ccx_2.16.test/sens2d.2.vtk
INFO: Step 1, time 1.0, U, 3 components, 4 values
INFO: Step 1, time 1.0, S, 10 components, 4 values
INFO: Step 1, time 1.0, ERROR, 1 components, 4 values

==================================================
INFO: Parsing examples/ccx_2.16.test/sens2d.frd
INFO: 4 nodes
INFO: 1 cells
INFO: Step 1, time 1.0, U, 3 components, 4 values
INFO: Step 1, time 1.0, S, 10 components, 4 values
INFO: Step 1, time 1.0, ERROR, 1 components, 4 values
INFO: Step 2, time 0.00e+00, NORM, 3 components, 4 values
INFO: Step 3, time 0.00e+00, SENENER, 2 components, 4 values
INFO: 2 time increments
INFO: Writing examples/ccx_2.16.test/sens2d.1.vtu
INFO: Step 2, time 0.00e+00, NORM, 3 components, 4 values
INFO: Step 3, time 0.00e+00, SENENER, 2 components, 4 values
INFO: Writing examples/ccx_2.16.test/sens2d.2.vtu
INFO: Step 1, time 1.0, U, 3 components, 4 values
INFO: Step 1, time 1.0, S, 10 components, 4 values
INFO: Step 1, time 1.0, ERROR, 1 components, 4 values

==================================================
INFO: Parsing examples/ccx_2.16.test/sens3d.frd
INFO: 8 nodes
INFO: 1 cells
INFO: Step 1, time 1.0, U, 3 components, 8 values
INFO: Step 1, time 1.0, S, 10 components, 8 values
INFO: Step 1, time 1.0, ERROR, 1 components, 8 values
INFO: Step 2, time 0.00e+00, NORM, 3 components, 8 values
INFO: Step 3, time 0.00e+00, SENENER, 2 components, 8 values
INFO: 2 time increments
INFO: Writing examples/ccx_2.16.test/sens3d.1.vtk
INFO: Step 2, time 0.00e+00, NORM, 3 components, 8 values
INFO: Step 3, time 0.00e+00, SENENER, 2 components, 8 values
INFO: Writing examples/ccx_2.16.test/sens3d.2.vtk
INFO: Step 1, time 1.0, U, 3 components, 8 values
INFO: Step 1, time 1.0, S, 10 components, 8 values
INFO: Step 1, time 1.0, ERROR, 1 components, 8 values

==================================================
INFO: Parsing examples/ccx_2.16.test/sens3d.frd
INFO: 8 nodes
INFO: 1 cells
INFO: Step 1, time 1.0, U, 3 components, 8 values
INFO: Step 1, time 1.0, S, 10 components, 8 values
INFO: Step 1, time 1.0, ERROR, 1 components, 8 values
INFO: Step 2, time 0.00e+00, NORM, 3 components, 8 values
INFO: Step 3, time 0.00e+00, SENENER, 2 components, 8 values
INFO: 2 time increments
INFO: Writing examples/ccx_2.16.test/sens3d.1.vtu
INFO: Step 2, time 0.00e+00, NORM, 3 components, 8 values
INFO: Step 3, time 0.00e+00, SENENER, 2 components, 8 values
INFO: Writing examples/ccx_2.16.test/sens3d.2.vtu
INFO: Step 1, time 1.0, U, 3 components, 8 values
INFO: Step 1, time 1.0, S, 10 components, 8 values
INFO: Step 1, time 1.0, ERROR, 1 components, 8 values

==================================================
INFO: Parsing examples/ccx_2.16.test/sens_disp_orien.frd
INFO: 12 nodes
INFO: 2 cells
INFO: Step 2, time 0.00e+00, DOR1, 3 components, 12 values
INFO: Step 3, time 0.00e+00, DOR1, 3 components, 12 values
INFO: Step 4, time 0.00e+00, DOR1, 3 components, 12 values
INFO: Step 5, time 0.00e+00, SOR1, 6 components, 12 values
INFO: Step 6, time 0.00e+00, SOR1, 6 components, 12 values
INFO: Step 7, time 0.00e+00, SOR1, 6 components, 12 values
INFO: 1 time increment
INFO: Writing examples/ccx_2.16.test/sens_disp_orien.vtk
INFO: Step 2, time 0.00e+00, DOR1, 3 components, 12 values
INFO: Step 3, time 0.00e+00, DOR1, 3 components, 12 values
INFO: Step 4, time 0.00e+00, DOR1, 3 components, 12 values
INFO: Step 5, time 0.00e+00, SOR1, 6 components, 12 values
INFO: Step 6, time 0.00e+00, SOR1, 6 components, 12 values
INFO: Step 7, time 0.00e+00, SOR1, 6 components, 12 values

==================================================
INFO: Parsing examples/ccx_2.16.test/sens_disp_orien.frd
INFO: 12 nodes
INFO: 2 cells
INFO: Step 2, time 0.00e+00, DOR1, 3 components, 12 values
INFO: Step 3, time 0.00e+00, DOR1, 3 components, 12 values
INFO: Step 4, time 0.00e+00, DOR1, 3 components, 12 values
INFO: Step 5, time 0.00e+00, SOR1, 6 components, 12 values
INFO: Step 6, time 0.00e+00, SOR1, 6 components, 12 values
INFO: Step 7, time 0.00e+00, SOR1, 6 components, 12 values
INFO: 1 time increment
INFO: Writing examples/ccx_2.16.test/sens_disp_orien.vtu
INFO: Step 2, time 0.00e+00, DOR1, 3 components, 12 values
INFO: Step 3, time 0.00e+00, DOR1, 3 components, 12 values
INFO: Step 4, time 0.00e+00, DOR1, 3 components, 12 values
INFO: Step 5, time 0.00e+00, SOR1, 6 components, 12 values
INFO: Step 6, time 0.00e+00, SOR1, 6 components, 12 values
INFO: Step 7, time 0.00e+00, SOR1, 6 components, 12 values

==================================================
INFO: Parsing examples/ccx_2.16.test/sens_disp_orien_nlgeom.frd
INFO: 12 nodes
INFO: 2 cells
INFO: Step 2, time 0.00e+00, DOR1, 3 components, 12 values
INFO: Step 3, time 0.00e+00, DOR1, 3 components, 12 values
INFO: Step 4, time 0.00e+00, DOR1, 3 components, 12 values
INFO: Step 5, time 0.00e+00, SOR1, 6 components, 12 values
INFO: Step 6, time 0.00e+00, SOR1, 6 components, 12 values
INFO: Step 7, time 0.00e+00, SOR1, 6 components, 12 values
INFO: 1 time increment
INFO: Writing examples/ccx_2.16.test/sens_disp_orien_nlgeom.vtk
INFO: Step 2, time 0.00e+00, DOR1, 3 components, 12 values
INFO: Step 3, time 0.00e+00, DOR1, 3 components, 12 values
INFO: Step 4, time 0.00e+00, DOR1, 3 components, 12 values
INFO: Step 5, time 0.00e+00, SOR1, 6 components, 12 values
INFO: Step 6, time 0.00e+00, SOR1, 6 components, 12 values
INFO: Step 7, time 0.00e+00, SOR1, 6 components, 12 values

==================================================
INFO: Parsing examples/ccx_2.16.test/sens_disp_orien_nlgeom.frd
INFO: 12 nodes
INFO: 2 cells
INFO: Step 2, time 0.00e+00, DOR1, 3 components, 12 values
INFO: Step 3, time 0.00e+00, DOR1, 3 components, 12 values
INFO: Step 4, time 0.00e+00, DOR1, 3 components, 12 values
INFO: Step 5, time 0.00e+00, SOR1, 6 components, 12 values
INFO: Step 6, time 0.00e+00, SOR1, 6 components, 12 values
INFO: Step 7, time 0.00e+00, SOR1, 6 components, 12 values
INFO: 1 time increment
INFO: Writing examples/ccx_2.16.test/sens_disp_orien_nlgeom.vtu
INFO: Step 2, time 0.00e+00, DOR1, 3 components, 12 values
INFO: Step 3, time 0.00e+00, DOR1, 3 components, 12 values
INFO: Step 4, time 0.00e+00, DOR1, 3 components, 12 values
INFO: Step 5, time 0.00e+00, SOR1, 6 components, 12 values
INFO: Step 6, time 0.00e+00, SOR1, 6 components, 12 values
INFO: Step 7, time 0.00e+00, SOR1, 6 components, 12 values

==================================================
INFO: Parsing examples/ccx_2.16.test/sens_freq_disp_cyc.frd
INFO: 1001 nodes
INFO: 624 cells
INFO: Step 12, time 0.00e+00, NORM, 3 components, 1001 values
INFO: Step 13, time 498.5, SENFREQ, 2 components, 1001 values
INFO: Step 14, time 938.2, SENFREQ, 2 components, 1001 values
INFO: Step 15, time 1697.5, SENFREQ, 2 components, 1001 values
INFO: Step 16, time 3410.8, SENFREQ, 2 components, 1001 values
INFO: Step 17, time 4234.1, SENFREQ, 2 components, 1001 values
INFO: 6 time increments
INFO: Writing examples/ccx_2.16.test/sens_freq_disp_cyc.1.vtk
INFO: Step 12, time 0.00e+00, NORM, 3 components, 1001 values
INFO: Writing examples/ccx_2.16.test/sens_freq_disp_cyc.2.vtk
INFO: Step 13, time 498.5, SENFREQ, 2 components, 1001 values
INFO: Writing examples/ccx_2.16.test/sens_freq_disp_cyc.3.vtk
INFO: Step 14, time 938.2, SENFREQ, 2 components, 1001 values
INFO: Writing examples/ccx_2.16.test/sens_freq_disp_cyc.4.vtk
INFO: Step 15, time 1697.5, SENFREQ, 2 components, 1001 values
INFO: Writing examples/ccx_2.16.test/sens_freq_disp_cyc.5.vtk
INFO: Step 16, time 3410.8, SENFREQ, 2 components, 1001 values
INFO: Writing examples/ccx_2.16.test/sens_freq_disp_cyc.6.vtk
INFO: Step 17, time 4234.1, SENFREQ, 2 components, 1001 values

==================================================
INFO: Parsing examples/ccx_2.16.test/sens_freq_disp_cyc.frd
INFO: 1001 nodes
INFO: 624 cells
INFO: Step 12, time 0.00e+00, NORM, 3 components, 1001 values
INFO: Step 13, time 498.5, SENFREQ, 2 components, 1001 values
INFO: Step 14, time 938.2, SENFREQ, 2 components, 1001 values
INFO: Step 15, time 1697.5, SENFREQ, 2 components, 1001 values
INFO: Step 16, time 3410.8, SENFREQ, 2 components, 1001 values
INFO: Step 17, time 4234.1, SENFREQ, 2 components, 1001 values
INFO: 6 time increments
INFO: Writing examples/ccx_2.16.test/sens_freq_disp_cyc.1.vtu
INFO: Step 12, time 0.00e+00, NORM, 3 components, 1001 values
INFO: Writing examples/ccx_2.16.test/sens_freq_disp_cyc.2.vtu
INFO: Step 13, time 498.5, SENFREQ, 2 components, 1001 values
INFO: Writing examples/ccx_2.16.test/sens_freq_disp_cyc.3.vtu
INFO: Step 14, time 938.2, SENFREQ, 2 components, 1001 values
INFO: Writing examples/ccx_2.16.test/sens_freq_disp_cyc.4.vtu
INFO: Step 15, time 1697.5, SENFREQ, 2 components, 1001 values
INFO: Writing examples/ccx_2.16.test/sens_freq_disp_cyc.5.vtu
INFO: Step 16, time 3410.8, SENFREQ, 2 components, 1001 values
INFO: Writing examples/ccx_2.16.test/sens_freq_disp_cyc.6.vtu
INFO: Step 17, time 4234.1, SENFREQ, 2 components, 1001 values

==================================================
INFO: Parsing examples/ccx_2.16.test/sens_freq_orien.frd
INFO: 12 nodes
INFO: 2 cells
INFO: Step 1, time 2907.7, U, 3 components, 12 values
INFO: Step 2, time 2917.4, U, 3 components, 12 values
INFO: Step 3, time 5158.0, U, 3 components, 12 values
INFO: Step 4, time 9554.0, U, 3 components, 12 values
INFO: Step 5, time 2907.7, DOR1, 3 components, 12 values
INFO: Step 6, time 2907.7, DOR1, 3 components, 12 values
INFO: Step 7, time 2907.7, DOR1, 3 components, 12 values
INFO: Step 8, time 2917.4, DOR1, 3 components, 12 values
INFO: Step 9, time 2917.4, DOR1, 3 components, 12 values
INFO: Step 10, time 2917.4, DOR1, 3 components, 12 values
INFO: Step 11, time 5158.0, DOR1, 3 components, 12 values
INFO: Step 12, time 5158.0, DOR1, 3 components, 12 values
INFO: Step 13, time 5158.0, DOR1, 3 components, 12 values
INFO: Step 14, time 9554.0, DOR1, 3 components, 12 values
INFO: Step 15, time 9554.0, DOR1, 3 components, 12 values
INFO: Step 16, time 9554.0, DOR1, 3 components, 12 values
INFO: 4 time increments
INFO: Writing examples/ccx_2.16.test/sens_freq_orien.1.vtk
INFO: Step 1, time 2907.7, U, 3 components, 12 values
INFO: Step 5, time 2907.7, DOR1, 3 components, 12 values
INFO: Step 6, time 2907.7, DOR1, 3 components, 12 values
INFO: Step 7, time 2907.7, DOR1, 3 components, 12 values
INFO: Writing examples/ccx_2.16.test/sens_freq_orien.2.vtk
INFO: Step 2, time 2917.4, U, 3 components, 12 values
INFO: Step 8, time 2917.4, DOR1, 3 components, 12 values
INFO: Step 9, time 2917.4, DOR1, 3 components, 12 values
INFO: Step 10, time 2917.4, DOR1, 3 components, 12 values
INFO: Writing examples/ccx_2.16.test/sens_freq_orien.3.vtk
INFO: Step 3, time 5158.0, U, 3 components, 12 values
INFO: Step 11, time 5158.0, DOR1, 3 components, 12 values
INFO: Step 12, time 5158.0, DOR1, 3 components, 12 values
INFO: Step 13, time 5158.0, DOR1, 3 components, 12 values
INFO: Writing examples/ccx_2.16.test/sens_freq_orien.4.vtk
INFO: Step 4, time 9554.0, U, 3 components, 12 values
INFO: Step 14, time 9554.0, DOR1, 3 components, 12 values
INFO: Step 15, time 9554.0, DOR1, 3 components, 12 values
INFO: Step 16, time 9554.0, DOR1, 3 components, 12 values

==================================================
INFO: Parsing examples/ccx_2.16.test/sens_freq_orien.frd
INFO: 12 nodes
INFO: 2 cells
INFO: Step 1, time 2907.7, U, 3 components, 12 values
INFO: Step 2, time 2917.4, U, 3 components, 12 values
INFO: Step 3, time 5158.0, U, 3 components, 12 values
INFO: Step 4, time 9554.0, U, 3 components, 12 values
INFO: Step 5, time 2907.7, DOR1, 3 components, 12 values
INFO: Step 6, time 2907.7, DOR1, 3 components, 12 values
INFO: Step 7, time 2907.7, DOR1, 3 components, 12 values
INFO: Step 8, time 2917.4, DOR1, 3 components, 12 values
INFO: Step 9, time 2917.4, DOR1, 3 components, 12 values
INFO: Step 10, time 2917.4, DOR1, 3 components, 12 values
INFO: Step 11, time 5158.0, DOR1, 3 components, 12 values
INFO: Step 12, time 5158.0, DOR1, 3 components, 12 values
INFO: Step 13, time 5158.0, DOR1, 3 components, 12 values
INFO: Step 14, time 9554.0, DOR1, 3 components, 12 values
INFO: Step 15, time 9554.0, DOR1, 3 components, 12 values
INFO: Step 16, time 9554.0, DOR1, 3 components, 12 values
INFO: 4 time increments
INFO: Writing examples/ccx_2.16.test/sens_freq_orien.1.vtu
INFO: Step 1, time 2907.7, U, 3 components, 12 values
INFO: Step 5, time 2907.7, DOR1, 3 components, 12 values
INFO: Step 6, time 2907.7, DOR1, 3 components, 12 values
INFO: Step 7, time 2907.7, DOR1, 3 components, 12 values
INFO: Writing examples/ccx_2.16.test/sens_freq_orien.2.vtu
INFO: Step 2, time 2917.4, U, 3 components, 12 values
INFO: Step 8, time 2917.4, DOR1, 3 components, 12 values
INFO: Step 9, time 2917.4, DOR1, 3 components, 12 values
INFO: Step 10, time 2917.4, DOR1, 3 components, 12 values
INFO: Writing examples/ccx_2.16.test/sens_freq_orien.3.vtu
INFO: Step 3, time 5158.0, U, 3 components, 12 values
INFO: Step 11, time 5158.0, DOR1, 3 components, 12 values
INFO: Step 12, time 5158.0, DOR1, 3 components, 12 values
INFO: Step 13, time 5158.0, DOR1, 3 components, 12 values
INFO: Writing examples/ccx_2.16.test/sens_freq_orien.4.vtu
INFO: Step 4, time 9554.0, U, 3 components, 12 values
INFO: Step 14, time 9554.0, DOR1, 3 components, 12 values
INFO: Step 15, time 9554.0, DOR1, 3 components, 12 values
INFO: Step 16, time 9554.0, DOR1, 3 components, 12 values

==================================================
INFO: Parsing examples/ccx_2.16.test/sensitivity_I.frd
INFO: 12 nodes
INFO: 2 cells
INFO: Step 2, time 0.00e+00, NORM, 3 components, 12 values
INFO: Step 3, time 0.00e+00, SENMASS, 2 components, 12 values
INFO: 1 time increment
INFO: Writing examples/ccx_2.16.test/sensitivity_I.vtk
INFO: Step 2, time 0.00e+00, NORM, 3 components, 12 values
INFO: Step 3, time 0.00e+00, SENMASS, 2 components, 12 values

==================================================
INFO: Parsing examples/ccx_2.16.test/sensitivity_I.frd
INFO: 12 nodes
INFO: 2 cells
INFO: Step 2, time 0.00e+00, NORM, 3 components, 12 values
INFO: Step 3, time 0.00e+00, SENMASS, 2 components, 12 values
INFO: 1 time increment
INFO: Writing examples/ccx_2.16.test/sensitivity_I.vtu
INFO: Step 2, time 0.00e+00, NORM, 3 components, 12 values
INFO: Step 3, time 0.00e+00, SENMASS, 2 components, 12 values

==================================================
INFO: Parsing examples/ccx_2.16.test/sensitivity_V.frd
INFO: 8 nodes
INFO: 1 cells
INFO: Step 2, time 0.00e+00, NORM, 3 components, 8 values
INFO: Step 3, time 0.00e+00, SENENER, 2 components, 8 values
INFO: 1 time increment
INFO: Writing examples/ccx_2.16.test/sensitivity_V.vtk
INFO: Step 2, time 0.00e+00, NORM, 3 components, 8 values
INFO: Step 3, time 0.00e+00, SENENER, 2 components, 8 values

==================================================
INFO: Parsing examples/ccx_2.16.test/sensitivity_V.frd
INFO: 8 nodes
INFO: 1 cells
INFO: Step 2, time 0.00e+00, NORM, 3 components, 8 values
INFO: Step 3, time 0.00e+00, SENENER, 2 components, 8 values
INFO: 1 time increment
INFO: Writing examples/ccx_2.16.test/sensitivity_V.vtu
INFO: Step 2, time 0.00e+00, NORM, 3 components, 8 values
INFO: Step 3, time 0.00e+00, SENENER, 2 components, 8 values

==================================================
INFO: Parsing examples/ccx_2.16.test/sensitivity_VI.frd
INFO: 12 nodes
INFO: 2 cells
INFO: Step 2, time 0.00e+00, NORM, 3 components, 12 values
INFO: Step 3, time 0.00e+00, SENENER, 2 components, 12 values
INFO: Step 4, time 0.00e+00, SENMASS, 2 components, 12 values
INFO: 1 time increment
INFO: Writing examples/ccx_2.16.test/sensitivity_VI.vtk
INFO: Step 2, time 0.00e+00, NORM, 3 components, 12 values
INFO: Step 3, time 0.00e+00, SENENER, 2 components, 12 values
INFO: Step 4, time 0.00e+00, SENMASS, 2 components, 12 values

==================================================
INFO: Parsing examples/ccx_2.16.test/sensitivity_VI.frd
INFO: 12 nodes
INFO: 2 cells
INFO: Step 2, time 0.00e+00, NORM, 3 components, 12 values
INFO: Step 3, time 0.00e+00, SENENER, 2 components, 12 values
INFO: Step 4, time 0.00e+00, SENMASS, 2 components, 12 values
INFO: 1 time increment
INFO: Writing examples/ccx_2.16.test/sensitivity_VI.vtu
INFO: Step 2, time 0.00e+00, NORM, 3 components, 12 values
INFO: Step 3, time 0.00e+00, SENENER, 2 components, 12 values
INFO: Step 4, time 0.00e+00, SENMASS, 2 components, 12 values

==================================================
INFO: Parsing examples/ccx_2.16.test/sensitivity_VII.frd
INFO: 12 nodes
INFO: 2 cells
INFO: Step 1, time 1.0, U, 3 components, 12 values
INFO: Step 2, time 0.00e+00, NORM, 3 components, 12 values
INFO: Step 3, time 0.00e+00, SENDISA, 2 components, 12 values
INFO: 2 time increments
INFO: Writing examples/ccx_2.16.test/sensitivity_VII.1.vtk
INFO: Step 2, time 0.00e+00, NORM, 3 components, 12 values
INFO: Step 3, time 0.00e+00, SENDISA, 2 components, 12 values
INFO: Writing examples/ccx_2.16.test/sensitivity_VII.2.vtk
INFO: Step 1, time 1.0, U, 3 components, 12 values

==================================================
INFO: Parsing examples/ccx_2.16.test/sensitivity_VII.frd
INFO: 12 nodes
INFO: 2 cells
INFO: Step 1, time 1.0, U, 3 components, 12 values
INFO: Step 2, time 0.00e+00, NORM, 3 components, 12 values
INFO: Step 3, time 0.00e+00, SENDISA, 2 components, 12 values
INFO: 2 time increments
INFO: Writing examples/ccx_2.16.test/sensitivity_VII.1.vtu
INFO: Step 2, time 0.00e+00, NORM, 3 components, 12 values
INFO: Step 3, time 0.00e+00, SENDISA, 2 components, 12 values
INFO: Writing examples/ccx_2.16.test/sensitivity_VII.2.vtu
INFO: Step 1, time 1.0, U, 3 components, 12 values

==================================================
INFO: Parsing examples/ccx_2.16.test/shell1.frd
INFO: 51 nodes
INFO: 4 cells
INFO: Step 1, time 1.0, U, 3 components, 51 values
INFO: Step 1, time 1.0, NT, 1 components, 51 values
INFO: Step 1, time 1.0, S, 10 components, 51 values
INFO: Step 1, time 1.0, RF, 3 components, 51 values
INFO: 1 time increment
INFO: Writing examples/ccx_2.16.test/shell1.vtk
INFO: Step 1, time 1.0, U, 3 components, 51 values
INFO: Step 1, time 1.0, NT, 1 components, 51 values
INFO: Step 1, time 1.0, S, 10 components, 51 values
INFO: Step 1, time 1.0, RF, 3 components, 51 values

==================================================
INFO: Parsing examples/ccx_2.16.test/shell1.frd
INFO: 51 nodes
INFO: 4 cells
INFO: Step 1, time 1.0, U, 3 components, 51 values
INFO: Step 1, time 1.0, NT, 1 components, 51 values
INFO: Step 1, time 1.0, S, 10 components, 51 values
INFO: Step 1, time 1.0, RF, 3 components, 51 values
INFO: 1 time increment
INFO: Writing examples/ccx_2.16.test/shell1.vtu
INFO: Step 1, time 1.0, U, 3 components, 51 values
INFO: Step 1, time 1.0, NT, 1 components, 51 values
INFO: Step 1, time 1.0, S, 10 components, 51 values
INFO: Step 1, time 1.0, RF, 3 components, 51 values

==================================================
INFO: Parsing examples/ccx_2.16.test/shell1lin.frd
INFO: 51 nodes
INFO: 4 cells
WARNING: No time increments!

==================================================
INFO: Parsing examples/ccx_2.16.test/shell1lin.frd
INFO: 51 nodes
INFO: 4 cells
WARNING: No time increments!

==================================================
INFO: Parsing examples/ccx_2.16.test/shell2.frd
INFO: 40 nodes
INFO: 2 cells
WARNING: No time increments!

==================================================
INFO: Parsing examples/ccx_2.16.test/shell2.frd
INFO: 40 nodes
INFO: 2 cells
WARNING: No time increments!

==================================================
INFO: Parsing examples/ccx_2.16.test/shell3.frd
INFO: 102 nodes
INFO: 8 cells
INFO: Step 1, time 1.0, U, 3 components, 102 values
INFO: Step 1, time 1.0, S, 10 components, 102 values
INFO: 1 time increment
INFO: Writing examples/ccx_2.16.test/shell3.vtk
INFO: Step 1, time 1.0, U, 3 components, 102 values
INFO: Step 1, time 1.0, S, 10 components, 102 values

==================================================
INFO: Parsing examples/ccx_2.16.test/shell3.frd
INFO: 102 nodes
INFO: 8 cells
INFO: Step 1, time 1.0, U, 3 components, 102 values
INFO: Step 1, time 1.0, S, 10 components, 102 values
INFO: 1 time increment
INFO: Writing examples/ccx_2.16.test/shell3.vtu
INFO: Step 1, time 1.0, U, 3 components, 102 values
INFO: Step 1, time 1.0, S, 10 components, 102 values

==================================================
INFO: Parsing examples/ccx_2.16.test/shell4.frd
INFO: 4808 nodes
INFO: 968 cells
WARNING: No time increments!

==================================================
INFO: Parsing examples/ccx_2.16.test/shell4.frd
INFO: 4808 nodes
INFO: 968 cells
WARNING: No time increments!

==================================================
INFO: Parsing examples/ccx_2.16.test/shell5.frd
INFO: 51 nodes
INFO: 4 cells
INFO: Step 1, time 1.0, U, 3 components, 51 values
INFO: Step 1, time 1.0, S, 10 components, 51 values
INFO: Step 1, time 1.0, RF, 3 components, 51 values
INFO: 1 time increment
INFO: Writing examples/ccx_2.16.test/shell5.vtk
INFO: Step 1, time 1.0, U, 3 components, 51 values
INFO: Step 1, time 1.0, S, 10 components, 51 values
INFO: Step 1, time 1.0, RF, 3 components, 51 values

==================================================
INFO: Parsing examples/ccx_2.16.test/shell5.frd
INFO: 51 nodes
INFO: 4 cells
INFO: Step 1, time 1.0, U, 3 components, 51 values
INFO: Step 1, time 1.0, S, 10 components, 51 values
INFO: Step 1, time 1.0, RF, 3 components, 51 values
INFO: 1 time increment
INFO: Writing examples/ccx_2.16.test/shell5.vtu
INFO: Step 1, time 1.0, U, 3 components, 51 values
INFO: Step 1, time 1.0, S, 10 components, 51 values
INFO: Step 1, time 1.0, RF, 3 components, 51 values

==================================================
INFO: Parsing examples/ccx_2.16.test/shell6.frd
INFO: 21 nodes
INFO: 4 cells
INFO: Step 1, time 1.0, U, 3 components, 21 values
INFO: 1 time increment
INFO: Writing examples/ccx_2.16.test/shell6.vtk
INFO: Step 1, time 1.0, U, 3 components, 21 values

==================================================
INFO: Parsing examples/ccx_2.16.test/shell6.frd
INFO: 21 nodes
INFO: 4 cells
INFO: Step 1, time 1.0, U, 3 components, 21 values
INFO: 1 time increment
INFO: Writing examples/ccx_2.16.test/shell6.vtu
INFO: Step 1, time 1.0, U, 3 components, 21 values

==================================================
INFO: Parsing examples/ccx_2.16.test/shell6rot2.frd
INFO: 21 nodes
INFO: 4 cells
INFO: Step 1, time 1.0, U, 3 components, 21 values
INFO: 1 time increment
INFO: Writing examples/ccx_2.16.test/shell6rot2.vtk
INFO: Step 1, time 1.0, U, 3 components, 21 values

==================================================
INFO: Parsing examples/ccx_2.16.test/shell6rot2.frd
INFO: 21 nodes
INFO: 4 cells
INFO: Step 1, time 1.0, U, 3 components, 21 values
INFO: 1 time increment
INFO: Writing examples/ccx_2.16.test/shell6rot2.vtu
INFO: Step 1, time 1.0, U, 3 components, 21 values

==================================================
INFO: Parsing examples/ccx_2.16.test/shell7.frd
INFO: 21 nodes
INFO: 4 cells
INFO: Step 1, time 1.0, U, 3 components, 21 values
INFO: 1 time increment
INFO: Writing examples/ccx_2.16.test/shell7.vtk
INFO: Step 1, time 1.0, U, 3 components, 21 values

==================================================
INFO: Parsing examples/ccx_2.16.test/shell7.frd
INFO: 21 nodes
INFO: 4 cells
INFO: Step 1, time 1.0, U, 3 components, 21 values
INFO: 1 time increment
INFO: Writing examples/ccx_2.16.test/shell7.vtu
INFO: Step 1, time 1.0, U, 3 components, 21 values

==================================================
INFO: Parsing examples/ccx_2.16.test/shell7rot.frd
INFO: 21 nodes
INFO: 4 cells
INFO: Step 1, time 1.0, U, 3 components, 21 values
INFO: 1 time increment
INFO: Writing examples/ccx_2.16.test/shell7rot.vtk
INFO: Step 1, time 1.0, U, 3 components, 21 values

==================================================
INFO: Parsing examples/ccx_2.16.test/shell7rot.frd
INFO: 21 nodes
INFO: 4 cells
INFO: Step 1, time 1.0, U, 3 components, 21 values
INFO: 1 time increment
INFO: Writing examples/ccx_2.16.test/shell7rot.vtu
INFO: Step 1, time 1.0, U, 3 components, 21 values

==================================================
INFO: Parsing examples/ccx_2.16.test/shell7rot2.frd
INFO: 21 nodes
INFO: 4 cells
INFO: Step 1, time 1.0, U, 3 components, 21 values
INFO: 1 time increment
INFO: Writing examples/ccx_2.16.test/shell7rot2.vtk
INFO: Step 1, time 1.0, U, 3 components, 21 values

==================================================
INFO: Parsing examples/ccx_2.16.test/shell7rot2.frd
INFO: 21 nodes
INFO: 4 cells
INFO: Step 1, time 1.0, U, 3 components, 21 values
INFO: 1 time increment
INFO: Writing examples/ccx_2.16.test/shell7rot2.vtu
INFO: Step 1, time 1.0, U, 3 components, 21 values

==================================================
INFO: Parsing examples/ccx_2.16.test/shellbeam.frd
INFO: 60 nodes
INFO: 3 cells
WARNING: No time increments!

==================================================
INFO: Parsing examples/ccx_2.16.test/shellbeam.frd
INFO: 60 nodes
INFO: 3 cells
WARNING: No time increments!

==================================================
INFO: Parsing examples/ccx_2.16.test/shellf.frd
INFO: 51 nodes
INFO: 4 cells
WARNING: No time increments!

==================================================
INFO: Parsing examples/ccx_2.16.test/shellf.frd
INFO: 51 nodes
INFO: 4 cells
WARNING: No time increments!

==================================================
INFO: Parsing examples/ccx_2.16.test/shellf2.frd
INFO: 51 nodes
INFO: 4 cells
WARNING: No time increments!

==================================================
INFO: Parsing examples/ccx_2.16.test/shellf2.frd
INFO: 51 nodes
INFO: 4 cells
WARNING: No time increments!

==================================================
INFO: Parsing examples/ccx_2.16.test/shellnor.frd
INFO: 40 nodes
INFO: 2 cells
WARNING: No time increments!

==================================================
INFO: Parsing examples/ccx_2.16.test/shellnor.frd
INFO: 40 nodes
INFO: 2 cells
WARNING: No time increments!

==================================================
INFO: Parsing examples/ccx_2.16.test/shellquadsens.frd
INFO: 51 nodes
INFO: 4 cells
INFO: Step 1, time 1.0, U, 3 components, 51 values
INFO: Step 1, time 1.0, S, 10 components, 51 values
INFO: Step 1, time 1.0, ERROR, 1 components, 51 values
INFO: Step 2, time 0.00e+00, NORM, 3 components, 51 values
INFO: Step 3, time 0.00e+00, SENENER, 2 components, 51 values
INFO: 2 time increments
INFO: Writing examples/ccx_2.16.test/shellquadsens.1.vtk
INFO: Step 2, time 0.00e+00, NORM, 3 components, 51 values
INFO: Step 3, time 0.00e+00, SENENER, 2 components, 51 values
INFO: Writing examples/ccx_2.16.test/shellquadsens.2.vtk
INFO: Step 1, time 1.0, U, 3 components, 51 values
INFO: Step 1, time 1.0, S, 10 components, 51 values
INFO: Step 1, time 1.0, ERROR, 1 components, 51 values

==================================================
INFO: Parsing examples/ccx_2.16.test/shellquadsens.frd
INFO: 51 nodes
INFO: 4 cells
INFO: Step 1, time 1.0, U, 3 components, 51 values
INFO: Step 1, time 1.0, S, 10 components, 51 values
INFO: Step 1, time 1.0, ERROR, 1 components, 51 values
INFO: Step 2, time 0.00e+00, NORM, 3 components, 51 values
INFO: Step 3, time 0.00e+00, SENENER, 2 components, 51 values
INFO: 2 time increments
INFO: Writing examples/ccx_2.16.test/shellquadsens.1.vtu
INFO: Step 2, time 0.00e+00, NORM, 3 components, 51 values
INFO: Step 3, time 0.00e+00, SENENER, 2 components, 51 values
INFO: Writing examples/ccx_2.16.test/shellquadsens.2.vtu
INFO: Step 1, time 1.0, U, 3 components, 51 values
INFO: Step 1, time 1.0, S, 10 components, 51 values
INFO: Step 1, time 1.0, ERROR, 1 components, 51 values

==================================================
INFO: Parsing examples/ccx_2.16.test/shellsens.frd
INFO: 18 nodes
INFO: 4 cells
INFO: Step 1, time 1.0, U, 3 components, 18 values
INFO: Step 1, time 1.0, S, 10 components, 18 values
INFO: Step 1, time 1.0, ERROR, 1 components, 18 values
INFO: Step 2, time 0.00e+00, NORM, 3 components, 18 values
INFO: Step 3, time 0.00e+00, SENENER, 2 components, 18 values
INFO: 2 time increments
INFO: Writing examples/ccx_2.16.test/shellsens.1.vtk
INFO: Step 2, time 0.00e+00, NORM, 3 components, 18 values
INFO: Step 3, time 0.00e+00, SENENER, 2 components, 18 values
INFO: Writing examples/ccx_2.16.test/shellsens.2.vtk
INFO: Step 1, time 1.0, U, 3 components, 18 values
INFO: Step 1, time 1.0, S, 10 components, 18 values
INFO: Step 1, time 1.0, ERROR, 1 components, 18 values

==================================================
INFO: Parsing examples/ccx_2.16.test/shellsens.frd
INFO: 18 nodes
INFO: 4 cells
INFO: Step 1, time 1.0, U, 3 components, 18 values
INFO: Step 1, time 1.0, S, 10 components, 18 values
INFO: Step 1, time 1.0, ERROR, 1 components, 18 values
INFO: Step 2, time 0.00e+00, NORM, 3 components, 18 values
INFO: Step 3, time 0.00e+00, SENENER, 2 components, 18 values
INFO: 2 time increments
INFO: Writing examples/ccx_2.16.test/shellsens.1.vtu
INFO: Step 2, time 0.00e+00, NORM, 3 components, 18 values
INFO: Step 3, time 0.00e+00, SENENER, 2 components, 18 values
INFO: Writing examples/ccx_2.16.test/shellsens.2.vtu
INFO: Step 1, time 1.0, U, 3 components, 18 values
INFO: Step 1, time 1.0, S, 10 components, 18 values
INFO: Step 1, time 1.0, ERROR, 1 components, 18 values

==================================================
INFO: Parsing examples/ccx_2.16.test/simplebeam.frd
INFO: 3 nodes
INFO: 1 cells
INFO: Step 1, time 1.0, U, 3 components, 3 values
INFO: Step 1, time 1.0, S, 10 components, 3 values
INFO: 1 time increment
INFO: Writing examples/ccx_2.16.test/simplebeam.vtk
INFO: Step 1, time 1.0, U, 3 components, 3 values
INFO: Step 1, time 1.0, S, 10 components, 3 values

==================================================
INFO: Parsing examples/ccx_2.16.test/simplebeam.frd
INFO: 3 nodes
INFO: 1 cells
INFO: Step 1, time 1.0, U, 3 components, 3 values
INFO: Step 1, time 1.0, S, 10 components, 3 values
INFO: 1 time increment
INFO: Writing examples/ccx_2.16.test/simplebeam.vtu
INFO: Step 1, time 1.0, U, 3 components, 3 values
INFO: Step 1, time 1.0, S, 10 components, 3 values

==================================================
INFO: Parsing examples/ccx_2.16.test/simplebeampipe1.frd
INFO: 128 nodes
INFO: 10 cells
WARNING: No time increments!

==================================================
INFO: Parsing examples/ccx_2.16.test/simplebeampipe1.frd
INFO: 128 nodes
INFO: 10 cells
WARNING: No time increments!

==================================================
INFO: Parsing examples/ccx_2.16.test/simplebeampipe2.frd
INFO: 128 nodes
INFO: 10 cells
WARNING: No time increments!

==================================================
INFO: Parsing examples/ccx_2.16.test/simplebeampipe2.frd
INFO: 128 nodes
INFO: 10 cells
WARNING: No time increments!

==================================================
INFO: Parsing examples/ccx_2.16.test/simplebeampipe3.frd
INFO: 128 nodes
INFO: 10 cells
WARNING: No time increments!

==================================================
INFO: Parsing examples/ccx_2.16.test/simplebeampipe3.frd
INFO: 128 nodes
INFO: 10 cells
WARNING: No time increments!

==================================================
INFO: Parsing examples/ccx_2.16.test/simplebeampipe4.frd
INFO: 128 nodes
INFO: 10 cells
WARNING: No time increments!

==================================================
INFO: Parsing examples/ccx_2.16.test/simplebeampipe4.frd
INFO: 128 nodes
INFO: 10 cells
WARNING: No time increments!

==================================================
INFO: Parsing examples/ccx_2.16.test/simplebeampipe5.frd
INFO: 21 nodes
INFO: 10 cells
INFO: Step 1, time 1.0, U, 3 components, 21 values
INFO: Step 1, time 1.0, S, 10 components, 21 values
INFO: Step 1, time 1.0, ERROR, 1 components, 21 values
INFO: 1 time increment
INFO: Writing examples/ccx_2.16.test/simplebeampipe5.vtk
INFO: Step 1, time 1.0, U, 3 components, 21 values
INFO: Step 1, time 1.0, S, 10 components, 21 values
INFO: Step 1, time 1.0, ERROR, 1 components, 21 values

==================================================
INFO: Parsing examples/ccx_2.16.test/simplebeampipe5.frd
INFO: 21 nodes
INFO: 10 cells
INFO: Step 1, time 1.0, U, 3 components, 21 values
INFO: Step 1, time 1.0, S, 10 components, 21 values
INFO: Step 1, time 1.0, ERROR, 1 components, 21 values
INFO: 1 time increment
INFO: Writing examples/ccx_2.16.test/simplebeampipe5.vtu
INFO: Step 1, time 1.0, U, 3 components, 21 values
INFO: Step 1, time 1.0, S, 10 components, 21 values
INFO: Step 1, time 1.0, ERROR, 1 components, 21 values

==================================================
INFO: Parsing examples/ccx_2.16.test/slant.frd
INFO: 286 nodes
INFO: 120 cells
WARNING: No time increments!

==================================================
INFO: Parsing examples/ccx_2.16.test/slant.frd
INFO: 286 nodes
INFO: 120 cells
WARNING: No time increments!

==================================================
INFO: Parsing examples/ccx_2.16.test/small_pressure_gradient.frd
INFO: 19 nodes
INFO: 10 cells
WARNING: No time increments!

==================================================
INFO: Parsing examples/ccx_2.16.test/small_pressure_gradient.frd
INFO: 19 nodes
INFO: 10 cells
WARNING: No time increments!

==================================================
INFO: Parsing examples/ccx_2.16.test/solidshell1.frd
INFO: 132 nodes
INFO: 12 cells
WARNING: No time increments!

==================================================
INFO: Parsing examples/ccx_2.16.test/solidshell1.frd
INFO: 132 nodes
INFO: 12 cells
WARNING: No time increments!

==================================================
INFO: Parsing examples/ccx_2.16.test/solidshell2.frd
INFO: 183 nodes
INFO: 16 cells
WARNING: No time increments!

==================================================
INFO: Parsing examples/ccx_2.16.test/solidshell2.frd
INFO: 183 nodes
INFO: 16 cells
WARNING: No time increments!

==================================================
INFO: Parsing examples/ccx_2.16.test/spring1.frd
INFO: 2 nodes
INFO: 1 cells
WARNING: No time increments!

==================================================
INFO: Parsing examples/ccx_2.16.test/spring1.frd
INFO: 2 nodes
INFO: 1 cells
WARNING: No time increments!

==================================================
INFO: Parsing examples/ccx_2.16.test/spring2.frd
INFO: 2 nodes
INFO: 1 cells
WARNING: No time increments!

==================================================
INFO: Parsing examples/ccx_2.16.test/spring2.frd
INFO: 2 nodes
INFO: 1 cells
WARNING: No time increments!

==================================================
INFO: Parsing examples/ccx_2.16.test/spring3.frd
INFO: 10 nodes
INFO: 2 cells
WARNING: No time increments!

==================================================
INFO: Parsing examples/ccx_2.16.test/spring3.frd
INFO: 10 nodes
INFO: 2 cells
WARNING: No time increments!

==================================================
INFO: Parsing examples/ccx_2.16.test/spring4.frd
INFO: 9 nodes
INFO: 2 cells
WARNING: No time increments!

==================================================
INFO: Parsing examples/ccx_2.16.test/spring4.frd
INFO: 9 nodes
INFO: 2 cells
WARNING: No time increments!

==================================================
INFO: Parsing examples/ccx_2.16.test/spring5.frd
INFO: 10 nodes
INFO: 2 cells
WARNING: No time increments!

==================================================
INFO: Parsing examples/ccx_2.16.test/spring5.frd
INFO: 10 nodes
INFO: 2 cells
WARNING: No time increments!

==================================================
INFO: Parsing examples/ccx_2.16.test/spring6.frd
INFO: 0 nodes
INFO: 0 cells
WARNING: No time increments!

==================================================
INFO: Parsing examples/ccx_2.16.test/spring6.frd
INFO: 0 nodes
INFO: 0 cells
WARNING: No time increments!

==================================================
INFO: Parsing examples/ccx_2.16.test/spring7.frd
INFO: 2 nodes
INFO: 1 cells
WARNING: No time increments!

==================================================
INFO: Parsing examples/ccx_2.16.test/spring7.frd
INFO: 2 nodes
INFO: 1 cells
WARNING: No time increments!

==================================================
INFO: Parsing examples/ccx_2.16.test/square.frd
INFO: 803 nodes
INFO: 100 cells
WARNING: No time increments!

==================================================
INFO: Parsing examples/ccx_2.16.test/square.frd
INFO: 803 nodes
INFO: 100 cells
WARNING: No time increments!

==================================================
INFO: Parsing examples/ccx_2.16.test/submodelbeamp.frd
WARNING: File is empty!

==================================================
INFO: Parsing examples/ccx_2.16.test/submodelbeamp.frd
WARNING: File is empty!

==================================================
INFO: Parsing examples/ccx_2.16.test/submodelbeampdouble.frd
WARNING: File is empty!

==================================================
INFO: Parsing examples/ccx_2.16.test/submodelbeampdouble.frd
WARNING: File is empty!

==================================================
INFO: Parsing examples/ccx_2.16.test/submodeltwobeam.frd
WARNING: File is empty!

==================================================
INFO: Parsing examples/ccx_2.16.test/submodeltwobeam.frd
WARNING: File is empty!

==================================================
INFO: Parsing examples/ccx_2.16.test/submodeltwobeamnlgeom.frd
WARNING: File is empty!

==================================================
INFO: Parsing examples/ccx_2.16.test/submodeltwobeamnlgeom.frd
WARNING: File is empty!

==================================================
INFO: Parsing examples/ccx_2.16.test/substructure.frd
WARNING: File is empty!

==================================================
INFO: Parsing examples/ccx_2.16.test/substructure.frd
WARNING: File is empty!

==================================================
INFO: Parsing examples/ccx_2.16.test/swing.frd
INFO: 280 nodes
INFO: 20 cells
WARNING: No time increments!

==================================================
INFO: Parsing examples/ccx_2.16.test/swing.frd
INFO: 280 nodes
INFO: 20 cells
WARNING: No time increments!

==================================================
INFO: Parsing examples/ccx_2.16.test/tempdiscon.frd
INFO: 16 nodes
INFO: 3 cells
INFO: Step 1, time 1.00e-06, NT, 1 components, 16 values
INFO: Step 2, time 2.00e-06, NT, 1 components, 16 values
INFO: Step 3, time 3.50e-06, NT, 1 components, 16 values
INFO: Step 4, time 5.75e-06, NT, 1 components, 16 values
INFO: Step 5, time 9.12e-06, NT, 1 components, 16 values
INFO: Step 6, time 1.42e-05, NT, 1 components, 16 values
INFO: Step 7, time 2.18e-05, NT, 1 components, 16 values
INFO: Step 8, time 3.32e-05, NT, 1 components, 16 values
INFO: Step 9, time 5.03e-05, NT, 1 components, 16 values
INFO: Step 10, time 7.59e-05, NT, 1 components, 16 values
INFO: Step 11, time 1.14e-04, NT, 1 components, 16 values
INFO: Step 12, time 1.72e-04, NT, 1 components, 16 values
INFO: Step 13, time 2.58e-04, NT, 1 components, 16 values
INFO: Step 14, time 3.88e-04, NT, 1 components, 16 values
INFO: Step 15, time 5.83e-04, NT, 1 components, 16 values
INFO: Step 16, time 8.75e-04, NT, 1 components, 16 values
INFO: Step 17, time 1.31e-03, NT, 1 components, 16 values
INFO: Step 18, time 1.97e-03, NT, 1 components, 16 values
INFO: Step 19, time 2.95e-03, NT, 1 components, 16 values
INFO: Step 20, time 4.43e-03, NT, 1 components, 16 values
INFO: Step 21, time 6.65e-03, NT, 1 components, 16 values
INFO: Step 22, time 9.97e-03, NT, 1 components, 16 values
INFO: Step 23, time 1.50e-02, NT, 1 components, 16 values
INFO: Step 24, time 2.24e-02, NT, 1 components, 16 values
INFO: Step 25, time 3.37e-02, NT, 1 components, 16 values
INFO: Step 26, time 5.05e-02, NT, 1 components, 16 values
INFO: Step 27, time 7.58e-02, NT, 1 components, 16 values
INFO: Step 28, time 1.00e-01, NT, 1 components, 16 values
INFO: 28 time increments
INFO: Writing examples/ccx_2.16.test/tempdiscon.01.vtk
INFO: Step 1, time 1.00e-06, NT, 1 components, 16 values
INFO: Writing examples/ccx_2.16.test/tempdiscon.02.vtk
INFO: Step 2, time 2.00e-06, NT, 1 components, 16 values
INFO: Writing examples/ccx_2.16.test/tempdiscon.03.vtk
INFO: Step 3, time 3.50e-06, NT, 1 components, 16 values
INFO: Writing examples/ccx_2.16.test/tempdiscon.04.vtk
INFO: Step 4, time 5.75e-06, NT, 1 components, 16 values
INFO: Writing examples/ccx_2.16.test/tempdiscon.05.vtk
INFO: Step 5, time 9.12e-06, NT, 1 components, 16 values
INFO: Writing examples/ccx_2.16.test/tempdiscon.06.vtk
INFO: Step 6, time 1.42e-05, NT, 1 components, 16 values
INFO: Writing examples/ccx_2.16.test/tempdiscon.07.vtk
INFO: Step 7, time 2.18e-05, NT, 1 components, 16 values
INFO: Writing examples/ccx_2.16.test/tempdiscon.08.vtk
INFO: Step 8, time 3.32e-05, NT, 1 components, 16 values
INFO: Writing examples/ccx_2.16.test/tempdiscon.09.vtk
INFO: Step 9, time 5.03e-05, NT, 1 components, 16 values
INFO: Writing examples/ccx_2.16.test/tempdiscon.10.vtk
INFO: Step 10, time 7.59e-05, NT, 1 components, 16 values
INFO: Writing examples/ccx_2.16.test/tempdiscon.11.vtk
INFO: Step 11, time 1.14e-04, NT, 1 components, 16 values
INFO: Writing examples/ccx_2.16.test/tempdiscon.12.vtk
INFO: Step 12, time 1.72e-04, NT, 1 components, 16 values
INFO: Writing examples/ccx_2.16.test/tempdiscon.13.vtk
INFO: Step 13, time 2.58e-04, NT, 1 components, 16 values
INFO: Writing examples/ccx_2.16.test/tempdiscon.14.vtk
INFO: Step 14, time 3.88e-04, NT, 1 components, 16 values
INFO: Writing examples/ccx_2.16.test/tempdiscon.15.vtk
INFO: Step 15, time 5.83e-04, NT, 1 components, 16 values
INFO: Writing examples/ccx_2.16.test/tempdiscon.16.vtk
INFO: Step 16, time 8.75e-04, NT, 1 components, 16 values
INFO: Writing examples/ccx_2.16.test/tempdiscon.17.vtk
INFO: Step 17, time 1.31e-03, NT, 1 components, 16 values
INFO: Writing examples/ccx_2.16.test/tempdiscon.18.vtk
INFO: Step 18, time 1.97e-03, NT, 1 components, 16 values
INFO: Writing examples/ccx_2.16.test/tempdiscon.19.vtk
INFO: Step 19, time 2.95e-03, NT, 1 components, 16 values
INFO: Writing examples/ccx_2.16.test/tempdiscon.20.vtk
INFO: Step 20, time 4.43e-03, NT, 1 components, 16 values
INFO: Writing examples/ccx_2.16.test/tempdiscon.21.vtk
INFO: Step 21, time 6.65e-03, NT, 1 components, 16 values
INFO: Writing examples/ccx_2.16.test/tempdiscon.22.vtk
INFO: Step 22, time 9.97e-03, NT, 1 components, 16 values
INFO: Writing examples/ccx_2.16.test/tempdiscon.23.vtk
INFO: Step 23, time 1.50e-02, NT, 1 components, 16 values
INFO: Writing examples/ccx_2.16.test/tempdiscon.24.vtk
INFO: Step 24, time 2.24e-02, NT, 1 components, 16 values
INFO: Writing examples/ccx_2.16.test/tempdiscon.25.vtk
INFO: Step 25, time 3.37e-02, NT, 1 components, 16 values
INFO: Writing examples/ccx_2.16.test/tempdiscon.26.vtk
INFO: Step 26, time 5.05e-02, NT, 1 components, 16 values
INFO: Writing examples/ccx_2.16.test/tempdiscon.27.vtk
INFO: Step 27, time 7.58e-02, NT, 1 components, 16 values
INFO: Writing examples/ccx_2.16.test/tempdiscon.28.vtk
INFO: Step 28, time 1.00e-01, NT, 1 components, 16 values

==================================================
INFO: Parsing examples/ccx_2.16.test/tempdiscon.frd
INFO: 16 nodes
INFO: 3 cells
INFO: Step 1, time 1.00e-06, NT, 1 components, 16 values
INFO: Step 2, time 2.00e-06, NT, 1 components, 16 values
INFO: Step 3, time 3.50e-06, NT, 1 components, 16 values
INFO: Step 4, time 5.75e-06, NT, 1 components, 16 values
INFO: Step 5, time 9.12e-06, NT, 1 components, 16 values
INFO: Step 6, time 1.42e-05, NT, 1 components, 16 values
INFO: Step 7, time 2.18e-05, NT, 1 components, 16 values
INFO: Step 8, time 3.32e-05, NT, 1 components, 16 values
INFO: Step 9, time 5.03e-05, NT, 1 components, 16 values
INFO: Step 10, time 7.59e-05, NT, 1 components, 16 values
INFO: Step 11, time 1.14e-04, NT, 1 components, 16 values
INFO: Step 12, time 1.72e-04, NT, 1 components, 16 values
INFO: Step 13, time 2.58e-04, NT, 1 components, 16 values
INFO: Step 14, time 3.88e-04, NT, 1 components, 16 values
INFO: Step 15, time 5.83e-04, NT, 1 components, 16 values
INFO: Step 16, time 8.75e-04, NT, 1 components, 16 values
INFO: Step 17, time 1.31e-03, NT, 1 components, 16 values
INFO: Step 18, time 1.97e-03, NT, 1 components, 16 values
INFO: Step 19, time 2.95e-03, NT, 1 components, 16 values
INFO: Step 20, time 4.43e-03, NT, 1 components, 16 values
INFO: Step 21, time 6.65e-03, NT, 1 components, 16 values
INFO: Step 22, time 9.97e-03, NT, 1 components, 16 values
INFO: Step 23, time 1.50e-02, NT, 1 components, 16 values
INFO: Step 24, time 2.24e-02, NT, 1 components, 16 values
INFO: Step 25, time 3.37e-02, NT, 1 components, 16 values
INFO: Step 26, time 5.05e-02, NT, 1 components, 16 values
INFO: Step 27, time 7.58e-02, NT, 1 components, 16 values
INFO: Step 28, time 1.00e-01, NT, 1 components, 16 values
INFO: 28 time increments
INFO: Writing examples/ccx_2.16.test/tempdiscon.01.vtu
INFO: Step 1, time 1.00e-06, NT, 1 components, 16 values
INFO: Writing examples/ccx_2.16.test/tempdiscon.02.vtu
INFO: Step 2, time 2.00e-06, NT, 1 components, 16 values
INFO: Writing examples/ccx_2.16.test/tempdiscon.03.vtu
INFO: Step 3, time 3.50e-06, NT, 1 components, 16 values
INFO: Writing examples/ccx_2.16.test/tempdiscon.04.vtu
INFO: Step 4, time 5.75e-06, NT, 1 components, 16 values
INFO: Writing examples/ccx_2.16.test/tempdiscon.05.vtu
INFO: Step 5, time 9.12e-06, NT, 1 components, 16 values
INFO: Writing examples/ccx_2.16.test/tempdiscon.06.vtu
INFO: Step 6, time 1.42e-05, NT, 1 components, 16 values
INFO: Writing examples/ccx_2.16.test/tempdiscon.07.vtu
INFO: Step 7, time 2.18e-05, NT, 1 components, 16 values
INFO: Writing examples/ccx_2.16.test/tempdiscon.08.vtu
INFO: Step 8, time 3.32e-05, NT, 1 components, 16 values
INFO: Writing examples/ccx_2.16.test/tempdiscon.09.vtu
INFO: Step 9, time 5.03e-05, NT, 1 components, 16 values
INFO: Writing examples/ccx_2.16.test/tempdiscon.10.vtu
INFO: Step 10, time 7.59e-05, NT, 1 components, 16 values
INFO: Writing examples/ccx_2.16.test/tempdiscon.11.vtu
INFO: Step 11, time 1.14e-04, NT, 1 components, 16 values
INFO: Writing examples/ccx_2.16.test/tempdiscon.12.vtu
INFO: Step 12, time 1.72e-04, NT, 1 components, 16 values
INFO: Writing examples/ccx_2.16.test/tempdiscon.13.vtu
INFO: Step 13, time 2.58e-04, NT, 1 components, 16 values
INFO: Writing examples/ccx_2.16.test/tempdiscon.14.vtu
INFO: Step 14, time 3.88e-04, NT, 1 components, 16 values
INFO: Writing examples/ccx_2.16.test/tempdiscon.15.vtu
INFO: Step 15, time 5.83e-04, NT, 1 components, 16 values
INFO: Writing examples/ccx_2.16.test/tempdiscon.16.vtu
INFO: Step 16, time 8.75e-04, NT, 1 components, 16 values
INFO: Writing examples/ccx_2.16.test/tempdiscon.17.vtu
INFO: Step 17, time 1.31e-03, NT, 1 components, 16 values
INFO: Writing examples/ccx_2.16.test/tempdiscon.18.vtu
INFO: Step 18, time 1.97e-03, NT, 1 components, 16 values
INFO: Writing examples/ccx_2.16.test/tempdiscon.19.vtu
INFO: Step 19, time 2.95e-03, NT, 1 components, 16 values
INFO: Writing examples/ccx_2.16.test/tempdiscon.20.vtu
INFO: Step 20, time 4.43e-03, NT, 1 components, 16 values
INFO: Writing examples/ccx_2.16.test/tempdiscon.21.vtu
INFO: Step 21, time 6.65e-03, NT, 1 components, 16 values
INFO: Writing examples/ccx_2.16.test/tempdiscon.22.vtu
INFO: Step 22, time 9.97e-03, NT, 1 components, 16 values
INFO: Writing examples/ccx_2.16.test/tempdiscon.23.vtu
INFO: Step 23, time 1.50e-02, NT, 1 components, 16 values
INFO: Writing examples/ccx_2.16.test/tempdiscon.24.vtu
INFO: Step 24, time 2.24e-02, NT, 1 components, 16 values
INFO: Writing examples/ccx_2.16.test/tempdiscon.25.vtu
INFO: Step 25, time 3.37e-02, NT, 1 components, 16 values
INFO: Writing examples/ccx_2.16.test/tempdiscon.26.vtu
INFO: Step 26, time 5.05e-02, NT, 1 components, 16 values
INFO: Writing examples/ccx_2.16.test/tempdiscon.27.vtu
INFO: Step 27, time 7.58e-02, NT, 1 components, 16 values
INFO: Writing examples/ccx_2.16.test/tempdiscon.28.vtu
INFO: Step 28, time 1.00e-01, NT, 1 components, 16 values

==================================================
INFO: Parsing examples/ccx_2.16.test/thermomech.frd
INFO: 522 nodes
INFO: 64 cells
INFO: Step 1, time 1.0, U, 3 components, 522 values
INFO: Step 1, time 1.0, NT, 1 components, 522 values
INFO: Step 1, time 1.0, S, 10 components, 522 values
INFO: Step 1, time 1.0, FLUX, 3 components, 522 values
INFO: Step 1, time 1.0, RFL, 1 components, 522 values
INFO: Step 2, time 2.0, NT, 1 components, 522 values
INFO: Step 2, time 2.0, FLUX, 3 components, 522 values
INFO: Step 2, time 2.0, RFL, 1 components, 522 values
INFO: Step 3, time 3.0, U, 3 components, 522 values
INFO: Step 3, time 3.0, NT, 1 components, 522 values
INFO: Step 3, time 3.0, S, 10 components, 522 values
INFO: 3 time increments
INFO: Writing examples/ccx_2.16.test/thermomech.1.vtk
INFO: Step 1, time 1.0, U, 3 components, 522 values
INFO: Step 1, time 1.0, NT, 1 components, 522 values
INFO: Step 1, time 1.0, S, 10 components, 522 values
INFO: Step 1, time 1.0, FLUX, 3 components, 522 values
INFO: Step 1, time 1.0, RFL, 1 components, 522 values
INFO: Writing examples/ccx_2.16.test/thermomech.2.vtk
INFO: Step 2, time 2.0, NT, 1 components, 522 values
INFO: Step 2, time 2.0, FLUX, 3 components, 522 values
INFO: Step 2, time 2.0, RFL, 1 components, 522 values
INFO: Writing examples/ccx_2.16.test/thermomech.3.vtk
INFO: Step 3, time 3.0, U, 3 components, 522 values
INFO: Step 3, time 3.0, NT, 1 components, 522 values
INFO: Step 3, time 3.0, S, 10 components, 522 values

==================================================
INFO: Parsing examples/ccx_2.16.test/thermomech.frd
INFO: 522 nodes
INFO: 64 cells
INFO: Step 1, time 1.0, U, 3 components, 522 values
INFO: Step 1, time 1.0, NT, 1 components, 522 values
INFO: Step 1, time 1.0, S, 10 components, 522 values
INFO: Step 1, time 1.0, FLUX, 3 components, 522 values
INFO: Step 1, time 1.0, RFL, 1 components, 522 values
INFO: Step 2, time 2.0, NT, 1 components, 522 values
INFO: Step 2, time 2.0, FLUX, 3 components, 522 values
INFO: Step 2, time 2.0, RFL, 1 components, 522 values
INFO: Step 3, time 3.0, U, 3 components, 522 values
INFO: Step 3, time 3.0, NT, 1 components, 522 values
INFO: Step 3, time 3.0, S, 10 components, 522 values
INFO: 3 time increments
INFO: Writing examples/ccx_2.16.test/thermomech.1.vtu
INFO: Step 1, time 1.0, U, 3 components, 522 values
INFO: Step 1, time 1.0, NT, 1 components, 522 values
INFO: Step 1, time 1.0, S, 10 components, 522 values
INFO: Step 1, time 1.0, FLUX, 3 components, 522 values
INFO: Step 1, time 1.0, RFL, 1 components, 522 values
INFO: Writing examples/ccx_2.16.test/thermomech.2.vtu
INFO: Step 2, time 2.0, NT, 1 components, 522 values
INFO: Step 2, time 2.0, FLUX, 3 components, 522 values
INFO: Step 2, time 2.0, RFL, 1 components, 522 values
INFO: Writing examples/ccx_2.16.test/thermomech.3.vtu
INFO: Step 3, time 3.0, U, 3 components, 522 values
INFO: Step 3, time 3.0, NT, 1 components, 522 values
INFO: Step 3, time 3.0, S, 10 components, 522 values

==================================================
INFO: Parsing examples/ccx_2.16.test/thermomech2.frd
INFO: 522 nodes
INFO: 64 cells
WARNING: No time increments!

==================================================
INFO: Parsing examples/ccx_2.16.test/thermomech2.frd
INFO: 522 nodes
INFO: 64 cells
WARNING: No time increments!

==================================================
INFO: Parsing examples/ccx_2.16.test/thread.frd
INFO: 2407 nodes
INFO: 718 cells
WARNING: No time increments!

==================================================
INFO: Parsing examples/ccx_2.16.test/thread.frd
INFO: 2407 nodes
INFO: 718 cells
WARNING: No time increments!

==================================================
INFO: Parsing examples/ccx_2.16.test/transition.frd
INFO: 81 nodes
INFO: 32 cells
INFO: Step 11, time 0.00e+00, NORM, 3 components, 81 values
INFO: Step 12, time 15717.6, SENFREQ, 2 components, 81 values
INFO: Step 13, time 21366.3, SENFREQ, 2 components, 81 values
INFO: Step 14, time 93946.1, SENFREQ, 2 components, 81 values
INFO: Step 15, time 94079.5, SENFREQ, 2 components, 81 values
INFO: Step 16, time 119778.3, SENFREQ, 2 components, 81 values
INFO: Step 17, time 164426.6, SENFREQ, 2 components, 81 values
INFO: Step 18, time 251151.1, SENFREQ, 2 components, 81 values
INFO: Step 19, time 286227.3, SENFREQ, 2 components, 81 values
INFO: Step 20, time 299896.5, SENFREQ, 2 components, 81 values
INFO: Step 21, time 469199.9, SENFREQ, 2 components, 81 values
INFO: 11 time increments
INFO: Writing examples/ccx_2.16.test/transition.01.vtk
INFO: Step 11, time 0.00e+00, NORM, 3 components, 81 values
INFO: Writing examples/ccx_2.16.test/transition.02.vtk
INFO: Step 12, time 15717.6, SENFREQ, 2 components, 81 values
INFO: Writing examples/ccx_2.16.test/transition.03.vtk
INFO: Step 13, time 21366.3, SENFREQ, 2 components, 81 values
INFO: Writing examples/ccx_2.16.test/transition.04.vtk
INFO: Step 14, time 93946.1, SENFREQ, 2 components, 81 values
INFO: Writing examples/ccx_2.16.test/transition.05.vtk
INFO: Step 15, time 94079.5, SENFREQ, 2 components, 81 values
INFO: Writing examples/ccx_2.16.test/transition.06.vtk
INFO: Step 16, time 119778.3, SENFREQ, 2 components, 81 values
INFO: Writing examples/ccx_2.16.test/transition.07.vtk
INFO: Step 17, time 164426.6, SENFREQ, 2 components, 81 values
INFO: Writing examples/ccx_2.16.test/transition.08.vtk
INFO: Step 18, time 251151.1, SENFREQ, 2 components, 81 values
INFO: Writing examples/ccx_2.16.test/transition.09.vtk
INFO: Step 19, time 286227.3, SENFREQ, 2 components, 81 values
INFO: Writing examples/ccx_2.16.test/transition.10.vtk
INFO: Step 20, time 299896.5, SENFREQ, 2 components, 81 values
INFO: Writing examples/ccx_2.16.test/transition.11.vtk
INFO: Step 21, time 469199.9, SENFREQ, 2 components, 81 values

==================================================
INFO: Parsing examples/ccx_2.16.test/transition.frd
INFO: 81 nodes
INFO: 32 cells
INFO: Step 11, time 0.00e+00, NORM, 3 components, 81 values
INFO: Step 12, time 15717.6, SENFREQ, 2 components, 81 values
INFO: Step 13, time 21366.3, SENFREQ, 2 components, 81 values
INFO: Step 14, time 93946.1, SENFREQ, 2 components, 81 values
INFO: Step 15, time 94079.5, SENFREQ, 2 components, 81 values
INFO: Step 16, time 119778.3, SENFREQ, 2 components, 81 values
INFO: Step 17, time 164426.6, SENFREQ, 2 components, 81 values
INFO: Step 18, time 251151.1, SENFREQ, 2 components, 81 values
INFO: Step 19, time 286227.3, SENFREQ, 2 components, 81 values
INFO: Step 20, time 299896.5, SENFREQ, 2 components, 81 values
INFO: Step 21, time 469199.9, SENFREQ, 2 components, 81 values
INFO: 11 time increments
INFO: Writing examples/ccx_2.16.test/transition.01.vtu
INFO: Step 11, time 0.00e+00, NORM, 3 components, 81 values
INFO: Writing examples/ccx_2.16.test/transition.02.vtu
INFO: Step 12, time 15717.6, SENFREQ, 2 components, 81 values
INFO: Writing examples/ccx_2.16.test/transition.03.vtu
INFO: Step 13, time 21366.3, SENFREQ, 2 components, 81 values
INFO: Writing examples/ccx_2.16.test/transition.04.vtu
INFO: Step 14, time 93946.1, SENFREQ, 2 components, 81 values
INFO: Writing examples/ccx_2.16.test/transition.05.vtu
INFO: Step 15, time 94079.5, SENFREQ, 2 components, 81 values
INFO: Writing examples/ccx_2.16.test/transition.06.vtu
INFO: Step 16, time 119778.3, SENFREQ, 2 components, 81 values
INFO: Writing examples/ccx_2.16.test/transition.07.vtu
INFO: Step 17, time 164426.6, SENFREQ, 2 components, 81 values
INFO: Writing examples/ccx_2.16.test/transition.08.vtu
INFO: Step 18, time 251151.1, SENFREQ, 2 components, 81 values
INFO: Writing examples/ccx_2.16.test/transition.09.vtu
INFO: Step 19, time 286227.3, SENFREQ, 2 components, 81 values
INFO: Writing examples/ccx_2.16.test/transition.10.vtu
INFO: Step 20, time 299896.5, SENFREQ, 2 components, 81 values
INFO: Writing examples/ccx_2.16.test/transition.11.vtu
INFO: Step 21, time 469199.9, SENFREQ, 2 components, 81 values

==================================================
INFO: Parsing examples/ccx_2.16.test/truss.frd
INFO: 16 nodes
INFO: 2 cells
INFO: Step 1, time 1.0, U, 3 components, 16 values
INFO: Step 1, time 1.0, S, 10 components, 16 values
INFO: 1 time increment
INFO: Writing examples/ccx_2.16.test/truss.vtk
INFO: Step 1, time 1.0, U, 3 components, 16 values
INFO: Step 1, time 1.0, S, 10 components, 16 values

==================================================
INFO: Parsing examples/ccx_2.16.test/truss.frd
INFO: 16 nodes
INFO: 2 cells
INFO: Step 1, time 1.0, U, 3 components, 16 values
INFO: Step 1, time 1.0, S, 10 components, 16 values
INFO: 1 time increment
INFO: Writing examples/ccx_2.16.test/truss.vtu
INFO: Step 1, time 1.0, U, 3 components, 16 values
INFO: Step 1, time 1.0, S, 10 components, 16 values

==================================================
INFO: Parsing examples/ccx_2.16.test/truss2.frd
INFO: 21 nodes
INFO: 10 cells
INFO: Step 1, time 1.0, U, 3 components, 21 values
INFO: Step 1, time 1.0, S, 10 components, 21 values
INFO: 1 time increment
INFO: Writing examples/ccx_2.16.test/truss2.vtk
INFO: Step 1, time 1.0, U, 3 components, 21 values
INFO: Step 1, time 1.0, S, 10 components, 21 values

==================================================
INFO: Parsing examples/ccx_2.16.test/truss2.frd
INFO: 21 nodes
INFO: 10 cells
INFO: Step 1, time 1.0, U, 3 components, 21 values
INFO: Step 1, time 1.0, S, 10 components, 21 values
INFO: 1 time increment
INFO: Writing examples/ccx_2.16.test/truss2.vtu
INFO: Step 1, time 1.0, U, 3 components, 21 values
INFO: Step 1, time 1.0, S, 10 components, 21 values

==================================================
INFO: Parsing examples/ccx_2.16.test/twobeam.frd
INFO: 282 nodes
INFO: 32 cells
INFO: Step 1, time 1.0, U, 3 components, 282 values
INFO: Step 1, time 1.0, NT, 1 components, 282 values
INFO: Step 1, time 1.0, S, 10 components, 282 values
INFO: 1 time increment
INFO: Writing examples/ccx_2.16.test/twobeam.vtk
INFO: Step 1, time 1.0, U, 3 components, 282 values
INFO: Step 1, time 1.0, NT, 1 components, 282 values
INFO: Step 1, time 1.0, S, 10 components, 282 values

==================================================
INFO: Parsing examples/ccx_2.16.test/twobeam.frd
INFO: 282 nodes
INFO: 32 cells
INFO: Step 1, time 1.0, U, 3 components, 282 values
INFO: Step 1, time 1.0, NT, 1 components, 282 values
INFO: Step 1, time 1.0, S, 10 components, 282 values
INFO: 1 time increment
INFO: Writing examples/ccx_2.16.test/twobeam.vtu
INFO: Step 1, time 1.0, U, 3 components, 282 values
INFO: Step 1, time 1.0, NT, 1 components, 282 values
INFO: Step 1, time 1.0, S, 10 components, 282 values

==================================================
INFO: Parsing examples/ccx_2.16.test/unet1.frd
INFO: 5 nodes
INFO: 3 cells
WARNING: No time increments!

==================================================
INFO: Parsing examples/ccx_2.16.test/unet1.frd
INFO: 5 nodes
INFO: 3 cells
WARNING: No time increments!

==================================================
INFO: Parsing examples/ccx_2.16.test/unetp1.frd
INFO: 5 nodes
INFO: 3 cells
WARNING: No time increments!

==================================================
INFO: Parsing examples/ccx_2.16.test/unetp1.frd
INFO: 5 nodes
INFO: 3 cells
WARNING: No time increments!

==================================================
INFO: Parsing examples/ccx_2.16.test/uprofile.frd
INFO: 68 nodes
INFO: 5 cells
INFO: Step 1, time 13.0, U, 3 components, 68 values
INFO: Step 2, time 32.2, U, 3 components, 68 values
INFO: Step 3, time 81.3, U, 3 components, 68 values
INFO: Step 4, time 198.5, U, 3 components, 68 values
INFO: Step 5, time 229.6, U, 3 components, 68 values
INFO: Step 6, time 315.6, U, 3 components, 68 values
INFO: Step 7, time 464.4, U, 3 components, 68 values
INFO: Step 8, time 546.9, U, 3 components, 68 values
INFO: Step 9, time 746.5, U, 3 components, 68 values
INFO: Step 10, time 812.7, U, 3 components, 68 values
INFO: Step 11, time 948.1, U, 3 components, 68 values
INFO: Step 12, time 1066.3, U, 3 components, 68 values
INFO: Step 13, time 1.0, U, 3 components, 68 values
INFO: Step 14, time 2.0, U, 3 components, 68 values
INFO: 14 time increments
INFO: Writing examples/ccx_2.16.test/uprofile.01.vtk
INFO: Step 13, time 1.0, U, 3 components, 68 values
INFO: Writing examples/ccx_2.16.test/uprofile.02.vtk
INFO: Step 14, time 2.0, U, 3 components, 68 values
INFO: Writing examples/ccx_2.16.test/uprofile.03.vtk
INFO: Step 1, time 13.0, U, 3 components, 68 values
INFO: Writing examples/ccx_2.16.test/uprofile.04.vtk
INFO: Step 2, time 32.2, U, 3 components, 68 values
INFO: Writing examples/ccx_2.16.test/uprofile.05.vtk
INFO: Step 3, time 81.3, U, 3 components, 68 values
INFO: Writing examples/ccx_2.16.test/uprofile.06.vtk
INFO: Step 4, time 198.5, U, 3 components, 68 values
INFO: Writing examples/ccx_2.16.test/uprofile.07.vtk
INFO: Step 5, time 229.6, U, 3 components, 68 values
INFO: Writing examples/ccx_2.16.test/uprofile.08.vtk
INFO: Step 6, time 315.6, U, 3 components, 68 values
INFO: Writing examples/ccx_2.16.test/uprofile.09.vtk
INFO: Step 7, time 464.4, U, 3 components, 68 values
INFO: Writing examples/ccx_2.16.test/uprofile.10.vtk
INFO: Step 8, time 546.9, U, 3 components, 68 values
INFO: Writing examples/ccx_2.16.test/uprofile.11.vtk
INFO: Step 9, time 746.5, U, 3 components, 68 values
INFO: Writing examples/ccx_2.16.test/uprofile.12.vtk
INFO: Step 10, time 812.7, U, 3 components, 68 values
INFO: Writing examples/ccx_2.16.test/uprofile.13.vtk
INFO: Step 11, time 948.1, U, 3 components, 68 values
INFO: Writing examples/ccx_2.16.test/uprofile.14.vtk
INFO: Step 12, time 1066.3, U, 3 components, 68 values

==================================================
INFO: Parsing examples/ccx_2.16.test/uprofile.frd
INFO: 68 nodes
INFO: 5 cells
INFO: Step 1, time 13.0, U, 3 components, 68 values
INFO: Step 2, time 32.2, U, 3 components, 68 values
INFO: Step 3, time 81.3, U, 3 components, 68 values
INFO: Step 4, time 198.5, U, 3 components, 68 values
INFO: Step 5, time 229.6, U, 3 components, 68 values
INFO: Step 6, time 315.6, U, 3 components, 68 values
INFO: Step 7, time 464.4, U, 3 components, 68 values
INFO: Step 8, time 546.9, U, 3 components, 68 values
INFO: Step 9, time 746.5, U, 3 components, 68 values
INFO: Step 10, time 812.7, U, 3 components, 68 values
INFO: Step 11, time 948.1, U, 3 components, 68 values
INFO: Step 12, time 1066.3, U, 3 components, 68 values
INFO: Step 13, time 1.0, U, 3 components, 68 values
INFO: Step 14, time 2.0, U, 3 components, 68 values
INFO: 14 time increments
INFO: Writing examples/ccx_2.16.test/uprofile.01.vtu
INFO: Step 13, time 1.0, U, 3 components, 68 values
INFO: Writing examples/ccx_2.16.test/uprofile.02.vtu
INFO: Step 14, time 2.0, U, 3 components, 68 values
INFO: Writing examples/ccx_2.16.test/uprofile.03.vtu
INFO: Step 1, time 13.0, U, 3 components, 68 values
INFO: Writing examples/ccx_2.16.test/uprofile.04.vtu
INFO: Step 2, time 32.2, U, 3 components, 68 values
INFO: Writing examples/ccx_2.16.test/uprofile.05.vtu
INFO: Step 3, time 81.3, U, 3 components, 68 values
INFO: Writing examples/ccx_2.16.test/uprofile.06.vtu
INFO: Step 4, time 198.5, U, 3 components, 68 values
INFO: Writing examples/ccx_2.16.test/uprofile.07.vtu
INFO: Step 5, time 229.6, U, 3 components, 68 values
INFO: Writing examples/ccx_2.16.test/uprofile.08.vtu
INFO: Step 6, time 315.6, U, 3 components, 68 values
INFO: Writing examples/ccx_2.16.test/uprofile.09.vtu
INFO: Step 7, time 464.4, U, 3 components, 68 values
INFO: Writing examples/ccx_2.16.test/uprofile.10.vtu
INFO: Step 8, time 546.9, U, 3 components, 68 values
INFO: Writing examples/ccx_2.16.test/uprofile.11.vtu
INFO: Step 9, time 746.5, U, 3 components, 68 values
INFO: Writing examples/ccx_2.16.test/uprofile.12.vtu
INFO: Step 10, time 812.7, U, 3 components, 68 values
INFO: Writing examples/ccx_2.16.test/uprofile.13.vtu
INFO: Step 11, time 948.1, U, 3 components, 68 values
INFO: Writing examples/ccx_2.16.test/uprofile.14.vtu
INFO: Step 12, time 1066.3, U, 3 components, 68 values

==================================================
INFO: Parsing examples/ccx_2.16.test/userbeam.frd
INFO: 0 nodes
INFO: 0 cells
WARNING: No time increments!

==================================================
INFO: Parsing examples/ccx_2.16.test/userbeam.frd
INFO: 0 nodes
INFO: 0 cells
WARNING: No time increments!

==================================================
INFO: Parsing examples/ccx_2.16.test/vortex1.frd
INFO: 15 nodes
INFO: 8 cells
WARNING: No time increments!

==================================================
INFO: Parsing examples/ccx_2.16.test/vortex1.frd
INFO: 15 nodes
INFO: 8 cells
WARNING: No time increments!

==================================================
INFO: Parsing examples/ccx_2.16.test/vortex2.frd
INFO: 15 nodes
INFO: 8 cells
WARNING: No time increments!

==================================================
INFO: Parsing examples/ccx_2.16.test/vortex2.frd
INFO: 15 nodes
INFO: 8 cells
WARNING: No time increments!

==================================================
INFO: Parsing examples/ccx_2.16.test/vortex3.frd
INFO: 15 nodes
INFO: 8 cells
WARNING: No time increments!

==================================================
INFO: Parsing examples/ccx_2.16.test/vortex3.frd
INFO: 15 nodes
INFO: 8 cells
WARNING: No time increments!

==================================================
INFO: Parsing examples/ccx_2.16.test/wire.frd
INFO: 307 nodes
INFO: 30 cells
WARNING: No time increments!

==================================================
INFO: Parsing examples/ccx_2.16.test/wire.frd
INFO: 307 nodes
INFO: 30 cells
WARNING: No time increments!

==================================================
INFO: Parsing examples/elements/C3D15.frd
INFO: 15 nodes
INFO: 1 cells
WARNING: No time increments!

==================================================
INFO: Parsing examples/elements/C3D15.frd
INFO: 15 nodes
INFO: 1 cells
WARNING: No time increments!

==================================================
INFO: Parsing examples/elements/C3D20.frd
INFO: 20 nodes
INFO: 1 cells
WARNING: No time increments!

==================================================
INFO: Parsing examples/elements/C3D20.frd
INFO: 20 nodes
INFO: 1 cells
WARNING: No time increments!

==================================================
INFO: Parsing examples/elements/CPE3.frd
INFO: 12 nodes
INFO: 1 cells
WARNING: No time increments!

==================================================
INFO: Parsing examples/elements/CPE3.frd
INFO: 12 nodes
INFO: 1 cells
WARNING: No time increments!

==================================================
INFO: Parsing examples/elements/CPE4.frd
INFO: 16 nodes
INFO: 1 cells
WARNING: No time increments!

==================================================
INFO: Parsing examples/elements/CPE4.frd
INFO: 16 nodes
INFO: 1 cells
WARNING: No time increments!

==================================================
INFO: Parsing examples/elements/CPS3.frd
INFO: 12 nodes
INFO: 1 cells
WARNING: No time increments!

==================================================
INFO: Parsing examples/elements/CPS3.frd
INFO: 12 nodes
INFO: 1 cells
WARNING: No time increments!

==================================================
INFO: Parsing examples/elements/CPS4.frd
INFO: 16 nodes
INFO: 1 cells
WARNING: No time increments!

==================================================
INFO: Parsing examples/elements/CPS4.frd
INFO: 16 nodes
INFO: 1 cells
WARNING: No time increments!

==================================================
INFO: Parsing examples/elements/S3.frd
INFO: 12 nodes
INFO: 1 cells
WARNING: No time increments!

==================================================
INFO: Parsing examples/elements/S3.frd
INFO: 12 nodes
INFO: 1 cells
WARNING: No time increments!

==================================================
INFO: Parsing examples/elements/S4.frd
INFO: 19 nodes
INFO: 1 cells
WARNING: No time increments!

==================================================
INFO: Parsing examples/elements/S4.frd
INFO: 19 nodes
INFO: 1 cells
WARNING: No time increments!

==================================================
INFO: Parsing examples/elements/S6.frd
INFO: 24 nodes
INFO: 1 cells
WARNING: No time increments!

==================================================
INFO: Parsing examples/elements/S6.frd
INFO: 24 nodes
INFO: 1 cells
WARNING: No time increments!

==================================================
INFO: Parsing examples/elements/S8.frd
INFO: 32 nodes
INFO: 1 cells
WARNING: No time increments!

==================================================
INFO: Parsing examples/elements/S8.frd
INFO: 32 nodes
INFO: 1 cells
WARNING: No time increments!

==================================================
INFO: Parsing examples/other/Ihor_Mirzov_baffle_2D.frd
INFO: 14836 nodes
INFO: 6778 cells
INFO: Step 1, time 1.0, NT, 1 components, 14836 values
INFO: 1 time increment
INFO: Writing examples/other/Ihor_Mirzov_baffle_2D.vtk
INFO: Step 1, time 1.0, NT, 1 components, 14836 values

==================================================
INFO: Parsing examples/other/Ihor_Mirzov_baffle_2D.frd
INFO: 14836 nodes
INFO: 6778 cells
INFO: Step 1, time 1.0, NT, 1 components, 14836 values
INFO: 1 time increment
INFO: Writing examples/other/Ihor_Mirzov_baffle_2D.vtu
INFO: Step 1, time 1.0, NT, 1 components, 14836 values

==================================================
INFO: Parsing examples/other/Jan_Lukas_modal_dynamic_beammodal.frd
INFO: 1221 nodes
INFO: 160 cells
INFO: Step 1, time 209.2, U, 3 components, 1221 values
INFO: Step 1, time 209.2, S, 10 components, 1221 values
INFO: Step 1, time 209.2, E, 10 components, 1221 values
INFO: Step 1, time 209.2, ERROR, 1 components, 1221 values
INFO: Step 2, time 209.2, U, 3 components, 1221 values
INFO: Step 2, time 209.2, S, 10 components, 1221 values
INFO: Step 2, time 209.2, E, 10 components, 1221 values
INFO: Step 2, time 209.2, ERROR, 1 components, 1221 values
INFO: Step 3, time 1296.2, U, 3 components, 1221 values
INFO: Step 3, time 1296.2, S, 10 components, 1221 values
INFO: Step 3, time 1296.2, E, 10 components, 1221 values
INFO: Step 3, time 1296.2, ERROR, 1 components, 1221 values
INFO: Step 4, time 1296.2, U, 3 components, 1221 values
INFO: Step 4, time 1296.2, S, 10 components, 1221 values
INFO: Step 4, time 1296.2, E, 10 components, 1221 values
INFO: Step 4, time 1296.2, ERROR, 1 components, 1221 values
INFO: Step 5, time 3565.9, U, 3 components, 1221 values
INFO: Step 5, time 3565.9, S, 10 components, 1221 values
INFO: Step 5, time 3565.9, E, 10 components, 1221 values
INFO: Step 5, time 3565.9, ERROR, 1 components, 1221 values
INFO: Step 6, time 3565.9, U, 3 components, 1221 values
INFO: Step 6, time 3565.9, S, 10 components, 1221 values
INFO: Step 6, time 3565.9, E, 10 components, 1221 values
INFO: Step 6, time 3565.9, ERROR, 1 components, 1221 values
INFO: Step 7, time 3714.6, U, 3 components, 1221 values
INFO: Step 7, time 3714.6, S, 10 components, 1221 values
INFO: Step 7, time 3714.6, E, 10 components, 1221 values
INFO: Step 7, time 3714.6, ERROR, 1 components, 1221 values
INFO: Step 8, time 6477.3, U, 3 components, 1221 values
INFO: Step 8, time 6477.3, S, 10 components, 1221 values
INFO: Step 8, time 6477.3, E, 10 components, 1221 values
INFO: Step 8, time 6477.3, ERROR, 1 components, 1221 values
INFO: Step 9, time 6819.4, U, 3 components, 1221 values
INFO: Step 9, time 6819.4, S, 10 components, 1221 values
INFO: Step 9, time 6819.4, E, 10 components, 1221 values
INFO: Step 9, time 6819.4, ERROR, 1 components, 1221 values
INFO: Step 10, time 6819.4, U, 3 components, 1221 values
INFO: Step 10, time 6819.4, S, 10 components, 1221 values
INFO: Step 10, time 6819.4, E, 10 components, 1221 values
INFO: Step 10, time 6819.4, ERROR, 1 components, 1221 values
INFO: Step 11, time 10945.6, U, 3 components, 1221 values
INFO: Step 11, time 10945.6, S, 10 components, 1221 values
INFO: Step 11, time 10945.6, E, 10 components, 1221 values
INFO: Step 11, time 10945.6, ERROR, 1 components, 1221 values
INFO: Step 12, time 10945.6, U, 3 components, 1221 values
INFO: Step 12, time 10945.6, S, 10 components, 1221 values
INFO: Step 12, time 10945.6, E, 10 components, 1221 values
INFO: Step 12, time 10945.6, ERROR, 1 components, 1221 values
INFO: Step 13, time 11144.0, U, 3 components, 1221 values
INFO: Step 13, time 11144.0, S, 10 components, 1221 values
INFO: Step 13, time 11144.0, E, 10 components, 1221 values
INFO: Step 13, time 11144.0, ERROR, 1 components, 1221 values
INFO: Step 14, time 15813.3, U, 3 components, 1221 values
INFO: Step 14, time 15813.3, S, 10 components, 1221 values
INFO: Step 14, time 15813.3, E, 10 components, 1221 values
INFO: Step 14, time 15813.3, ERROR, 1 components, 1221 values
INFO: Step 15, time 15813.3, U, 3 components, 1221 values
INFO: Step 15, time 15813.3, S, 10 components, 1221 values
INFO: Step 15, time 15813.3, E, 10 components, 1221 values
INFO: Step 15, time 15813.3, ERROR, 1 components, 1221 values
INFO: Step 16, time 18574.3, U, 3 components, 1221 values
INFO: Step 16, time 18574.3, S, 10 components, 1221 values
INFO: Step 16, time 18574.3, E, 10 components, 1221 values
INFO: Step 16, time 18574.3, ERROR, 1 components, 1221 values
INFO: 10 time increments
INFO: Writing examples/other/Jan_Lukas_modal_dynamic_beammodal.01.vtk
INFO: Step 1, time 209.2, U, 3 components, 1221 values
INFO: Step 1, time 209.2, S, 10 components, 1221 values
INFO: Step 1, time 209.2, E, 10 components, 1221 values
INFO: Step 1, time 209.2, ERROR, 1 components, 1221 values
INFO: Step 2, time 209.2, U, 3 components, 1221 values
INFO: Step 2, time 209.2, S, 10 components, 1221 values
INFO: Step 2, time 209.2, E, 10 components, 1221 values
INFO: Step 2, time 209.2, ERROR, 1 components, 1221 values
INFO: Writing examples/other/Jan_Lukas_modal_dynamic_beammodal.02.vtk
INFO: Step 3, time 1296.2, U, 3 components, 1221 values
INFO: Step 3, time 1296.2, S, 10 components, 1221 values
INFO: Step 3, time 1296.2, E, 10 components, 1221 values
INFO: Step 3, time 1296.2, ERROR, 1 components, 1221 values
INFO: Step 4, time 1296.2, U, 3 components, 1221 values
INFO: Step 4, time 1296.2, S, 10 components, 1221 values
INFO: Step 4, time 1296.2, E, 10 components, 1221 values
INFO: Step 4, time 1296.2, ERROR, 1 components, 1221 values
INFO: Writing examples/other/Jan_Lukas_modal_dynamic_beammodal.03.vtk
INFO: Step 5, time 3565.9, U, 3 components, 1221 values
INFO: Step 5, time 3565.9, S, 10 components, 1221 values
INFO: Step 5, time 3565.9, E, 10 components, 1221 values
INFO: Step 5, time 3565.9, ERROR, 1 components, 1221 values
INFO: Step 6, time 3565.9, U, 3 components, 1221 values
INFO: Step 6, time 3565.9, S, 10 components, 1221 values
INFO: Step 6, time 3565.9, E, 10 components, 1221 values
INFO: Step 6, time 3565.9, ERROR, 1 components, 1221 values
INFO: Writing examples/other/Jan_Lukas_modal_dynamic_beammodal.04.vtk
INFO: Step 7, time 3714.6, U, 3 components, 1221 values
INFO: Step 7, time 3714.6, S, 10 components, 1221 values
INFO: Step 7, time 3714.6, E, 10 components, 1221 values
INFO: Step 7, time 3714.6, ERROR, 1 components, 1221 values
INFO: Writing examples/other/Jan_Lukas_modal_dynamic_beammodal.05.vtk
INFO: Step 8, time 6477.3, U, 3 components, 1221 values
INFO: Step 8, time 6477.3, S, 10 components, 1221 values
INFO: Step 8, time 6477.3, E, 10 components, 1221 values
INFO: Step 8, time 6477.3, ERROR, 1 components, 1221 values
INFO: Writing examples/other/Jan_Lukas_modal_dynamic_beammodal.06.vtk
INFO: Step 9, time 6819.4, U, 3 components, 1221 values
INFO: Step 9, time 6819.4, S, 10 components, 1221 values
INFO: Step 9, time 6819.4, E, 10 components, 1221 values
INFO: Step 9, time 6819.4, ERROR, 1 components, 1221 values
INFO: Step 10, time 6819.4, U, 3 components, 1221 values
INFO: Step 10, time 6819.4, S, 10 components, 1221 values
INFO: Step 10, time 6819.4, E, 10 components, 1221 values
INFO: Step 10, time 6819.4, ERROR, 1 components, 1221 values
INFO: Writing examples/other/Jan_Lukas_modal_dynamic_beammodal.07.vtk
INFO: Step 11, time 10945.6, U, 3 components, 1221 values
INFO: Step 11, time 10945.6, S, 10 components, 1221 values
INFO: Step 11, time 10945.6, E, 10 components, 1221 values
INFO: Step 11, time 10945.6, ERROR, 1 components, 1221 values
INFO: Step 12, time 10945.6, U, 3 components, 1221 values
INFO: Step 12, time 10945.6, S, 10 components, 1221 values
INFO: Step 12, time 10945.6, E, 10 components, 1221 values
INFO: Step 12, time 10945.6, ERROR, 1 components, 1221 values
INFO: Writing examples/other/Jan_Lukas_modal_dynamic_beammodal.08.vtk
INFO: Step 13, time 11144.0, U, 3 components, 1221 values
INFO: Step 13, time 11144.0, S, 10 components, 1221 values
INFO: Step 13, time 11144.0, E, 10 components, 1221 values
INFO: Step 13, time 11144.0, ERROR, 1 components, 1221 values
INFO: Writing examples/other/Jan_Lukas_modal_dynamic_beammodal.09.vtk
INFO: Step 14, time 15813.3, U, 3 components, 1221 values
INFO: Step 14, time 15813.3, S, 10 components, 1221 values
INFO: Step 14, time 15813.3, E, 10 components, 1221 values
INFO: Step 14, time 15813.3, ERROR, 1 components, 1221 values
INFO: Step 15, time 15813.3, U, 3 components, 1221 values
INFO: Step 15, time 15813.3, S, 10 components, 1221 values
INFO: Step 15, time 15813.3, E, 10 components, 1221 values
INFO: Step 15, time 15813.3, ERROR, 1 components, 1221 values
INFO: Writing examples/other/Jan_Lukas_modal_dynamic_beammodal.10.vtk
INFO: Step 16, time 18574.3, U, 3 components, 1221 values
INFO: Step 16, time 18574.3, S, 10 components, 1221 values
INFO: Step 16, time 18574.3, E, 10 components, 1221 values
INFO: Step 16, time 18574.3, ERROR, 1 components, 1221 values

==================================================
INFO: Parsing examples/other/Jan_Lukas_modal_dynamic_beammodal.frd
INFO: 1221 nodes
INFO: 160 cells
INFO: Step 1, time 209.2, U, 3 components, 1221 values
INFO: Step 1, time 209.2, S, 10 components, 1221 values
INFO: Step 1, time 209.2, E, 10 components, 1221 values
INFO: Step 1, time 209.2, ERROR, 1 components, 1221 values
INFO: Step 2, time 209.2, U, 3 components, 1221 values
INFO: Step 2, time 209.2, S, 10 components, 1221 values
INFO: Step 2, time 209.2, E, 10 components, 1221 values
INFO: Step 2, time 209.2, ERROR, 1 components, 1221 values
INFO: Step 3, time 1296.2, U, 3 components, 1221 values
INFO: Step 3, time 1296.2, S, 10 components, 1221 values
INFO: Step 3, time 1296.2, E, 10 components, 1221 values
INFO: Step 3, time 1296.2, ERROR, 1 components, 1221 values
INFO: Step 4, time 1296.2, U, 3 components, 1221 values
INFO: Step 4, time 1296.2, S, 10 components, 1221 values
INFO: Step 4, time 1296.2, E, 10 components, 1221 values
INFO: Step 4, time 1296.2, ERROR, 1 components, 1221 values
INFO: Step 5, time 3565.9, U, 3 components, 1221 values
INFO: Step 5, time 3565.9, S, 10 components, 1221 values
INFO: Step 5, time 3565.9, E, 10 components, 1221 values
INFO: Step 5, time 3565.9, ERROR, 1 components, 1221 values
INFO: Step 6, time 3565.9, U, 3 components, 1221 values
INFO: Step 6, time 3565.9, S, 10 components, 1221 values
INFO: Step 6, time 3565.9, E, 10 components, 1221 values
INFO: Step 6, time 3565.9, ERROR, 1 components, 1221 values
INFO: Step 7, time 3714.6, U, 3 components, 1221 values
INFO: Step 7, time 3714.6, S, 10 components, 1221 values
INFO: Step 7, time 3714.6, E, 10 components, 1221 values
INFO: Step 7, time 3714.6, ERROR, 1 components, 1221 values
INFO: Step 8, time 6477.3, U, 3 components, 1221 values
INFO: Step 8, time 6477.3, S, 10 components, 1221 values
INFO: Step 8, time 6477.3, E, 10 components, 1221 values
INFO: Step 8, time 6477.3, ERROR, 1 components, 1221 values
INFO: Step 9, time 6819.4, U, 3 components, 1221 values
INFO: Step 9, time 6819.4, S, 10 components, 1221 values
INFO: Step 9, time 6819.4, E, 10 components, 1221 values
INFO: Step 9, time 6819.4, ERROR, 1 components, 1221 values
INFO: Step 10, time 6819.4, U, 3 components, 1221 values
INFO: Step 10, time 6819.4, S, 10 components, 1221 values
INFO: Step 10, time 6819.4, E, 10 components, 1221 values
INFO: Step 10, time 6819.4, ERROR, 1 components, 1221 values
INFO: Step 11, time 10945.6, U, 3 components, 1221 values
INFO: Step 11, time 10945.6, S, 10 components, 1221 values
INFO: Step 11, time 10945.6, E, 10 components, 1221 values
INFO: Step 11, time 10945.6, ERROR, 1 components, 1221 values
INFO: Step 12, time 10945.6, U, 3 components, 1221 values
INFO: Step 12, time 10945.6, S, 10 components, 1221 values
INFO: Step 12, time 10945.6, E, 10 components, 1221 values
INFO: Step 12, time 10945.6, ERROR, 1 components, 1221 values
INFO: Step 13, time 11144.0, U, 3 components, 1221 values
INFO: Step 13, time 11144.0, S, 10 components, 1221 values
INFO: Step 13, time 11144.0, E, 10 components, 1221 values
INFO: Step 13, time 11144.0, ERROR, 1 components, 1221 values
INFO: Step 14, time 15813.3, U, 3 components, 1221 values
INFO: Step 14, time 15813.3, S, 10 components, 1221 values
INFO: Step 14, time 15813.3, E, 10 components, 1221 values
INFO: Step 14, time 15813.3, ERROR, 1 components, 1221 values
INFO: Step 15, time 15813.3, U, 3 components, 1221 values
INFO: Step 15, time 15813.3, S, 10 components, 1221 values
INFO: Step 15, time 15813.3, E, 10 components, 1221 values
INFO: Step 15, time 15813.3, ERROR, 1 components, 1221 values
INFO: Step 16, time 18574.3, U, 3 components, 1221 values
INFO: Step 16, time 18574.3, S, 10 components, 1221 values
INFO: Step 16, time 18574.3, E, 10 components, 1221 values
INFO: Step 16, time 18574.3, ERROR, 1 components, 1221 values
INFO: 10 time increments
INFO: Writing examples/other/Jan_Lukas_modal_dynamic_beammodal.01.vtu
INFO: Step 1, time 209.2, U, 3 components, 1221 values
INFO: Step 1, time 209.2, S, 10 components, 1221 values
INFO: Step 1, time 209.2, E, 10 components, 1221 values
INFO: Step 1, time 209.2, ERROR, 1 components, 1221 values
INFO: Step 2, time 209.2, U, 3 components, 1221 values
INFO: Step 2, time 209.2, S, 10 components, 1221 values
INFO: Step 2, time 209.2, E, 10 components, 1221 values
INFO: Step 2, time 209.2, ERROR, 1 components, 1221 values
INFO: Writing examples/other/Jan_Lukas_modal_dynamic_beammodal.02.vtu
INFO: Step 3, time 1296.2, U, 3 components, 1221 values
INFO: Step 3, time 1296.2, S, 10 components, 1221 values
INFO: Step 3, time 1296.2, E, 10 components, 1221 values
INFO: Step 3, time 1296.2, ERROR, 1 components, 1221 values
INFO: Step 4, time 1296.2, U, 3 components, 1221 values
INFO: Step 4, time 1296.2, S, 10 components, 1221 values
INFO: Step 4, time 1296.2, E, 10 components, 1221 values
INFO: Step 4, time 1296.2, ERROR, 1 components, 1221 values
INFO: Writing examples/other/Jan_Lukas_modal_dynamic_beammodal.03.vtu
INFO: Step 5, time 3565.9, U, 3 components, 1221 values
INFO: Step 5, time 3565.9, S, 10 components, 1221 values
INFO: Step 5, time 3565.9, E, 10 components, 1221 values
INFO: Step 5, time 3565.9, ERROR, 1 components, 1221 values
INFO: Step 6, time 3565.9, U, 3 components, 1221 values
INFO: Step 6, time 3565.9, S, 10 components, 1221 values
INFO: Step 6, time 3565.9, E, 10 components, 1221 values
INFO: Step 6, time 3565.9, ERROR, 1 components, 1221 values
INFO: Writing examples/other/Jan_Lukas_modal_dynamic_beammodal.04.vtu
INFO: Step 7, time 3714.6, U, 3 components, 1221 values
INFO: Step 7, time 3714.6, S, 10 components, 1221 values
INFO: Step 7, time 3714.6, E, 10 components, 1221 values
INFO: Step 7, time 3714.6, ERROR, 1 components, 1221 values
INFO: Writing examples/other/Jan_Lukas_modal_dynamic_beammodal.05.vtu
INFO: Step 8, time 6477.3, U, 3 components, 1221 values
INFO: Step 8, time 6477.3, S, 10 components, 1221 values
INFO: Step 8, time 6477.3, E, 10 components, 1221 values
INFO: Step 8, time 6477.3, ERROR, 1 components, 1221 values
INFO: Writing examples/other/Jan_Lukas_modal_dynamic_beammodal.06.vtu
INFO: Step 9, time 6819.4, U, 3 components, 1221 values
INFO: Step 9, time 6819.4, S, 10 components, 1221 values
INFO: Step 9, time 6819.4, E, 10 components, 1221 values
INFO: Step 9, time 6819.4, ERROR, 1 components, 1221 values
INFO: Step 10, time 6819.4, U, 3 components, 1221 values
INFO: Step 10, time 6819.4, S, 10 components, 1221 values
INFO: Step 10, time 6819.4, E, 10 components, 1221 values
INFO: Step 10, time 6819.4, ERROR, 1 components, 1221 values
INFO: Writing examples/other/Jan_Lukas_modal_dynamic_beammodal.07.vtu
INFO: Step 11, time 10945.6, U, 3 components, 1221 values
INFO: Step 11, time 10945.6, S, 10 components, 1221 values
INFO: Step 11, time 10945.6, E, 10 components, 1221 values
INFO: Step 11, time 10945.6, ERROR, 1 components, 1221 values
INFO: Step 12, time 10945.6, U, 3 components, 1221 values
INFO: Step 12, time 10945.6, S, 10 components, 1221 values
INFO: Step 12, time 10945.6, E, 10 components, 1221 values
INFO: Step 12, time 10945.6, ERROR, 1 components, 1221 values
INFO: Writing examples/other/Jan_Lukas_modal_dynamic_beammodal.08.vtu
INFO: Step 13, time 11144.0, U, 3 components, 1221 values
INFO: Step 13, time 11144.0, S, 10 components, 1221 values
INFO: Step 13, time 11144.0, E, 10 components, 1221 values
INFO: Step 13, time 11144.0, ERROR, 1 components, 1221 values
INFO: Writing examples/other/Jan_Lukas_modal_dynamic_beammodal.09.vtu
INFO: Step 14, time 15813.3, U, 3 components, 1221 values
INFO: Step 14, time 15813.3, S, 10 components, 1221 values
INFO: Step 14, time 15813.3, E, 10 components, 1221 values
INFO: Step 14, time 15813.3, ERROR, 1 components, 1221 values
INFO: Step 15, time 15813.3, U, 3 components, 1221 values
INFO: Step 15, time 15813.3, S, 10 components, 1221 values
INFO: Step 15, time 15813.3, E, 10 components, 1221 values
INFO: Step 15, time 15813.3, ERROR, 1 components, 1221 values
INFO: Writing examples/other/Jan_Lukas_modal_dynamic_beammodal.10.vtu
INFO: Step 16, time 18574.3, U, 3 components, 1221 values
INFO: Step 16, time 18574.3, S, 10 components, 1221 values
INFO: Step 16, time 18574.3, E, 10 components, 1221 values
INFO: Step 16, time 18574.3, ERROR, 1 components, 1221 values

==================================================
INFO: Parsing examples/other/Jan_Lukas_modal_dynamic_staticbeam2.frd
INFO: 321 nodes
INFO: 40 cells
INFO: Step 1, time 837.4, U, 3 components, 321 values
INFO: Step 1, time 837.4, S, 10 components, 321 values
INFO: Step 1, time 837.4, E, 10 components, 321 values
INFO: Step 1, time 837.4, ERROR, 1 components, 321 values
INFO: Step 2, time 837.4, U, 3 components, 321 values
INFO: Step 2, time 837.4, S, 10 components, 321 values
INFO: Step 2, time 837.4, E, 10 components, 321 values
INFO: Step 2, time 837.4, ERROR, 1 components, 321 values
INFO: Step 3, time 5026.9, U, 3 components, 321 values
INFO: Step 3, time 5026.9, S, 10 components, 321 values
INFO: Step 3, time 5026.9, E, 10 components, 321 values
INFO: Step 3, time 5026.9, ERROR, 1 components, 321 values
INFO: Step 4, time 5026.9, U, 3 components, 321 values
INFO: Step 4, time 5026.9, S, 10 components, 321 values
INFO: Step 4, time 5026.9, E, 10 components, 321 values
INFO: Step 4, time 5026.9, ERROR, 1 components, 321 values
INFO: Step 5, time 7452.8, U, 3 components, 321 values
INFO: Step 5, time 7452.8, S, 10 components, 321 values
INFO: Step 5, time 7452.8, E, 10 components, 321 values
INFO: Step 5, time 7452.8, ERROR, 1 components, 321 values
INFO: Step 6, time 12989.9, U, 3 components, 321 values
INFO: Step 6, time 12989.9, S, 10 components, 321 values
INFO: Step 6, time 12989.9, E, 10 components, 321 values
INFO: Step 6, time 12989.9, ERROR, 1 components, 321 values
INFO: Step 7, time 13260.2, U, 3 components, 321 values
INFO: Step 7, time 13260.2, S, 10 components, 321 values
INFO: Step 7, time 13260.2, E, 10 components, 321 values
INFO: Step 7, time 13260.2, ERROR, 1 components, 321 values
INFO: Step 8, time 13260.2, U, 3 components, 321 values
INFO: Step 8, time 13260.2, S, 10 components, 321 values
INFO: Step 8, time 13260.2, E, 10 components, 321 values
INFO: Step 8, time 13260.2, ERROR, 1 components, 321 values
INFO: Step 9, time 22364.5, U, 3 components, 321 values
INFO: Step 9, time 22364.5, S, 10 components, 321 values
INFO: Step 9, time 22364.5, E, 10 components, 321 values
INFO: Step 9, time 22364.5, ERROR, 1 components, 321 values
INFO: Step 10, time 24163.3, U, 3 components, 321 values
INFO: Step 10, time 24163.3, S, 10 components, 321 values
INFO: Step 10, time 24163.3, E, 10 components, 321 values
INFO: Step 10, time 24163.3, ERROR, 1 components, 321 values
INFO: Step 11, time 24163.3, U, 3 components, 321 values
INFO: Step 11, time 24163.3, S, 10 components, 321 values
INFO: Step 11, time 24163.3, E, 10 components, 321 values
INFO: Step 11, time 24163.3, ERROR, 1 components, 321 values
INFO: Step 12, time 37022.9, U, 3 components, 321 values
INFO: Step 12, time 37022.9, S, 10 components, 321 values
INFO: Step 12, time 37022.9, E, 10 components, 321 values
INFO: Step 12, time 37022.9, ERROR, 1 components, 321 values
INFO: Step 13, time 37022.9, U, 3 components, 321 values
INFO: Step 13, time 37022.9, S, 10 components, 321 values
INFO: Step 13, time 37022.9, E, 10 components, 321 values
INFO: Step 13, time 37022.9, ERROR, 1 components, 321 values
INFO: Step 14, time 37302.0, U, 3 components, 321 values
INFO: Step 14, time 37302.0, S, 10 components, 321 values
INFO: Step 14, time 37302.0, E, 10 components, 321 values
INFO: Step 14, time 37302.0, ERROR, 1 components, 321 values
INFO: Step 15, time 38917.4, U, 3 components, 321 values
INFO: Step 15, time 38917.4, S, 10 components, 321 values
INFO: Step 15, time 38917.4, E, 10 components, 321 values
INFO: Step 15, time 38917.4, ERROR, 1 components, 321 values
INFO: Step 16, time 51346.8, U, 3 components, 321 values
INFO: Step 16, time 51346.8, S, 10 components, 321 values
INFO: Step 16, time 51346.8, E, 10 components, 321 values
INFO: Step 16, time 51346.8, ERROR, 1 components, 321 values
INFO: 11 time increments
INFO: Writing examples/other/Jan_Lukas_modal_dynamic_staticbeam2.01.vtk
INFO: Step 1, time 837.4, U, 3 components, 321 values
INFO: Step 1, time 837.4, S, 10 components, 321 values
INFO: Step 1, time 837.4, E, 10 components, 321 values
INFO: Step 1, time 837.4, ERROR, 1 components, 321 values
INFO: Step 2, time 837.4, U, 3 components, 321 values
INFO: Step 2, time 837.4, S, 10 components, 321 values
INFO: Step 2, time 837.4, E, 10 components, 321 values
INFO: Step 2, time 837.4, ERROR, 1 components, 321 values
INFO: Writing examples/other/Jan_Lukas_modal_dynamic_staticbeam2.02.vtk
INFO: Step 3, time 5026.9, U, 3 components, 321 values
INFO: Step 3, time 5026.9, S, 10 components, 321 values
INFO: Step 3, time 5026.9, E, 10 components, 321 values
INFO: Step 3, time 5026.9, ERROR, 1 components, 321 values
INFO: Step 4, time 5026.9, U, 3 components, 321 values
INFO: Step 4, time 5026.9, S, 10 components, 321 values
INFO: Step 4, time 5026.9, E, 10 components, 321 values
INFO: Step 4, time 5026.9, ERROR, 1 components, 321 values
INFO: Writing examples/other/Jan_Lukas_modal_dynamic_staticbeam2.03.vtk
INFO: Step 5, time 7452.8, U, 3 components, 321 values
INFO: Step 5, time 7452.8, S, 10 components, 321 values
INFO: Step 5, time 7452.8, E, 10 components, 321 values
INFO: Step 5, time 7452.8, ERROR, 1 components, 321 values
INFO: Writing examples/other/Jan_Lukas_modal_dynamic_staticbeam2.04.vtk
INFO: Step 6, time 12989.9, U, 3 components, 321 values
INFO: Step 6, time 12989.9, S, 10 components, 321 values
INFO: Step 6, time 12989.9, E, 10 components, 321 values
INFO: Step 6, time 12989.9, ERROR, 1 components, 321 values
INFO: Writing examples/other/Jan_Lukas_modal_dynamic_staticbeam2.05.vtk
INFO: Step 7, time 13260.2, U, 3 components, 321 values
INFO: Step 7, time 13260.2, S, 10 components, 321 values
INFO: Step 7, time 13260.2, E, 10 components, 321 values
INFO: Step 7, time 13260.2, ERROR, 1 components, 321 values
INFO: Step 8, time 13260.2, U, 3 components, 321 values
INFO: Step 8, time 13260.2, S, 10 components, 321 values
INFO: Step 8, time 13260.2, E, 10 components, 321 values
INFO: Step 8, time 13260.2, ERROR, 1 components, 321 values
INFO: Writing examples/other/Jan_Lukas_modal_dynamic_staticbeam2.06.vtk
INFO: Step 9, time 22364.5, U, 3 components, 321 values
INFO: Step 9, time 22364.5, S, 10 components, 321 values
INFO: Step 9, time 22364.5, E, 10 components, 321 values
INFO: Step 9, time 22364.5, ERROR, 1 components, 321 values
INFO: Writing examples/other/Jan_Lukas_modal_dynamic_staticbeam2.07.vtk
INFO: Step 10, time 24163.3, U, 3 components, 321 values
INFO: Step 10, time 24163.3, S, 10 components, 321 values
INFO: Step 10, time 24163.3, E, 10 components, 321 values
INFO: Step 10, time 24163.3, ERROR, 1 components, 321 values
INFO: Step 11, time 24163.3, U, 3 components, 321 values
INFO: Step 11, time 24163.3, S, 10 components, 321 values
INFO: Step 11, time 24163.3, E, 10 components, 321 values
INFO: Step 11, time 24163.3, ERROR, 1 components, 321 values
INFO: Writing examples/other/Jan_Lukas_modal_dynamic_staticbeam2.08.vtk
INFO: Step 12, time 37022.9, U, 3 components, 321 values
INFO: Step 12, time 37022.9, S, 10 components, 321 values
INFO: Step 12, time 37022.9, E, 10 components, 321 values
INFO: Step 12, time 37022.9, ERROR, 1 components, 321 values
INFO: Step 13, time 37022.9, U, 3 components, 321 values
INFO: Step 13, time 37022.9, S, 10 components, 321 values
INFO: Step 13, time 37022.9, E, 10 components, 321 values
INFO: Step 13, time 37022.9, ERROR, 1 components, 321 values
INFO: Writing examples/other/Jan_Lukas_modal_dynamic_staticbeam2.09.vtk
INFO: Step 14, time 37302.0, U, 3 components, 321 values
INFO: Step 14, time 37302.0, S, 10 components, 321 values
INFO: Step 14, time 37302.0, E, 10 components, 321 values
INFO: Step 14, time 37302.0, ERROR, 1 components, 321 values
INFO: Writing examples/other/Jan_Lukas_modal_dynamic_staticbeam2.10.vtk
INFO: Step 15, time 38917.4, U, 3 components, 321 values
INFO: Step 15, time 38917.4, S, 10 components, 321 values
INFO: Step 15, time 38917.4, E, 10 components, 321 values
INFO: Step 15, time 38917.4, ERROR, 1 components, 321 values
INFO: Writing examples/other/Jan_Lukas_modal_dynamic_staticbeam2.11.vtk
INFO: Step 16, time 51346.8, U, 3 components, 321 values
INFO: Step 16, time 51346.8, S, 10 components, 321 values
INFO: Step 16, time 51346.8, E, 10 components, 321 values
INFO: Step 16, time 51346.8, ERROR, 1 components, 321 values

==================================================
INFO: Parsing examples/other/Jan_Lukas_modal_dynamic_staticbeam2.frd
INFO: 321 nodes
INFO: 40 cells
INFO: Step 1, time 837.4, U, 3 components, 321 values
INFO: Step 1, time 837.4, S, 10 components, 321 values
INFO: Step 1, time 837.4, E, 10 components, 321 values
INFO: Step 1, time 837.4, ERROR, 1 components, 321 values
INFO: Step 2, time 837.4, U, 3 components, 321 values
INFO: Step 2, time 837.4, S, 10 components, 321 values
INFO: Step 2, time 837.4, E, 10 components, 321 values
INFO: Step 2, time 837.4, ERROR, 1 components, 321 values
INFO: Step 3, time 5026.9, U, 3 components, 321 values
INFO: Step 3, time 5026.9, S, 10 components, 321 values
INFO: Step 3, time 5026.9, E, 10 components, 321 values
INFO: Step 3, time 5026.9, ERROR, 1 components, 321 values
INFO: Step 4, time 5026.9, U, 3 components, 321 values
INFO: Step 4, time 5026.9, S, 10 components, 321 values
INFO: Step 4, time 5026.9, E, 10 components, 321 values
INFO: Step 4, time 5026.9, ERROR, 1 components, 321 values
INFO: Step 5, time 7452.8, U, 3 components, 321 values
INFO: Step 5, time 7452.8, S, 10 components, 321 values
INFO: Step 5, time 7452.8, E, 10 components, 321 values
INFO: Step 5, time 7452.8, ERROR, 1 components, 321 values
INFO: Step 6, time 12989.9, U, 3 components, 321 values
INFO: Step 6, time 12989.9, S, 10 components, 321 values
INFO: Step 6, time 12989.9, E, 10 components, 321 values
INFO: Step 6, time 12989.9, ERROR, 1 components, 321 values
INFO: Step 7, time 13260.2, U, 3 components, 321 values
INFO: Step 7, time 13260.2, S, 10 components, 321 values
INFO: Step 7, time 13260.2, E, 10 components, 321 values
INFO: Step 7, time 13260.2, ERROR, 1 components, 321 values
INFO: Step 8, time 13260.2, U, 3 components, 321 values
INFO: Step 8, time 13260.2, S, 10 components, 321 values
INFO: Step 8, time 13260.2, E, 10 components, 321 values
INFO: Step 8, time 13260.2, ERROR, 1 components, 321 values
INFO: Step 9, time 22364.5, U, 3 components, 321 values
INFO: Step 9, time 22364.5, S, 10 components, 321 values
INFO: Step 9, time 22364.5, E, 10 components, 321 values
INFO: Step 9, time 22364.5, ERROR, 1 components, 321 values
INFO: Step 10, time 24163.3, U, 3 components, 321 values
INFO: Step 10, time 24163.3, S, 10 components, 321 values
INFO: Step 10, time 24163.3, E, 10 components, 321 values
INFO: Step 10, time 24163.3, ERROR, 1 components, 321 values
INFO: Step 11, time 24163.3, U, 3 components, 321 values
INFO: Step 11, time 24163.3, S, 10 components, 321 values
INFO: Step 11, time 24163.3, E, 10 components, 321 values
INFO: Step 11, time 24163.3, ERROR, 1 components, 321 values
INFO: Step 12, time 37022.9, U, 3 components, 321 values
INFO: Step 12, time 37022.9, S, 10 components, 321 values
INFO: Step 12, time 37022.9, E, 10 components, 321 values
INFO: Step 12, time 37022.9, ERROR, 1 components, 321 values
INFO: Step 13, time 37022.9, U, 3 components, 321 values
INFO: Step 13, time 37022.9, S, 10 components, 321 values
INFO: Step 13, time 37022.9, E, 10 components, 321 values
INFO: Step 13, time 37022.9, ERROR, 1 components, 321 values
INFO: Step 14, time 37302.0, U, 3 components, 321 values
INFO: Step 14, time 37302.0, S, 10 components, 321 values
INFO: Step 14, time 37302.0, E, 10 components, 321 values
INFO: Step 14, time 37302.0, ERROR, 1 components, 321 values
INFO: Step 15, time 38917.4, U, 3 components, 321 values
INFO: Step 15, time 38917.4, S, 10 components, 321 values
INFO: Step 15, time 38917.4, E, 10 components, 321 values
INFO: Step 15, time 38917.4, ERROR, 1 components, 321 values
INFO: Step 16, time 51346.8, U, 3 components, 321 values
INFO: Step 16, time 51346.8, S, 10 components, 321 values
INFO: Step 16, time 51346.8, E, 10 components, 321 values
INFO: Step 16, time 51346.8, ERROR, 1 components, 321 values
INFO: 11 time increments
INFO: Writing examples/other/Jan_Lukas_modal_dynamic_staticbeam2.01.vtu
INFO: Step 1, time 837.4, U, 3 components, 321 values
INFO: Step 1, time 837.4, S, 10 components, 321 values
INFO: Step 1, time 837.4, E, 10 components, 321 values
INFO: Step 1, time 837.4, ERROR, 1 components, 321 values
INFO: Step 2, time 837.4, U, 3 components, 321 values
INFO: Step 2, time 837.4, S, 10 components, 321 values
INFO: Step 2, time 837.4, E, 10 components, 321 values
INFO: Step 2, time 837.4, ERROR, 1 components, 321 values
INFO: Writing examples/other/Jan_Lukas_modal_dynamic_staticbeam2.02.vtu
INFO: Step 3, time 5026.9, U, 3 components, 321 values
INFO: Step 3, time 5026.9, S, 10 components, 321 values
INFO: Step 3, time 5026.9, E, 10 components, 321 values
INFO: Step 3, time 5026.9, ERROR, 1 components, 321 values
INFO: Step 4, time 5026.9, U, 3 components, 321 values
INFO: Step 4, time 5026.9, S, 10 components, 321 values
INFO: Step 4, time 5026.9, E, 10 components, 321 values
INFO: Step 4, time 5026.9, ERROR, 1 components, 321 values
INFO: Writing examples/other/Jan_Lukas_modal_dynamic_staticbeam2.03.vtu
INFO: Step 5, time 7452.8, U, 3 components, 321 values
INFO: Step 5, time 7452.8, S, 10 components, 321 values
INFO: Step 5, time 7452.8, E, 10 components, 321 values
INFO: Step 5, time 7452.8, ERROR, 1 components, 321 values
INFO: Writing examples/other/Jan_Lukas_modal_dynamic_staticbeam2.04.vtu
INFO: Step 6, time 12989.9, U, 3 components, 321 values
INFO: Step 6, time 12989.9, S, 10 components, 321 values
INFO: Step 6, time 12989.9, E, 10 components, 321 values
INFO: Step 6, time 12989.9, ERROR, 1 components, 321 values
INFO: Writing examples/other/Jan_Lukas_modal_dynamic_staticbeam2.05.vtu
INFO: Step 7, time 13260.2, U, 3 components, 321 values
INFO: Step 7, time 13260.2, S, 10 components, 321 values
INFO: Step 7, time 13260.2, E, 10 components, 321 values
INFO: Step 7, time 13260.2, ERROR, 1 components, 321 values
INFO: Step 8, time 13260.2, U, 3 components, 321 values
INFO: Step 8, time 13260.2, S, 10 components, 321 values
INFO: Step 8, time 13260.2, E, 10 components, 321 values
INFO: Step 8, time 13260.2, ERROR, 1 components, 321 values
INFO: Writing examples/other/Jan_Lukas_modal_dynamic_staticbeam2.06.vtu
INFO: Step 9, time 22364.5, U, 3 components, 321 values
INFO: Step 9, time 22364.5, S, 10 components, 321 values
INFO: Step 9, time 22364.5, E, 10 components, 321 values
INFO: Step 9, time 22364.5, ERROR, 1 components, 321 values
INFO: Writing examples/other/Jan_Lukas_modal_dynamic_staticbeam2.07.vtu
INFO: Step 10, time 24163.3, U, 3 components, 321 values
INFO: Step 10, time 24163.3, S, 10 components, 321 values
INFO: Step 10, time 24163.3, E, 10 components, 321 values
INFO: Step 10, time 24163.3, ERROR, 1 components, 321 values
INFO: Step 11, time 24163.3, U, 3 components, 321 values
INFO: Step 11, time 24163.3, S, 10 components, 321 values
INFO: Step 11, time 24163.3, E, 10 components, 321 values
INFO: Step 11, time 24163.3, ERROR, 1 components, 321 values
INFO: Writing examples/other/Jan_Lukas_modal_dynamic_staticbeam2.08.vtu
INFO: Step 12, time 37022.9, U, 3 components, 321 values
INFO: Step 12, time 37022.9, S, 10 components, 321 values
INFO: Step 12, time 37022.9, E, 10 components, 321 values
INFO: Step 12, time 37022.9, ERROR, 1 components, 321 values
INFO: Step 13, time 37022.9, U, 3 components, 321 values
INFO: Step 13, time 37022.9, S, 10 components, 321 values
INFO: Step 13, time 37022.9, E, 10 components, 321 values
INFO: Step 13, time 37022.9, ERROR, 1 components, 321 values
INFO: Writing examples/other/Jan_Lukas_modal_dynamic_staticbeam2.09.vtu
INFO: Step 14, time 37302.0, U, 3 components, 321 values
INFO: Step 14, time 37302.0, S, 10 components, 321 values
INFO: Step 14, time 37302.0, E, 10 components, 321 values
INFO: Step 14, time 37302.0, ERROR, 1 components, 321 values
INFO: Writing examples/other/Jan_Lukas_modal_dynamic_staticbeam2.10.vtu
INFO: Step 15, time 38917.4, U, 3 components, 321 values
INFO: Step 15, time 38917.4, S, 10 components, 321 values
INFO: Step 15, time 38917.4, E, 10 components, 321 values
INFO: Step 15, time 38917.4, ERROR, 1 components, 321 values
INFO: Writing examples/other/Jan_Lukas_modal_dynamic_staticbeam2.11.vtu
INFO: Step 16, time 51346.8, U, 3 components, 321 values
INFO: Step 16, time 51346.8, S, 10 components, 321 values
INFO: Step 16, time 51346.8, E, 10 components, 321 values
INFO: Step 16, time 51346.8, ERROR, 1 components, 321 values

==================================================
INFO: Parsing examples/other/Jan_Lukas_static_structural.frd
INFO: 321 nodes
INFO: 40 cells
INFO: Step 1, time 1.0, U, 3 components, 321 values
INFO: Step 1, time 1.0, S, 10 components, 321 values
INFO: Step 1, time 1.0, E, 10 components, 321 values
INFO: Step 1, time 1.0, ERROR, 1 components, 321 values
INFO: 1 time increment
INFO: Writing examples/other/Jan_Lukas_static_structural.vtk
INFO: Step 1, time 1.0, U, 3 components, 321 values
INFO: Step 1, time 1.0, S, 10 components, 321 values
INFO: Step 1, time 1.0, E, 10 components, 321 values
INFO: Step 1, time 1.0, ERROR, 1 components, 321 values

==================================================
INFO: Parsing examples/other/Jan_Lukas_static_structural.frd
INFO: 321 nodes
INFO: 40 cells
INFO: Step 1, time 1.0, U, 3 components, 321 values
INFO: Step 1, time 1.0, S, 10 components, 321 values
INFO: Step 1, time 1.0, E, 10 components, 321 values
INFO: Step 1, time 1.0, ERROR, 1 components, 321 values
INFO: 1 time increment
INFO: Writing examples/other/Jan_Lukas_static_structural.vtu
INFO: Step 1, time 1.0, U, 3 components, 321 values
INFO: Step 1, time 1.0, S, 10 components, 321 values
INFO: Step 1, time 1.0, E, 10 components, 321 values
INFO: Step 1, time 1.0, ERROR, 1 components, 321 values

==================================================
INFO: Parsing examples/other/John_Mannisto_blade_sector.frd
INFO: 1720 nodes
INFO: 832 cells
INFO: Step 1, time 2.64e-05, U, 3 components, 1720 values
INFO: Step 1, time 2.64e-05, DISPI, 3 components, 1720 values
INFO: Step 3, time 8.77e-05, U, 3 components, 1720 values
INFO: Step 3, time 8.77e-05, DISPI, 3 components, 1720 values
INFO: Step 5, time 174.9, U, 3 components, 1720 values
INFO: Step 5, time 174.9, DISPI, 3 components, 1720 values
INFO: Step 6, time 0.00e+00, U, 3 components, 1720 values
INFO: Step 6, time 0.00e+00, DISPI, 3 components, 1720 values
INFO: Step 8, time 2.91e-05, U, 3 components, 1720 values
INFO: Step 8, time 2.91e-05, DISPI, 3 components, 1720 values
INFO: Step 10, time 99.7, U, 3 components, 1720 values
INFO: Step 10, time 99.7, DISPI, 3 components, 1720 values
INFO: Step 11, time 86.3, U, 3 components, 1720 values
INFO: Step 11, time 86.3, DISPI, 3 components, 1720 values
INFO: Step 13, time 166.4, U, 3 components, 1720 values
INFO: Step 13, time 166.4, DISPI, 3 components, 1720 values
INFO: Step 15, time 316.1, U, 3 components, 1720 values
INFO: Step 15, time 316.1, DISPI, 3 components, 1720 values
INFO: Step 16, time 87.6, U, 3 components, 1720 values
INFO: Step 16, time 87.6, DISPI, 3 components, 1720 values
INFO: Step 18, time 210.0, U, 3 components, 1720 values
INFO: Step 18, time 210.0, DISPI, 3 components, 1720 values
INFO: Step 20, time 318.1, U, 3 components, 1720 values
INFO: Step 20, time 318.1, DISPI, 3 components, 1720 values
INFO: Step 21, time 87.9, U, 3 components, 1720 values
INFO: Step 21, time 87.9, DISPI, 3 components, 1720 values
INFO: Step 23, time 217.5, U, 3 components, 1720 values
INFO: Step 23, time 217.5, DISPI, 3 components, 1720 values
INFO: Step 25, time 318.5, U, 3 components, 1720 values
INFO: Step 25, time 318.5, DISPI, 3 components, 1720 values
INFO: 15 time increments
INFO: Writing examples/other/John_Mannisto_blade_sector.01.vtk
INFO: Step 6, time 0.00e+00, U, 3 components, 1720 values
INFO: Step 6, time 0.00e+00, DISPI, 3 components, 1720 values
INFO: Writing examples/other/John_Mannisto_blade_sector.02.vtk
INFO: Step 1, time 2.64e-05, U, 3 components, 1720 values
INFO: Step 1, time 2.64e-05, DISPI, 3 components, 1720 values
INFO: Writing examples/other/John_Mannisto_blade_sector.03.vtk
INFO: Step 8, time 2.91e-05, U, 3 components, 1720 values
INFO: Step 8, time 2.91e-05, DISPI, 3 components, 1720 values
INFO: Writing examples/other/John_Mannisto_blade_sector.04.vtk
INFO: Step 3, time 8.77e-05, U, 3 components, 1720 values
INFO: Step 3, time 8.77e-05, DISPI, 3 components, 1720 values
INFO: Writing examples/other/John_Mannisto_blade_sector.05.vtk
INFO: Step 11, time 86.3, U, 3 components, 1720 values
INFO: Step 11, time 86.3, DISPI, 3 components, 1720 values
INFO: Writing examples/other/John_Mannisto_blade_sector.06.vtk
INFO: Step 16, time 87.6, U, 3 components, 1720 values
INFO: Step 16, time 87.6, DISPI, 3 components, 1720 values
INFO: Writing examples/other/John_Mannisto_blade_sector.07.vtk
INFO: Step 21, time 87.9, U, 3 components, 1720 values
INFO: Step 21, time 87.9, DISPI, 3 components, 1720 values
INFO: Writing examples/other/John_Mannisto_blade_sector.08.vtk
INFO: Step 10, time 99.7, U, 3 components, 1720 values
INFO: Step 10, time 99.7, DISPI, 3 components, 1720 values
INFO: Writing examples/other/John_Mannisto_blade_sector.09.vtk
INFO: Step 13, time 166.4, U, 3 components, 1720 values
INFO: Step 13, time 166.4, DISPI, 3 components, 1720 values
INFO: Writing examples/other/John_Mannisto_blade_sector.10.vtk
INFO: Step 5, time 174.9, U, 3 components, 1720 values
INFO: Step 5, time 174.9, DISPI, 3 components, 1720 values
INFO: Writing examples/other/John_Mannisto_blade_sector.11.vtk
INFO: Step 18, time 210.0, U, 3 components, 1720 values
INFO: Step 18, time 210.0, DISPI, 3 components, 1720 values
INFO: Writing examples/other/John_Mannisto_blade_sector.12.vtk
INFO: Step 23, time 217.5, U, 3 components, 1720 values
INFO: Step 23, time 217.5, DISPI, 3 components, 1720 values
INFO: Writing examples/other/John_Mannisto_blade_sector.13.vtk
INFO: Step 15, time 316.1, U, 3 components, 1720 values
INFO: Step 15, time 316.1, DISPI, 3 components, 1720 values
INFO: Writing examples/other/John_Mannisto_blade_sector.14.vtk
INFO: Step 20, time 318.1, U, 3 components, 1720 values
INFO: Step 20, time 318.1, DISPI, 3 components, 1720 values
INFO: Writing examples/other/John_Mannisto_blade_sector.15.vtk
INFO: Step 25, time 318.5, U, 3 components, 1720 values
INFO: Step 25, time 318.5, DISPI, 3 components, 1720 values

==================================================
INFO: Parsing examples/other/John_Mannisto_blade_sector.frd
INFO: 1720 nodes
INFO: 832 cells
INFO: Step 1, time 2.64e-05, U, 3 components, 1720 values
INFO: Step 1, time 2.64e-05, DISPI, 3 components, 1720 values
INFO: Step 3, time 8.77e-05, U, 3 components, 1720 values
INFO: Step 3, time 8.77e-05, DISPI, 3 components, 1720 values
INFO: Step 5, time 174.9, U, 3 components, 1720 values
INFO: Step 5, time 174.9, DISPI, 3 components, 1720 values
INFO: Step 6, time 0.00e+00, U, 3 components, 1720 values
INFO: Step 6, time 0.00e+00, DISPI, 3 components, 1720 values
INFO: Step 8, time 2.91e-05, U, 3 components, 1720 values
INFO: Step 8, time 2.91e-05, DISPI, 3 components, 1720 values
INFO: Step 10, time 99.7, U, 3 components, 1720 values
INFO: Step 10, time 99.7, DISPI, 3 components, 1720 values
INFO: Step 11, time 86.3, U, 3 components, 1720 values
INFO: Step 11, time 86.3, DISPI, 3 components, 1720 values
INFO: Step 13, time 166.4, U, 3 components, 1720 values
INFO: Step 13, time 166.4, DISPI, 3 components, 1720 values
INFO: Step 15, time 316.1, U, 3 components, 1720 values
INFO: Step 15, time 316.1, DISPI, 3 components, 1720 values
INFO: Step 16, time 87.6, U, 3 components, 1720 values
INFO: Step 16, time 87.6, DISPI, 3 components, 1720 values
INFO: Step 18, time 210.0, U, 3 components, 1720 values
INFO: Step 18, time 210.0, DISPI, 3 components, 1720 values
INFO: Step 20, time 318.1, U, 3 components, 1720 values
INFO: Step 20, time 318.1, DISPI, 3 components, 1720 values
INFO: Step 21, time 87.9, U, 3 components, 1720 values
INFO: Step 21, time 87.9, DISPI, 3 components, 1720 values
INFO: Step 23, time 217.5, U, 3 components, 1720 values
INFO: Step 23, time 217.5, DISPI, 3 components, 1720 values
INFO: Step 25, time 318.5, U, 3 components, 1720 values
INFO: Step 25, time 318.5, DISPI, 3 components, 1720 values
INFO: 15 time increments
INFO: Writing examples/other/John_Mannisto_blade_sector.01.vtu
INFO: Step 6, time 0.00e+00, U, 3 components, 1720 values
INFO: Step 6, time 0.00e+00, DISPI, 3 components, 1720 values
INFO: Writing examples/other/John_Mannisto_blade_sector.02.vtu
INFO: Step 1, time 2.64e-05, U, 3 components, 1720 values
INFO: Step 1, time 2.64e-05, DISPI, 3 components, 1720 values
INFO: Writing examples/other/John_Mannisto_blade_sector.03.vtu
INFO: Step 8, time 2.91e-05, U, 3 components, 1720 values
INFO: Step 8, time 2.91e-05, DISPI, 3 components, 1720 values
INFO: Writing examples/other/John_Mannisto_blade_sector.04.vtu
INFO: Step 3, time 8.77e-05, U, 3 components, 1720 values
INFO: Step 3, time 8.77e-05, DISPI, 3 components, 1720 values
INFO: Writing examples/other/John_Mannisto_blade_sector.05.vtu
INFO: Step 11, time 86.3, U, 3 components, 1720 values
INFO: Step 11, time 86.3, DISPI, 3 components, 1720 values
INFO: Writing examples/other/John_Mannisto_blade_sector.06.vtu
INFO: Step 16, time 87.6, U, 3 components, 1720 values
INFO: Step 16, time 87.6, DISPI, 3 components, 1720 values
INFO: Writing examples/other/John_Mannisto_blade_sector.07.vtu
INFO: Step 21, time 87.9, U, 3 components, 1720 values
INFO: Step 21, time 87.9, DISPI, 3 components, 1720 values
INFO: Writing examples/other/John_Mannisto_blade_sector.08.vtu
INFO: Step 10, time 99.7, U, 3 components, 1720 values
INFO: Step 10, time 99.7, DISPI, 3 components, 1720 values
INFO: Writing examples/other/John_Mannisto_blade_sector.09.vtu
INFO: Step 13, time 166.4, U, 3 components, 1720 values
INFO: Step 13, time 166.4, DISPI, 3 components, 1720 values
INFO: Writing examples/other/John_Mannisto_blade_sector.10.vtu
INFO: Step 5, time 174.9, U, 3 components, 1720 values
INFO: Step 5, time 174.9, DISPI, 3 components, 1720 values
INFO: Writing examples/other/John_Mannisto_blade_sector.11.vtu
INFO: Step 18, time 210.0, U, 3 components, 1720 values
INFO: Step 18, time 210.0, DISPI, 3 components, 1720 values
INFO: Writing examples/other/John_Mannisto_blade_sector.12.vtu
INFO: Step 23, time 217.5, U, 3 components, 1720 values
INFO: Step 23, time 217.5, DISPI, 3 components, 1720 values
INFO: Writing examples/other/John_Mannisto_blade_sector.13.vtu
INFO: Step 15, time 316.1, U, 3 components, 1720 values
INFO: Step 15, time 316.1, DISPI, 3 components, 1720 values
INFO: Writing examples/other/John_Mannisto_blade_sector.14.vtu
INFO: Step 20, time 318.1, U, 3 components, 1720 values
INFO: Step 20, time 318.1, DISPI, 3 components, 1720 values
INFO: Writing examples/other/John_Mannisto_blade_sector.15.vtu
INFO: Step 25, time 318.5, U, 3 components, 1720 values
INFO: Step 25, time 318.5, DISPI, 3 components, 1720 values

==================================================
INFO: Parsing examples/other/Sergio_Pluchinsky_piston.frd
INFO: 75312 nodes
INFO: 16200 cells
INFO: Step 1, time 3.82e-03, U, 3 components, 75312 values
INFO: Step 1, time 3.82e-03, S, 10 components, 75312 values
INFO: Step 1, time 3.82e-03, E, 10 components, 75312 values
INFO: Step 1, time 3.82e-03, RF, 3 components, 75312 values
INFO: Step 1, time 3.82e-03, ERROR, 1 components, 75312 values
INFO: 1 time increment
INFO: Writing examples/other/Sergio_Pluchinsky_piston.vtk
INFO: Step 1, time 3.82e-03, U, 3 components, 75312 values
INFO: Step 1, time 3.82e-03, S, 10 components, 75312 values
INFO: Step 1, time 3.82e-03, E, 10 components, 75312 values
INFO: Step 1, time 3.82e-03, RF, 3 components, 75312 values
INFO: Step 1, time 3.82e-03, ERROR, 1 components, 75312 values

==================================================
INFO: Parsing examples/other/Sergio_Pluchinsky_piston.frd
INFO: 75312 nodes
INFO: 16200 cells
INFO: Step 1, time 3.82e-03, U, 3 components, 75312 values
INFO: Step 1, time 3.82e-03, S, 10 components, 75312 values
INFO: Step 1, time 3.82e-03, E, 10 components, 75312 values
INFO: Step 1, time 3.82e-03, RF, 3 components, 75312 values
INFO: Step 1, time 3.82e-03, ERROR, 1 components, 75312 values
INFO: 1 time increment
INFO: Writing examples/other/Sergio_Pluchinsky_piston.vtu
INFO: Step 1, time 3.82e-03, U, 3 components, 75312 values
INFO: Step 1, time 3.82e-03, S, 10 components, 75312 values
INFO: Step 1, time 3.82e-03, E, 10 components, 75312 values
INFO: Step 1, time 3.82e-03, RF, 3 components, 75312 values
INFO: Step 1, time 3.82e-03, ERROR, 1 components, 75312 values

==================================================
INFO: Parsing examples/other/ball.frd
INFO: 4812 nodes
INFO: 2259 cells
INFO: Step 1, time 1.00e-01, U, 3 components, 4812 values
INFO: Step 1, time 1.00e-01, S, 10 components, 4812 values
INFO: Step 1, time 1.00e-01, ERROR, 1 components, 4812 values
INFO: Step 2, time 2.00e-01, U, 3 components, 4812 values
INFO: Step 2, time 2.00e-01, S, 10 components, 4812 values
INFO: Step 2, time 2.00e-01, ERROR, 1 components, 4812 values
INFO: Step 3, time 3.00e-01, U, 3 components, 4812 values
INFO: Step 3, time 3.00e-01, S, 10 components, 4812 values
INFO: Step 3, time 3.00e-01, ERROR, 1 components, 4812 values
INFO: Step 4, time 4.00e-01, U, 3 components, 4812 values
INFO: Step 4, time 4.00e-01, S, 10 components, 4812 values
INFO: Step 4, time 4.00e-01, ERROR, 1 components, 4812 values
INFO: Step 5, time 5.00e-01, U, 3 components, 4812 values
INFO: Step 5, time 5.00e-01, S, 10 components, 4812 values
INFO: Step 5, time 5.00e-01, ERROR, 1 components, 4812 values
INFO: Step 6, time 6.00e-01, U, 3 components, 4812 values
INFO: Step 6, time 6.00e-01, S, 10 components, 4812 values
INFO: Step 6, time 6.00e-01, ERROR, 1 components, 4812 values
INFO: Step 7, time 7.00e-01, U, 3 components, 4812 values
INFO: Step 7, time 7.00e-01, S, 10 components, 4812 values
INFO: Step 7, time 7.00e-01, ERROR, 1 components, 4812 values
INFO: Step 8, time 8.00e-01, U, 3 components, 4812 values
INFO: Step 8, time 8.00e-01, S, 10 components, 4812 values
INFO: Step 8, time 8.00e-01, ERROR, 1 components, 4812 values
INFO: 8 time increments
INFO: Writing examples/other/ball.1.vtk
INFO: Step 1, time 1.00e-01, U, 3 components, 4812 values
INFO: Step 1, time 1.00e-01, S, 10 components, 4812 values
INFO: Step 1, time 1.00e-01, ERROR, 1 components, 4812 values
INFO: Writing examples/other/ball.2.vtk
INFO: Step 2, time 2.00e-01, U, 3 components, 4812 values
INFO: Step 2, time 2.00e-01, S, 10 components, 4812 values
INFO: Step 2, time 2.00e-01, ERROR, 1 components, 4812 values
INFO: Writing examples/other/ball.3.vtk
INFO: Step 3, time 3.00e-01, U, 3 components, 4812 values
INFO: Step 3, time 3.00e-01, S, 10 components, 4812 values
INFO: Step 3, time 3.00e-01, ERROR, 1 components, 4812 values
INFO: Writing examples/other/ball.4.vtk
INFO: Step 4, time 4.00e-01, U, 3 components, 4812 values
INFO: Step 4, time 4.00e-01, S, 10 components, 4812 values
INFO: Step 4, time 4.00e-01, ERROR, 1 components, 4812 values
INFO: Writing examples/other/ball.5.vtk
INFO: Step 5, time 5.00e-01, U, 3 components, 4812 values
INFO: Step 5, time 5.00e-01, S, 10 components, 4812 values
INFO: Step 5, time 5.00e-01, ERROR, 1 components, 4812 values
INFO: Writing examples/other/ball.6.vtk
INFO: Step 6, time 6.00e-01, U, 3 components, 4812 values
INFO: Step 6, time 6.00e-01, S, 10 components, 4812 values
INFO: Step 6, time 6.00e-01, ERROR, 1 components, 4812 values
INFO: Writing examples/other/ball.7.vtk
INFO: Step 7, time 7.00e-01, U, 3 components, 4812 values
INFO: Step 7, time 7.00e-01, S, 10 components, 4812 values
INFO: Step 7, time 7.00e-01, ERROR, 1 components, 4812 values
INFO: Writing examples/other/ball.8.vtk
INFO: Step 8, time 8.00e-01, U, 3 components, 4812 values
INFO: Step 8, time 8.00e-01, S, 10 components, 4812 values
INFO: Step 8, time 8.00e-01, ERROR, 1 components, 4812 values

==================================================
INFO: Parsing examples/other/ball.frd
INFO: 4812 nodes
INFO: 2259 cells
INFO: Step 1, time 1.00e-01, U, 3 components, 4812 values
INFO: Step 1, time 1.00e-01, S, 10 components, 4812 values
INFO: Step 1, time 1.00e-01, ERROR, 1 components, 4812 values
INFO: Step 2, time 2.00e-01, U, 3 components, 4812 values
INFO: Step 2, time 2.00e-01, S, 10 components, 4812 values
INFO: Step 2, time 2.00e-01, ERROR, 1 components, 4812 values
INFO: Step 3, time 3.00e-01, U, 3 components, 4812 values
INFO: Step 3, time 3.00e-01, S, 10 components, 4812 values
INFO: Step 3, time 3.00e-01, ERROR, 1 components, 4812 values
INFO: Step 4, time 4.00e-01, U, 3 components, 4812 values
INFO: Step 4, time 4.00e-01, S, 10 components, 4812 values
INFO: Step 4, time 4.00e-01, ERROR, 1 components, 4812 values
INFO: Step 5, time 5.00e-01, U, 3 components, 4812 values
INFO: Step 5, time 5.00e-01, S, 10 components, 4812 values
INFO: Step 5, time 5.00e-01, ERROR, 1 components, 4812 values
INFO: Step 6, time 6.00e-01, U, 3 components, 4812 values
INFO: Step 6, time 6.00e-01, S, 10 components, 4812 values
INFO: Step 6, time 6.00e-01, ERROR, 1 components, 4812 values
INFO: Step 7, time 7.00e-01, U, 3 components, 4812 values
INFO: Step 7, time 7.00e-01, S, 10 components, 4812 values
INFO: Step 7, time 7.00e-01, ERROR, 1 components, 4812 values
INFO: Step 8, time 8.00e-01, U, 3 components, 4812 values
INFO: Step 8, time 8.00e-01, S, 10 components, 4812 values
INFO: Step 8, time 8.00e-01, ERROR, 1 components, 4812 values
INFO: 8 time increments
INFO: Writing examples/other/ball.1.vtu
INFO: Step 1, time 1.00e-01, U, 3 components, 4812 values
INFO: Step 1, time 1.00e-01, S, 10 components, 4812 values
INFO: Step 1, time 1.00e-01, ERROR, 1 components, 4812 values
INFO: Writing examples/other/ball.2.vtu
INFO: Step 2, time 2.00e-01, U, 3 components, 4812 values
INFO: Step 2, time 2.00e-01, S, 10 components, 4812 values
INFO: Step 2, time 2.00e-01, ERROR, 1 components, 4812 values
INFO: Writing examples/other/ball.3.vtu
INFO: Step 3, time 3.00e-01, U, 3 components, 4812 values
INFO: Step 3, time 3.00e-01, S, 10 components, 4812 values
INFO: Step 3, time 3.00e-01, ERROR, 1 components, 4812 values
INFO: Writing examples/other/ball.4.vtu
INFO: Step 4, time 4.00e-01, U, 3 components, 4812 values
INFO: Step 4, time 4.00e-01, S, 10 components, 4812 values
INFO: Step 4, time 4.00e-01, ERROR, 1 components, 4812 values
INFO: Writing examples/other/ball.5.vtu
INFO: Step 5, time 5.00e-01, U, 3 components, 4812 values
INFO: Step 5, time 5.00e-01, S, 10 components, 4812 values
INFO: Step 5, time 5.00e-01, ERROR, 1 components, 4812 values
INFO: Writing examples/other/ball.6.vtu
INFO: Step 6, time 6.00e-01, U, 3 components, 4812 values
INFO: Step 6, time 6.00e-01, S, 10 components, 4812 values
INFO: Step 6, time 6.00e-01, ERROR, 1 components, 4812 values
INFO: Writing examples/other/ball.7.vtu
INFO: Step 7, time 7.00e-01, U, 3 components, 4812 values
INFO: Step 7, time 7.00e-01, S, 10 components, 4812 values
INFO: Step 7, time 7.00e-01, ERROR, 1 components, 4812 values
INFO: Writing examples/other/ball.8.vtu
INFO: Step 8, time 8.00e-01, U, 3 components, 4812 values
INFO: Step 8, time 8.00e-01, S, 10 components, 4812 values
INFO: Step 8, time 8.00e-01, ERROR, 1 components, 4812 values

Total 212.9 seconds
