
==================================================
INFO: Parsing ../tests/ccx_2.16.fluidtest/agard01msvis.frd
INFO: 7506 nodes
INFO: 7351 cells
WARNING: NaN and Inf are not supported in Paraview (48 warnings).
WARNING: Wrong format, 1.64443+129 -> 1.6444e+129 (7138 warnings).
INFO: Step 1, time 0.3, V3DF, 3 components, 7506 values
WARNING: Wrong format, 1.54498+125 -> 1.5449e+125 (3434 warnings).
INFO: Step 1, time 0.3, PS3DF, 1 components, 7506 values
INFO: Step 1, time 0.3, TS3DF, 1 components, 7506 values
WARNING: NaN and Inf are not supported in Paraview (4626 warnings).
WARNING: Wrong format, 1.31600+129 -> 1.316e+129 (526 warnings).
INFO: Step 1, time 0.3, M3DF, 1 components, 7506 values
WARNING: NaN and Inf are not supported in Paraview (4626 warnings).
WARNING: Wrong format, 1.34869+196 -> 1.3486e+196 (724 warnings).
INFO: Step 1, time 0.3, TT3DF, 1 components, 7506 values
WARNING: Wrong format, 3.08997+125 -> 3.0899e+125 (3434 warnings).
INFO: Step 1, time 0.3, CP3DF, 1 components, 7506 values
INFO: Writing ../tests/ccx_2.16.fluidtest/agard01msvis.vtk
INFO: Step 1, time 0.28947, V3DF, 3 components, 7506 values
WARNING: 48 NaN values are converted to 0.0
INFO: Step 1, time 0.28947, PS3DF, 1 components, 7506 values
INFO: Step 1, time 0.28947, TS3DF, 1 components, 7506 values
INFO: Step 1, time 0.28947, M3DF, 1 components, 7506 values
WARNING: 938 Inf values are converted to 0.0
WARNING: 3688 NaN values are converted to 0.0
INFO: Step 1, time 0.28947, TT3DF, 1 components, 7506 values
WARNING: 938 Inf values are converted to 0.0
WARNING: 3688 NaN values are converted to 0.0
INFO: Step 1, time 0.28947, CP3DF, 1 components, 7506 values

==================================================
INFO: Parsing ../tests/ccx_2.16.fluidtest/agard01msvis.frd
INFO: 7506 nodes
INFO: 7351 cells
WARNING: NaN and Inf are not supported in Paraview (48 warnings).
WARNING: Wrong format, 1.64443+129 -> 1.6444e+129 (7138 warnings).
INFO: Step 1, time 0.3, V3DF, 3 components, 7506 values
WARNING: Wrong format, 1.54498+125 -> 1.5449e+125 (3434 warnings).
INFO: Step 1, time 0.3, PS3DF, 1 components, 7506 values
INFO: Step 1, time 0.3, TS3DF, 1 components, 7506 values
WARNING: NaN and Inf are not supported in Paraview (4626 warnings).
WARNING: Wrong format, 1.31600+129 -> 1.316e+129 (526 warnings).
INFO: Step 1, time 0.3, M3DF, 1 components, 7506 values
WARNING: NaN and Inf are not supported in Paraview (4626 warnings).
WARNING: Wrong format, 1.34869+196 -> 1.3486e+196 (724 warnings).
INFO: Step 1, time 0.3, TT3DF, 1 components, 7506 values
WARNING: Wrong format, 3.08997+125 -> 3.0899e+125 (3434 warnings).
INFO: Step 1, time 0.3, CP3DF, 1 components, 7506 values
INFO: Writing ../tests/ccx_2.16.fluidtest/agard01msvis.vtu
INFO: Step 1, time 0.28947, V3DF, 3 components, 7506 values
WARNING: 48 NaN values are converted to 0.0
INFO: Step 1, time 0.28947, PS3DF, 1 components, 7506 values
INFO: Step 1, time 0.28947, TS3DF, 1 components, 7506 values
INFO: Step 1, time 0.28947, M3DF, 1 components, 7506 values
WARNING: 938 Inf values are converted to 0.0
WARNING: 3688 NaN values are converted to 0.0
INFO: Step 1, time 0.28947, TT3DF, 1 components, 7506 values
WARNING: 938 Inf values are converted to 0.0
WARNING: 3688 NaN values are converted to 0.0
INFO: Step 1, time 0.28947, CP3DF, 1 components, 7506 values

==================================================
INFO: Parsing ../tests/ccx_2.16.fluidtest/agard02ms.frd
INFO: 7506 nodes
INFO: 7351 cells
INFO: Step 1, time 8.5, V3DF, 3 components, 7506 values
INFO: Step 1, time 8.5, PS3DF, 1 components, 7506 values
INFO: Step 1, time 8.5, TS3DF, 1 components, 7506 values
INFO: Step 1, time 8.5, M3DF, 1 components, 7506 values
INFO: Step 1, time 8.5, TT3DF, 1 components, 7506 values
INFO: Step 1, time 8.5, CP3DF, 1 components, 7506 values
INFO: Writing ../tests/ccx_2.16.fluidtest/agard02ms.vtk
INFO: Step 1, time 8.4529, V3DF, 3 components, 7506 values
INFO: Step 1, time 8.4529, PS3DF, 1 components, 7506 values
INFO: Step 1, time 8.4529, TS3DF, 1 components, 7506 values
INFO: Step 1, time 8.4529, M3DF, 1 components, 7506 values
INFO: Step 1, time 8.4529, TT3DF, 1 components, 7506 values
INFO: Step 1, time 8.4529, CP3DF, 1 components, 7506 values

==================================================
INFO: Parsing ../tests/ccx_2.16.fluidtest/agard02ms.frd
INFO: 7506 nodes
INFO: 7351 cells
INFO: Step 1, time 8.5, V3DF, 3 components, 7506 values
INFO: Step 1, time 8.5, PS3DF, 1 components, 7506 values
INFO: Step 1, time 8.5, TS3DF, 1 components, 7506 values
INFO: Step 1, time 8.5, M3DF, 1 components, 7506 values
INFO: Step 1, time 8.5, TT3DF, 1 components, 7506 values
INFO: Step 1, time 8.5, CP3DF, 1 components, 7506 values
INFO: Writing ../tests/ccx_2.16.fluidtest/agard02ms.vtu
INFO: Step 1, time 8.4529, V3DF, 3 components, 7506 values
INFO: Step 1, time 8.4529, PS3DF, 1 components, 7506 values
INFO: Step 1, time 8.4529, TS3DF, 1 components, 7506 values
INFO: Step 1, time 8.4529, M3DF, 1 components, 7506 values
INFO: Step 1, time 8.4529, TT3DF, 1 components, 7506 values
INFO: Step 1, time 8.4529, CP3DF, 1 components, 7506 values

==================================================
INFO: Parsing ../tests/ccx_2.16.fluidtest/agard04ms.frd
INFO: 7506 nodes
INFO: 7351 cells
INFO: Step 1, time 5.8, V3DF, 3 components, 7506 values
INFO: Step 1, time 5.8, PS3DF, 1 components, 7506 values
INFO: Step 1, time 5.8, TS3DF, 1 components, 7506 values
INFO: Step 1, time 5.8, M3DF, 1 components, 7506 values
INFO: Step 1, time 5.8, TT3DF, 1 components, 7506 values
INFO: Step 1, time 5.8, CP3DF, 1 components, 7506 values
INFO: Writing ../tests/ccx_2.16.fluidtest/agard04ms.vtk
INFO: Step 1, time 5.8179, V3DF, 3 components, 7506 values
INFO: Step 1, time 5.8179, PS3DF, 1 components, 7506 values
INFO: Step 1, time 5.8179, TS3DF, 1 components, 7506 values
INFO: Step 1, time 5.8179, M3DF, 1 components, 7506 values
INFO: Step 1, time 5.8179, TT3DF, 1 components, 7506 values
INFO: Step 1, time 5.8179, CP3DF, 1 components, 7506 values

==================================================
INFO: Parsing ../tests/ccx_2.16.fluidtest/agard04ms.frd
INFO: 7506 nodes
INFO: 7351 cells
INFO: Step 1, time 5.8, V3DF, 3 components, 7506 values
INFO: Step 1, time 5.8, PS3DF, 1 components, 7506 values
INFO: Step 1, time 5.8, TS3DF, 1 components, 7506 values
INFO: Step 1, time 5.8, M3DF, 1 components, 7506 values
INFO: Step 1, time 5.8, TT3DF, 1 components, 7506 values
INFO: Step 1, time 5.8, CP3DF, 1 components, 7506 values
INFO: Writing ../tests/ccx_2.16.fluidtest/agard04ms.vtu
INFO: Step 1, time 5.8179, V3DF, 3 components, 7506 values
INFO: Step 1, time 5.8179, PS3DF, 1 components, 7506 values
INFO: Step 1, time 5.8179, TS3DF, 1 components, 7506 values
INFO: Step 1, time 5.8179, M3DF, 1 components, 7506 values
INFO: Step 1, time 5.8179, TT3DF, 1 components, 7506 values
INFO: Step 1, time 5.8179, CP3DF, 1 components, 7506 values

==================================================
INFO: Parsing ../tests/ccx_2.16.fluidtest/agard05msvis.frd
INFO: 7506 nodes
INFO: 7351 cells
WARNING: NaN and Inf are not supported in Paraview (240 warnings).
WARNING: Wrong format, 1.38574+125 -> 1.3857e+125 (7676 warnings).
INFO: Step 1, time 2.4, V3DF, 3 components, 7506 values
WARNING: Wrong format, -2.17165+146 -> -2.1716e+146 (5052 warnings).
INFO: Step 1, time 2.4, PS3DF, 1 components, 7506 values
INFO: Step 1, time 2.4, TS3DF, 1 components, 7506 values
WARNING: NaN and Inf are not supported in Paraview (5500 warnings).
WARNING: Wrong format, 2.59461+125 -> 2.5946e+125 (716 warnings).
INFO: Step 1, time 2.4, M3DF, 1 components, 7506 values
WARNING: NaN and Inf are not supported in Paraview (5504 warnings).
WARNING: Wrong format, 1.25316+100 -> 1.2531e+100 (1166 warnings).
INFO: Step 1, time 2.4, TT3DF, 1 components, 7506 values
WARNING: Wrong format, -4.34330+146 -> -4.3433e+146 (5058 warnings).
INFO: Step 1, time 2.4, CP3DF, 1 components, 7506 values
INFO: Writing ../tests/ccx_2.16.fluidtest/agard05msvis.vtk
INFO: Step 1, time 2.3728, V3DF, 3 components, 7506 values
WARNING: 240 NaN values are converted to 0.0
INFO: Step 1, time 2.3728, PS3DF, 1 components, 7506 values
INFO: Step 1, time 2.3728, TS3DF, 1 components, 7506 values
INFO: Step 1, time 2.3728, M3DF, 1 components, 7506 values
WARNING: 778 Inf values are converted to 0.0
WARNING: 4722 NaN values are converted to 0.0
INFO: Step 1, time 2.3728, TT3DF, 1 components, 7506 values
WARNING: 782 Inf values are converted to 0.0
WARNING: 4722 NaN values are converted to 0.0
INFO: Step 1, time 2.3728, CP3DF, 1 components, 7506 values

==================================================
INFO: Parsing ../tests/ccx_2.16.fluidtest/agard05msvis.frd
INFO: 7506 nodes
INFO: 7351 cells
WARNING: NaN and Inf are not supported in Paraview (240 warnings).
WARNING: Wrong format, 1.38574+125 -> 1.3857e+125 (7676 warnings).
INFO: Step 1, time 2.4, V3DF, 3 components, 7506 values
WARNING: Wrong format, -2.17165+146 -> -2.1716e+146 (5052 warnings).
INFO: Step 1, time 2.4, PS3DF, 1 components, 7506 values
INFO: Step 1, time 2.4, TS3DF, 1 components, 7506 values
WARNING: NaN and Inf are not supported in Paraview (5500 warnings).
WARNING: Wrong format, 2.59461+125 -> 2.5946e+125 (716 warnings).
INFO: Step 1, time 2.4, M3DF, 1 components, 7506 values
WARNING: NaN and Inf are not supported in Paraview (5504 warnings).
WARNING: Wrong format, 1.25316+100 -> 1.2531e+100 (1166 warnings).
INFO: Step 1, time 2.4, TT3DF, 1 components, 7506 values
WARNING: Wrong format, -4.34330+146 -> -4.3433e+146 (5058 warnings).
INFO: Step 1, time 2.4, CP3DF, 1 components, 7506 values
INFO: Writing ../tests/ccx_2.16.fluidtest/agard05msvis.vtu
INFO: Step 1, time 2.3728, V3DF, 3 components, 7506 values
WARNING: 240 NaN values are converted to 0.0
INFO: Step 1, time 2.3728, PS3DF, 1 components, 7506 values
INFO: Step 1, time 2.3728, TS3DF, 1 components, 7506 values
INFO: Step 1, time 2.3728, M3DF, 1 components, 7506 values
WARNING: 778 Inf values are converted to 0.0
WARNING: 4722 NaN values are converted to 0.0
INFO: Step 1, time 2.3728, TT3DF, 1 components, 7506 values
WARNING: 782 Inf values are converted to 0.0
WARNING: 4722 NaN values are converted to 0.0
INFO: Step 1, time 2.3728, CP3DF, 1 components, 7506 values

==================================================
INFO: Parsing ../tests/ccx_2.16.fluidtest/backstep.frd
INFO: 7818 nodes
INFO: 3740 cells
INFO: Step 1, time 125.5, V3DF, 3 components, 7818 values
INFO: Step 1, time 125.5, PS3DF, 1 components, 7818 values
INFO: Writing ../tests/ccx_2.16.fluidtest/backstep.vtk
INFO: Step 1, time 125.46, V3DF, 3 components, 7818 values
INFO: Step 1, time 125.46, PS3DF, 1 components, 7818 values

==================================================
INFO: Parsing ../tests/ccx_2.16.fluidtest/backstep.frd
INFO: 7818 nodes
INFO: 3740 cells
INFO: Step 1, time 125.5, V3DF, 3 components, 7818 values
INFO: Step 1, time 125.5, PS3DF, 1 components, 7818 values
INFO: Writing ../tests/ccx_2.16.fluidtest/backstep.vtu
INFO: Step 1, time 125.46, V3DF, 3 components, 7818 values
INFO: Step 1, time 125.46, PS3DF, 1 components, 7818 values

==================================================
INFO: Parsing ../tests/ccx_2.16.fluidtest/bump_0.672.frd
INFO: 682 nodes
INFO: 300 cells
INFO: Step 1, time 1631.3, V3DF, 3 components, 682 values
INFO: Step 1, time 1631.3, PS3DF, 1 components, 682 values
INFO: Step 1, time 1631.3, TS3DF, 1 components, 682 values
INFO: Step 1, time 1631.3, M3DF, 1 components, 682 values
INFO: Writing ../tests/ccx_2.16.fluidtest/bump_0.672.vtk
INFO: Step 1, time 1631.3, V3DF, 3 components, 682 values
INFO: Step 1, time 1631.3, PS3DF, 1 components, 682 values
INFO: Step 1, time 1631.3, TS3DF, 1 components, 682 values
INFO: Step 1, time 1631.3, M3DF, 1 components, 682 values

==================================================
INFO: Parsing ../tests/ccx_2.16.fluidtest/bump_0.672.frd
INFO: 682 nodes
INFO: 300 cells
INFO: Step 1, time 1631.3, V3DF, 3 components, 682 values
INFO: Step 1, time 1631.3, PS3DF, 1 components, 682 values
INFO: Step 1, time 1631.3, TS3DF, 1 components, 682 values
INFO: Step 1, time 1631.3, M3DF, 1 components, 682 values
INFO: Writing ../tests/ccx_2.16.fluidtest/bump_0.672.vtu
INFO: Step 1, time 1631.3, V3DF, 3 components, 682 values
INFO: Step 1, time 1631.3, PS3DF, 1 components, 682 values
INFO: Step 1, time 1631.3, TS3DF, 1 components, 682 values
INFO: Step 1, time 1631.3, M3DF, 1 components, 682 values

==================================================
INFO: Parsing ../tests/ccx_2.16.fluidtest/bumpsubfine.frd
INFO: 9922 nodes
INFO: 4800 cells
INFO: Step 1, time 95.4, V3DF, 3 components, 9922 values
INFO: Step 1, time 95.4, PS3DF, 1 components, 9922 values
INFO: Step 1, time 95.4, TS3DF, 1 components, 9922 values
INFO: Step 1, time 95.4, M3DF, 1 components, 9922 values
INFO: Step 1, time 95.4, TT3DF, 1 components, 9922 values
INFO: Step 1, time 95.4, PT3DF, 1 components, 9922 values
INFO: Writing ../tests/ccx_2.16.fluidtest/bumpsubfine.vtk
INFO: Step 1, time 95.395, V3DF, 3 components, 9922 values
INFO: Step 1, time 95.395, PS3DF, 1 components, 9922 values
INFO: Step 1, time 95.395, TS3DF, 1 components, 9922 values
INFO: Step 1, time 95.395, M3DF, 1 components, 9922 values
INFO: Step 1, time 95.395, TT3DF, 1 components, 9922 values
INFO: Step 1, time 95.395, PT3DF, 1 components, 9922 values

==================================================
INFO: Parsing ../tests/ccx_2.16.fluidtest/bumpsubfine.frd
INFO: 9922 nodes
INFO: 4800 cells
INFO: Step 1, time 95.4, V3DF, 3 components, 9922 values
INFO: Step 1, time 95.4, PS3DF, 1 components, 9922 values
INFO: Step 1, time 95.4, TS3DF, 1 components, 9922 values
INFO: Step 1, time 95.4, M3DF, 1 components, 9922 values
INFO: Step 1, time 95.4, TT3DF, 1 components, 9922 values
INFO: Step 1, time 95.4, PT3DF, 1 components, 9922 values
INFO: Writing ../tests/ccx_2.16.fluidtest/bumpsubfine.vtu
INFO: Step 1, time 95.395, V3DF, 3 components, 9922 values
INFO: Step 1, time 95.395, PS3DF, 1 components, 9922 values
INFO: Step 1, time 95.395, TS3DF, 1 components, 9922 values
INFO: Step 1, time 95.395, M3DF, 1 components, 9922 values
INFO: Step 1, time 95.395, TT3DF, 1 components, 9922 values
INFO: Step 1, time 95.395, PT3DF, 1 components, 9922 values

==================================================
INFO: Parsing ../tests/ccx_2.16.fluidtest/bumpsuperfineshallow.frd
INFO: 9922 nodes
INFO: 4800 cells
INFO: Step 1, time 22.8, V3DF, 3 components, 9922 values
INFO: Step 1, time 22.8, PS3DF, 1 components, 9922 values
INFO: Step 1, time 22.8, TS3DF, 1 components, 9922 values
INFO: Step 1, time 22.8, M3DF, 1 components, 9922 values
INFO: Step 1, time 22.8, TT3DF, 1 components, 9922 values
INFO: Writing ../tests/ccx_2.16.fluidtest/bumpsuperfineshallow.vtk
INFO: Step 1, time 22.813, V3DF, 3 components, 9922 values
INFO: Step 1, time 22.813, PS3DF, 1 components, 9922 values
INFO: Step 1, time 22.813, TS3DF, 1 components, 9922 values
INFO: Step 1, time 22.813, M3DF, 1 components, 9922 values
INFO: Step 1, time 22.813, TT3DF, 1 components, 9922 values

==================================================
INFO: Parsing ../tests/ccx_2.16.fluidtest/bumpsuperfineshallow.frd
INFO: 9922 nodes
INFO: 4800 cells
INFO: Step 1, time 22.8, V3DF, 3 components, 9922 values
INFO: Step 1, time 22.8, PS3DF, 1 components, 9922 values
INFO: Step 1, time 22.8, TS3DF, 1 components, 9922 values
INFO: Step 1, time 22.8, M3DF, 1 components, 9922 values
INFO: Step 1, time 22.8, TT3DF, 1 components, 9922 values
INFO: Writing ../tests/ccx_2.16.fluidtest/bumpsuperfineshallow.vtu
INFO: Step 1, time 22.813, V3DF, 3 components, 9922 values
INFO: Step 1, time 22.813, PS3DF, 1 components, 9922 values
INFO: Step 1, time 22.813, TS3DF, 1 components, 9922 values
INFO: Step 1, time 22.813, M3DF, 1 components, 9922 values
INFO: Step 1, time 22.813, TT3DF, 1 components, 9922 values

==================================================
INFO: Parsing ../tests/ccx_2.16.fluidtest/carter10viscfine.frd
INFO: 39800 nodes
INFO: 19602 cells
INFO: Step 1, time 321.8, V3DF, 3 components, 39800 values
INFO: Step 1, time 321.8, PS3DF, 1 components, 39800 values
INFO: Step 1, time 321.8, TS3DF, 1 components, 39800 values
INFO: Step 1, time 321.8, M3DF, 1 components, 39800 values
INFO: Writing ../tests/ccx_2.16.fluidtest/carter10viscfine.vtk
INFO: Step 1, time 321.77, V3DF, 3 components, 39800 values
INFO: Step 1, time 321.77, PS3DF, 1 components, 39800 values
INFO: Step 1, time 321.77, TS3DF, 1 components, 39800 values
INFO: Step 1, time 321.77, M3DF, 1 components, 39800 values

==================================================
INFO: Parsing ../tests/ccx_2.16.fluidtest/carter10viscfine.frd
INFO: 39800 nodes
INFO: 19602 cells
INFO: Step 1, time 321.8, V3DF, 3 components, 39800 values
INFO: Step 1, time 321.8, PS3DF, 1 components, 39800 values
INFO: Step 1, time 321.8, TS3DF, 1 components, 39800 values
INFO: Step 1, time 321.8, M3DF, 1 components, 39800 values
INFO: Writing ../tests/ccx_2.16.fluidtest/carter10viscfine.vtu
INFO: Step 1, time 321.77, V3DF, 3 components, 39800 values
INFO: Step 1, time 321.77, PS3DF, 1 components, 39800 values
INFO: Step 1, time 321.77, TS3DF, 1 components, 39800 values
INFO: Step 1, time 321.77, M3DF, 1 components, 39800 values

==================================================
INFO: Parsing ../tests/ccx_2.16.fluidtest/couettefine.frd
INFO: 400 nodes
INFO: 99 cells
INFO: Step 1, time 993.8, V3DF, 3 components, 400 values
INFO: Step 1, time 993.8, TS3DF, 1 components, 400 values
INFO: Writing ../tests/ccx_2.16.fluidtest/couettefine.vtk
INFO: Step 1, time 993.79, V3DF, 3 components, 400 values
INFO: Step 1, time 993.79, TS3DF, 1 components, 400 values

==================================================
INFO: Parsing ../tests/ccx_2.16.fluidtest/couettefine.frd
INFO: 400 nodes
INFO: 99 cells
INFO: Step 1, time 993.8, V3DF, 3 components, 400 values
INFO: Step 1, time 993.8, TS3DF, 1 components, 400 values
INFO: Writing ../tests/ccx_2.16.fluidtest/couettefine.vtu
INFO: Step 1, time 993.79, V3DF, 3 components, 400 values
INFO: Step 1, time 993.79, TS3DF, 1 components, 400 values
Total 28.9 seconds
