CONVERTER TEST

==================================================
1: ccx/test/achtel2.frd
INFO: Reading achtel2.frd
INFO: 98 nodes
INFO: 8 cells
WARNING: No time increments!
INFO: Writing achtel2.vtk
INFO: Writing achtel2.vtu

==================================================
2: ccx/test/ball.frd
INFO: Reading ball.frd
INFO: 1037 nodes
INFO: 769 cells
WARNING: No time increments!
INFO: Writing ball.vtk
INFO: Writing ball.vtu

==================================================
3: ccx/test/beamfrdwrite.frd
INFO: Reading beamfrdwrite.frd
INFO: 261 nodes
INFO: 32 cells
INFO: 2 time increments
INFO: Step 1, time 1.0, NT, 1 components, 261 values
INFO: Writing beamfrdwrite.1.vtk
INFO: Writing beamfrdwrite.1.vtu
INFO: Step 2, time 2.0, NT, 1 components, 261 values
INFO: Writing beamfrdwrite.2.vtk
INFO: Writing beamfrdwrite.2.vtu

==================================================
4: ccx/test/metalforming.frd
INFO: Reading metalforming.frd
INFO: 2032 nodes
INFO: 848 cells
INFO: 1 time increment
INFO: Step 1, time 1.00e-03, CONTACT, 6 components, 2032 values
INFO: Writing metalforming.vtk
INFO: Writing metalforming.vtu

==================================================
5: ccx/test/twobeam.frd
INFO: Reading twobeam.frd
INFO: 282 nodes
INFO: 32 cells
INFO: 1 time increment
INFO: Step 1, time 1.0, U, 3 components, 282 values
INFO: Step 1, time 1.0, NT, 1 components, 282 values
INFO: Step 1, time 1.0, S, 6 components, 282 values
INFO: Step 1, time 1.0, S_Mises, 1 components, 282 values
INFO: Step 1, time 1.0, S_Principal, 3 components, 282 values
INFO: Writing twobeam.vtk
INFO: Writing twobeam.vtu

==================================================
6: cgx/result.frd
INFO: Reading result.frd
INFO: 3150 nodes
INFO: 560 cells
INFO: 10 time increments
INFO: Step 1, time 10459.8, U, 3 components, 3150 values
INFO: Step 1, time 10459.8, S, 6 components, 3150 values
INFO: Step 1, time 10459.8, S_Mises, 1 components, 3150 values
INFO: Step 1, time 10459.8, S_Principal, 3 components, 3150 values
INFO: Writing result.01.vtk
INFO: Writing result.01.vtu
INFO: Step 2, time 22385.2, U, 3 components, 3150 values
INFO: Step 2, time 22385.2, S, 6 components, 3150 values
INFO: Step 2, time 22385.2, S_Mises, 1 components, 3150 values
INFO: Step 2, time 22385.2, S_Principal, 3 components, 3150 values
INFO: Writing result.02.vtk
INFO: Writing result.02.vtu
INFO: Step 3, time 23740.5, U, 3 components, 3150 values
INFO: Step 3, time 23740.5, S, 6 components, 3150 values
INFO: Step 3, time 23740.5, S_Mises, 1 components, 3150 values
INFO: Step 3, time 23740.5, S_Principal, 3 components, 3150 values
INFO: Writing result.03.vtk
INFO: Writing result.03.vtu
INFO: Step 4, time 29651.7, U, 3 components, 3150 values
INFO: Step 4, time 29651.7, S, 6 components, 3150 values
INFO: Step 4, time 29651.7, S_Mises, 1 components, 3150 values
INFO: Step 4, time 29651.7, S_Principal, 3 components, 3150 values
INFO: Writing result.04.vtk
INFO: Writing result.04.vtu
INFO: Step 5, time 32537.2, U, 3 components, 3150 values
INFO: Step 5, time 32537.2, S, 6 components, 3150 values
INFO: Step 5, time 32537.2, S_Mises, 1 components, 3150 values
INFO: Step 5, time 32537.2, S_Principal, 3 components, 3150 values
INFO: Writing result.05.vtk
INFO: Writing result.05.vtu
INFO: Step 6, time 37847.4, U, 3 components, 3150 values
INFO: Step 6, time 37847.4, S, 6 components, 3150 values
INFO: Step 6, time 37847.4, S_Mises, 1 components, 3150 values
INFO: Step 6, time 37847.4, S_Principal, 3 components, 3150 values
INFO: Writing result.06.vtk
INFO: Writing result.06.vtu
INFO: Step 7, time 39839.8, U, 3 components, 3150 values
INFO: Step 7, time 39839.8, S, 6 components, 3150 values
INFO: Step 7, time 39839.8, S_Mises, 1 components, 3150 values
INFO: Step 7, time 39839.8, S_Principal, 3 components, 3150 values
INFO: Writing result.07.vtk
INFO: Writing result.07.vtu
INFO: Step 8, time 50396.9, U, 3 components, 3150 values
INFO: Step 8, time 50396.9, S, 6 components, 3150 values
INFO: Step 8, time 50396.9, S_Mises, 1 components, 3150 values
INFO: Step 8, time 50396.9, S_Principal, 3 components, 3150 values
INFO: Writing result.08.vtk
INFO: Writing result.08.vtu
INFO: Step 9, time 60223.2, U, 3 components, 3150 values
INFO: Step 9, time 60223.2, S, 6 components, 3150 values
INFO: Step 9, time 60223.2, S_Mises, 1 components, 3150 values
INFO: Step 9, time 60223.2, S_Principal, 3 components, 3150 values
INFO: Writing result.09.vtk
INFO: Writing result.09.vtu
INFO: Step 10, time 68812.0, U, 3 components, 3150 values
INFO: Step 10, time 68812.0, S, 6 components, 3150 values
INFO: Step 10, time 68812.0, S_Mises, 1 components, 3150 values
INFO: Step 10, time 68812.0, S_Principal, 3 components, 3150 values
INFO: Writing result.10.vtk
INFO: Writing result.10.vtu

==================================================
7: elements/C3D15.frd
INFO: Reading C3D15.frd
INFO: 15 nodes
INFO: 1 cells
WARNING: No time increments!
INFO: Writing C3D15.vtk
INFO: Writing C3D15.vtu

==================================================
8: elements/C3D20.frd
INFO: Reading C3D20.frd
INFO: 20 nodes
INFO: 1 cells
WARNING: No time increments!
INFO: Writing C3D20.vtk
INFO: Writing C3D20.vtu

==================================================
9: elements/C3D4.frd
INFO: Reading C3D4.frd
INFO: 4 nodes
INFO: 1 cells
WARNING: No time increments!
INFO: Writing C3D4.vtk
INFO: Writing C3D4.vtu

==================================================
10: elements/CPE3.frd
INFO: Reading CPE3.frd
INFO: 12 nodes
INFO: 1 cells
WARNING: No time increments!
INFO: Writing CPE3.vtk
INFO: Writing CPE3.vtu

==================================================
11: elements/CPE4.frd
INFO: Reading CPE4.frd
INFO: 16 nodes
INFO: 1 cells
WARNING: No time increments!
INFO: Writing CPE4.vtk
INFO: Writing CPE4.vtu

==================================================
12: elements/CPS3.frd
INFO: Reading CPS3.frd
INFO: 12 nodes
INFO: 1 cells
WARNING: No time increments!
INFO: Writing CPS3.vtk
INFO: Writing CPS3.vtu

==================================================
13: elements/CPS4.frd
INFO: Reading CPS4.frd
INFO: 16 nodes
INFO: 1 cells
WARNING: No time increments!
INFO: Writing CPS4.vtk
INFO: Writing CPS4.vtu

==================================================
14: elements/S3.frd
INFO: Reading S3.frd
INFO: 12 nodes
INFO: 1 cells
WARNING: No time increments!
INFO: Writing S3.vtk
INFO: Writing S3.vtu

==================================================
15: elements/S4.frd
INFO: Reading S4.frd
INFO: 19 nodes
INFO: 1 cells
WARNING: No time increments!
INFO: Writing S4.vtk
INFO: Writing S4.vtu

==================================================
16: elements/S6.frd
INFO: Reading S6.frd
INFO: 24 nodes
INFO: 1 cells
WARNING: No time increments!
INFO: Writing S6.vtk
INFO: Writing S6.vtu

==================================================
17: elements/S8.frd
INFO: Reading S8.frd
INFO: 32 nodes
INFO: 1 cells
WARNING: No time increments!
INFO: Writing S8.vtk
INFO: Writing S8.vtu

==================================================
18: mkraska/CAD/OnshapeTutorial/Refs/solve.frd
INFO: Reading solve.frd
INFO: 5625 nodes
INFO: 3126 cells
INFO: 1 time increment
INFO: Step 1, time 1.0, U, 3 components, 5625 values
INFO: Step 1, time 1.0, S, 6 components, 5625 values
INFO: Step 1, time 1.0, S_Mises, 1 components, 5625 values
INFO: Step 1, time 1.0, S_Principal, 3 components, 5625 values
INFO: Step 1, time 1.0, ERROR, 1 components, 5625 values
INFO: Writing solve.vtk
INFO: Writing solve.vtu

==================================================
19: mkraska/CAD/Opt/Refs/Solve.frd
INFO: Reading Solve.frd
INFO: 612 nodes
INFO: 267 cells
INFO: 1 time increment
INFO: Step 1, time 1.0, U, 3 components, 612 values
INFO: Step 1, time 1.0, S, 6 components, 612 values
INFO: Step 1, time 1.0, S_Mises, 1 components, 612 values
INFO: Step 1, time 1.0, S_Principal, 3 components, 612 values
INFO: Step 1, time 1.0, RF, 3 components, 612 values
INFO: Step 1, time 1.0, ERROR, 1 components, 612 values
INFO: Writing Solve.vtk
INFO: Writing Solve.vtu

==================================================
20: mkraska/Contact/CNC/Refs/solve.frd
INFO: Reading solve.frd
INFO: 141406 nodes
INFO: 79648 cells
INFO: 20 time increments
INFO: Step 1, time 0.00e+00, U, 3 components, 141406 values
INFO: Writing solve.01.vtk
INFO: Writing solve.01.vtu
INFO: Step 2, time 0.00e+00, U, 3 components, 141406 values
INFO: Writing solve.02.vtk
INFO: Writing solve.02.vtu
INFO: Step 3, time 3.99e-03, U, 3 components, 141406 values
INFO: Writing solve.03.vtk
INFO: Writing solve.03.vtu
INFO: Step 4, time 3.06e-01, U, 3 components, 141406 values
INFO: Writing solve.04.vtk
INFO: Writing solve.04.vtu
INFO: Step 5, time 3.8, U, 3 components, 141406 values
INFO: Writing solve.05.vtk
INFO: Writing solve.05.vtu
INFO: Step 6, time 5.8, U, 3 components, 141406 values
INFO: Writing solve.06.vtk
INFO: Writing solve.06.vtu
INFO: Step 7, time 19.2, U, 3 components, 141406 values
INFO: Writing solve.07.vtk
INFO: Writing solve.07.vtu
INFO: Step 8, time 164.8, U, 3 components, 141406 values
INFO: Writing solve.08.vtk
INFO: Writing solve.08.vtu
INFO: Step 9, time 224.9, U, 3 components, 141406 values
INFO: Writing solve.09.vtk
INFO: Writing solve.09.vtu
INFO: Step 10, time 372.0, U, 3 components, 141406 values
INFO: Writing solve.10.vtk
INFO: Writing solve.10.vtu
INFO: Step 11, time 519.4, U, 3 components, 141406 values
INFO: Writing solve.11.vtk
INFO: Writing solve.11.vtu
INFO: Step 12, time 639.1, U, 3 components, 141406 values
INFO: Writing solve.12.vtk
INFO: Writing solve.12.vtu
INFO: Step 13, time 906.2, U, 3 components, 141406 values
INFO: Writing solve.13.vtk
INFO: Writing solve.13.vtu
INFO: Step 14, time 1012.8, U, 3 components, 141406 values
INFO: Writing solve.14.vtk
INFO: Writing solve.14.vtu
INFO: Step 15, time 1136.6, U, 3 components, 141406 values
INFO: Writing solve.15.vtk
INFO: Writing solve.15.vtu
INFO: Step 16, time 1174.3, U, 3 components, 141406 values
INFO: Writing solve.16.vtk
INFO: Writing solve.16.vtu
INFO: Step 17, time 1177.7, U, 3 components, 141406 values
INFO: Writing solve.17.vtk
INFO: Writing solve.17.vtu
INFO: Step 18, time 1197.9, U, 3 components, 141406 values
INFO: Writing solve.18.vtk
INFO: Writing solve.18.vtu
INFO: Step 19, time 1199.8, U, 3 components, 141406 values
INFO: Writing solve.19.vtk
INFO: Writing solve.19.vtu
INFO: Step 20, time 1255.5, U, 3 components, 141406 values
INFO: Writing solve.20.vtk
INFO: Writing solve.20.vtu

==================================================
21: mkraska/Contact/Eyebar/Refs/eyebar.frd
INFO: Reading eyebar.frd
INFO: 1806 nodes
INFO: 1680 cells
INFO: 25 time increments
INFO: Step 1, time 1.00e-02, U, 3 components, 1806 values
INFO: Step 1, time 1.00e-02, S, 6 components, 1806 values
INFO: Step 1, time 1.00e-02, S_Mises, 1 components, 1806 values
INFO: Step 1, time 1.00e-02, S_Principal, 3 components, 1806 values
INFO: Step 1, time 1.00e-02, E, 6 components, 1806 values
INFO: Step 1, time 1.00e-02, E_Mises, 1 components, 1806 values
INFO: Step 1, time 1.00e-02, E_Principal, 3 components, 1806 values
INFO: Step 1, time 1.00e-02, PEEQ, 1 components, 1806 values
INFO: Step 1, time 1.00e-02, CONTACT, 6 components, 1814 values
INFO: Step 1, time 1.00e-02, ERROR, 1 components, 1806 values
INFO: Writing eyebar.01.vtk
INFO: Writing eyebar.01.vtu
WARNING: Truncating CONTACT data. More values than nodes.
INFO: Step 2, time 2.00e-02, U, 3 components, 1806 values
INFO: Step 2, time 2.00e-02, S, 6 components, 1806 values
INFO: Step 2, time 2.00e-02, S_Mises, 1 components, 1806 values
INFO: Step 2, time 2.00e-02, S_Principal, 3 components, 1806 values
INFO: Step 2, time 2.00e-02, E, 6 components, 1806 values
INFO: Step 2, time 2.00e-02, E_Mises, 1 components, 1806 values
INFO: Step 2, time 2.00e-02, E_Principal, 3 components, 1806 values
INFO: Step 2, time 2.00e-02, PEEQ, 1 components, 1806 values
INFO: Step 2, time 2.00e-02, CONTACT, 6 components, 1814 values
INFO: Step 2, time 2.00e-02, ERROR, 1 components, 1806 values
INFO: Writing eyebar.02.vtk
INFO: Writing eyebar.02.vtu
WARNING: Truncating CONTACT data. More values than nodes.
INFO: Step 3, time 3.50e-02, U, 3 components, 1806 values
INFO: Step 3, time 3.50e-02, S, 6 components, 1806 values
INFO: Step 3, time 3.50e-02, S_Mises, 1 components, 1806 values
INFO: Step 3, time 3.50e-02, S_Principal, 3 components, 1806 values
INFO: Step 3, time 3.50e-02, E, 6 components, 1806 values
INFO: Step 3, time 3.50e-02, E_Mises, 1 components, 1806 values
INFO: Step 3, time 3.50e-02, E_Principal, 3 components, 1806 values
INFO: Step 3, time 3.50e-02, PEEQ, 1 components, 1806 values
INFO: Step 3, time 3.50e-02, CONTACT, 6 components, 1820 values
INFO: Step 3, time 3.50e-02, ERROR, 1 components, 1806 values
INFO: Writing eyebar.03.vtk
INFO: Writing eyebar.03.vtu
WARNING: Truncating CONTACT data. More values than nodes.
INFO: Step 4, time 5.00e-02, U, 3 components, 1806 values
INFO: Step 4, time 5.00e-02, S, 6 components, 1806 values
INFO: Step 4, time 5.00e-02, S_Mises, 1 components, 1806 values
INFO: Step 4, time 5.00e-02, S_Principal, 3 components, 1806 values
INFO: Step 4, time 5.00e-02, E, 6 components, 1806 values
INFO: Step 4, time 5.00e-02, E_Mises, 1 components, 1806 values
INFO: Step 4, time 5.00e-02, E_Principal, 3 components, 1806 values
INFO: Step 4, time 5.00e-02, PEEQ, 1 components, 1806 values
INFO: Step 4, time 5.00e-02, CONTACT, 6 components, 1824 values
INFO: Step 4, time 5.00e-02, ERROR, 1 components, 1806 values
INFO: Writing eyebar.04.vtk
INFO: Writing eyebar.04.vtu
WARNING: Truncating CONTACT data. More values than nodes.
INFO: Step 5, time 6.50e-02, U, 3 components, 1806 values
INFO: Step 5, time 6.50e-02, S, 6 components, 1806 values
INFO: Step 5, time 6.50e-02, S_Mises, 1 components, 1806 values
INFO: Step 5, time 6.50e-02, S_Principal, 3 components, 1806 values
INFO: Step 5, time 6.50e-02, E, 6 components, 1806 values
INFO: Step 5, time 6.50e-02, E_Mises, 1 components, 1806 values
INFO: Step 5, time 6.50e-02, E_Principal, 3 components, 1806 values
INFO: Step 5, time 6.50e-02, PEEQ, 1 components, 1806 values
INFO: Step 5, time 6.50e-02, CONTACT, 6 components, 1826 values
INFO: Step 5, time 6.50e-02, ERROR, 1 components, 1806 values
INFO: Writing eyebar.05.vtk
INFO: Writing eyebar.05.vtu
WARNING: Truncating CONTACT data. More values than nodes.
INFO: Step 6, time 8.00e-02, U, 3 components, 1806 values
INFO: Step 6, time 8.00e-02, S, 6 components, 1806 values
INFO: Step 6, time 8.00e-02, S_Mises, 1 components, 1806 values
INFO: Step 6, time 8.00e-02, S_Principal, 3 components, 1806 values
INFO: Step 6, time 8.00e-02, E, 6 components, 1806 values
INFO: Step 6, time 8.00e-02, E_Mises, 1 components, 1806 values
INFO: Step 6, time 8.00e-02, E_Principal, 3 components, 1806 values
INFO: Step 6, time 8.00e-02, PEEQ, 1 components, 1806 values
INFO: Step 6, time 8.00e-02, CONTACT, 6 components, 1830 values
INFO: Step 6, time 8.00e-02, ERROR, 1 components, 1806 values
INFO: Writing eyebar.06.vtk
INFO: Writing eyebar.06.vtu
WARNING: Truncating CONTACT data. More values than nodes.
INFO: Step 7, time 9.50e-02, U, 3 components, 1806 values
INFO: Step 7, time 9.50e-02, S, 6 components, 1806 values
INFO: Step 7, time 9.50e-02, S_Mises, 1 components, 1806 values
INFO: Step 7, time 9.50e-02, S_Principal, 3 components, 1806 values
INFO: Step 7, time 9.50e-02, E, 6 components, 1806 values
INFO: Step 7, time 9.50e-02, E_Mises, 1 components, 1806 values
INFO: Step 7, time 9.50e-02, E_Principal, 3 components, 1806 values
INFO: Step 7, time 9.50e-02, PEEQ, 1 components, 1806 values
INFO: Step 7, time 9.50e-02, CONTACT, 6 components, 1832 values
INFO: Step 7, time 9.50e-02, ERROR, 1 components, 1806 values
INFO: Writing eyebar.07.vtk
INFO: Writing eyebar.07.vtu
WARNING: Truncating CONTACT data. More values than nodes.
INFO: Step 8, time 1.17e-01, U, 3 components, 1806 values
INFO: Step 8, time 1.17e-01, S, 6 components, 1806 values
INFO: Step 8, time 1.17e-01, S_Mises, 1 components, 1806 values
INFO: Step 8, time 1.17e-01, S_Principal, 3 components, 1806 values
INFO: Step 8, time 1.17e-01, E, 6 components, 1806 values
INFO: Step 8, time 1.17e-01, E_Mises, 1 components, 1806 values
INFO: Step 8, time 1.17e-01, E_Principal, 3 components, 1806 values
INFO: Step 8, time 1.17e-01, PEEQ, 1 components, 1806 values
INFO: Step 8, time 1.17e-01, CONTACT, 6 components, 1834 values
INFO: Step 8, time 1.17e-01, ERROR, 1 components, 1806 values
INFO: Writing eyebar.08.vtk
INFO: Writing eyebar.08.vtu
WARNING: Truncating CONTACT data. More values than nodes.
INFO: Step 9, time 1.51e-01, U, 3 components, 1806 values
INFO: Step 9, time 1.51e-01, S, 6 components, 1806 values
INFO: Step 9, time 1.51e-01, S_Mises, 1 components, 1806 values
INFO: Step 9, time 1.51e-01, S_Principal, 3 components, 1806 values
INFO: Step 9, time 1.51e-01, E, 6 components, 1806 values
INFO: Step 9, time 1.51e-01, E_Mises, 1 components, 1806 values
INFO: Step 9, time 1.51e-01, E_Principal, 3 components, 1806 values
INFO: Step 9, time 1.51e-01, PEEQ, 1 components, 1806 values
INFO: Step 9, time 1.51e-01, CONTACT, 6 components, 1838 values
INFO: Step 9, time 1.51e-01, ERROR, 1 components, 1806 values
INFO: Writing eyebar.09.vtk
INFO: Writing eyebar.09.vtu
WARNING: Truncating CONTACT data. More values than nodes.
INFO: Step 10, time 2.02e-01, U, 3 components, 1806 values
INFO: Step 10, time 2.02e-01, S, 6 components, 1806 values
INFO: Step 10, time 2.02e-01, S_Mises, 1 components, 1806 values
INFO: Step 10, time 2.02e-01, S_Principal, 3 components, 1806 values
INFO: Step 10, time 2.02e-01, E, 6 components, 1806 values
INFO: Step 10, time 2.02e-01, E_Mises, 1 components, 1806 values
INFO: Step 10, time 2.02e-01, E_Principal, 3 components, 1806 values
INFO: Step 10, time 2.02e-01, PEEQ, 1 components, 1806 values
INFO: Step 10, time 2.02e-01, CONTACT, 6 components, 1842 values
INFO: Step 10, time 2.02e-01, ERROR, 1 components, 1806 values
INFO: Writing eyebar.10.vtk
INFO: Writing eyebar.10.vtu
WARNING: Truncating CONTACT data. More values than nodes.
INFO: Step 11, time 2.53e-01, U, 3 components, 1806 values
INFO: Step 11, time 2.53e-01, S, 6 components, 1806 values
INFO: Step 11, time 2.53e-01, S_Mises, 1 components, 1806 values
INFO: Step 11, time 2.53e-01, S_Principal, 3 components, 1806 values
INFO: Step 11, time 2.53e-01, E, 6 components, 1806 values
INFO: Step 11, time 2.53e-01, E_Mises, 1 components, 1806 values
INFO: Step 11, time 2.53e-01, E_Principal, 3 components, 1806 values
INFO: Step 11, time 2.53e-01, PEEQ, 1 components, 1806 values
INFO: Step 11, time 2.53e-01, CONTACT, 6 components, 1844 values
INFO: Step 11, time 2.53e-01, ERROR, 1 components, 1806 values
INFO: Writing eyebar.11.vtk
INFO: Writing eyebar.11.vtu
WARNING: Truncating CONTACT data. More values than nodes.
INFO: Step 12, time 3.03e-01, U, 3 components, 1806 values
INFO: Step 12, time 3.03e-01, S, 6 components, 1806 values
INFO: Step 12, time 3.03e-01, S_Mises, 1 components, 1806 values
INFO: Step 12, time 3.03e-01, S_Principal, 3 components, 1806 values
INFO: Step 12, time 3.03e-01, E, 6 components, 1806 values
INFO: Step 12, time 3.03e-01, E_Mises, 1 components, 1806 values
INFO: Step 12, time 3.03e-01, E_Principal, 3 components, 1806 values
INFO: Step 12, time 3.03e-01, PEEQ, 1 components, 1806 values
INFO: Step 12, time 3.03e-01, CONTACT, 6 components, 1846 values
INFO: Step 12, time 3.03e-01, ERROR, 1 components, 1806 values
INFO: Writing eyebar.12.vtk
INFO: Writing eyebar.12.vtu
WARNING: Truncating CONTACT data. More values than nodes.
INFO: Step 13, time 3.54e-01, U, 3 components, 1806 values
INFO: Step 13, time 3.54e-01, S, 6 components, 1806 values
INFO: Step 13, time 3.54e-01, S_Mises, 1 components, 1806 values
INFO: Step 13, time 3.54e-01, S_Principal, 3 components, 1806 values
INFO: Step 13, time 3.54e-01, E, 6 components, 1806 values
INFO: Step 13, time 3.54e-01, E_Mises, 1 components, 1806 values
INFO: Step 13, time 3.54e-01, E_Principal, 3 components, 1806 values
INFO: Step 13, time 3.54e-01, PEEQ, 1 components, 1806 values
INFO: Step 13, time 3.54e-01, CONTACT, 6 components, 1846 values
INFO: Step 13, time 3.54e-01, ERROR, 1 components, 1806 values
INFO: Writing eyebar.13.vtk
INFO: Writing eyebar.13.vtu
WARNING: Truncating CONTACT data. More values than nodes.
INFO: Step 14, time 4.04e-01, U, 3 components, 1806 values
INFO: Step 14, time 4.04e-01, S, 6 components, 1806 values
INFO: Step 14, time 4.04e-01, S_Mises, 1 components, 1806 values
INFO: Step 14, time 4.04e-01, S_Principal, 3 components, 1806 values
INFO: Step 14, time 4.04e-01, E, 6 components, 1806 values
INFO: Step 14, time 4.04e-01, E_Mises, 1 components, 1806 values
INFO: Step 14, time 4.04e-01, E_Principal, 3 components, 1806 values
INFO: Step 14, time 4.04e-01, PEEQ, 1 components, 1806 values
INFO: Step 14, time 4.04e-01, CONTACT, 6 components, 1848 values
INFO: Step 14, time 4.04e-01, ERROR, 1 components, 1806 values
INFO: Writing eyebar.14.vtk
INFO: Writing eyebar.14.vtu
WARNING: Truncating CONTACT data. More values than nodes.
INFO: Step 15, time 4.55e-01, U, 3 components, 1806 values
INFO: Step 15, time 4.55e-01, S, 6 components, 1806 values
INFO: Step 15, time 4.55e-01, S_Mises, 1 components, 1806 values
INFO: Step 15, time 4.55e-01, S_Principal, 3 components, 1806 values
INFO: Step 15, time 4.55e-01, E, 6 components, 1806 values
INFO: Step 15, time 4.55e-01, E_Mises, 1 components, 1806 values
INFO: Step 15, time 4.55e-01, E_Principal, 3 components, 1806 values
INFO: Step 15, time 4.55e-01, PEEQ, 1 components, 1806 values
INFO: Step 15, time 4.55e-01, CONTACT, 6 components, 1848 values
INFO: Step 15, time 4.55e-01, ERROR, 1 components, 1806 values
INFO: Writing eyebar.15.vtk
INFO: Writing eyebar.15.vtu
WARNING: Truncating CONTACT data. More values than nodes.
INFO: Step 16, time 5.06e-01, U, 3 components, 1806 values
INFO: Step 16, time 5.06e-01, S, 6 components, 1806 values
INFO: Step 16, time 5.06e-01, S_Mises, 1 components, 1806 values
INFO: Step 16, time 5.06e-01, S_Principal, 3 components, 1806 values
INFO: Step 16, time 5.06e-01, E, 6 components, 1806 values
INFO: Step 16, time 5.06e-01, E_Mises, 1 components, 1806 values
INFO: Step 16, time 5.06e-01, E_Principal, 3 components, 1806 values
INFO: Step 16, time 5.06e-01, PEEQ, 1 components, 1806 values
INFO: Step 16, time 5.06e-01, CONTACT, 6 components, 1850 values
INFO: Step 16, time 5.06e-01, ERROR, 1 components, 1806 values
INFO: Writing eyebar.16.vtk
INFO: Writing eyebar.16.vtu
WARNING: Truncating CONTACT data. More values than nodes.
INFO: Step 17, time 5.56e-01, U, 3 components, 1806 values
INFO: Step 17, time 5.56e-01, S, 6 components, 1806 values
INFO: Step 17, time 5.56e-01, S_Mises, 1 components, 1806 values
INFO: Step 17, time 5.56e-01, S_Principal, 3 components, 1806 values
INFO: Step 17, time 5.56e-01, E, 6 components, 1806 values
INFO: Step 17, time 5.56e-01, E_Mises, 1 components, 1806 values
INFO: Step 17, time 5.56e-01, E_Principal, 3 components, 1806 values
INFO: Step 17, time 5.56e-01, PEEQ, 1 components, 1806 values
INFO: Step 17, time 5.56e-01, CONTACT, 6 components, 1850 values
INFO: Step 17, time 5.56e-01, ERROR, 1 components, 1806 values
INFO: Writing eyebar.17.vtk
INFO: Writing eyebar.17.vtu
WARNING: Truncating CONTACT data. More values than nodes.
INFO: Step 18, time 6.07e-01, U, 3 components, 1806 values
INFO: Step 18, time 6.07e-01, S, 6 components, 1806 values
INFO: Step 18, time 6.07e-01, S_Mises, 1 components, 1806 values
INFO: Step 18, time 6.07e-01, S_Principal, 3 components, 1806 values
INFO: Step 18, time 6.07e-01, E, 6 components, 1806 values
INFO: Step 18, time 6.07e-01, E_Mises, 1 components, 1806 values
INFO: Step 18, time 6.07e-01, E_Principal, 3 components, 1806 values
INFO: Step 18, time 6.07e-01, PEEQ, 1 components, 1806 values
INFO: Step 18, time 6.07e-01, CONTACT, 6 components, 1850 values
INFO: Step 18, time 6.07e-01, ERROR, 1 components, 1806 values
INFO: Writing eyebar.18.vtk
INFO: Writing eyebar.18.vtu
WARNING: Truncating CONTACT data. More values than nodes.
INFO: Step 19, time 6.57e-01, U, 3 components, 1806 values
INFO: Step 19, time 6.57e-01, S, 6 components, 1806 values
INFO: Step 19, time 6.57e-01, S_Mises, 1 components, 1806 values
INFO: Step 19, time 6.57e-01, S_Principal, 3 components, 1806 values
INFO: Step 19, time 6.57e-01, E, 6 components, 1806 values
INFO: Step 19, time 6.57e-01, E_Mises, 1 components, 1806 values
INFO: Step 19, time 6.57e-01, E_Principal, 3 components, 1806 values
INFO: Step 19, time 6.57e-01, PEEQ, 1 components, 1806 values
INFO: Step 19, time 6.57e-01, CONTACT, 6 components, 1850 values
INFO: Step 19, time 6.57e-01, ERROR, 1 components, 1806 values
INFO: Writing eyebar.19.vtk
INFO: Writing eyebar.19.vtu
WARNING: Truncating CONTACT data. More values than nodes.
INFO: Step 20, time 7.08e-01, U, 3 components, 1806 values
INFO: Step 20, time 7.08e-01, S, 6 components, 1806 values
INFO: Step 20, time 7.08e-01, S_Mises, 1 components, 1806 values
INFO: Step 20, time 7.08e-01, S_Principal, 3 components, 1806 values
INFO: Step 20, time 7.08e-01, E, 6 components, 1806 values
INFO: Step 20, time 7.08e-01, E_Mises, 1 components, 1806 values
INFO: Step 20, time 7.08e-01, E_Principal, 3 components, 1806 values
INFO: Step 20, time 7.08e-01, PEEQ, 1 components, 1806 values
INFO: Step 20, time 7.08e-01, CONTACT, 6 components, 1850 values
INFO: Step 20, time 7.08e-01, ERROR, 1 components, 1806 values
INFO: Writing eyebar.20.vtk
INFO: Writing eyebar.20.vtu
WARNING: Truncating CONTACT data. More values than nodes.
INFO: Step 21, time 7.59e-01, U, 3 components, 1806 values
INFO: Step 21, time 7.59e-01, S, 6 components, 1806 values
INFO: Step 21, time 7.59e-01, S_Mises, 1 components, 1806 values
INFO: Step 21, time 7.59e-01, S_Principal, 3 components, 1806 values
INFO: Step 21, time 7.59e-01, E, 6 components, 1806 values
INFO: Step 21, time 7.59e-01, E_Mises, 1 components, 1806 values
INFO: Step 21, time 7.59e-01, E_Principal, 3 components, 1806 values
INFO: Step 21, time 7.59e-01, PEEQ, 1 components, 1806 values
INFO: Step 21, time 7.59e-01, CONTACT, 6 components, 1850 values
INFO: Step 21, time 7.59e-01, ERROR, 1 components, 1806 values
INFO: Writing eyebar.21.vtk
INFO: Writing eyebar.21.vtu
WARNING: Truncating CONTACT data. More values than nodes.
INFO: Step 22, time 8.09e-01, U, 3 components, 1806 values
INFO: Step 22, time 8.09e-01, S, 6 components, 1806 values
INFO: Step 22, time 8.09e-01, S_Mises, 1 components, 1806 values
INFO: Step 22, time 8.09e-01, S_Principal, 3 components, 1806 values
INFO: Step 22, time 8.09e-01, E, 6 components, 1806 values
INFO: Step 22, time 8.09e-01, E_Mises, 1 components, 1806 values
INFO: Step 22, time 8.09e-01, E_Principal, 3 components, 1806 values
INFO: Step 22, time 8.09e-01, PEEQ, 1 components, 1806 values
INFO: Step 22, time 8.09e-01, CONTACT, 6 components, 1852 values
INFO: Step 22, time 8.09e-01, ERROR, 1 components, 1806 values
INFO: Writing eyebar.22.vtk
INFO: Writing eyebar.22.vtu
WARNING: Truncating CONTACT data. More values than nodes.
INFO: Step 23, time 8.60e-01, U, 3 components, 1806 values
INFO: Step 23, time 8.60e-01, S, 6 components, 1806 values
INFO: Step 23, time 8.60e-01, S_Mises, 1 components, 1806 values
INFO: Step 23, time 8.60e-01, S_Principal, 3 components, 1806 values
INFO: Step 23, time 8.60e-01, E, 6 components, 1806 values
INFO: Step 23, time 8.60e-01, E_Mises, 1 components, 1806 values
INFO: Step 23, time 8.60e-01, E_Principal, 3 components, 1806 values
INFO: Step 23, time 8.60e-01, PEEQ, 1 components, 1806 values
INFO: Step 23, time 8.60e-01, CONTACT, 6 components, 1852 values
INFO: Step 23, time 8.60e-01, ERROR, 1 components, 1806 values
INFO: Writing eyebar.23.vtk
INFO: Writing eyebar.23.vtu
WARNING: Truncating CONTACT data. More values than nodes.
INFO: Step 24, time 9.36e-01, U, 3 components, 1806 values
INFO: Step 24, time 9.36e-01, S, 6 components, 1806 values
INFO: Step 24, time 9.36e-01, S_Mises, 1 components, 1806 values
INFO: Step 24, time 9.36e-01, S_Principal, 3 components, 1806 values
INFO: Step 24, time 9.36e-01, E, 6 components, 1806 values
INFO: Step 24, time 9.36e-01, E_Mises, 1 components, 1806 values
INFO: Step 24, time 9.36e-01, E_Principal, 3 components, 1806 values
INFO: Step 24, time 9.36e-01, PEEQ, 1 components, 1806 values
INFO: Step 24, time 9.36e-01, CONTACT, 6 components, 1852 values
INFO: Step 24, time 9.36e-01, ERROR, 1 components, 1806 values
INFO: Writing eyebar.24.vtk
INFO: Writing eyebar.24.vtu
WARNING: Truncating CONTACT data. More values than nodes.
INFO: Step 25, time 1.0, U, 3 components, 1806 values
INFO: Step 25, time 1.0, S, 6 components, 1806 values
INFO: Step 25, time 1.0, S_Mises, 1 components, 1806 values
INFO: Step 25, time 1.0, S_Principal, 3 components, 1806 values
INFO: Step 25, time 1.0, E, 6 components, 1806 values
INFO: Step 25, time 1.0, E_Mises, 1 components, 1806 values
INFO: Step 25, time 1.0, E_Principal, 3 components, 1806 values
INFO: Step 25, time 1.0, PEEQ, 1 components, 1806 values
INFO: Step 25, time 1.0, CONTACT, 6 components, 1852 values
INFO: Step 25, time 1.0, ERROR, 1 components, 1806 values
INFO: Writing eyebar.25.vtk
INFO: Writing eyebar.25.vtu
WARNING: Truncating CONTACT data. More values than nodes.

==================================================
22: mkraska/Contact/Hertz_2D/Refs/Hertz.frd
INFO: Reading Hertz.frd
INFO: 9602 nodes
INFO: 3100 cells
INFO: 2 time increments
INFO: Step 1, time 1.0, U, 3 components, 9602 values
INFO: Step 1, time 1.0, S, 6 components, 9602 values
INFO: Step 1, time 1.0, S_Mises, 1 components, 9602 values
INFO: Step 1, time 1.0, S_Principal, 3 components, 9602 values
INFO: Step 1, time 1.0, E, 6 components, 9602 values
INFO: Step 1, time 1.0, E_Mises, 1 components, 9602 values
INFO: Step 1, time 1.0, E_Principal, 3 components, 9602 values
INFO: Step 1, time 1.0, CONTACT, 6 components, 9602 values
INFO: Step 1, time 1.0, ERROR, 1 components, 9602 values
INFO: Writing Hertz.1.vtk
INFO: Writing Hertz.1.vtu
INFO: Step 2, time 2.0, U, 3 components, 9602 values
INFO: Step 2, time 2.0, S, 6 components, 9602 values
INFO: Step 2, time 2.0, S_Mises, 1 components, 9602 values
INFO: Step 2, time 2.0, S_Principal, 3 components, 9602 values
INFO: Step 2, time 2.0, E, 6 components, 9602 values
INFO: Step 2, time 2.0, E_Mises, 1 components, 9602 values
INFO: Step 2, time 2.0, E_Principal, 3 components, 9602 values
INFO: Step 2, time 2.0, CONTACT, 6 components, 9602 values
INFO: Step 2, time 2.0, ERROR, 1 components, 9602 values
INFO: Writing Hertz.2.vtk
INFO: Writing Hertz.2.vtu

==================================================
23: mkraska/Contact/Hertz_axi/Refs/Hertz.frd
INFO: Reading Hertz.frd
INFO: 9602 nodes
INFO: 3100 cells
INFO: 1 time increment
INFO: Step 1, time 1.0, U, 3 components, 9602 values
INFO: Step 1, time 1.0, S, 6 components, 9602 values
INFO: Step 1, time 1.0, S_Mises, 1 components, 9602 values
INFO: Step 1, time 1.0, S_Principal, 3 components, 9602 values
INFO: Step 1, time 1.0, E, 6 components, 9602 values
INFO: Step 1, time 1.0, E_Mises, 1 components, 9602 values
INFO: Step 1, time 1.0, E_Principal, 3 components, 9602 values
INFO: Step 1, time 1.0, CONTACT, 6 components, 9602 values
INFO: Step 1, time 1.0, ERROR, 1 components, 9602 values
INFO: Writing Hertz.vtk
INFO: Writing Hertz.vtu

==================================================
24: mkraska/Contact/Leafspring/Refs/solve.frd
INFO: Reading solve.frd
INFO: 360 nodes
INFO: 26 cells
INFO: 3 time increments
INFO: Step 1, time 1.10e-02, U, 3 components, 360 values
INFO: Step 1, time 1.10e-02, S, 6 components, 360 values
INFO: Step 1, time 1.10e-02, S_Mises, 1 components, 360 values
INFO: Step 1, time 1.10e-02, S_Principal, 3 components, 360 values
INFO: Step 1, time 1.10e-02, CONTACT, 6 components, 360 values
INFO: Step 1, time 1.10e-02, ERROR, 1 components, 360 values
INFO: Writing solve.1.vtk
INFO: Writing solve.1.vtu
INFO: Step 2, time 1.57e-01, U, 3 components, 360 values
INFO: Step 2, time 1.57e-01, S, 6 components, 360 values
INFO: Step 2, time 1.57e-01, S_Mises, 1 components, 360 values
INFO: Step 2, time 1.57e-01, S_Principal, 3 components, 360 values
INFO: Step 2, time 1.57e-01, CONTACT, 6 components, 360 values
INFO: Step 2, time 1.57e-01, ERROR, 1 components, 360 values
INFO: Writing solve.2.vtk
INFO: Writing solve.2.vtu
INFO: Step 3, time 1.0, U, 3 components, 360 values
INFO: Step 3, time 1.0, S, 6 components, 360 values
INFO: Step 3, time 1.0, S_Mises, 1 components, 360 values
INFO: Step 3, time 1.0, S_Principal, 3 components, 360 values
INFO: Step 3, time 1.0, CONTACT, 6 components, 360 values
INFO: Step 3, time 1.0, ERROR, 1 components, 360 values
INFO: Writing solve.3.vtk
INFO: Writing solve.3.vtu

==================================================
25: mkraska/Contact/Penalty/Refs/solve.frd
INFO: Reading solve.frd
INFO: 16 nodes
INFO: 2 cells
INFO: 51 time increments
INFO: Step 1, time 1.0, U, 3 components, 16 values
INFO: Step 1, time 1.0, CONTACT, 6 components, 16 values
INFO: Step 1, time 1.0, CELS, 1 components, 16 values
INFO: Writing solve.01.vtk
INFO: Writing solve.01.vtu
INFO: Step 2, time 1.0, U, 3 components, 16 values
INFO: Step 2, time 1.0, CONTACT, 6 components, 16 values
INFO: Step 2, time 1.0, CELS, 1 components, 16 values
INFO: Writing solve.02.vtk
INFO: Writing solve.02.vtu
INFO: Step 3, time 1.0, U, 3 components, 16 values
INFO: Step 3, time 1.0, CONTACT, 6 components, 16 values
INFO: Step 3, time 1.0, CELS, 1 components, 16 values
INFO: Writing solve.03.vtk
INFO: Writing solve.03.vtu
INFO: Step 4, time 1.1, U, 3 components, 16 values
INFO: Step 4, time 1.1, CONTACT, 6 components, 16 values
INFO: Step 4, time 1.1, CELS, 1 components, 16 values
INFO: Writing solve.04.vtk
INFO: Writing solve.04.vtu
INFO: Step 5, time 1.1, U, 3 components, 16 values
INFO: Step 5, time 1.1, CONTACT, 6 components, 16 values
INFO: Step 5, time 1.1, CELS, 1 components, 16 values
INFO: Writing solve.05.vtk
INFO: Writing solve.05.vtu
INFO: Step 6, time 1.1, U, 3 components, 16 values
INFO: Step 6, time 1.1, CONTACT, 6 components, 16 values
INFO: Step 6, time 1.1, CELS, 1 components, 16 values
INFO: Writing solve.06.vtk
INFO: Writing solve.06.vtu
INFO: Step 7, time 1.1, U, 3 components, 16 values
INFO: Step 7, time 1.1, CONTACT, 6 components, 16 values
INFO: Step 7, time 1.1, CELS, 1 components, 16 values
INFO: Writing solve.07.vtk
INFO: Writing solve.07.vtu
INFO: Step 8, time 1.1, U, 3 components, 16 values
INFO: Step 8, time 1.1, CONTACT, 6 components, 16 values
INFO: Step 8, time 1.1, CELS, 1 components, 16 values
INFO: Writing solve.08.vtk
INFO: Writing solve.08.vtu
INFO: Step 9, time 1.2, U, 3 components, 16 values
INFO: Step 9, time 1.2, CONTACT, 6 components, 16 values
INFO: Step 9, time 1.2, CELS, 1 components, 16 values
INFO: Writing solve.09.vtk
INFO: Writing solve.09.vtu
INFO: Step 10, time 1.2, U, 3 components, 16 values
INFO: Step 10, time 1.2, CONTACT, 6 components, 16 values
INFO: Step 10, time 1.2, CELS, 1 components, 16 values
INFO: Writing solve.10.vtk
INFO: Writing solve.10.vtu
INFO: Step 11, time 1.2, U, 3 components, 16 values
INFO: Step 11, time 1.2, CONTACT, 6 components, 16 values
INFO: Step 11, time 1.2, CELS, 1 components, 16 values
INFO: Writing solve.11.vtk
INFO: Writing solve.11.vtu
INFO: Step 12, time 1.2, U, 3 components, 16 values
INFO: Step 12, time 1.2, CONTACT, 6 components, 16 values
INFO: Step 12, time 1.2, CELS, 1 components, 16 values
INFO: Writing solve.12.vtk
INFO: Writing solve.12.vtu
INFO: Step 13, time 1.2, U, 3 components, 16 values
INFO: Step 13, time 1.2, CONTACT, 6 components, 16 values
INFO: Step 13, time 1.2, CELS, 1 components, 16 values
INFO: Writing solve.13.vtk
INFO: Writing solve.13.vtu
INFO: Step 14, time 1.3, U, 3 components, 16 values
INFO: Step 14, time 1.3, CONTACT, 6 components, 16 values
INFO: Step 14, time 1.3, CELS, 1 components, 16 values
INFO: Writing solve.14.vtk
INFO: Writing solve.14.vtu
INFO: Step 15, time 1.3, U, 3 components, 16 values
INFO: Step 15, time 1.3, CONTACT, 6 components, 16 values
INFO: Step 15, time 1.3, CELS, 1 components, 16 values
INFO: Writing solve.15.vtk
INFO: Writing solve.15.vtu
INFO: Step 16, time 1.3, U, 3 components, 16 values
INFO: Step 16, time 1.3, CONTACT, 6 components, 16 values
INFO: Step 16, time 1.3, CELS, 1 components, 16 values
INFO: Writing solve.16.vtk
INFO: Writing solve.16.vtu
INFO: Step 17, time 1.3, U, 3 components, 16 values
INFO: Step 17, time 1.3, CONTACT, 6 components, 16 values
INFO: Step 17, time 1.3, CELS, 1 components, 16 values
INFO: Writing solve.17.vtk
INFO: Writing solve.17.vtu
INFO: Step 18, time 1.3, U, 3 components, 16 values
INFO: Step 18, time 1.3, CONTACT, 6 components, 16 values
INFO: Step 18, time 1.3, CELS, 1 components, 16 values
INFO: Writing solve.18.vtk
INFO: Writing solve.18.vtu
INFO: Step 19, time 1.4, U, 3 components, 16 values
INFO: Step 19, time 1.4, CONTACT, 6 components, 16 values
INFO: Step 19, time 1.4, CELS, 1 components, 16 values
INFO: Writing solve.19.vtk
INFO: Writing solve.19.vtu
INFO: Step 20, time 1.4, U, 3 components, 16 values
INFO: Step 20, time 1.4, CONTACT, 6 components, 16 values
INFO: Step 20, time 1.4, CELS, 1 components, 16 values
INFO: Writing solve.20.vtk
INFO: Writing solve.20.vtu
INFO: Step 21, time 1.4, U, 3 components, 16 values
INFO: Step 21, time 1.4, CONTACT, 6 components, 16 values
INFO: Step 21, time 1.4, CELS, 1 components, 16 values
INFO: Writing solve.21.vtk
INFO: Writing solve.21.vtu
INFO: Step 22, time 1.4, U, 3 components, 16 values
INFO: Step 22, time 1.4, CONTACT, 6 components, 16 values
INFO: Step 22, time 1.4, CELS, 1 components, 16 values
INFO: Writing solve.22.vtk
INFO: Writing solve.22.vtu
INFO: Step 23, time 1.4, U, 3 components, 16 values
INFO: Step 23, time 1.4, CONTACT, 6 components, 16 values
INFO: Step 23, time 1.4, CELS, 1 components, 16 values
INFO: Writing solve.23.vtk
INFO: Writing solve.23.vtu
INFO: Step 24, time 1.5, U, 3 components, 16 values
INFO: Step 24, time 1.5, CONTACT, 6 components, 16 values
INFO: Step 24, time 1.5, CELS, 1 components, 16 values
INFO: Writing solve.24.vtk
INFO: Writing solve.24.vtu
INFO: Step 25, time 1.5, U, 3 components, 16 values
INFO: Step 25, time 1.5, CONTACT, 6 components, 16 values
INFO: Step 25, time 1.5, CELS, 1 components, 16 values
INFO: Writing solve.25.vtk
INFO: Writing solve.25.vtu
INFO: Step 26, time 1.5, U, 3 components, 16 values
INFO: Step 26, time 1.5, CONTACT, 6 components, 16 values
INFO: Step 26, time 1.5, CELS, 1 components, 16 values
INFO: Writing solve.26.vtk
INFO: Writing solve.26.vtu
INFO: Step 27, time 1.5, U, 3 components, 16 values
INFO: Step 27, time 1.5, CONTACT, 6 components, 16 values
INFO: Step 27, time 1.5, CELS, 1 components, 16 values
INFO: Writing solve.27.vtk
INFO: Writing solve.27.vtu
INFO: Step 28, time 1.5, U, 3 components, 16 values
INFO: Step 28, time 1.5, CONTACT, 6 components, 16 values
INFO: Step 28, time 1.5, CELS, 1 components, 16 values
INFO: Writing solve.28.vtk
INFO: Writing solve.28.vtu
INFO: Step 29, time 1.6, U, 3 components, 16 values
INFO: Step 29, time 1.6, CONTACT, 6 components, 16 values
INFO: Step 29, time 1.6, CELS, 1 components, 16 values
INFO: Writing solve.29.vtk
INFO: Writing solve.29.vtu
INFO: Step 30, time 1.6, U, 3 components, 16 values
INFO: Step 30, time 1.6, CONTACT, 6 components, 16 values
INFO: Step 30, time 1.6, CELS, 1 components, 16 values
INFO: Writing solve.30.vtk
INFO: Writing solve.30.vtu
INFO: Step 31, time 1.6, U, 3 components, 16 values
INFO: Step 31, time 1.6, CONTACT, 6 components, 16 values
INFO: Step 31, time 1.6, CELS, 1 components, 16 values
INFO: Writing solve.31.vtk
INFO: Writing solve.31.vtu
INFO: Step 32, time 1.6, U, 3 components, 16 values
INFO: Step 32, time 1.6, CONTACT, 6 components, 16 values
INFO: Step 32, time 1.6, CELS, 1 components, 16 values
INFO: Writing solve.32.vtk
INFO: Writing solve.32.vtu
INFO: Step 33, time 1.6, U, 3 components, 16 values
INFO: Step 33, time 1.6, CONTACT, 6 components, 16 values
INFO: Step 33, time 1.6, CELS, 1 components, 16 values
INFO: Writing solve.33.vtk
INFO: Writing solve.33.vtu
INFO: Step 34, time 1.7, U, 3 components, 16 values
INFO: Step 34, time 1.7, CONTACT, 6 components, 16 values
INFO: Step 34, time 1.7, CELS, 1 components, 16 values
INFO: Writing solve.34.vtk
INFO: Writing solve.34.vtu
INFO: Step 35, time 1.7, U, 3 components, 16 values
INFO: Step 35, time 1.7, CONTACT, 6 components, 16 values
INFO: Step 35, time 1.7, CELS, 1 components, 16 values
INFO: Writing solve.35.vtk
INFO: Writing solve.35.vtu
INFO: Step 36, time 1.7, U, 3 components, 16 values
INFO: Step 36, time 1.7, CONTACT, 6 components, 16 values
INFO: Step 36, time 1.7, CELS, 1 components, 16 values
INFO: Writing solve.36.vtk
INFO: Writing solve.36.vtu
INFO: Step 37, time 1.7, U, 3 components, 16 values
INFO: Step 37, time 1.7, CONTACT, 6 components, 16 values
INFO: Step 37, time 1.7, CELS, 1 components, 16 values
INFO: Writing solve.37.vtk
INFO: Writing solve.37.vtu
INFO: Step 38, time 1.7, U, 3 components, 16 values
INFO: Step 38, time 1.7, CONTACT, 6 components, 16 values
INFO: Step 38, time 1.7, CELS, 1 components, 16 values
INFO: Writing solve.38.vtk
INFO: Writing solve.38.vtu
INFO: Step 39, time 1.8, U, 3 components, 16 values
INFO: Step 39, time 1.8, CONTACT, 6 components, 16 values
INFO: Step 39, time 1.8, CELS, 1 components, 16 values
INFO: Writing solve.39.vtk
INFO: Writing solve.39.vtu
INFO: Step 40, time 1.8, U, 3 components, 16 values
INFO: Step 40, time 1.8, CONTACT, 6 components, 16 values
INFO: Step 40, time 1.8, CELS, 1 components, 16 values
INFO: Writing solve.40.vtk
INFO: Writing solve.40.vtu
INFO: Step 41, time 1.8, U, 3 components, 16 values
INFO: Step 41, time 1.8, CONTACT, 6 components, 16 values
INFO: Step 41, time 1.8, CELS, 1 components, 16 values
INFO: Writing solve.41.vtk
INFO: Writing solve.41.vtu
INFO: Step 42, time 1.8, U, 3 components, 16 values
INFO: Step 42, time 1.8, CONTACT, 6 components, 16 values
INFO: Step 42, time 1.8, CELS, 1 components, 16 values
INFO: Writing solve.42.vtk
INFO: Writing solve.42.vtu
INFO: Step 43, time 1.8, U, 3 components, 16 values
INFO: Step 43, time 1.8, CONTACT, 6 components, 16 values
INFO: Step 43, time 1.8, CELS, 1 components, 16 values
INFO: Writing solve.43.vtk
INFO: Writing solve.43.vtu
INFO: Step 44, time 1.9, U, 3 components, 16 values
INFO: Step 44, time 1.9, CONTACT, 6 components, 16 values
INFO: Step 44, time 1.9, CELS, 1 components, 16 values
INFO: Writing solve.44.vtk
INFO: Writing solve.44.vtu
INFO: Step 45, time 1.9, U, 3 components, 16 values
INFO: Step 45, time 1.9, CONTACT, 6 components, 16 values
INFO: Step 45, time 1.9, CELS, 1 components, 16 values
INFO: Writing solve.45.vtk
INFO: Writing solve.45.vtu
INFO: Step 46, time 1.9, U, 3 components, 16 values
INFO: Step 46, time 1.9, CONTACT, 6 components, 16 values
INFO: Step 46, time 1.9, CELS, 1 components, 16 values
INFO: Writing solve.46.vtk
INFO: Writing solve.46.vtu
INFO: Step 47, time 1.9, U, 3 components, 16 values
INFO: Step 47, time 1.9, CONTACT, 6 components, 16 values
INFO: Step 47, time 1.9, CELS, 1 components, 16 values
INFO: Writing solve.47.vtk
INFO: Writing solve.47.vtu
INFO: Step 48, time 1.9, U, 3 components, 16 values
INFO: Step 48, time 1.9, CONTACT, 6 components, 16 values
INFO: Step 48, time 1.9, CELS, 1 components, 16 values
INFO: Writing solve.48.vtk
INFO: Writing solve.48.vtu
INFO: Step 49, time 2.0, U, 3 components, 16 values
INFO: Step 49, time 2.0, CONTACT, 6 components, 16 values
INFO: Step 49, time 2.0, CELS, 1 components, 16 values
INFO: Writing solve.49.vtk
INFO: Writing solve.49.vtu
INFO: Step 50, time 2.0, U, 3 components, 16 values
INFO: Step 50, time 2.0, CONTACT, 6 components, 16 values
INFO: Step 50, time 2.0, CELS, 1 components, 16 values
INFO: Writing solve.50.vtk
INFO: Writing solve.50.vtu
INFO: Step 51, time 2.0, U, 3 components, 16 values
INFO: Step 51, time 2.0, CONTACT, 6 components, 16 values
INFO: Step 51, time 2.0, CELS, 1 components, 16 values
INFO: Writing solve.51.vtk
INFO: Writing solve.51.vtu

==================================================
26: mkraska/Contact/Shell0/Refs/qu4_equ/equ.frd
INFO: Reading equ.frd
INFO: 100 nodes
INFO: 32 cells
INFO: 20 time increments
INFO: Step 2, time 0.00e+00, U, 3 components, 100 values
INFO: Step 2, time 0.00e+00, S, 6 components, 100 values
INFO: Step 2, time 0.00e+00, S_Mises, 1 components, 100 values
INFO: Step 2, time 0.00e+00, S_Principal, 3 components, 100 values
INFO: Step 2, time 0.00e+00, ERROR, 1 components, 100 values
INFO: Writing equ.01.vtk
INFO: Writing equ.01.vtu
INFO: Step 3, time 0.00e+00, U, 3 components, 100 values
INFO: Step 3, time 0.00e+00, S, 6 components, 100 values
INFO: Step 3, time 0.00e+00, S_Mises, 1 components, 100 values
INFO: Step 3, time 0.00e+00, S_Principal, 3 components, 100 values
INFO: Step 3, time 0.00e+00, ERROR, 1 components, 100 values
INFO: Writing equ.02.vtk
INFO: Writing equ.02.vtu
INFO: Step 4, time 4.24e-02, U, 3 components, 100 values
INFO: Step 4, time 4.24e-02, S, 6 components, 100 values
INFO: Step 4, time 4.24e-02, S_Mises, 1 components, 100 values
INFO: Step 4, time 4.24e-02, S_Principal, 3 components, 100 values
INFO: Step 4, time 4.24e-02, ERROR, 1 components, 100 values
INFO: Writing equ.03.vtk
INFO: Writing equ.03.vtu
INFO: Step 5, time 6.11e-02, U, 3 components, 100 values
INFO: Step 5, time 6.11e-02, S, 6 components, 100 values
INFO: Step 5, time 6.11e-02, S_Mises, 1 components, 100 values
INFO: Step 5, time 6.11e-02, S_Principal, 3 components, 100 values
INFO: Step 5, time 6.11e-02, ERROR, 1 components, 100 values
INFO: Writing equ.04.vtk
INFO: Writing equ.04.vtu
INFO: Step 6, time 7.24e-02, U, 3 components, 100 values
INFO: Step 6, time 7.24e-02, S, 6 components, 100 values
INFO: Step 6, time 7.24e-02, S_Mises, 1 components, 100 values
INFO: Step 6, time 7.24e-02, S_Principal, 3 components, 100 values
INFO: Step 6, time 7.24e-02, ERROR, 1 components, 100 values
INFO: Writing equ.05.vtk
INFO: Writing equ.05.vtu
INFO: Step 7, time 7.98e-02, U, 3 components, 100 values
INFO: Step 7, time 7.98e-02, S, 6 components, 100 values
INFO: Step 7, time 7.98e-02, S_Mises, 1 components, 100 values
INFO: Step 7, time 7.98e-02, S_Principal, 3 components, 100 values
INFO: Step 7, time 7.98e-02, ERROR, 1 components, 100 values
INFO: Writing equ.06.vtk
INFO: Writing equ.06.vtu
INFO: Step 8, time 9.97e-02, U, 3 components, 100 values
INFO: Step 8, time 9.97e-02, S, 6 components, 100 values
INFO: Step 8, time 9.97e-02, S_Mises, 1 components, 100 values
INFO: Step 8, time 9.97e-02, S_Principal, 3 components, 100 values
INFO: Step 8, time 9.97e-02, ERROR, 1 components, 100 values
INFO: Writing equ.07.vtk
INFO: Writing equ.07.vtu
INFO: Step 9, time 2538.3, U, 3 components, 100 values
INFO: Step 9, time 2538.3, S, 6 components, 100 values
INFO: Step 9, time 2538.3, S_Mises, 1 components, 100 values
INFO: Step 9, time 2538.3, S_Principal, 3 components, 100 values
INFO: Step 9, time 2538.3, ERROR, 1 components, 100 values
INFO: Writing equ.08.vtk
INFO: Writing equ.08.vtu
INFO: Step 10, time 3085.2, U, 3 components, 100 values
INFO: Step 10, time 3085.2, S, 6 components, 100 values
INFO: Step 10, time 3085.2, S_Mises, 1 components, 100 values
INFO: Step 10, time 3085.2, S_Principal, 3 components, 100 values
INFO: Step 10, time 3085.2, ERROR, 1 components, 100 values
INFO: Writing equ.09.vtk
INFO: Writing equ.09.vtu
INFO: Step 11, time 4083.5, U, 3 components, 100 values
INFO: Step 11, time 4083.5, S, 6 components, 100 values
INFO: Step 11, time 4083.5, S_Mises, 1 components, 100 values
INFO: Step 11, time 4083.5, S_Principal, 3 components, 100 values
INFO: Step 11, time 4083.5, ERROR, 1 components, 100 values
INFO: Writing equ.10.vtk
INFO: Writing equ.10.vtu
INFO: Step 12, time 5512.6, U, 3 components, 100 values
INFO: Step 12, time 5512.6, S, 6 components, 100 values
INFO: Step 12, time 5512.6, S_Mises, 1 components, 100 values
INFO: Step 12, time 5512.6, S_Principal, 3 components, 100 values
INFO: Step 12, time 5512.6, ERROR, 1 components, 100 values
INFO: Writing equ.11.vtk
INFO: Writing equ.11.vtu
INFO: Step 13, time 13439.8, U, 3 components, 100 values
INFO: Step 13, time 13439.8, S, 6 components, 100 values
INFO: Step 13, time 13439.8, S_Mises, 1 components, 100 values
INFO: Step 13, time 13439.8, S_Principal, 3 components, 100 values
INFO: Step 13, time 13439.8, ERROR, 1 components, 100 values
INFO: Writing equ.12.vtk
INFO: Writing equ.12.vtu
INFO: Step 14, time 14124.4, U, 3 components, 100 values
INFO: Step 14, time 14124.4, S, 6 components, 100 values
INFO: Step 14, time 14124.4, S_Mises, 1 components, 100 values
INFO: Step 14, time 14124.4, S_Principal, 3 components, 100 values
INFO: Step 14, time 14124.4, ERROR, 1 components, 100 values
INFO: Writing equ.13.vtk
INFO: Writing equ.13.vtu
INFO: Step 15, time 15967.4, U, 3 components, 100 values
INFO: Step 15, time 15967.4, S, 6 components, 100 values
INFO: Step 15, time 15967.4, S_Mises, 1 components, 100 values
INFO: Step 15, time 15967.4, S_Principal, 3 components, 100 values
INFO: Step 15, time 15967.4, ERROR, 1 components, 100 values
INFO: Writing equ.14.vtk
INFO: Writing equ.14.vtu
INFO: Step 16, time 16435.2, U, 3 components, 100 values
INFO: Step 16, time 16435.2, S, 6 components, 100 values
INFO: Step 16, time 16435.2, S_Mises, 1 components, 100 values
INFO: Step 16, time 16435.2, S_Principal, 3 components, 100 values
INFO: Step 16, time 16435.2, ERROR, 1 components, 100 values
INFO: Writing equ.15.vtk
INFO: Writing equ.15.vtu
INFO: Step 17, time 18563.7, U, 3 components, 100 values
INFO: Step 17, time 18563.7, S, 6 components, 100 values
INFO: Step 17, time 18563.7, S_Mises, 1 components, 100 values
INFO: Step 17, time 18563.7, S_Principal, 3 components, 100 values
INFO: Step 17, time 18563.7, ERROR, 1 components, 100 values
INFO: Writing equ.16.vtk
INFO: Writing equ.16.vtu
INFO: Step 18, time 19958.5, U, 3 components, 100 values
INFO: Step 18, time 19958.5, S, 6 components, 100 values
INFO: Step 18, time 19958.5, S_Mises, 1 components, 100 values
INFO: Step 18, time 19958.5, S_Principal, 3 components, 100 values
INFO: Step 18, time 19958.5, ERROR, 1 components, 100 values
INFO: Writing equ.17.vtk
INFO: Writing equ.17.vtu
INFO: Step 19, time 22490.3, U, 3 components, 100 values
INFO: Step 19, time 22490.3, S, 6 components, 100 values
INFO: Step 19, time 22490.3, S_Mises, 1 components, 100 values
INFO: Step 19, time 22490.3, S_Principal, 3 components, 100 values
INFO: Step 19, time 22490.3, ERROR, 1 components, 100 values
INFO: Writing equ.18.vtk
INFO: Writing equ.18.vtu
INFO: Step 20, time 35272.8, U, 3 components, 100 values
INFO: Step 20, time 35272.8, S, 6 components, 100 values
INFO: Step 20, time 35272.8, S_Mises, 1 components, 100 values
INFO: Step 20, time 35272.8, S_Principal, 3 components, 100 values
INFO: Step 20, time 35272.8, ERROR, 1 components, 100 values
INFO: Writing equ.19.vtk
INFO: Writing equ.19.vtu
INFO: Step 21, time 44650.9, U, 3 components, 100 values
INFO: Step 21, time 44650.9, S, 6 components, 100 values
INFO: Step 21, time 44650.9, S_Mises, 1 components, 100 values
INFO: Step 21, time 44650.9, S_Principal, 3 components, 100 values
INFO: Step 21, time 44650.9, ERROR, 1 components, 100 values
INFO: Writing equ.20.vtk
INFO: Writing equ.20.vtu

==================================================
27: mkraska/Contact/Shell0/Refs/qu4_pc-ns/pc-ns.frd
INFO: Reading pc-ns.frd
INFO: 100 nodes
INFO: 32 cells
INFO: 20 time increments
INFO: Step 2, time 4.12e-03, U, 3 components, 100 values
INFO: Step 2, time 4.12e-03, S, 6 components, 100 values
INFO: Step 2, time 4.12e-03, S_Mises, 1 components, 100 values
INFO: Step 2, time 4.12e-03, S_Principal, 3 components, 100 values
INFO: Step 2, time 4.12e-03, ERROR, 1 components, 100 values
INFO: Writing pc-ns.01.vtk
INFO: Writing pc-ns.01.vtu
INFO: Step 3, time 1.89e-02, U, 3 components, 100 values
INFO: Step 3, time 1.89e-02, S, 6 components, 100 values
INFO: Step 3, time 1.89e-02, S_Mises, 1 components, 100 values
INFO: Step 3, time 1.89e-02, S_Principal, 3 components, 100 values
INFO: Step 3, time 1.89e-02, ERROR, 1 components, 100 values
INFO: Writing pc-ns.02.vtk
INFO: Writing pc-ns.02.vtu
INFO: Step 4, time 0.00e+00, U, 3 components, 100 values
INFO: Step 4, time 0.00e+00, S, 6 components, 100 values
INFO: Step 4, time 0.00e+00, S_Mises, 1 components, 100 values
INFO: Step 4, time 0.00e+00, S_Principal, 3 components, 100 values
INFO: Step 4, time 0.00e+00, ERROR, 1 components, 100 values
INFO: Writing pc-ns.03.vtk
INFO: Writing pc-ns.03.vtu
INFO: Step 5, time 0.00e+00, U, 3 components, 100 values
INFO: Step 5, time 0.00e+00, S, 6 components, 100 values
INFO: Step 5, time 0.00e+00, S_Mises, 1 components, 100 values
INFO: Step 5, time 0.00e+00, S_Principal, 3 components, 100 values
INFO: Step 5, time 0.00e+00, ERROR, 1 components, 100 values
INFO: Writing pc-ns.04.vtk
INFO: Writing pc-ns.04.vtu
INFO: Step 6, time 0.00e+00, U, 3 components, 100 values
INFO: Step 6, time 0.00e+00, S, 6 components, 100 values
INFO: Step 6, time 0.00e+00, S_Mises, 1 components, 100 values
INFO: Step 6, time 0.00e+00, S_Principal, 3 components, 100 values
INFO: Step 6, time 0.00e+00, ERROR, 1 components, 100 values
INFO: Writing pc-ns.05.vtk
INFO: Writing pc-ns.05.vtu
INFO: Step 7, time 7.36e-02, U, 3 components, 100 values
INFO: Step 7, time 7.36e-02, S, 6 components, 100 values
INFO: Step 7, time 7.36e-02, S_Mises, 1 components, 100 values
INFO: Step 7, time 7.36e-02, S_Principal, 3 components, 100 values
INFO: Step 7, time 7.36e-02, ERROR, 1 components, 100 values
INFO: Writing pc-ns.06.vtk
INFO: Writing pc-ns.06.vtu
INFO: Step 8, time 1522.8, U, 3 components, 100 values
INFO: Step 8, time 1522.8, S, 6 components, 100 values
INFO: Step 8, time 1522.8, S_Mises, 1 components, 100 values
INFO: Step 8, time 1522.8, S_Principal, 3 components, 100 values
INFO: Step 8, time 1522.8, ERROR, 1 components, 100 values
INFO: Writing pc-ns.07.vtk
INFO: Writing pc-ns.07.vtu
INFO: Step 9, time 2812.9, U, 3 components, 100 values
INFO: Step 9, time 2812.9, S, 6 components, 100 values
INFO: Step 9, time 2812.9, S_Mises, 1 components, 100 values
INFO: Step 9, time 2812.9, S_Principal, 3 components, 100 values
INFO: Step 9, time 2812.9, ERROR, 1 components, 100 values
INFO: Writing pc-ns.08.vtk
INFO: Writing pc-ns.08.vtu
INFO: Step 10, time 5216.3, U, 3 components, 100 values
INFO: Step 10, time 5216.3, S, 6 components, 100 values
INFO: Step 10, time 5216.3, S_Mises, 1 components, 100 values
INFO: Step 10, time 5216.3, S_Principal, 3 components, 100 values
INFO: Step 10, time 5216.3, ERROR, 1 components, 100 values
INFO: Writing pc-ns.09.vtk
INFO: Writing pc-ns.09.vtu
INFO: Step 11, time 5543.4, U, 3 components, 100 values
INFO: Step 11, time 5543.4, S, 6 components, 100 values
INFO: Step 11, time 5543.4, S_Mises, 1 components, 100 values
INFO: Step 11, time 5543.4, S_Principal, 3 components, 100 values
INFO: Step 11, time 5543.4, ERROR, 1 components, 100 values
INFO: Writing pc-ns.10.vtk
INFO: Writing pc-ns.10.vtu
INFO: Step 12, time 7284.9, U, 3 components, 100 values
INFO: Step 12, time 7284.9, S, 6 components, 100 values
INFO: Step 12, time 7284.9, S_Mises, 1 components, 100 values
INFO: Step 12, time 7284.9, S_Principal, 3 components, 100 values
INFO: Step 12, time 7284.9, ERROR, 1 components, 100 values
INFO: Writing pc-ns.11.vtk
INFO: Writing pc-ns.11.vtu
INFO: Step 13, time 14155.1, U, 3 components, 100 values
INFO: Step 13, time 14155.1, S, 6 components, 100 values
INFO: Step 13, time 14155.1, S_Mises, 1 components, 100 values
INFO: Step 13, time 14155.1, S_Principal, 3 components, 100 values
INFO: Step 13, time 14155.1, ERROR, 1 components, 100 values
INFO: Writing pc-ns.12.vtk
INFO: Writing pc-ns.12.vtu
INFO: Step 14, time 16167.7, U, 3 components, 100 values
INFO: Step 14, time 16167.7, S, 6 components, 100 values
INFO: Step 14, time 16167.7, S_Mises, 1 components, 100 values
INFO: Step 14, time 16167.7, S_Principal, 3 components, 100 values
INFO: Step 14, time 16167.7, ERROR, 1 components, 100 values
INFO: Writing pc-ns.13.vtk
INFO: Writing pc-ns.13.vtu
INFO: Step 15, time 19263.8, U, 3 components, 100 values
INFO: Step 15, time 19263.8, S, 6 components, 100 values
INFO: Step 15, time 19263.8, S_Mises, 1 components, 100 values
INFO: Step 15, time 19263.8, S_Principal, 3 components, 100 values
INFO: Step 15, time 19263.8, ERROR, 1 components, 100 values
INFO: Writing pc-ns.14.vtk
INFO: Writing pc-ns.14.vtu
INFO: Step 16, time 20882.7, U, 3 components, 100 values
INFO: Step 16, time 20882.7, S, 6 components, 100 values
INFO: Step 16, time 20882.7, S_Mises, 1 components, 100 values
INFO: Step 16, time 20882.7, S_Principal, 3 components, 100 values
INFO: Step 16, time 20882.7, ERROR, 1 components, 100 values
INFO: Writing pc-ns.15.vtk
INFO: Writing pc-ns.15.vtu
INFO: Step 17, time 20319.6, U, 3 components, 100 values
INFO: Step 17, time 20319.6, S, 6 components, 100 values
INFO: Step 17, time 20319.6, S_Mises, 1 components, 100 values
INFO: Step 17, time 20319.6, S_Principal, 3 components, 100 values
INFO: Step 17, time 20319.6, ERROR, 1 components, 100 values
INFO: Writing pc-ns.16.vtk
INFO: Writing pc-ns.16.vtu
INFO: Step 18, time 21870.9, U, 3 components, 100 values
INFO: Step 18, time 21870.9, S, 6 components, 100 values
INFO: Step 18, time 21870.9, S_Mises, 1 components, 100 values
INFO: Step 18, time 21870.9, S_Principal, 3 components, 100 values
INFO: Step 18, time 21870.9, ERROR, 1 components, 100 values
INFO: Writing pc-ns.17.vtk
INFO: Writing pc-ns.17.vtu
INFO: Step 19, time 26012.1, U, 3 components, 100 values
INFO: Step 19, time 26012.1, S, 6 components, 100 values
INFO: Step 19, time 26012.1, S_Mises, 1 components, 100 values
INFO: Step 19, time 26012.1, S_Principal, 3 components, 100 values
INFO: Step 19, time 26012.1, ERROR, 1 components, 100 values
INFO: Writing pc-ns.18.vtk
INFO: Writing pc-ns.18.vtu
INFO: Step 20, time 45709.7, U, 3 components, 100 values
INFO: Step 20, time 45709.7, S, 6 components, 100 values
INFO: Step 20, time 45709.7, S_Mises, 1 components, 100 values
INFO: Step 20, time 45709.7, S_Principal, 3 components, 100 values
INFO: Step 20, time 45709.7, ERROR, 1 components, 100 values
INFO: Writing pc-ns.19.vtk
INFO: Writing pc-ns.19.vtu
INFO: Step 21, time 44746.8, U, 3 components, 100 values
INFO: Step 21, time 44746.8, S, 6 components, 100 values
INFO: Step 21, time 44746.8, S_Mises, 1 components, 100 values
INFO: Step 21, time 44746.8, S_Principal, 3 components, 100 values
INFO: Step 21, time 44746.8, ERROR, 1 components, 100 values
INFO: Writing pc-ns.20.vtk
INFO: Writing pc-ns.20.vtu

==================================================
28: mkraska/Contact/Shell0/Refs/qu4_pc-ss/pc-ss.frd
INFO: Reading pc-ss.frd
INFO: 100 nodes
INFO: 32 cells
INFO: 20 time increments
INFO: Step 2, time 0.00e+00, U, 3 components, 100 values
INFO: Step 2, time 0.00e+00, S, 6 components, 100 values
INFO: Step 2, time 0.00e+00, S_Mises, 1 components, 100 values
INFO: Step 2, time 0.00e+00, S_Principal, 3 components, 100 values
INFO: Step 2, time 0.00e+00, ERROR, 1 components, 100 values
INFO: Writing pc-ss.01.vtk
INFO: Writing pc-ss.01.vtu
INFO: Step 3, time 0.00e+00, U, 3 components, 100 values
INFO: Step 3, time 0.00e+00, S, 6 components, 100 values
INFO: Step 3, time 0.00e+00, S_Mises, 1 components, 100 values
INFO: Step 3, time 0.00e+00, S_Principal, 3 components, 100 values
INFO: Step 3, time 0.00e+00, ERROR, 1 components, 100 values
INFO: Writing pc-ss.02.vtk
INFO: Writing pc-ss.02.vtu
INFO: Step 4, time 0.00e+00, U, 3 components, 100 values
INFO: Step 4, time 0.00e+00, S, 6 components, 100 values
INFO: Step 4, time 0.00e+00, S_Mises, 1 components, 100 values
INFO: Step 4, time 0.00e+00, S_Principal, 3 components, 100 values
INFO: Step 4, time 0.00e+00, ERROR, 1 components, 100 values
INFO: Writing pc-ss.03.vtk
INFO: Writing pc-ss.03.vtu
INFO: Step 5, time 0.00e+00, U, 3 components, 100 values
INFO: Step 5, time 0.00e+00, S, 6 components, 100 values
INFO: Step 5, time 0.00e+00, S_Mises, 1 components, 100 values
INFO: Step 5, time 0.00e+00, S_Principal, 3 components, 100 values
INFO: Step 5, time 0.00e+00, ERROR, 1 components, 100 values
INFO: Writing pc-ss.04.vtk
INFO: Writing pc-ss.04.vtu
INFO: Step 6, time 1.81e-02, U, 3 components, 100 values
INFO: Step 6, time 1.81e-02, S, 6 components, 100 values
INFO: Step 6, time 1.81e-02, S_Mises, 1 components, 100 values
INFO: Step 6, time 1.81e-02, S_Principal, 3 components, 100 values
INFO: Step 6, time 1.81e-02, ERROR, 1 components, 100 values
INFO: Writing pc-ss.05.vtk
INFO: Writing pc-ss.05.vtu
INFO: Step 7, time 7.73e-02, U, 3 components, 100 values
INFO: Step 7, time 7.73e-02, S, 6 components, 100 values
INFO: Step 7, time 7.73e-02, S_Mises, 1 components, 100 values
INFO: Step 7, time 7.73e-02, S_Principal, 3 components, 100 values
INFO: Step 7, time 7.73e-02, ERROR, 1 components, 100 values
INFO: Writing pc-ss.06.vtk
INFO: Writing pc-ss.06.vtu
INFO: Step 8, time 1318.8, U, 3 components, 100 values
INFO: Step 8, time 1318.8, S, 6 components, 100 values
INFO: Step 8, time 1318.8, S_Mises, 1 components, 100 values
INFO: Step 8, time 1318.8, S_Principal, 3 components, 100 values
INFO: Step 8, time 1318.8, ERROR, 1 components, 100 values
INFO: Writing pc-ss.07.vtk
INFO: Writing pc-ss.07.vtu
INFO: Step 9, time 4000.8, U, 3 components, 100 values
INFO: Step 9, time 4000.8, S, 6 components, 100 values
INFO: Step 9, time 4000.8, S_Mises, 1 components, 100 values
INFO: Step 9, time 4000.8, S_Principal, 3 components, 100 values
INFO: Step 9, time 4000.8, ERROR, 1 components, 100 values
INFO: Writing pc-ss.08.vtk
INFO: Writing pc-ss.08.vtu
INFO: Step 10, time 6417.8, U, 3 components, 100 values
INFO: Step 10, time 6417.8, S, 6 components, 100 values
INFO: Step 10, time 6417.8, S_Mises, 1 components, 100 values
INFO: Step 10, time 6417.8, S_Principal, 3 components, 100 values
INFO: Step 10, time 6417.8, ERROR, 1 components, 100 values
INFO: Writing pc-ss.09.vtk
INFO: Writing pc-ss.09.vtu
INFO: Step 11, time 7391.3, U, 3 components, 100 values
INFO: Step 11, time 7391.3, S, 6 components, 100 values
INFO: Step 11, time 7391.3, S_Mises, 1 components, 100 values
INFO: Step 11, time 7391.3, S_Principal, 3 components, 100 values
INFO: Step 11, time 7391.3, ERROR, 1 components, 100 values
INFO: Writing pc-ss.10.vtk
INFO: Writing pc-ss.10.vtu
INFO: Step 12, time 13034.4, U, 3 components, 100 values
INFO: Step 12, time 13034.4, S, 6 components, 100 values
INFO: Step 12, time 13034.4, S_Mises, 1 components, 100 values
INFO: Step 12, time 13034.4, S_Principal, 3 components, 100 values
INFO: Step 12, time 13034.4, ERROR, 1 components, 100 values
INFO: Writing pc-ss.11.vtk
INFO: Writing pc-ss.11.vtu
INFO: Step 13, time 14079.2, U, 3 components, 100 values
INFO: Step 13, time 14079.2, S, 6 components, 100 values
INFO: Step 13, time 14079.2, S_Mises, 1 components, 100 values
INFO: Step 13, time 14079.2, S_Principal, 3 components, 100 values
INFO: Step 13, time 14079.2, ERROR, 1 components, 100 values
INFO: Writing pc-ss.12.vtk
INFO: Writing pc-ss.12.vtu
INFO: Step 14, time 19257.9, U, 3 components, 100 values
INFO: Step 14, time 19257.9, S, 6 components, 100 values
INFO: Step 14, time 19257.9, S_Mises, 1 components, 100 values
INFO: Step 14, time 19257.9, S_Principal, 3 components, 100 values
INFO: Step 14, time 19257.9, ERROR, 1 components, 100 values
INFO: Writing pc-ss.13.vtk
INFO: Writing pc-ss.13.vtu
INFO: Step 15, time 21288.3, U, 3 components, 100 values
INFO: Step 15, time 21288.3, S, 6 components, 100 values
INFO: Step 15, time 21288.3, S_Mises, 1 components, 100 values
INFO: Step 15, time 21288.3, S_Principal, 3 components, 100 values
INFO: Step 15, time 21288.3, ERROR, 1 components, 100 values
INFO: Writing pc-ss.14.vtk
INFO: Writing pc-ss.14.vtu
INFO: Step 16, time 22773.0, U, 3 components, 100 values
INFO: Step 16, time 22773.0, S, 6 components, 100 values
INFO: Step 16, time 22773.0, S_Mises, 1 components, 100 values
INFO: Step 16, time 22773.0, S_Principal, 3 components, 100 values
INFO: Step 16, time 22773.0, ERROR, 1 components, 100 values
INFO: Writing pc-ss.15.vtk
INFO: Writing pc-ss.15.vtu
INFO: Step 17, time 30890.5, U, 3 components, 100 values
INFO: Step 17, time 30890.5, S, 6 components, 100 values
INFO: Step 17, time 30890.5, S_Mises, 1 components, 100 values
INFO: Step 17, time 30890.5, S_Principal, 3 components, 100 values
INFO: Step 17, time 30890.5, ERROR, 1 components, 100 values
INFO: Writing pc-ss.16.vtk
INFO: Writing pc-ss.16.vtu
INFO: Step 18, time 34286.3, U, 3 components, 100 values
INFO: Step 18, time 34286.3, S, 6 components, 100 values
INFO: Step 18, time 34286.3, S_Mises, 1 components, 100 values
INFO: Step 18, time 34286.3, S_Principal, 3 components, 100 values
INFO: Step 18, time 34286.3, ERROR, 1 components, 100 values
INFO: Writing pc-ss.17.vtk
INFO: Writing pc-ss.17.vtu
INFO: Step 19, time 36613.0, U, 3 components, 100 values
INFO: Step 19, time 36613.0, S, 6 components, 100 values
INFO: Step 19, time 36613.0, S_Mises, 1 components, 100 values
INFO: Step 19, time 36613.0, S_Principal, 3 components, 100 values
INFO: Step 19, time 36613.0, ERROR, 1 components, 100 values
INFO: Writing pc-ss.18.vtk
INFO: Writing pc-ss.18.vtu
INFO: Step 20, time 55158.9, U, 3 components, 100 values
INFO: Step 20, time 55158.9, S, 6 components, 100 values
INFO: Step 20, time 55158.9, S_Mises, 1 components, 100 values
INFO: Step 20, time 55158.9, S_Principal, 3 components, 100 values
INFO: Step 20, time 55158.9, ERROR, 1 components, 100 values
INFO: Writing pc-ss.19.vtk
INFO: Writing pc-ss.19.vtu
INFO: Step 21, time 57134.6, U, 3 components, 100 values
INFO: Step 21, time 57134.6, S, 6 components, 100 values
INFO: Step 21, time 57134.6, S_Mises, 1 components, 100 values
INFO: Step 21, time 57134.6, S_Principal, 3 components, 100 values
INFO: Step 21, time 57134.6, ERROR, 1 components, 100 values
INFO: Writing pc-ss.20.vtk
INFO: Writing pc-ss.20.vtu

==================================================
29: mkraska/Contact/Shell0/Refs/qu4_tie/tie.frd
INFO: Reading tie.frd
INFO: 100 nodes
INFO: 32 cells
INFO: 20 time increments
INFO: Step 2, time 0.00e+00, U, 3 components, 100 values
INFO: Step 2, time 0.00e+00, S, 6 components, 100 values
INFO: Step 2, time 0.00e+00, S_Mises, 1 components, 100 values
INFO: Step 2, time 0.00e+00, S_Principal, 3 components, 100 values
INFO: Step 2, time 0.00e+00, ERROR, 1 components, 100 values
INFO: Writing tie.01.vtk
INFO: Writing tie.01.vtu
INFO: Step 3, time 0.00e+00, U, 3 components, 100 values
INFO: Step 3, time 0.00e+00, S, 6 components, 100 values
INFO: Step 3, time 0.00e+00, S_Mises, 1 components, 100 values
INFO: Step 3, time 0.00e+00, S_Principal, 3 components, 100 values
INFO: Step 3, time 0.00e+00, ERROR, 1 components, 100 values
INFO: Writing tie.02.vtk
INFO: Writing tie.02.vtu
INFO: Step 4, time 0.00e+00, U, 3 components, 100 values
INFO: Step 4, time 0.00e+00, S, 6 components, 100 values
INFO: Step 4, time 0.00e+00, S_Mises, 1 components, 100 values
INFO: Step 4, time 0.00e+00, S_Principal, 3 components, 100 values
INFO: Step 4, time 0.00e+00, ERROR, 1 components, 100 values
INFO: Writing tie.03.vtk
INFO: Writing tie.03.vtu
INFO: Step 5, time 0.00e+00, U, 3 components, 100 values
INFO: Step 5, time 0.00e+00, S, 6 components, 100 values
INFO: Step 5, time 0.00e+00, S_Mises, 1 components, 100 values
INFO: Step 5, time 0.00e+00, S_Principal, 3 components, 100 values
INFO: Step 5, time 0.00e+00, ERROR, 1 components, 100 values
INFO: Writing tie.04.vtk
INFO: Writing tie.04.vtu
INFO: Step 6, time 4.63e-02, U, 3 components, 100 values
INFO: Step 6, time 4.63e-02, S, 6 components, 100 values
INFO: Step 6, time 4.63e-02, S_Mises, 1 components, 100 values
INFO: Step 6, time 4.63e-02, S_Principal, 3 components, 100 values
INFO: Step 6, time 4.63e-02, ERROR, 1 components, 100 values
INFO: Writing tie.05.vtk
INFO: Writing tie.05.vtu
INFO: Step 7, time 6.59e-02, U, 3 components, 100 values
INFO: Step 7, time 6.59e-02, S, 6 components, 100 values
INFO: Step 7, time 6.59e-02, S_Mises, 1 components, 100 values
INFO: Step 7, time 6.59e-02, S_Principal, 3 components, 100 values
INFO: Step 7, time 6.59e-02, ERROR, 1 components, 100 values
INFO: Writing tie.06.vtk
INFO: Writing tie.06.vtu
INFO: Step 8, time 1530.9, U, 3 components, 100 values
INFO: Step 8, time 1530.9, S, 6 components, 100 values
INFO: Step 8, time 1530.9, S_Mises, 1 components, 100 values
INFO: Step 8, time 1530.9, S_Principal, 3 components, 100 values
INFO: Step 8, time 1530.9, ERROR, 1 components, 100 values
INFO: Writing tie.07.vtk
INFO: Writing tie.07.vtu
INFO: Step 9, time 2842.0, U, 3 components, 100 values
INFO: Step 9, time 2842.0, S, 6 components, 100 values
INFO: Step 9, time 2842.0, S_Mises, 1 components, 100 values
INFO: Step 9, time 2842.0, S_Principal, 3 components, 100 values
INFO: Step 9, time 2842.0, ERROR, 1 components, 100 values
INFO: Writing tie.08.vtk
INFO: Writing tie.08.vtu
INFO: Step 10, time 5344.8, U, 3 components, 100 values
INFO: Step 10, time 5344.8, S, 6 components, 100 values
INFO: Step 10, time 5344.8, S_Mises, 1 components, 100 values
INFO: Step 10, time 5344.8, S_Principal, 3 components, 100 values
INFO: Step 10, time 5344.8, ERROR, 1 components, 100 values
INFO: Writing tie.09.vtk
INFO: Writing tie.09.vtu
INFO: Step 11, time 5620.3, U, 3 components, 100 values
INFO: Step 11, time 5620.3, S, 6 components, 100 values
INFO: Step 11, time 5620.3, S_Mises, 1 components, 100 values
INFO: Step 11, time 5620.3, S_Principal, 3 components, 100 values
INFO: Step 11, time 5620.3, ERROR, 1 components, 100 values
INFO: Writing tie.10.vtk
INFO: Writing tie.10.vtu
INFO: Step 12, time 7414.2, U, 3 components, 100 values
INFO: Step 12, time 7414.2, S, 6 components, 100 values
INFO: Step 12, time 7414.2, S_Mises, 1 components, 100 values
INFO: Step 12, time 7414.2, S_Principal, 3 components, 100 values
INFO: Step 12, time 7414.2, ERROR, 1 components, 100 values
INFO: Writing tie.11.vtk
INFO: Writing tie.11.vtu
INFO: Step 13, time 14262.7, U, 3 components, 100 values
INFO: Step 13, time 14262.7, S, 6 components, 100 values
INFO: Step 13, time 14262.7, S_Mises, 1 components, 100 values
INFO: Step 13, time 14262.7, S_Principal, 3 components, 100 values
INFO: Step 13, time 14262.7, ERROR, 1 components, 100 values
INFO: Writing tie.12.vtk
INFO: Writing tie.12.vtu
INFO: Step 14, time 16641.3, U, 3 components, 100 values
INFO: Step 14, time 16641.3, S, 6 components, 100 values
INFO: Step 14, time 16641.3, S_Mises, 1 components, 100 values
INFO: Step 14, time 16641.3, S_Principal, 3 components, 100 values
INFO: Step 14, time 16641.3, ERROR, 1 components, 100 values
INFO: Writing tie.13.vtk
INFO: Writing tie.13.vtu
INFO: Step 15, time 19418.3, U, 3 components, 100 values
INFO: Step 15, time 19418.3, S, 6 components, 100 values
INFO: Step 15, time 19418.3, S_Mises, 1 components, 100 values
INFO: Step 15, time 19418.3, S_Principal, 3 components, 100 values
INFO: Step 15, time 19418.3, ERROR, 1 components, 100 values
INFO: Writing tie.14.vtk
INFO: Writing tie.14.vtu
INFO: Step 16, time 20373.8, U, 3 components, 100 values
INFO: Step 16, time 20373.8, S, 6 components, 100 values
INFO: Step 16, time 20373.8, S_Mises, 1 components, 100 values
INFO: Step 16, time 20373.8, S_Principal, 3 components, 100 values
INFO: Step 16, time 20373.8, ERROR, 1 components, 100 values
INFO: Writing tie.15.vtk
INFO: Writing tie.15.vtu
INFO: Step 17, time 20911.7, U, 3 components, 100 values
INFO: Step 17, time 20911.7, S, 6 components, 100 values
INFO: Step 17, time 20911.7, S_Mises, 1 components, 100 values
INFO: Step 17, time 20911.7, S_Principal, 3 components, 100 values
INFO: Step 17, time 20911.7, ERROR, 1 components, 100 values
INFO: Writing tie.16.vtk
INFO: Writing tie.16.vtu
INFO: Step 18, time 22160.4, U, 3 components, 100 values
INFO: Step 18, time 22160.4, S, 6 components, 100 values
INFO: Step 18, time 22160.4, S_Mises, 1 components, 100 values
INFO: Step 18, time 22160.4, S_Principal, 3 components, 100 values
INFO: Step 18, time 22160.4, ERROR, 1 components, 100 values
INFO: Writing tie.17.vtk
INFO: Writing tie.17.vtu
INFO: Step 19, time 26223.3, U, 3 components, 100 values
INFO: Step 19, time 26223.3, S, 6 components, 100 values
INFO: Step 19, time 26223.3, S_Mises, 1 components, 100 values
INFO: Step 19, time 26223.3, S_Principal, 3 components, 100 values
INFO: Step 19, time 26223.3, ERROR, 1 components, 100 values
INFO: Writing tie.18.vtk
INFO: Writing tie.18.vtu
INFO: Step 20, time 45006.7, U, 3 components, 100 values
INFO: Step 20, time 45006.7, S, 6 components, 100 values
INFO: Step 20, time 45006.7, S_Mises, 1 components, 100 values
INFO: Step 20, time 45006.7, S_Principal, 3 components, 100 values
INFO: Step 20, time 45006.7, ERROR, 1 components, 100 values
INFO: Writing tie.19.vtk
INFO: Writing tie.19.vtu
INFO: Step 21, time 45813.7, U, 3 components, 100 values
INFO: Step 21, time 45813.7, S, 6 components, 100 values
INFO: Step 21, time 45813.7, S_Mises, 1 components, 100 values
INFO: Step 21, time 45813.7, S_Principal, 3 components, 100 values
INFO: Step 21, time 45813.7, ERROR, 1 components, 100 values
INFO: Writing tie.20.vtk
INFO: Writing tie.20.vtu

==================================================
30: mkraska/Contact/Shell0/Refs/qu8_equ/equ.frd
INFO: Reading equ.frd
INFO: 310 nodes
INFO: 32 cells
INFO: 20 time increments
INFO: Step 2, time 0.00e+00, U, 3 components, 310 values
INFO: Step 2, time 0.00e+00, S, 6 components, 310 values
INFO: Step 2, time 0.00e+00, S_Mises, 1 components, 310 values
INFO: Step 2, time 0.00e+00, S_Principal, 3 components, 310 values
INFO: Step 2, time 0.00e+00, ERROR, 1 components, 310 values
INFO: Writing equ.01.vtk
INFO: Writing equ.01.vtu
INFO: Step 3, time 0.00e+00, U, 3 components, 310 values
INFO: Step 3, time 0.00e+00, S, 6 components, 310 values
INFO: Step 3, time 0.00e+00, S_Mises, 1 components, 310 values
INFO: Step 3, time 0.00e+00, S_Principal, 3 components, 310 values
INFO: Step 3, time 0.00e+00, ERROR, 1 components, 310 values
INFO: Writing equ.02.vtk
INFO: Writing equ.02.vtu
INFO: Step 4, time 0.00e+00, U, 3 components, 310 values
INFO: Step 4, time 0.00e+00, S, 6 components, 310 values
INFO: Step 4, time 0.00e+00, S_Mises, 1 components, 310 values
INFO: Step 4, time 0.00e+00, S_Principal, 3 components, 310 values
INFO: Step 4, time 0.00e+00, ERROR, 1 components, 310 values
INFO: Writing equ.03.vtk
INFO: Writing equ.03.vtu
INFO: Step 5, time 0.00e+00, U, 3 components, 310 values
INFO: Step 5, time 0.00e+00, S, 6 components, 310 values
INFO: Step 5, time 0.00e+00, S_Mises, 1 components, 310 values
INFO: Step 5, time 0.00e+00, S_Principal, 3 components, 310 values
INFO: Step 5, time 0.00e+00, ERROR, 1 components, 310 values
INFO: Writing equ.04.vtk
INFO: Writing equ.04.vtu
INFO: Step 6, time 0.00e+00, U, 3 components, 310 values
INFO: Step 6, time 0.00e+00, S, 6 components, 310 values
INFO: Step 6, time 0.00e+00, S_Mises, 1 components, 310 values
INFO: Step 6, time 0.00e+00, S_Principal, 3 components, 310 values
INFO: Step 6, time 0.00e+00, ERROR, 1 components, 310 values
INFO: Writing equ.05.vtk
INFO: Writing equ.05.vtu
INFO: Step 7, time 9.67e-02, U, 3 components, 310 values
INFO: Step 7, time 9.67e-02, S, 6 components, 310 values
INFO: Step 7, time 9.67e-02, S_Mises, 1 components, 310 values
INFO: Step 7, time 9.67e-02, S_Principal, 3 components, 310 values
INFO: Step 7, time 9.67e-02, ERROR, 1 components, 310 values
INFO: Writing equ.06.vtk
INFO: Writing equ.06.vtu
INFO: Step 8, time 4.63e-01, U, 3 components, 310 values
INFO: Step 8, time 4.63e-01, S, 6 components, 310 values
INFO: Step 8, time 4.63e-01, S_Mises, 1 components, 310 values
INFO: Step 8, time 4.63e-01, S_Principal, 3 components, 310 values
INFO: Step 8, time 4.63e-01, ERROR, 1 components, 310 values
INFO: Writing equ.07.vtk
INFO: Writing equ.07.vtu
INFO: Step 9, time 2407.5, U, 3 components, 310 values
INFO: Step 9, time 2407.5, S, 6 components, 310 values
INFO: Step 9, time 2407.5, S_Mises, 1 components, 310 values
INFO: Step 9, time 2407.5, S_Principal, 3 components, 310 values
INFO: Step 9, time 2407.5, ERROR, 1 components, 310 values
INFO: Writing equ.08.vtk
INFO: Writing equ.08.vtu
INFO: Step 10, time 2797.8, U, 3 components, 310 values
INFO: Step 10, time 2797.8, S, 6 components, 310 values
INFO: Step 10, time 2797.8, S_Mises, 1 components, 310 values
INFO: Step 10, time 2797.8, S_Principal, 3 components, 310 values
INFO: Step 10, time 2797.8, ERROR, 1 components, 310 values
INFO: Writing equ.09.vtk
INFO: Writing equ.09.vtu
INFO: Step 11, time 3995.8, U, 3 components, 310 values
INFO: Step 11, time 3995.8, S, 6 components, 310 values
INFO: Step 11, time 3995.8, S_Mises, 1 components, 310 values
INFO: Step 11, time 3995.8, S_Principal, 3 components, 310 values
INFO: Step 11, time 3995.8, ERROR, 1 components, 310 values
INFO: Writing equ.10.vtk
INFO: Writing equ.10.vtu
INFO: Step 12, time 5372.6, U, 3 components, 310 values
INFO: Step 12, time 5372.6, S, 6 components, 310 values
INFO: Step 12, time 5372.6, S_Mises, 1 components, 310 values
INFO: Step 12, time 5372.6, S_Principal, 3 components, 310 values
INFO: Step 12, time 5372.6, ERROR, 1 components, 310 values
INFO: Writing equ.11.vtk
INFO: Writing equ.11.vtu
INFO: Step 13, time 7759.7, U, 3 components, 310 values
INFO: Step 13, time 7759.7, S, 6 components, 310 values
INFO: Step 13, time 7759.7, S_Mises, 1 components, 310 values
INFO: Step 13, time 7759.7, S_Principal, 3 components, 310 values
INFO: Step 13, time 7759.7, ERROR, 1 components, 310 values
INFO: Writing equ.12.vtk
INFO: Writing equ.12.vtu
INFO: Step 14, time 8158.3, U, 3 components, 310 values
INFO: Step 14, time 8158.3, S, 6 components, 310 values
INFO: Step 14, time 8158.3, S_Mises, 1 components, 310 values
INFO: Step 14, time 8158.3, S_Principal, 3 components, 310 values
INFO: Step 14, time 8158.3, ERROR, 1 components, 310 values
INFO: Writing equ.13.vtk
INFO: Writing equ.13.vtu
INFO: Step 15, time 8204.4, U, 3 components, 310 values
INFO: Step 15, time 8204.4, S, 6 components, 310 values
INFO: Step 15, time 8204.4, S_Mises, 1 components, 310 values
INFO: Step 15, time 8204.4, S_Principal, 3 components, 310 values
INFO: Step 15, time 8204.4, ERROR, 1 components, 310 values
INFO: Writing equ.14.vtk
INFO: Writing equ.14.vtu
INFO: Step 16, time 12295.3, U, 3 components, 310 values
INFO: Step 16, time 12295.3, S, 6 components, 310 values
INFO: Step 16, time 12295.3, S_Mises, 1 components, 310 values
INFO: Step 16, time 12295.3, S_Principal, 3 components, 310 values
INFO: Step 16, time 12295.3, ERROR, 1 components, 310 values
INFO: Writing equ.15.vtk
INFO: Writing equ.15.vtu
INFO: Step 17, time 14106.0, U, 3 components, 310 values
INFO: Step 17, time 14106.0, S, 6 components, 310 values
INFO: Step 17, time 14106.0, S_Mises, 1 components, 310 values
INFO: Step 17, time 14106.0, S_Principal, 3 components, 310 values
INFO: Step 17, time 14106.0, ERROR, 1 components, 310 values
INFO: Writing equ.16.vtk
INFO: Writing equ.16.vtu
INFO: Step 18, time 14604.9, U, 3 components, 310 values
INFO: Step 18, time 14604.9, S, 6 components, 310 values
INFO: Step 18, time 14604.9, S_Mises, 1 components, 310 values
INFO: Step 18, time 14604.9, S_Principal, 3 components, 310 values
INFO: Step 18, time 14604.9, ERROR, 1 components, 310 values
INFO: Writing equ.17.vtk
INFO: Writing equ.17.vtu
INFO: Step 19, time 14633.1, U, 3 components, 310 values
INFO: Step 19, time 14633.1, S, 6 components, 310 values
INFO: Step 19, time 14633.1, S_Mises, 1 components, 310 values
INFO: Step 19, time 14633.1, S_Principal, 3 components, 310 values
INFO: Step 19, time 14633.1, ERROR, 1 components, 310 values
INFO: Writing equ.18.vtk
INFO: Writing equ.18.vtu
INFO: Step 20, time 16096.3, U, 3 components, 310 values
INFO: Step 20, time 16096.3, S, 6 components, 310 values
INFO: Step 20, time 16096.3, S_Mises, 1 components, 310 values
INFO: Step 20, time 16096.3, S_Principal, 3 components, 310 values
INFO: Step 20, time 16096.3, ERROR, 1 components, 310 values
INFO: Writing equ.19.vtk
INFO: Writing equ.19.vtu
INFO: Step 21, time 18518.9, U, 3 components, 310 values
INFO: Step 21, time 18518.9, S, 6 components, 310 values
INFO: Step 21, time 18518.9, S_Mises, 1 components, 310 values
INFO: Step 21, time 18518.9, S_Principal, 3 components, 310 values
INFO: Step 21, time 18518.9, ERROR, 1 components, 310 values
INFO: Writing equ.20.vtk
INFO: Writing equ.20.vtu

==================================================
31: mkraska/Contact/Shell0/Refs/qu8_pc-ns/pc-ns.frd
INFO: Reading pc-ns.frd
INFO: 310 nodes
INFO: 32 cells
INFO: 20 time increments
INFO: Step 2, time 0.00e+00, U, 3 components, 310 values
INFO: Step 2, time 0.00e+00, S, 6 components, 310 values
INFO: Step 2, time 0.00e+00, S_Mises, 1 components, 310 values
INFO: Step 2, time 0.00e+00, S_Principal, 3 components, 310 values
INFO: Step 2, time 0.00e+00, ERROR, 1 components, 310 values
INFO: Writing pc-ns.01.vtk
INFO: Writing pc-ns.01.vtu
INFO: Step 3, time 0.00e+00, U, 3 components, 310 values
INFO: Step 3, time 0.00e+00, S, 6 components, 310 values
INFO: Step 3, time 0.00e+00, S_Mises, 1 components, 310 values
INFO: Step 3, time 0.00e+00, S_Principal, 3 components, 310 values
INFO: Step 3, time 0.00e+00, ERROR, 1 components, 310 values
INFO: Writing pc-ns.02.vtk
INFO: Writing pc-ns.02.vtu
INFO: Step 4, time 0.00e+00, U, 3 components, 310 values
INFO: Step 4, time 0.00e+00, S, 6 components, 310 values
INFO: Step 4, time 0.00e+00, S_Mises, 1 components, 310 values
INFO: Step 4, time 0.00e+00, S_Principal, 3 components, 310 values
INFO: Step 4, time 0.00e+00, ERROR, 1 components, 310 values
INFO: Writing pc-ns.03.vtk
INFO: Writing pc-ns.03.vtu
INFO: Step 5, time 0.00e+00, U, 3 components, 310 values
INFO: Step 5, time 0.00e+00, S, 6 components, 310 values
INFO: Step 5, time 0.00e+00, S_Mises, 1 components, 310 values
INFO: Step 5, time 0.00e+00, S_Principal, 3 components, 310 values
INFO: Step 5, time 0.00e+00, ERROR, 1 components, 310 values
INFO: Writing pc-ns.04.vtk
INFO: Writing pc-ns.04.vtu
INFO: Step 6, time 0.00e+00, U, 3 components, 310 values
INFO: Step 6, time 0.00e+00, S, 6 components, 310 values
INFO: Step 6, time 0.00e+00, S_Mises, 1 components, 310 values
INFO: Step 6, time 0.00e+00, S_Principal, 3 components, 310 values
INFO: Step 6, time 0.00e+00, ERROR, 1 components, 310 values
INFO: Writing pc-ns.05.vtk
INFO: Writing pc-ns.05.vtu
INFO: Step 7, time 3.07e-01, U, 3 components, 310 values
INFO: Step 7, time 3.07e-01, S, 6 components, 310 values
INFO: Step 7, time 3.07e-01, S_Mises, 1 components, 310 values
INFO: Step 7, time 3.07e-01, S_Principal, 3 components, 310 values
INFO: Step 7, time 3.07e-01, ERROR, 1 components, 310 values
INFO: Writing pc-ns.06.vtk
INFO: Writing pc-ns.06.vtu
INFO: Step 8, time 1405.0, U, 3 components, 310 values
INFO: Step 8, time 1405.0, S, 6 components, 310 values
INFO: Step 8, time 1405.0, S_Mises, 1 components, 310 values
INFO: Step 8, time 1405.0, S_Principal, 3 components, 310 values
INFO: Step 8, time 1405.0, ERROR, 1 components, 310 values
INFO: Writing pc-ns.07.vtk
INFO: Writing pc-ns.07.vtu
INFO: Step 9, time 2629.2, U, 3 components, 310 values
INFO: Step 9, time 2629.2, S, 6 components, 310 values
INFO: Step 9, time 2629.2, S_Mises, 1 components, 310 values
INFO: Step 9, time 2629.2, S_Principal, 3 components, 310 values
INFO: Step 9, time 2629.2, ERROR, 1 components, 310 values
INFO: Writing pc-ns.08.vtk
INFO: Writing pc-ns.08.vtu
INFO: Step 10, time 3223.4, U, 3 components, 310 values
INFO: Step 10, time 3223.4, S, 6 components, 310 values
INFO: Step 10, time 3223.4, S_Mises, 1 components, 310 values
INFO: Step 10, time 3223.4, S_Principal, 3 components, 310 values
INFO: Step 10, time 3223.4, ERROR, 1 components, 310 values
INFO: Writing pc-ns.09.vtk
INFO: Writing pc-ns.09.vtu
INFO: Step 11, time 4826.6, U, 3 components, 310 values
INFO: Step 11, time 4826.6, S, 6 components, 310 values
INFO: Step 11, time 4826.6, S_Mises, 1 components, 310 values
INFO: Step 11, time 4826.6, S_Principal, 3 components, 310 values
INFO: Step 11, time 4826.6, ERROR, 1 components, 310 values
INFO: Writing pc-ns.10.vtk
INFO: Writing pc-ns.10.vtu
INFO: Step 12, time 7154.9, U, 3 components, 310 values
INFO: Step 12, time 7154.9, S, 6 components, 310 values
INFO: Step 12, time 7154.9, S_Mises, 1 components, 310 values
INFO: Step 12, time 7154.9, S_Principal, 3 components, 310 values
INFO: Step 12, time 7154.9, ERROR, 1 components, 310 values
INFO: Writing pc-ns.11.vtk
INFO: Writing pc-ns.11.vtu
INFO: Step 13, time 8741.4, U, 3 components, 310 values
INFO: Step 13, time 8741.4, S, 6 components, 310 values
INFO: Step 13, time 8741.4, S_Mises, 1 components, 310 values
INFO: Step 13, time 8741.4, S_Principal, 3 components, 310 values
INFO: Step 13, time 8741.4, ERROR, 1 components, 310 values
INFO: Writing pc-ns.12.vtk
INFO: Writing pc-ns.12.vtu
INFO: Step 14, time 7989.8, U, 3 components, 310 values
INFO: Step 14, time 7989.8, S, 6 components, 310 values
INFO: Step 14, time 7989.8, S_Mises, 1 components, 310 values
INFO: Step 14, time 7989.8, S_Principal, 3 components, 310 values
INFO: Step 14, time 7989.8, ERROR, 1 components, 310 values
INFO: Writing pc-ns.13.vtk
INFO: Writing pc-ns.13.vtu
INFO: Step 15, time 10523.0, U, 3 components, 310 values
INFO: Step 15, time 10523.0, S, 6 components, 310 values
INFO: Step 15, time 10523.0, S_Mises, 1 components, 310 values
INFO: Step 15, time 10523.0, S_Principal, 3 components, 310 values
INFO: Step 15, time 10523.0, ERROR, 1 components, 310 values
INFO: Writing pc-ns.14.vtk
INFO: Writing pc-ns.14.vtu
INFO: Step 16, time 12920.5, U, 3 components, 310 values
INFO: Step 16, time 12920.5, S, 6 components, 310 values
INFO: Step 16, time 12920.5, S_Mises, 1 components, 310 values
INFO: Step 16, time 12920.5, S_Principal, 3 components, 310 values
INFO: Step 16, time 12920.5, ERROR, 1 components, 310 values
INFO: Writing pc-ns.15.vtk
INFO: Writing pc-ns.15.vtu
INFO: Step 17, time 14307.7, U, 3 components, 310 values
INFO: Step 17, time 14307.7, S, 6 components, 310 values
INFO: Step 17, time 14307.7, S_Mises, 1 components, 310 values
INFO: Step 17, time 14307.7, S_Principal, 3 components, 310 values
INFO: Step 17, time 14307.7, ERROR, 1 components, 310 values
INFO: Writing pc-ns.16.vtk
INFO: Writing pc-ns.16.vtu
INFO: Step 18, time 14810.5, U, 3 components, 310 values
INFO: Step 18, time 14810.5, S, 6 components, 310 values
INFO: Step 18, time 14810.5, S_Mises, 1 components, 310 values
INFO: Step 18, time 14810.5, S_Principal, 3 components, 310 values
INFO: Step 18, time 14810.5, ERROR, 1 components, 310 values
INFO: Writing pc-ns.17.vtk
INFO: Writing pc-ns.17.vtu
INFO: Step 19, time 16683.4, U, 3 components, 310 values
INFO: Step 19, time 16683.4, S, 6 components, 310 values
INFO: Step 19, time 16683.4, S_Mises, 1 components, 310 values
INFO: Step 19, time 16683.4, S_Principal, 3 components, 310 values
INFO: Step 19, time 16683.4, ERROR, 1 components, 310 values
INFO: Writing pc-ns.18.vtk
INFO: Writing pc-ns.18.vtu
INFO: Step 20, time 20099.0, U, 3 components, 310 values
INFO: Step 20, time 20099.0, S, 6 components, 310 values
INFO: Step 20, time 20099.0, S_Mises, 1 components, 310 values
INFO: Step 20, time 20099.0, S_Principal, 3 components, 310 values
INFO: Step 20, time 20099.0, ERROR, 1 components, 310 values
INFO: Writing pc-ns.19.vtk
INFO: Writing pc-ns.19.vtu
INFO: Step 21, time 20490.5, U, 3 components, 310 values
INFO: Step 21, time 20490.5, S, 6 components, 310 values
INFO: Step 21, time 20490.5, S_Mises, 1 components, 310 values
INFO: Step 21, time 20490.5, S_Principal, 3 components, 310 values
INFO: Step 21, time 20490.5, ERROR, 1 components, 310 values
INFO: Writing pc-ns.20.vtk
INFO: Writing pc-ns.20.vtu

==================================================
32: mkraska/Contact/Shell0/Refs/qu8_pc-ss/pc-ss.frd
INFO: Reading pc-ss.frd
INFO: 310 nodes
INFO: 32 cells
INFO: 20 time increments
INFO: Step 2, time 0.00e+00, U, 3 components, 310 values
INFO: Step 2, time 0.00e+00, S, 6 components, 310 values
INFO: Step 2, time 0.00e+00, S_Mises, 1 components, 310 values
INFO: Step 2, time 0.00e+00, S_Principal, 3 components, 310 values
INFO: Step 2, time 0.00e+00, ERROR, 1 components, 310 values
INFO: Writing pc-ss.01.vtk
INFO: Writing pc-ss.01.vtu
INFO: Step 3, time 0.00e+00, U, 3 components, 310 values
INFO: Step 3, time 0.00e+00, S, 6 components, 310 values
INFO: Step 3, time 0.00e+00, S_Mises, 1 components, 310 values
INFO: Step 3, time 0.00e+00, S_Principal, 3 components, 310 values
INFO: Step 3, time 0.00e+00, ERROR, 1 components, 310 values
INFO: Writing pc-ss.02.vtk
INFO: Writing pc-ss.02.vtu
INFO: Step 4, time 4.86e-02, U, 3 components, 310 values
INFO: Step 4, time 4.86e-02, S, 6 components, 310 values
INFO: Step 4, time 4.86e-02, S_Mises, 1 components, 310 values
INFO: Step 4, time 4.86e-02, S_Principal, 3 components, 310 values
INFO: Step 4, time 4.86e-02, ERROR, 1 components, 310 values
INFO: Writing pc-ss.03.vtk
INFO: Writing pc-ss.03.vtu
INFO: Step 5, time 1.78e-01, U, 3 components, 310 values
INFO: Step 5, time 1.78e-01, S, 6 components, 310 values
INFO: Step 5, time 1.78e-01, S_Mises, 1 components, 310 values
INFO: Step 5, time 1.78e-01, S_Principal, 3 components, 310 values
INFO: Step 5, time 1.78e-01, ERROR, 1 components, 310 values
INFO: Writing pc-ss.04.vtk
INFO: Writing pc-ss.04.vtu
INFO: Step 6, time 1.84e-01, U, 3 components, 310 values
INFO: Step 6, time 1.84e-01, S, 6 components, 310 values
INFO: Step 6, time 1.84e-01, S_Mises, 1 components, 310 values
INFO: Step 6, time 1.84e-01, S_Principal, 3 components, 310 values
INFO: Step 6, time 1.84e-01, ERROR, 1 components, 310 values
INFO: Writing pc-ss.05.vtk
INFO: Writing pc-ss.05.vtu
INFO: Step 7, time 748.3, U, 3 components, 310 values
INFO: Step 7, time 748.3, S, 6 components, 310 values
INFO: Step 7, time 748.3, S_Mises, 1 components, 310 values
INFO: Step 7, time 748.3, S_Principal, 3 components, 310 values
INFO: Step 7, time 748.3, ERROR, 1 components, 310 values
INFO: Writing pc-ss.06.vtk
INFO: Writing pc-ss.06.vtu
INFO: Step 8, time 1394.6, U, 3 components, 310 values
INFO: Step 8, time 1394.6, S, 6 components, 310 values
INFO: Step 8, time 1394.6, S_Mises, 1 components, 310 values
INFO: Step 8, time 1394.6, S_Principal, 3 components, 310 values
INFO: Step 8, time 1394.6, ERROR, 1 components, 310 values
INFO: Writing pc-ss.07.vtk
INFO: Writing pc-ss.07.vtu
INFO: Step 9, time 2963.3, U, 3 components, 310 values
INFO: Step 9, time 2963.3, S, 6 components, 310 values
INFO: Step 9, time 2963.3, S_Mises, 1 components, 310 values
INFO: Step 9, time 2963.3, S_Principal, 3 components, 310 values
INFO: Step 9, time 2963.3, ERROR, 1 components, 310 values
INFO: Writing pc-ss.08.vtk
INFO: Writing pc-ss.08.vtu
INFO: Step 10, time 3286.6, U, 3 components, 310 values
INFO: Step 10, time 3286.6, S, 6 components, 310 values
INFO: Step 10, time 3286.6, S_Mises, 1 components, 310 values
INFO: Step 10, time 3286.6, S_Principal, 3 components, 310 values
INFO: Step 10, time 3286.6, ERROR, 1 components, 310 values
INFO: Writing pc-ss.09.vtk
INFO: Writing pc-ss.09.vtu
INFO: Step 11, time 5466.9, U, 3 components, 310 values
INFO: Step 11, time 5466.9, S, 6 components, 310 values
INFO: Step 11, time 5466.9, S_Mises, 1 components, 310 values
INFO: Step 11, time 5466.9, S_Principal, 3 components, 310 values
INFO: Step 11, time 5466.9, ERROR, 1 components, 310 values
INFO: Writing pc-ss.10.vtk
INFO: Writing pc-ss.10.vtu
INFO: Step 12, time 6904.6, U, 3 components, 310 values
INFO: Step 12, time 6904.6, S, 6 components, 310 values
INFO: Step 12, time 6904.6, S_Mises, 1 components, 310 values
INFO: Step 12, time 6904.6, S_Principal, 3 components, 310 values
INFO: Step 12, time 6904.6, ERROR, 1 components, 310 values
INFO: Writing pc-ss.11.vtk
INFO: Writing pc-ss.11.vtu
INFO: Step 13, time 7974.5, U, 3 components, 310 values
INFO: Step 13, time 7974.5, S, 6 components, 310 values
INFO: Step 13, time 7974.5, S_Mises, 1 components, 310 values
INFO: Step 13, time 7974.5, S_Principal, 3 components, 310 values
INFO: Step 13, time 7974.5, ERROR, 1 components, 310 values
INFO: Writing pc-ss.12.vtk
INFO: Writing pc-ss.12.vtu
INFO: Step 14, time 10710.3, U, 3 components, 310 values
INFO: Step 14, time 10710.3, S, 6 components, 310 values
INFO: Step 14, time 10710.3, S_Mises, 1 components, 310 values
INFO: Step 14, time 10710.3, S_Principal, 3 components, 310 values
INFO: Step 14, time 10710.3, ERROR, 1 components, 310 values
INFO: Writing pc-ss.13.vtk
INFO: Writing pc-ss.13.vtu
INFO: Step 15, time 11437.8, U, 3 components, 310 values
INFO: Step 15, time 11437.8, S, 6 components, 310 values
INFO: Step 15, time 11437.8, S_Mises, 1 components, 310 values
INFO: Step 15, time 11437.8, S_Principal, 3 components, 310 values
INFO: Step 15, time 11437.8, ERROR, 1 components, 310 values
INFO: Writing pc-ss.14.vtk
INFO: Writing pc-ss.14.vtu
INFO: Step 16, time 13256.0, U, 3 components, 310 values
INFO: Step 16, time 13256.0, S, 6 components, 310 values
INFO: Step 16, time 13256.0, S_Mises, 1 components, 310 values
INFO: Step 16, time 13256.0, S_Principal, 3 components, 310 values
INFO: Step 16, time 13256.0, ERROR, 1 components, 310 values
INFO: Writing pc-ss.15.vtk
INFO: Writing pc-ss.15.vtu
INFO: Step 17, time 14456.7, U, 3 components, 310 values
INFO: Step 17, time 14456.7, S, 6 components, 310 values
INFO: Step 17, time 14456.7, S_Mises, 1 components, 310 values
INFO: Step 17, time 14456.7, S_Principal, 3 components, 310 values
INFO: Step 17, time 14456.7, ERROR, 1 components, 310 values
INFO: Writing pc-ss.16.vtk
INFO: Writing pc-ss.16.vtu
INFO: Step 18, time 14731.7, U, 3 components, 310 values
INFO: Step 18, time 14731.7, S, 6 components, 310 values
INFO: Step 18, time 14731.7, S_Mises, 1 components, 310 values
INFO: Step 18, time 14731.7, S_Principal, 3 components, 310 values
INFO: Step 18, time 14731.7, ERROR, 1 components, 310 values
INFO: Writing pc-ss.17.vtk
INFO: Writing pc-ss.17.vtu
INFO: Step 19, time 18495.9, U, 3 components, 310 values
INFO: Step 19, time 18495.9, S, 6 components, 310 values
INFO: Step 19, time 18495.9, S_Mises, 1 components, 310 values
INFO: Step 19, time 18495.9, S_Principal, 3 components, 310 values
INFO: Step 19, time 18495.9, ERROR, 1 components, 310 values
INFO: Writing pc-ss.18.vtk
INFO: Writing pc-ss.18.vtu
INFO: Step 20, time 20331.1, U, 3 components, 310 values
INFO: Step 20, time 20331.1, S, 6 components, 310 values
INFO: Step 20, time 20331.1, S_Mises, 1 components, 310 values
INFO: Step 20, time 20331.1, S_Principal, 3 components, 310 values
INFO: Step 20, time 20331.1, ERROR, 1 components, 310 values
INFO: Writing pc-ss.19.vtk
INFO: Writing pc-ss.19.vtu
INFO: Step 21, time 20612.1, U, 3 components, 310 values
INFO: Step 21, time 20612.1, S, 6 components, 310 values
INFO: Step 21, time 20612.1, S_Mises, 1 components, 310 values
INFO: Step 21, time 20612.1, S_Principal, 3 components, 310 values
INFO: Step 21, time 20612.1, ERROR, 1 components, 310 values
INFO: Writing pc-ss.20.vtk
INFO: Writing pc-ss.20.vtu

==================================================
33: mkraska/Contact/Shell0/Refs/qu8_tie/tie.frd
INFO: Reading tie.frd
INFO: 310 nodes
INFO: 32 cells
INFO: 20 time increments
INFO: Step 2, time 0.00e+00, U, 3 components, 310 values
INFO: Step 2, time 0.00e+00, S, 6 components, 310 values
INFO: Step 2, time 0.00e+00, S_Mises, 1 components, 310 values
INFO: Step 2, time 0.00e+00, S_Principal, 3 components, 310 values
INFO: Step 2, time 0.00e+00, ERROR, 1 components, 310 values
INFO: Writing tie.01.vtk
INFO: Writing tie.01.vtu
INFO: Step 3, time 0.00e+00, U, 3 components, 310 values
INFO: Step 3, time 0.00e+00, S, 6 components, 310 values
INFO: Step 3, time 0.00e+00, S_Mises, 1 components, 310 values
INFO: Step 3, time 0.00e+00, S_Principal, 3 components, 310 values
INFO: Step 3, time 0.00e+00, ERROR, 1 components, 310 values
INFO: Writing tie.02.vtk
INFO: Writing tie.02.vtu
INFO: Step 4, time 0.00e+00, U, 3 components, 310 values
INFO: Step 4, time 0.00e+00, S, 6 components, 310 values
INFO: Step 4, time 0.00e+00, S_Mises, 1 components, 310 values
INFO: Step 4, time 0.00e+00, S_Principal, 3 components, 310 values
INFO: Step 4, time 0.00e+00, ERROR, 1 components, 310 values
INFO: Writing tie.03.vtk
INFO: Writing tie.03.vtu
INFO: Step 5, time 0.00e+00, U, 3 components, 310 values
INFO: Step 5, time 0.00e+00, S, 6 components, 310 values
INFO: Step 5, time 0.00e+00, S_Mises, 1 components, 310 values
INFO: Step 5, time 0.00e+00, S_Principal, 3 components, 310 values
INFO: Step 5, time 0.00e+00, ERROR, 1 components, 310 values
INFO: Writing tie.04.vtk
INFO: Writing tie.04.vtu
INFO: Step 6, time 0.00e+00, U, 3 components, 310 values
INFO: Step 6, time 0.00e+00, S, 6 components, 310 values
INFO: Step 6, time 0.00e+00, S_Mises, 1 components, 310 values
INFO: Step 6, time 0.00e+00, S_Principal, 3 components, 310 values
INFO: Step 6, time 0.00e+00, ERROR, 1 components, 310 values
INFO: Writing tie.05.vtk
INFO: Writing tie.05.vtu
INFO: Step 7, time 3.19e-01, U, 3 components, 310 values
INFO: Step 7, time 3.19e-01, S, 6 components, 310 values
INFO: Step 7, time 3.19e-01, S_Mises, 1 components, 310 values
INFO: Step 7, time 3.19e-01, S_Principal, 3 components, 310 values
INFO: Step 7, time 3.19e-01, ERROR, 1 components, 310 values
INFO: Writing tie.06.vtk
INFO: Writing tie.06.vtu
INFO: Step 8, time 1467.9, U, 3 components, 310 values
INFO: Step 8, time 1467.9, S, 6 components, 310 values
INFO: Step 8, time 1467.9, S_Mises, 1 components, 310 values
INFO: Step 8, time 1467.9, S_Principal, 3 components, 310 values
INFO: Step 8, time 1467.9, ERROR, 1 components, 310 values
INFO: Writing tie.07.vtk
INFO: Writing tie.07.vtu
INFO: Step 9, time 2654.2, U, 3 components, 310 values
INFO: Step 9, time 2654.2, S, 6 components, 310 values
INFO: Step 9, time 2654.2, S_Mises, 1 components, 310 values
INFO: Step 9, time 2654.2, S_Principal, 3 components, 310 values
INFO: Step 9, time 2654.2, ERROR, 1 components, 310 values
INFO: Writing tie.08.vtk
INFO: Writing tie.08.vtu
INFO: Step 10, time 3282.9, U, 3 components, 310 values
INFO: Step 10, time 3282.9, S, 6 components, 310 values
INFO: Step 10, time 3282.9, S_Mises, 1 components, 310 values
INFO: Step 10, time 3282.9, S_Principal, 3 components, 310 values
INFO: Step 10, time 3282.9, ERROR, 1 components, 310 values
INFO: Writing tie.09.vtk
INFO: Writing tie.09.vtu
INFO: Step 11, time 4977.3, U, 3 components, 310 values
INFO: Step 11, time 4977.3, S, 6 components, 310 values
INFO: Step 11, time 4977.3, S_Mises, 1 components, 310 values
INFO: Step 11, time 4977.3, S_Principal, 3 components, 310 values
INFO: Step 11, time 4977.3, ERROR, 1 components, 310 values
INFO: Writing tie.10.vtk
INFO: Writing tie.10.vtu
INFO: Step 12, time 7327.5, U, 3 components, 310 values
INFO: Step 12, time 7327.5, S, 6 components, 310 values
INFO: Step 12, time 7327.5, S_Mises, 1 components, 310 values
INFO: Step 12, time 7327.5, S_Principal, 3 components, 310 values
INFO: Step 12, time 7327.5, ERROR, 1 components, 310 values
INFO: Writing tie.11.vtk
INFO: Writing tie.11.vtu
INFO: Step 13, time 8062.2, U, 3 components, 310 values
INFO: Step 13, time 8062.2, S, 6 components, 310 values
INFO: Step 13, time 8062.2, S_Mises, 1 components, 310 values
INFO: Step 13, time 8062.2, S_Principal, 3 components, 310 values
INFO: Step 13, time 8062.2, ERROR, 1 components, 310 values
INFO: Writing tie.12.vtk
INFO: Writing tie.12.vtu
INFO: Step 14, time 8974.5, U, 3 components, 310 values
INFO: Step 14, time 8974.5, S, 6 components, 310 values
INFO: Step 14, time 8974.5, S_Mises, 1 components, 310 values
INFO: Step 14, time 8974.5, S_Principal, 3 components, 310 values
INFO: Step 14, time 8974.5, ERROR, 1 components, 310 values
INFO: Writing tie.13.vtk
INFO: Writing tie.13.vtu
INFO: Step 15, time 10734.9, U, 3 components, 310 values
INFO: Step 15, time 10734.9, S, 6 components, 310 values
INFO: Step 15, time 10734.9, S_Mises, 1 components, 310 values
INFO: Step 15, time 10734.9, S_Principal, 3 components, 310 values
INFO: Step 15, time 10734.9, ERROR, 1 components, 310 values
INFO: Writing tie.14.vtk
INFO: Writing tie.14.vtu
INFO: Step 16, time 12973.5, U, 3 components, 310 values
INFO: Step 16, time 12973.5, S, 6 components, 310 values
INFO: Step 16, time 12973.5, S_Mises, 1 components, 310 values
INFO: Step 16, time 12973.5, S_Principal, 3 components, 310 values
INFO: Step 16, time 12973.5, ERROR, 1 components, 310 values
INFO: Writing tie.15.vtk
INFO: Writing tie.15.vtu
INFO: Step 17, time 14369.3, U, 3 components, 310 values
INFO: Step 17, time 14369.3, S, 6 components, 310 values
INFO: Step 17, time 14369.3, S_Mises, 1 components, 310 values
INFO: Step 17, time 14369.3, S_Principal, 3 components, 310 values
INFO: Step 17, time 14369.3, ERROR, 1 components, 310 values
INFO: Writing tie.16.vtk
INFO: Writing tie.16.vtu
INFO: Step 18, time 15080.3, U, 3 components, 310 values
INFO: Step 18, time 15080.3, S, 6 components, 310 values
INFO: Step 18, time 15080.3, S_Mises, 1 components, 310 values
INFO: Step 18, time 15080.3, S_Principal, 3 components, 310 values
INFO: Step 18, time 15080.3, ERROR, 1 components, 310 values
INFO: Writing tie.17.vtk
INFO: Writing tie.17.vtu
INFO: Step 19, time 16999.2, U, 3 components, 310 values
INFO: Step 19, time 16999.2, S, 6 components, 310 values
INFO: Step 19, time 16999.2, S_Mises, 1 components, 310 values
INFO: Step 19, time 16999.2, S_Principal, 3 components, 310 values
INFO: Step 19, time 16999.2, ERROR, 1 components, 310 values
INFO: Writing tie.18.vtk
INFO: Writing tie.18.vtu
INFO: Step 20, time 20188.9, U, 3 components, 310 values
INFO: Step 20, time 20188.9, S, 6 components, 310 values
INFO: Step 20, time 20188.9, S_Mises, 1 components, 310 values
INFO: Step 20, time 20188.9, S_Principal, 3 components, 310 values
INFO: Step 20, time 20188.9, ERROR, 1 components, 310 values
INFO: Writing tie.19.vtk
INFO: Writing tie.19.vtu
INFO: Step 21, time 20849.6, U, 3 components, 310 values
INFO: Step 21, time 20849.6, S, 6 components, 310 values
INFO: Step 21, time 20849.6, S_Mises, 1 components, 310 values
INFO: Step 21, time 20849.6, S_Principal, 3 components, 310 values
INFO: Step 21, time 20849.6, ERROR, 1 components, 310 values
INFO: Writing tie.20.vtk
INFO: Writing tie.20.vtu

==================================================
34: mkraska/Contact/Shell0/Refs/qu8r_equ/equ.frd
INFO: Reading equ.frd
INFO: 310 nodes
INFO: 32 cells
INFO: 20 time increments
INFO: Step 2, time 0.00e+00, U, 3 components, 310 values
INFO: Step 2, time 0.00e+00, S, 6 components, 310 values
INFO: Step 2, time 0.00e+00, S_Mises, 1 components, 310 values
INFO: Step 2, time 0.00e+00, S_Principal, 3 components, 310 values
INFO: Step 2, time 0.00e+00, ERROR, 1 components, 310 values
INFO: Writing equ.01.vtk
INFO: Writing equ.01.vtu
INFO: Step 3, time 0.00e+00, U, 3 components, 310 values
INFO: Step 3, time 0.00e+00, S, 6 components, 310 values
INFO: Step 3, time 0.00e+00, S_Mises, 1 components, 310 values
INFO: Step 3, time 0.00e+00, S_Principal, 3 components, 310 values
INFO: Step 3, time 0.00e+00, ERROR, 1 components, 310 values
INFO: Writing equ.02.vtk
INFO: Writing equ.02.vtu
INFO: Step 4, time 0.00e+00, U, 3 components, 310 values
INFO: Step 4, time 0.00e+00, S, 6 components, 310 values
INFO: Step 4, time 0.00e+00, S_Mises, 1 components, 310 values
INFO: Step 4, time 0.00e+00, S_Principal, 3 components, 310 values
INFO: Step 4, time 0.00e+00, ERROR, 1 components, 310 values
INFO: Writing equ.03.vtk
INFO: Writing equ.03.vtu
INFO: Step 5, time 0.00e+00, U, 3 components, 310 values
INFO: Step 5, time 0.00e+00, S, 6 components, 310 values
INFO: Step 5, time 0.00e+00, S_Mises, 1 components, 310 values
INFO: Step 5, time 0.00e+00, S_Principal, 3 components, 310 values
INFO: Step 5, time 0.00e+00, ERROR, 1 components, 310 values
INFO: Writing equ.04.vtk
INFO: Writing equ.04.vtu
INFO: Step 6, time 0.00e+00, U, 3 components, 310 values
INFO: Step 6, time 0.00e+00, S, 6 components, 310 values
INFO: Step 6, time 0.00e+00, S_Mises, 1 components, 310 values
INFO: Step 6, time 0.00e+00, S_Principal, 3 components, 310 values
INFO: Step 6, time 0.00e+00, ERROR, 1 components, 310 values
INFO: Writing equ.05.vtk
INFO: Writing equ.05.vtu
INFO: Step 7, time 2.16e-02, U, 3 components, 310 values
INFO: Step 7, time 2.16e-02, S, 6 components, 310 values
INFO: Step 7, time 2.16e-02, S_Mises, 1 components, 310 values
INFO: Step 7, time 2.16e-02, S_Principal, 3 components, 310 values
INFO: Step 7, time 2.16e-02, ERROR, 1 components, 310 values
INFO: Writing equ.06.vtk
INFO: Writing equ.06.vtu
INFO: Step 8, time 9.17e-02, U, 3 components, 310 values
INFO: Step 8, time 9.17e-02, S, 6 components, 310 values
INFO: Step 8, time 9.17e-02, S_Mises, 1 components, 310 values
INFO: Step 8, time 9.17e-02, S_Principal, 3 components, 310 values
INFO: Step 8, time 9.17e-02, ERROR, 1 components, 310 values
INFO: Writing equ.07.vtk
INFO: Writing equ.07.vtu
INFO: Step 9, time 1.29e-01, U, 3 components, 310 values
INFO: Step 9, time 1.29e-01, S, 6 components, 310 values
INFO: Step 9, time 1.29e-01, S_Mises, 1 components, 310 values
INFO: Step 9, time 1.29e-01, S_Principal, 3 components, 310 values
INFO: Step 9, time 1.29e-01, ERROR, 1 components, 310 values
INFO: Writing equ.08.vtk
INFO: Writing equ.08.vtu
INFO: Step 10, time 722.9, U, 3 components, 310 values
INFO: Step 10, time 722.9, S, 6 components, 310 values
INFO: Step 10, time 722.9, S_Mises, 1 components, 310 values
INFO: Step 10, time 722.9, S_Principal, 3 components, 310 values
INFO: Step 10, time 722.9, ERROR, 1 components, 310 values
INFO: Writing equ.09.vtk
INFO: Writing equ.09.vtu
INFO: Step 11, time 2635.0, U, 3 components, 310 values
INFO: Step 11, time 2635.0, S, 6 components, 310 values
INFO: Step 11, time 2635.0, S_Mises, 1 components, 310 values
INFO: Step 11, time 2635.0, S_Principal, 3 components, 310 values
INFO: Step 11, time 2635.0, ERROR, 1 components, 310 values
INFO: Writing equ.10.vtk
INFO: Writing equ.10.vtu
INFO: Step 12, time 3007.2, U, 3 components, 310 values
INFO: Step 12, time 3007.2, S, 6 components, 310 values
INFO: Step 12, time 3007.2, S_Mises, 1 components, 310 values
INFO: Step 12, time 3007.2, S_Principal, 3 components, 310 values
INFO: Step 12, time 3007.2, ERROR, 1 components, 310 values
INFO: Writing equ.11.vtk
INFO: Writing equ.11.vtu
INFO: Step 13, time 4820.2, U, 3 components, 310 values
INFO: Step 13, time 4820.2, S, 6 components, 310 values
INFO: Step 13, time 4820.2, S_Mises, 1 components, 310 values
INFO: Step 13, time 4820.2, S_Principal, 3 components, 310 values
INFO: Step 13, time 4820.2, ERROR, 1 components, 310 values
INFO: Writing equ.12.vtk
INFO: Writing equ.12.vtu
INFO: Step 14, time 6939.9, U, 3 components, 310 values
INFO: Step 14, time 6939.9, S, 6 components, 310 values
INFO: Step 14, time 6939.9, S_Mises, 1 components, 310 values
INFO: Step 14, time 6939.9, S_Principal, 3 components, 310 values
INFO: Step 14, time 6939.9, ERROR, 1 components, 310 values
INFO: Writing equ.13.vtk
INFO: Writing equ.13.vtu
INFO: Step 15, time 7344.0, U, 3 components, 310 values
INFO: Step 15, time 7344.0, S, 6 components, 310 values
INFO: Step 15, time 7344.0, S_Mises, 1 components, 310 values
INFO: Step 15, time 7344.0, S_Principal, 3 components, 310 values
INFO: Step 15, time 7344.0, ERROR, 1 components, 310 values
INFO: Writing equ.14.vtk
INFO: Writing equ.14.vtu
INFO: Step 16, time 7792.2, U, 3 components, 310 values
INFO: Step 16, time 7792.2, S, 6 components, 310 values
INFO: Step 16, time 7792.2, S_Mises, 1 components, 310 values
INFO: Step 16, time 7792.2, S_Principal, 3 components, 310 values
INFO: Step 16, time 7792.2, ERROR, 1 components, 310 values
INFO: Writing equ.15.vtk
INFO: Writing equ.15.vtu
INFO: Step 17, time 10770.6, U, 3 components, 310 values
INFO: Step 17, time 10770.6, S, 6 components, 310 values
INFO: Step 17, time 10770.6, S_Mises, 1 components, 310 values
INFO: Step 17, time 10770.6, S_Principal, 3 components, 310 values
INFO: Step 17, time 10770.6, ERROR, 1 components, 310 values
INFO: Writing equ.16.vtk
INFO: Writing equ.16.vtu
INFO: Step 18, time 11366.8, U, 3 components, 310 values
INFO: Step 18, time 11366.8, S, 6 components, 310 values
INFO: Step 18, time 11366.8, S_Mises, 1 components, 310 values
INFO: Step 18, time 11366.8, S_Principal, 3 components, 310 values
INFO: Step 18, time 11366.8, ERROR, 1 components, 310 values
INFO: Writing equ.17.vtk
INFO: Writing equ.17.vtu
INFO: Step 19, time 12890.3, U, 3 components, 310 values
INFO: Step 19, time 12890.3, S, 6 components, 310 values
INFO: Step 19, time 12890.3, S_Mises, 1 components, 310 values
INFO: Step 19, time 12890.3, S_Principal, 3 components, 310 values
INFO: Step 19, time 12890.3, ERROR, 1 components, 310 values
INFO: Writing equ.18.vtk
INFO: Writing equ.18.vtu
INFO: Step 20, time 14159.8, U, 3 components, 310 values
INFO: Step 20, time 14159.8, S, 6 components, 310 values
INFO: Step 20, time 14159.8, S_Mises, 1 components, 310 values
INFO: Step 20, time 14159.8, S_Principal, 3 components, 310 values
INFO: Step 20, time 14159.8, ERROR, 1 components, 310 values
INFO: Writing equ.19.vtk
INFO: Writing equ.19.vtu
INFO: Step 21, time 14425.5, U, 3 components, 310 values
INFO: Step 21, time 14425.5, S, 6 components, 310 values
INFO: Step 21, time 14425.5, S_Mises, 1 components, 310 values
INFO: Step 21, time 14425.5, S_Principal, 3 components, 310 values
INFO: Step 21, time 14425.5, ERROR, 1 components, 310 values
INFO: Writing equ.20.vtk
INFO: Writing equ.20.vtu

==================================================
35: mkraska/Contact/Shell0/Refs/qu8r_pc-ns/pc-ns.frd
INFO: Reading pc-ns.frd
INFO: 310 nodes
INFO: 32 cells
INFO: 20 time increments
INFO: Step 2, time 1.02e-01, U, 3 components, 310 values
INFO: Step 2, time 1.02e-01, S, 6 components, 310 values
INFO: Step 2, time 1.02e-01, S_Mises, 1 components, 310 values
INFO: Step 2, time 1.02e-01, S_Principal, 3 components, 310 values
INFO: Step 2, time 1.02e-01, ERROR, 1 components, 310 values
INFO: Writing pc-ns.01.vtk
INFO: Writing pc-ns.01.vtu
INFO: Step 3, time 7.01e-02, U, 3 components, 310 values
INFO: Step 3, time 7.01e-02, S, 6 components, 310 values
INFO: Step 3, time 7.01e-02, S_Mises, 1 components, 310 values
INFO: Step 3, time 7.01e-02, S_Principal, 3 components, 310 values
INFO: Step 3, time 7.01e-02, ERROR, 1 components, 310 values
INFO: Writing pc-ns.02.vtk
INFO: Writing pc-ns.02.vtu
INFO: Step 4, time 1.47e-01, U, 3 components, 310 values
INFO: Step 4, time 1.47e-01, S, 6 components, 310 values
INFO: Step 4, time 1.47e-01, S_Mises, 1 components, 310 values
INFO: Step 4, time 1.47e-01, S_Principal, 3 components, 310 values
INFO: Step 4, time 1.47e-01, ERROR, 1 components, 310 values
INFO: Writing pc-ns.03.vtk
INFO: Writing pc-ns.03.vtu
INFO: Step 5, time 0.00e+00, U, 3 components, 310 values
INFO: Step 5, time 0.00e+00, S, 6 components, 310 values
INFO: Step 5, time 0.00e+00, S_Mises, 1 components, 310 values
INFO: Step 5, time 0.00e+00, S_Principal, 3 components, 310 values
INFO: Step 5, time 0.00e+00, ERROR, 1 components, 310 values
INFO: Writing pc-ns.04.vtk
INFO: Writing pc-ns.04.vtu
INFO: Step 6, time 0.00e+00, U, 3 components, 310 values
INFO: Step 6, time 0.00e+00, S, 6 components, 310 values
INFO: Step 6, time 0.00e+00, S_Mises, 1 components, 310 values
INFO: Step 6, time 0.00e+00, S_Principal, 3 components, 310 values
INFO: Step 6, time 0.00e+00, ERROR, 1 components, 310 values
INFO: Writing pc-ns.05.vtk
INFO: Writing pc-ns.05.vtu
INFO: Step 7, time 0.00e+00, U, 3 components, 310 values
INFO: Step 7, time 0.00e+00, S, 6 components, 310 values
INFO: Step 7, time 0.00e+00, S_Mises, 1 components, 310 values
INFO: Step 7, time 0.00e+00, S_Principal, 3 components, 310 values
INFO: Step 7, time 0.00e+00, ERROR, 1 components, 310 values
INFO: Writing pc-ns.06.vtk
INFO: Writing pc-ns.06.vtu
INFO: Step 8, time 1358.3, U, 3 components, 310 values
INFO: Step 8, time 1358.3, S, 6 components, 310 values
INFO: Step 8, time 1358.3, S_Mises, 1 components, 310 values
INFO: Step 8, time 1358.3, S_Principal, 3 components, 310 values
INFO: Step 8, time 1358.3, ERROR, 1 components, 310 values
INFO: Writing pc-ns.07.vtk
INFO: Writing pc-ns.07.vtu
INFO: Step 9, time 3122.6, U, 3 components, 310 values
INFO: Step 9, time 3122.6, S, 6 components, 310 values
INFO: Step 9, time 3122.6, S_Mises, 1 components, 310 values
INFO: Step 9, time 3122.6, S_Principal, 3 components, 310 values
INFO: Step 9, time 3122.6, ERROR, 1 components, 310 values
INFO: Writing pc-ns.08.vtk
INFO: Writing pc-ns.08.vtu
INFO: Step 10, time 2579.2, U, 3 components, 310 values
INFO: Step 10, time 2579.2, S, 6 components, 310 values
INFO: Step 10, time 2579.2, S_Mises, 1 components, 310 values
INFO: Step 10, time 2579.2, S_Principal, 3 components, 310 values
INFO: Step 10, time 2579.2, ERROR, 1 components, 310 values
INFO: Writing pc-ns.09.vtk
INFO: Writing pc-ns.09.vtu
INFO: Step 11, time 4529.7, U, 3 components, 310 values
INFO: Step 11, time 4529.7, S, 6 components, 310 values
INFO: Step 11, time 4529.7, S_Mises, 1 components, 310 values
INFO: Step 11, time 4529.7, S_Principal, 3 components, 310 values
INFO: Step 11, time 4529.7, ERROR, 1 components, 310 values
INFO: Writing pc-ns.10.vtk
INFO: Writing pc-ns.10.vtu
INFO: Step 12, time 6685.4, U, 3 components, 310 values
INFO: Step 12, time 6685.4, S, 6 components, 310 values
INFO: Step 12, time 6685.4, S_Mises, 1 components, 310 values
INFO: Step 12, time 6685.4, S_Principal, 3 components, 310 values
INFO: Step 12, time 6685.4, ERROR, 1 components, 310 values
INFO: Writing pc-ns.11.vtk
INFO: Writing pc-ns.11.vtu
INFO: Step 13, time 8245.1, U, 3 components, 310 values
INFO: Step 13, time 8245.1, S, 6 components, 310 values
INFO: Step 13, time 8245.1, S_Mises, 1 components, 310 values
INFO: Step 13, time 8245.1, S_Principal, 3 components, 310 values
INFO: Step 13, time 8245.1, ERROR, 1 components, 310 values
INFO: Writing pc-ns.12.vtk
INFO: Writing pc-ns.12.vtu
INFO: Step 14, time 7471.2, U, 3 components, 310 values
INFO: Step 14, time 7471.2, S, 6 components, 310 values
INFO: Step 14, time 7471.2, S_Mises, 1 components, 310 values
INFO: Step 14, time 7471.2, S_Principal, 3 components, 310 values
INFO: Step 14, time 7471.2, ERROR, 1 components, 310 values
INFO: Writing pc-ns.13.vtk
INFO: Writing pc-ns.13.vtu
INFO: Step 15, time 9574.3, U, 3 components, 310 values
INFO: Step 15, time 9574.3, S, 6 components, 310 values
INFO: Step 15, time 9574.3, S_Mises, 1 components, 310 values
INFO: Step 15, time 9574.3, S_Principal, 3 components, 310 values
INFO: Step 15, time 9574.3, ERROR, 1 components, 310 values
INFO: Writing pc-ns.14.vtk
INFO: Writing pc-ns.14.vtu
INFO: Step 16, time 11578.3, U, 3 components, 310 values
INFO: Step 16, time 11578.3, S, 6 components, 310 values
INFO: Step 16, time 11578.3, S_Mises, 1 components, 310 values
INFO: Step 16, time 11578.3, S_Principal, 3 components, 310 values
INFO: Step 16, time 11578.3, ERROR, 1 components, 310 values
INFO: Writing pc-ns.15.vtk
INFO: Writing pc-ns.15.vtu
INFO: Step 17, time 12877.0, U, 3 components, 310 values
INFO: Step 17, time 12877.0, S, 6 components, 310 values
INFO: Step 17, time 12877.0, S_Mises, 1 components, 310 values
INFO: Step 17, time 12877.0, S_Principal, 3 components, 310 values
INFO: Step 17, time 12877.0, ERROR, 1 components, 310 values
INFO: Writing pc-ns.16.vtk
INFO: Writing pc-ns.16.vtu
INFO: Step 18, time 12274.1, U, 3 components, 310 values
INFO: Step 18, time 12274.1, S, 6 components, 310 values
INFO: Step 18, time 12274.1, S_Mises, 1 components, 310 values
INFO: Step 18, time 12274.1, S_Principal, 3 components, 310 values
INFO: Step 18, time 12274.1, ERROR, 1 components, 310 values
INFO: Writing pc-ns.17.vtk
INFO: Writing pc-ns.17.vtu
INFO: Step 19, time 16161.8, U, 3 components, 310 values
INFO: Step 19, time 16161.8, S, 6 components, 310 values
INFO: Step 19, time 16161.8, S_Mises, 1 components, 310 values
INFO: Step 19, time 16161.8, S_Principal, 3 components, 310 values
INFO: Step 19, time 16161.8, ERROR, 1 components, 310 values
INFO: Writing pc-ns.18.vtk
INFO: Writing pc-ns.18.vtu
INFO: Step 20, time 14813.9, U, 3 components, 310 values
INFO: Step 20, time 14813.9, S, 6 components, 310 values
INFO: Step 20, time 14813.9, S_Mises, 1 components, 310 values
INFO: Step 20, time 14813.9, S_Principal, 3 components, 310 values
INFO: Step 20, time 14813.9, ERROR, 1 components, 310 values
INFO: Writing pc-ns.19.vtk
INFO: Writing pc-ns.19.vtu
INFO: Step 21, time 17817.6, U, 3 components, 310 values
INFO: Step 21, time 17817.6, S, 6 components, 310 values
INFO: Step 21, time 17817.6, S_Mises, 1 components, 310 values
INFO: Step 21, time 17817.6, S_Principal, 3 components, 310 values
INFO: Step 21, time 17817.6, ERROR, 1 components, 310 values
INFO: Writing pc-ns.20.vtk
INFO: Writing pc-ns.20.vtu

==================================================
36: mkraska/Contact/Shell0/Refs/qu8r_pc-ss/pc-ss.frd
INFO: Reading pc-ss.frd
INFO: 310 nodes
INFO: 32 cells
INFO: 20 time increments
INFO: Step 2, time 0.00e+00, U, 3 components, 310 values
INFO: Step 2, time 0.00e+00, S, 6 components, 310 values
INFO: Step 2, time 0.00e+00, S_Mises, 1 components, 310 values
INFO: Step 2, time 0.00e+00, S_Principal, 3 components, 310 values
INFO: Step 2, time 0.00e+00, ERROR, 1 components, 310 values
INFO: Writing pc-ss.01.vtk
INFO: Writing pc-ss.01.vtu
INFO: Step 3, time 0.00e+00, U, 3 components, 310 values
INFO: Step 3, time 0.00e+00, S, 6 components, 310 values
INFO: Step 3, time 0.00e+00, S_Mises, 1 components, 310 values
INFO: Step 3, time 0.00e+00, S_Principal, 3 components, 310 values
INFO: Step 3, time 0.00e+00, ERROR, 1 components, 310 values
INFO: Writing pc-ss.02.vtk
INFO: Writing pc-ss.02.vtu
INFO: Step 4, time 0.00e+00, U, 3 components, 310 values
INFO: Step 4, time 0.00e+00, S, 6 components, 310 values
INFO: Step 4, time 0.00e+00, S_Mises, 1 components, 310 values
INFO: Step 4, time 0.00e+00, S_Principal, 3 components, 310 values
INFO: Step 4, time 0.00e+00, ERROR, 1 components, 310 values
INFO: Writing pc-ss.03.vtk
INFO: Writing pc-ss.03.vtu
INFO: Step 5, time 8.54e-02, U, 3 components, 310 values
INFO: Step 5, time 8.54e-02, S, 6 components, 310 values
INFO: Step 5, time 8.54e-02, S_Mises, 1 components, 310 values
INFO: Step 5, time 8.54e-02, S_Principal, 3 components, 310 values
INFO: Step 5, time 8.54e-02, ERROR, 1 components, 310 values
INFO: Writing pc-ss.04.vtk
INFO: Writing pc-ss.04.vtu
INFO: Step 6, time 1.16e-01, U, 3 components, 310 values
INFO: Step 6, time 1.16e-01, S, 6 components, 310 values
INFO: Step 6, time 1.16e-01, S_Mises, 1 components, 310 values
INFO: Step 6, time 1.16e-01, S_Principal, 3 components, 310 values
INFO: Step 6, time 1.16e-01, ERROR, 1 components, 310 values
INFO: Writing pc-ss.05.vtk
INFO: Writing pc-ss.05.vtu
INFO: Step 7, time 1087.3, U, 3 components, 310 values
INFO: Step 7, time 1087.3, S, 6 components, 310 values
INFO: Step 7, time 1087.3, S_Mises, 1 components, 310 values
INFO: Step 7, time 1087.3, S_Principal, 3 components, 310 values
INFO: Step 7, time 1087.3, ERROR, 1 components, 310 values
INFO: Writing pc-ss.06.vtk
INFO: Writing pc-ss.06.vtu
INFO: Step 8, time 1932.7, U, 3 components, 310 values
INFO: Step 8, time 1932.7, S, 6 components, 310 values
INFO: Step 8, time 1932.7, S_Mises, 1 components, 310 values
INFO: Step 8, time 1932.7, S_Principal, 3 components, 310 values
INFO: Step 8, time 1932.7, ERROR, 1 components, 310 values
INFO: Writing pc-ss.07.vtk
INFO: Writing pc-ss.07.vtu
INFO: Step 9, time 3433.9, U, 3 components, 310 values
INFO: Step 9, time 3433.9, S, 6 components, 310 values
INFO: Step 9, time 3433.9, S_Mises, 1 components, 310 values
INFO: Step 9, time 3433.9, S_Principal, 3 components, 310 values
INFO: Step 9, time 3433.9, ERROR, 1 components, 310 values
INFO: Writing pc-ss.08.vtk
INFO: Writing pc-ss.08.vtu
INFO: Step 10, time 3767.7, U, 3 components, 310 values
INFO: Step 10, time 3767.7, S, 6 components, 310 values
INFO: Step 10, time 3767.7, S_Mises, 1 components, 310 values
INFO: Step 10, time 3767.7, S_Principal, 3 components, 310 values
INFO: Step 10, time 3767.7, ERROR, 1 components, 310 values
INFO: Writing pc-ss.09.vtk
INFO: Writing pc-ss.09.vtu
INFO: Step 11, time 4788.0, U, 3 components, 310 values
INFO: Step 11, time 4788.0, S, 6 components, 310 values
INFO: Step 11, time 4788.0, S_Mises, 1 components, 310 values
INFO: Step 11, time 4788.0, S_Principal, 3 components, 310 values
INFO: Step 11, time 4788.0, ERROR, 1 components, 310 values
INFO: Writing pc-ss.10.vtk
INFO: Writing pc-ss.10.vtu
INFO: Step 12, time 5523.2, U, 3 components, 310 values
INFO: Step 12, time 5523.2, S, 6 components, 310 values
INFO: Step 12, time 5523.2, S_Mises, 1 components, 310 values
INFO: Step 12, time 5523.2, S_Principal, 3 components, 310 values
INFO: Step 12, time 5523.2, ERROR, 1 components, 310 values
INFO: Writing pc-ss.11.vtk
INFO: Writing pc-ss.11.vtu
INFO: Step 13, time 7994.9, U, 3 components, 310 values
INFO: Step 13, time 7994.9, S, 6 components, 310 values
INFO: Step 13, time 7994.9, S_Mises, 1 components, 310 values
INFO: Step 13, time 7994.9, S_Principal, 3 components, 310 values
INFO: Step 13, time 7994.9, ERROR, 1 components, 310 values
INFO: Writing pc-ss.12.vtk
INFO: Writing pc-ss.12.vtu
INFO: Step 14, time 9167.6, U, 3 components, 310 values
INFO: Step 14, time 9167.6, S, 6 components, 310 values
INFO: Step 14, time 9167.6, S_Mises, 1 components, 310 values
INFO: Step 14, time 9167.6, S_Principal, 3 components, 310 values
INFO: Step 14, time 9167.6, ERROR, 1 components, 310 values
INFO: Writing pc-ss.13.vtk
INFO: Writing pc-ss.13.vtu
INFO: Step 15, time 10387.9, U, 3 components, 310 values
INFO: Step 15, time 10387.9, S, 6 components, 310 values
INFO: Step 15, time 10387.9, S_Mises, 1 components, 310 values
INFO: Step 15, time 10387.9, S_Principal, 3 components, 310 values
INFO: Step 15, time 10387.9, ERROR, 1 components, 310 values
INFO: Writing pc-ss.14.vtk
INFO: Writing pc-ss.14.vtu
INFO: Step 16, time 11211.0, U, 3 components, 310 values
INFO: Step 16, time 11211.0, S, 6 components, 310 values
INFO: Step 16, time 11211.0, S_Mises, 1 components, 310 values
INFO: Step 16, time 11211.0, S_Principal, 3 components, 310 values
INFO: Step 16, time 11211.0, ERROR, 1 components, 310 values
INFO: Writing pc-ss.15.vtk
INFO: Writing pc-ss.15.vtu
INFO: Step 17, time 12499.2, U, 3 components, 310 values
INFO: Step 17, time 12499.2, S, 6 components, 310 values
INFO: Step 17, time 12499.2, S_Mises, 1 components, 310 values
INFO: Step 17, time 12499.2, S_Principal, 3 components, 310 values
INFO: Step 17, time 12499.2, ERROR, 1 components, 310 values
INFO: Writing pc-ss.16.vtk
INFO: Writing pc-ss.16.vtu
INFO: Step 18, time 13480.4, U, 3 components, 310 values
INFO: Step 18, time 13480.4, S, 6 components, 310 values
INFO: Step 18, time 13480.4, S_Mises, 1 components, 310 values
INFO: Step 18, time 13480.4, S_Principal, 3 components, 310 values
INFO: Step 18, time 13480.4, ERROR, 1 components, 310 values
INFO: Writing pc-ss.17.vtk
INFO: Writing pc-ss.17.vtu
INFO: Step 19, time 14681.7, U, 3 components, 310 values
INFO: Step 19, time 14681.7, S, 6 components, 310 values
INFO: Step 19, time 14681.7, S_Mises, 1 components, 310 values
INFO: Step 19, time 14681.7, S_Principal, 3 components, 310 values
INFO: Step 19, time 14681.7, ERROR, 1 components, 310 values
INFO: Writing pc-ss.18.vtk
INFO: Writing pc-ss.18.vtu
INFO: Step 20, time 16660.5, U, 3 components, 310 values
INFO: Step 20, time 16660.5, S, 6 components, 310 values
INFO: Step 20, time 16660.5, S_Mises, 1 components, 310 values
INFO: Step 20, time 16660.5, S_Principal, 3 components, 310 values
INFO: Step 20, time 16660.5, ERROR, 1 components, 310 values
INFO: Writing pc-ss.19.vtk
INFO: Writing pc-ss.19.vtu
INFO: Step 21, time 18755.0, U, 3 components, 310 values
INFO: Step 21, time 18755.0, S, 6 components, 310 values
INFO: Step 21, time 18755.0, S_Mises, 1 components, 310 values
INFO: Step 21, time 18755.0, S_Principal, 3 components, 310 values
INFO: Step 21, time 18755.0, ERROR, 1 components, 310 values
INFO: Writing pc-ss.20.vtk
INFO: Writing pc-ss.20.vtu

==================================================
37: mkraska/Contact/Shell0/Refs/qu8r_tie/tie.frd
INFO: Reading tie.frd
INFO: 310 nodes
INFO: 32 cells
INFO: 20 time increments
INFO: Step 2, time 0.00e+00, U, 3 components, 310 values
INFO: Step 2, time 0.00e+00, S, 6 components, 310 values
INFO: Step 2, time 0.00e+00, S_Mises, 1 components, 310 values
INFO: Step 2, time 0.00e+00, S_Principal, 3 components, 310 values
INFO: Step 2, time 0.00e+00, ERROR, 1 components, 310 values
INFO: Writing tie.01.vtk
INFO: Writing tie.01.vtu
INFO: Step 3, time 0.00e+00, U, 3 components, 310 values
INFO: Step 3, time 0.00e+00, S, 6 components, 310 values
INFO: Step 3, time 0.00e+00, S_Mises, 1 components, 310 values
INFO: Step 3, time 0.00e+00, S_Principal, 3 components, 310 values
INFO: Step 3, time 0.00e+00, ERROR, 1 components, 310 values
INFO: Writing tie.02.vtk
INFO: Writing tie.02.vtu
INFO: Step 4, time 0.00e+00, U, 3 components, 310 values
INFO: Step 4, time 0.00e+00, S, 6 components, 310 values
INFO: Step 4, time 0.00e+00, S_Mises, 1 components, 310 values
INFO: Step 4, time 0.00e+00, S_Principal, 3 components, 310 values
INFO: Step 4, time 0.00e+00, ERROR, 1 components, 310 values
INFO: Writing tie.03.vtk
INFO: Writing tie.03.vtu
INFO: Step 5, time 0.00e+00, U, 3 components, 310 values
INFO: Step 5, time 0.00e+00, S, 6 components, 310 values
INFO: Step 5, time 0.00e+00, S_Mises, 1 components, 310 values
INFO: Step 5, time 0.00e+00, S_Principal, 3 components, 310 values
INFO: Step 5, time 0.00e+00, ERROR, 1 components, 310 values
INFO: Writing tie.04.vtk
INFO: Writing tie.04.vtu
INFO: Step 6, time 5.26e-02, U, 3 components, 310 values
INFO: Step 6, time 5.26e-02, S, 6 components, 310 values
INFO: Step 6, time 5.26e-02, S_Mises, 1 components, 310 values
INFO: Step 6, time 5.26e-02, S_Principal, 3 components, 310 values
INFO: Step 6, time 5.26e-02, ERROR, 1 components, 310 values
INFO: Writing tie.05.vtk
INFO: Writing tie.05.vtu
INFO: Step 7, time 1.12e-01, U, 3 components, 310 values
INFO: Step 7, time 1.12e-01, S, 6 components, 310 values
INFO: Step 7, time 1.12e-01, S_Mises, 1 components, 310 values
INFO: Step 7, time 1.12e-01, S_Principal, 3 components, 310 values
INFO: Step 7, time 1.12e-01, ERROR, 1 components, 310 values
INFO: Writing tie.06.vtk
INFO: Writing tie.06.vtu
INFO: Step 8, time 1401.9, U, 3 components, 310 values
INFO: Step 8, time 1401.9, S, 6 components, 310 values
INFO: Step 8, time 1401.9, S_Mises, 1 components, 310 values
INFO: Step 8, time 1401.9, S_Principal, 3 components, 310 values
INFO: Step 8, time 1401.9, ERROR, 1 components, 310 values
INFO: Writing tie.07.vtk
INFO: Writing tie.07.vtu
INFO: Step 9, time 2587.8, U, 3 components, 310 values
INFO: Step 9, time 2587.8, S, 6 components, 310 values
INFO: Step 9, time 2587.8, S_Mises, 1 components, 310 values
INFO: Step 9, time 2587.8, S_Principal, 3 components, 310 values
INFO: Step 9, time 2587.8, ERROR, 1 components, 310 values
INFO: Writing tie.08.vtk
INFO: Writing tie.08.vtu
INFO: Step 10, time 3177.8, U, 3 components, 310 values
INFO: Step 10, time 3177.8, S, 6 components, 310 values
INFO: Step 10, time 3177.8, S_Mises, 1 components, 310 values
INFO: Step 10, time 3177.8, S_Principal, 3 components, 310 values
INFO: Step 10, time 3177.8, ERROR, 1 components, 310 values
INFO: Writing tie.09.vtk
INFO: Writing tie.09.vtu
INFO: Step 11, time 4598.0, U, 3 components, 310 values
INFO: Step 11, time 4598.0, S, 6 components, 310 values
INFO: Step 11, time 4598.0, S_Mises, 1 components, 310 values
INFO: Step 11, time 4598.0, S_Principal, 3 components, 310 values
INFO: Step 11, time 4598.0, ERROR, 1 components, 310 values
INFO: Writing tie.10.vtk
INFO: Writing tie.10.vtu
INFO: Step 12, time 6850.2, U, 3 components, 310 values
INFO: Step 12, time 6850.2, S, 6 components, 310 values
INFO: Step 12, time 6850.2, S_Mises, 1 components, 310 values
INFO: Step 12, time 6850.2, S_Principal, 3 components, 310 values
INFO: Step 12, time 6850.2, ERROR, 1 components, 310 values
INFO: Writing tie.11.vtk
INFO: Writing tie.11.vtu
INFO: Step 13, time 7503.5, U, 3 components, 310 values
INFO: Step 13, time 7503.5, S, 6 components, 310 values
INFO: Step 13, time 7503.5, S_Mises, 1 components, 310 values
INFO: Step 13, time 7503.5, S_Principal, 3 components, 310 values
INFO: Step 13, time 7503.5, ERROR, 1 components, 310 values
INFO: Writing tie.12.vtk
INFO: Writing tie.12.vtu
INFO: Step 14, time 8387.2, U, 3 components, 310 values
INFO: Step 14, time 8387.2, S, 6 components, 310 values
INFO: Step 14, time 8387.2, S_Mises, 1 components, 310 values
INFO: Step 14, time 8387.2, S_Principal, 3 components, 310 values
INFO: Step 14, time 8387.2, ERROR, 1 components, 310 values
INFO: Writing tie.13.vtk
INFO: Writing tie.13.vtu
INFO: Step 15, time 9794.8, U, 3 components, 310 values
INFO: Step 15, time 9794.8, S, 6 components, 310 values
INFO: Step 15, time 9794.8, S_Mises, 1 components, 310 values
INFO: Step 15, time 9794.8, S_Principal, 3 components, 310 values
INFO: Step 15, time 9794.8, ERROR, 1 components, 310 values
INFO: Writing tie.14.vtk
INFO: Writing tie.14.vtu
INFO: Step 16, time 11660.4, U, 3 components, 310 values
INFO: Step 16, time 11660.4, S, 6 components, 310 values
INFO: Step 16, time 11660.4, S_Mises, 1 components, 310 values
INFO: Step 16, time 11660.4, S_Principal, 3 components, 310 values
INFO: Step 16, time 11660.4, ERROR, 1 components, 310 values
INFO: Writing tie.15.vtk
INFO: Writing tie.15.vtu
INFO: Step 17, time 12339.6, U, 3 components, 310 values
INFO: Step 17, time 12339.6, S, 6 components, 310 values
INFO: Step 17, time 12339.6, S_Mises, 1 components, 310 values
INFO: Step 17, time 12339.6, S_Principal, 3 components, 310 values
INFO: Step 17, time 12339.6, ERROR, 1 components, 310 values
INFO: Writing tie.16.vtk
INFO: Writing tie.16.vtu
INFO: Step 18, time 13005.5, U, 3 components, 310 values
INFO: Step 18, time 13005.5, S, 6 components, 310 values
INFO: Step 18, time 13005.5, S_Mises, 1 components, 310 values
INFO: Step 18, time 13005.5, S_Principal, 3 components, 310 values
INFO: Step 18, time 13005.5, ERROR, 1 components, 310 values
INFO: Writing tie.17.vtk
INFO: Writing tie.17.vtu
INFO: Step 19, time 14947.3, U, 3 components, 310 values
INFO: Step 19, time 14947.3, S, 6 components, 310 values
INFO: Step 19, time 14947.3, S_Mises, 1 components, 310 values
INFO: Step 19, time 14947.3, S_Principal, 3 components, 310 values
INFO: Step 19, time 14947.3, ERROR, 1 components, 310 values
INFO: Writing tie.18.vtk
INFO: Writing tie.18.vtu
INFO: Step 20, time 16842.0, U, 3 components, 310 values
INFO: Step 20, time 16842.0, S, 6 components, 310 values
INFO: Step 20, time 16842.0, S_Mises, 1 components, 310 values
INFO: Step 20, time 16842.0, S_Principal, 3 components, 310 values
INFO: Step 20, time 16842.0, ERROR, 1 components, 310 values
INFO: Writing tie.19.vtk
INFO: Writing tie.19.vtu
INFO: Step 21, time 17862.8, U, 3 components, 310 values
INFO: Step 21, time 17862.8, S, 6 components, 310 values
INFO: Step 21, time 17862.8, S_Mises, 1 components, 310 values
INFO: Step 21, time 17862.8, S_Principal, 3 components, 310 values
INFO: Step 21, time 17862.8, ERROR, 1 components, 310 values
INFO: Writing tie.20.vtk
INFO: Writing tie.20.vtu

==================================================
38: mkraska/Contact/Shell1/Refs/tie.frd
INFO: Reading tie.frd
INFO: 1193 nodes
INFO: 272 cells
INFO: 1 time increment
INFO: Step 1, time 1.0, U, 3 components, 1193 values
INFO: Step 1, time 1.0, S, 6 components, 1193 values
INFO: Step 1, time 1.0, S_Mises, 1 components, 1193 values
INFO: Step 1, time 1.0, S_Principal, 3 components, 1193 values
INFO: Step 1, time 1.0, ERROR, 1 components, 1193 values
INFO: Writing tie.vtk
INFO: Writing tie.vtu

==================================================
39: mkraska/Contact/Tubes/Refs/solve.frd
INFO: Reading solve.frd
INFO: 3876 nodes
INFO: 1800 cells
INFO: 7 time increments
INFO: Step 1, time 1.00e-01, U, 3 components, 3876 values
INFO: Step 1, time 1.00e-01, S, 6 components, 3876 values
INFO: Step 1, time 1.00e-01, S_Mises, 1 components, 3876 values
INFO: Step 1, time 1.00e-01, S_Principal, 3 components, 3876 values
INFO: Step 1, time 1.00e-01, CONTACT, 6 components, 3876 values
INFO: Step 1, time 1.00e-01, ERROR, 1 components, 3876 values
INFO: Writing solve.1.vtk
INFO: Writing solve.1.vtu
INFO: Step 2, time 2.00e-01, U, 3 components, 3876 values
INFO: Step 2, time 2.00e-01, S, 6 components, 3876 values
INFO: Step 2, time 2.00e-01, S_Mises, 1 components, 3876 values
INFO: Step 2, time 2.00e-01, S_Principal, 3 components, 3876 values
INFO: Step 2, time 2.00e-01, CONTACT, 6 components, 3876 values
INFO: Step 2, time 2.00e-01, ERROR, 1 components, 3876 values
INFO: Writing solve.2.vtk
INFO: Writing solve.2.vtu
INFO: Step 3, time 3.00e-01, U, 3 components, 3876 values
INFO: Step 3, time 3.00e-01, S, 6 components, 3876 values
INFO: Step 3, time 3.00e-01, S_Mises, 1 components, 3876 values
INFO: Step 3, time 3.00e-01, S_Principal, 3 components, 3876 values
INFO: Step 3, time 3.00e-01, CONTACT, 6 components, 3876 values
INFO: Step 3, time 3.00e-01, ERROR, 1 components, 3876 values
INFO: Writing solve.3.vtk
INFO: Writing solve.3.vtu
INFO: Step 4, time 4.50e-01, U, 3 components, 3876 values
INFO: Step 4, time 4.50e-01, S, 6 components, 3876 values
INFO: Step 4, time 4.50e-01, S_Mises, 1 components, 3876 values
INFO: Step 4, time 4.50e-01, S_Principal, 3 components, 3876 values
INFO: Step 4, time 4.50e-01, CONTACT, 6 components, 3876 values
INFO: Step 4, time 4.50e-01, ERROR, 1 components, 3876 values
INFO: Writing solve.4.vtk
INFO: Writing solve.4.vtu
INFO: Step 5, time 6.75e-01, U, 3 components, 3876 values
INFO: Step 5, time 6.75e-01, S, 6 components, 3876 values
INFO: Step 5, time 6.75e-01, S_Mises, 1 components, 3876 values
INFO: Step 5, time 6.75e-01, S_Principal, 3 components, 3876 values
INFO: Step 5, time 6.75e-01, CONTACT, 6 components, 3876 values
INFO: Step 5, time 6.75e-01, ERROR, 1 components, 3876 values
INFO: Writing solve.5.vtk
INFO: Writing solve.5.vtu
INFO: Step 6, time 9.00e-01, U, 3 components, 3876 values
INFO: Step 6, time 9.00e-01, S, 6 components, 3876 values
INFO: Step 6, time 9.00e-01, S_Mises, 1 components, 3876 values
INFO: Step 6, time 9.00e-01, S_Principal, 3 components, 3876 values
INFO: Step 6, time 9.00e-01, CONTACT, 6 components, 3876 values
INFO: Step 6, time 9.00e-01, ERROR, 1 components, 3876 values
INFO: Writing solve.6.vtk
INFO: Writing solve.6.vtu
INFO: Step 7, time 1.0, U, 3 components, 3876 values
INFO: Step 7, time 1.0, S, 6 components, 3876 values
INFO: Step 7, time 1.0, S_Mises, 1 components, 3876 values
INFO: Step 7, time 1.0, S_Principal, 3 components, 3876 values
INFO: Step 7, time 1.0, CONTACT, 6 components, 3876 values
INFO: Step 7, time 1.0, ERROR, 1 components, 3876 values
INFO: Writing solve.7.vtk
INFO: Writing solve.7.vtu

==================================================
40: mkraska/Contact/Valve/Refs/valve.frd
INFO: Reading valve.frd
INFO: 1283 nodes
INFO: 555 cells
INFO: 1 time increment
INFO: Step 1, time 1.0, U, 3 components, 1283 values
INFO: Step 1, time 1.0, S, 6 components, 1283 values
INFO: Step 1, time 1.0, S_Mises, 1 components, 1283 values
INFO: Step 1, time 1.0, S_Principal, 3 components, 1283 values
INFO: Step 1, time 1.0, CONTACT, 6 components, 1283 values
INFO: Step 1, time 1.0, ERROR, 1 components, 1283 values
INFO: Writing valve.vtk
INFO: Writing valve.vtu

==================================================
41: mkraska/Drahtbiegen/Biegung/Refs/Biegung.frd
INFO: Reading Biegung.frd
INFO: 859 nodes
INFO: 340 cells
INFO: 129 time increments
INFO: Step 1, time 1.00e-02, U, 3 components, 859 values
INFO: Step 1, time 1.00e-02, S, 6 components, 859 values
INFO: Step 1, time 1.00e-02, S_Mises, 1 components, 859 values
INFO: Step 1, time 1.00e-02, S_Principal, 3 components, 859 values
INFO: Step 1, time 1.00e-02, PEEQ, 1 components, 859 values
INFO: Step 1, time 1.00e-02, CONTACT, 6 components, 859 values
INFO: Step 1, time 1.00e-02, ERROR, 1 components, 859 values
INFO: Writing Biegung.001.vtk
INFO: Writing Biegung.001.vtu
INFO: Step 2, time 2.00e-02, U, 3 components, 859 values
INFO: Step 2, time 2.00e-02, S, 6 components, 859 values
INFO: Step 2, time 2.00e-02, S_Mises, 1 components, 859 values
INFO: Step 2, time 2.00e-02, S_Principal, 3 components, 859 values
INFO: Step 2, time 2.00e-02, PEEQ, 1 components, 859 values
INFO: Step 2, time 2.00e-02, CONTACT, 6 components, 859 values
INFO: Step 2, time 2.00e-02, ERROR, 1 components, 859 values
INFO: Writing Biegung.002.vtk
INFO: Writing Biegung.002.vtu
INFO: Step 3, time 3.50e-02, U, 3 components, 859 values
INFO: Step 3, time 3.50e-02, S, 6 components, 859 values
INFO: Step 3, time 3.50e-02, S_Mises, 1 components, 859 values
INFO: Step 3, time 3.50e-02, S_Principal, 3 components, 859 values
INFO: Step 3, time 3.50e-02, PEEQ, 1 components, 859 values
INFO: Step 3, time 3.50e-02, CONTACT, 6 components, 859 values
INFO: Step 3, time 3.50e-02, ERROR, 1 components, 859 values
INFO: Writing Biegung.003.vtk
INFO: Writing Biegung.003.vtu
INFO: Step 4, time 5.75e-02, U, 3 components, 859 values
INFO: Step 4, time 5.75e-02, S, 6 components, 859 values
INFO: Step 4, time 5.75e-02, S_Mises, 1 components, 859 values
INFO: Step 4, time 5.75e-02, S_Principal, 3 components, 859 values
INFO: Step 4, time 5.75e-02, PEEQ, 1 components, 859 values
INFO: Step 4, time 5.75e-02, CONTACT, 6 components, 859 values
INFO: Step 4, time 5.75e-02, ERROR, 1 components, 859 values
INFO: Writing Biegung.004.vtk
INFO: Writing Biegung.004.vtu
INFO: Step 5, time 8.00e-02, U, 3 components, 859 values
INFO: Step 5, time 8.00e-02, S, 6 components, 859 values
INFO: Step 5, time 8.00e-02, S_Mises, 1 components, 859 values
INFO: Step 5, time 8.00e-02, S_Principal, 3 components, 859 values
INFO: Step 5, time 8.00e-02, PEEQ, 1 components, 859 values
INFO: Step 5, time 8.00e-02, CONTACT, 6 components, 859 values
INFO: Step 5, time 8.00e-02, ERROR, 1 components, 859 values
INFO: Writing Biegung.005.vtk
INFO: Writing Biegung.005.vtu
INFO: Step 6, time 8.56e-02, U, 3 components, 859 values
INFO: Step 6, time 8.56e-02, S, 6 components, 859 values
INFO: Step 6, time 8.56e-02, S_Mises, 1 components, 859 values
INFO: Step 6, time 8.56e-02, S_Principal, 3 components, 859 values
INFO: Step 6, time 8.56e-02, PEEQ, 1 components, 859 values
INFO: Step 6, time 8.56e-02, CONTACT, 6 components, 859 values
INFO: Step 6, time 8.56e-02, ERROR, 1 components, 859 values
INFO: Writing Biegung.006.vtk
INFO: Writing Biegung.006.vtu
INFO: Step 7, time 9.12e-02, U, 3 components, 859 values
INFO: Step 7, time 9.12e-02, S, 6 components, 859 values
INFO: Step 7, time 9.12e-02, S_Mises, 1 components, 859 values
INFO: Step 7, time 9.12e-02, S_Principal, 3 components, 859 values
INFO: Step 7, time 9.12e-02, PEEQ, 1 components, 859 values
INFO: Step 7, time 9.12e-02, CONTACT, 6 components, 859 values
INFO: Step 7, time 9.12e-02, ERROR, 1 components, 859 values
INFO: Writing Biegung.007.vtk
INFO: Writing Biegung.007.vtu
INFO: Step 8, time 9.97e-02, U, 3 components, 859 values
INFO: Step 8, time 9.97e-02, S, 6 components, 859 values
INFO: Step 8, time 9.97e-02, S_Mises, 1 components, 859 values
INFO: Step 8, time 9.97e-02, S_Principal, 3 components, 859 values
INFO: Step 8, time 9.97e-02, PEEQ, 1 components, 859 values
INFO: Step 8, time 9.97e-02, CONTACT, 6 components, 859 values
INFO: Step 8, time 9.97e-02, ERROR, 1 components, 859 values
INFO: Writing Biegung.008.vtk
INFO: Writing Biegung.008.vtu
INFO: Step 9, time 1.08e-01, U, 3 components, 859 values
INFO: Step 9, time 1.08e-01, S, 6 components, 859 values
INFO: Step 9, time 1.08e-01, S_Mises, 1 components, 859 values
INFO: Step 9, time 1.08e-01, S_Principal, 3 components, 859 values
INFO: Step 9, time 1.08e-01, PEEQ, 1 components, 859 values
INFO: Step 9, time 1.08e-01, CONTACT, 6 components, 859 values
INFO: Step 9, time 1.08e-01, ERROR, 1 components, 859 values
INFO: Writing Biegung.009.vtk
INFO: Writing Biegung.009.vtu
INFO: Step 10, time 1.17e-01, U, 3 components, 859 values
INFO: Step 10, time 1.17e-01, S, 6 components, 859 values
INFO: Step 10, time 1.17e-01, S_Mises, 1 components, 859 values
INFO: Step 10, time 1.17e-01, S_Principal, 3 components, 859 values
INFO: Step 10, time 1.17e-01, PEEQ, 1 components, 859 values
INFO: Step 10, time 1.17e-01, CONTACT, 6 components, 859 values
INFO: Step 10, time 1.17e-01, ERROR, 1 components, 859 values
INFO: Writing Biegung.010.vtk
INFO: Writing Biegung.010.vtu
INFO: Step 11, time 1.25e-01, U, 3 components, 859 values
INFO: Step 11, time 1.25e-01, S, 6 components, 859 values
INFO: Step 11, time 1.25e-01, S_Mises, 1 components, 859 values
INFO: Step 11, time 1.25e-01, S_Principal, 3 components, 859 values
INFO: Step 11, time 1.25e-01, PEEQ, 1 components, 859 values
INFO: Step 11, time 1.25e-01, CONTACT, 6 components, 859 values
INFO: Step 11, time 1.25e-01, ERROR, 1 components, 859 values
INFO: Writing Biegung.011.vtk
INFO: Writing Biegung.011.vtu
INFO: Step 12, time 1.38e-01, U, 3 components, 859 values
INFO: Step 12, time 1.38e-01, S, 6 components, 859 values
INFO: Step 12, time 1.38e-01, S_Mises, 1 components, 859 values
INFO: Step 12, time 1.38e-01, S_Principal, 3 components, 859 values
INFO: Step 12, time 1.38e-01, PEEQ, 1 components, 859 values
INFO: Step 12, time 1.38e-01, CONTACT, 6 components, 859 values
INFO: Step 12, time 1.38e-01, ERROR, 1 components, 859 values
INFO: Writing Biegung.012.vtk
INFO: Writing Biegung.012.vtu
INFO: Step 13, time 1.50e-01, U, 3 components, 859 values
INFO: Step 13, time 1.50e-01, S, 6 components, 859 values
INFO: Step 13, time 1.50e-01, S_Mises, 1 components, 859 values
INFO: Step 13, time 1.50e-01, S_Principal, 3 components, 859 values
INFO: Step 13, time 1.50e-01, PEEQ, 1 components, 859 values
INFO: Step 13, time 1.50e-01, CONTACT, 6 components, 859 values
INFO: Step 13, time 1.50e-01, ERROR, 1 components, 859 values
INFO: Writing Biegung.013.vtk
INFO: Writing Biegung.013.vtu
INFO: Step 14, time 1.63e-01, U, 3 components, 859 values
INFO: Step 14, time 1.63e-01, S, 6 components, 859 values
INFO: Step 14, time 1.63e-01, S_Mises, 1 components, 859 values
INFO: Step 14, time 1.63e-01, S_Principal, 3 components, 859 values
INFO: Step 14, time 1.63e-01, PEEQ, 1 components, 859 values
INFO: Step 14, time 1.63e-01, CONTACT, 6 components, 859 values
INFO: Step 14, time 1.63e-01, ERROR, 1 components, 859 values
INFO: Writing Biegung.014.vtk
INFO: Writing Biegung.014.vtu
INFO: Step 15, time 1.66e-01, U, 3 components, 859 values
INFO: Step 15, time 1.66e-01, S, 6 components, 859 values
INFO: Step 15, time 1.66e-01, S_Mises, 1 components, 859 values
INFO: Step 15, time 1.66e-01, S_Principal, 3 components, 859 values
INFO: Step 15, time 1.66e-01, PEEQ, 1 components, 859 values
INFO: Step 15, time 1.66e-01, CONTACT, 6 components, 859 values
INFO: Step 15, time 1.66e-01, ERROR, 1 components, 859 values
INFO: Writing Biegung.015.vtk
INFO: Writing Biegung.015.vtu
INFO: Step 16, time 1.69e-01, U, 3 components, 859 values
INFO: Step 16, time 1.69e-01, S, 6 components, 859 values
INFO: Step 16, time 1.69e-01, S_Mises, 1 components, 859 values
INFO: Step 16, time 1.69e-01, S_Principal, 3 components, 859 values
INFO: Step 16, time 1.69e-01, PEEQ, 1 components, 859 values
INFO: Step 16, time 1.69e-01, CONTACT, 6 components, 859 values
INFO: Step 16, time 1.69e-01, ERROR, 1 components, 859 values
INFO: Writing Biegung.016.vtk
INFO: Writing Biegung.016.vtu
INFO: Step 17, time 1.72e-01, U, 3 components, 859 values
INFO: Step 17, time 1.72e-01, S, 6 components, 859 values
INFO: Step 17, time 1.72e-01, S_Mises, 1 components, 859 values
INFO: Step 17, time 1.72e-01, S_Principal, 3 components, 859 values
INFO: Step 17, time 1.72e-01, PEEQ, 1 components, 859 values
INFO: Step 17, time 1.72e-01, CONTACT, 6 components, 859 values
INFO: Step 17, time 1.72e-01, ERROR, 1 components, 859 values
INFO: Writing Biegung.017.vtk
INFO: Writing Biegung.017.vtu
INFO: Step 18, time 1.76e-01, U, 3 components, 859 values
INFO: Step 18, time 1.76e-01, S, 6 components, 859 values
INFO: Step 18, time 1.76e-01, S_Mises, 1 components, 859 values
INFO: Step 18, time 1.76e-01, S_Principal, 3 components, 859 values
INFO: Step 18, time 1.76e-01, PEEQ, 1 components, 859 values
INFO: Step 18, time 1.76e-01, CONTACT, 6 components, 859 values
INFO: Step 18, time 1.76e-01, ERROR, 1 components, 859 values
INFO: Writing Biegung.018.vtk
INFO: Writing Biegung.018.vtu
INFO: Step 19, time 1.79e-01, U, 3 components, 859 values
INFO: Step 19, time 1.79e-01, S, 6 components, 859 values
INFO: Step 19, time 1.79e-01, S_Mises, 1 components, 859 values
INFO: Step 19, time 1.79e-01, S_Principal, 3 components, 859 values
INFO: Step 19, time 1.79e-01, PEEQ, 1 components, 859 values
INFO: Step 19, time 1.79e-01, CONTACT, 6 components, 859 values
INFO: Step 19, time 1.79e-01, ERROR, 1 components, 859 values
INFO: Writing Biegung.019.vtk
INFO: Writing Biegung.019.vtu
INFO: Step 20, time 1.82e-01, U, 3 components, 859 values
INFO: Step 20, time 1.82e-01, S, 6 components, 859 values
INFO: Step 20, time 1.82e-01, S_Mises, 1 components, 859 values
INFO: Step 20, time 1.82e-01, S_Principal, 3 components, 859 values
INFO: Step 20, time 1.82e-01, PEEQ, 1 components, 859 values
INFO: Step 20, time 1.82e-01, CONTACT, 6 components, 859 values
INFO: Step 20, time 1.82e-01, ERROR, 1 components, 859 values
INFO: Writing Biegung.020.vtk
INFO: Writing Biegung.020.vtu
INFO: Step 21, time 1.87e-01, U, 3 components, 859 values
INFO: Step 21, time 1.87e-01, S, 6 components, 859 values
INFO: Step 21, time 1.87e-01, S_Mises, 1 components, 859 values
INFO: Step 21, time 1.87e-01, S_Principal, 3 components, 859 values
INFO: Step 21, time 1.87e-01, PEEQ, 1 components, 859 values
INFO: Step 21, time 1.87e-01, CONTACT, 6 components, 859 values
INFO: Step 21, time 1.87e-01, ERROR, 1 components, 859 values
INFO: Writing Biegung.021.vtk
INFO: Writing Biegung.021.vtu
INFO: Step 22, time 1.94e-01, U, 3 components, 859 values
INFO: Step 22, time 1.94e-01, S, 6 components, 859 values
INFO: Step 22, time 1.94e-01, S_Mises, 1 components, 859 values
INFO: Step 22, time 1.94e-01, S_Principal, 3 components, 859 values
INFO: Step 22, time 1.94e-01, PEEQ, 1 components, 859 values
INFO: Step 22, time 1.94e-01, CONTACT, 6 components, 859 values
INFO: Step 22, time 1.94e-01, ERROR, 1 components, 859 values
INFO: Writing Biegung.022.vtk
INFO: Writing Biegung.022.vtu
INFO: Step 23, time 2.04e-01, U, 3 components, 859 values
INFO: Step 23, time 2.04e-01, S, 6 components, 859 values
INFO: Step 23, time 2.04e-01, S_Mises, 1 components, 859 values
INFO: Step 23, time 2.04e-01, S_Principal, 3 components, 859 values
INFO: Step 23, time 2.04e-01, PEEQ, 1 components, 859 values
INFO: Step 23, time 2.04e-01, CONTACT, 6 components, 859 values
INFO: Step 23, time 2.04e-01, ERROR, 1 components, 859 values
INFO: Writing Biegung.023.vtk
INFO: Writing Biegung.023.vtu
INFO: Step 24, time 2.07e-01, U, 3 components, 859 values
INFO: Step 24, time 2.07e-01, S, 6 components, 859 values
INFO: Step 24, time 2.07e-01, S_Mises, 1 components, 859 values
INFO: Step 24, time 2.07e-01, S_Principal, 3 components, 859 values
INFO: Step 24, time 2.07e-01, PEEQ, 1 components, 859 values
INFO: Step 24, time 2.07e-01, CONTACT, 6 components, 859 values
INFO: Step 24, time 2.07e-01, ERROR, 1 components, 859 values
INFO: Writing Biegung.024.vtk
INFO: Writing Biegung.024.vtu
INFO: Step 25, time 2.10e-01, U, 3 components, 859 values
INFO: Step 25, time 2.10e-01, S, 6 components, 859 values
INFO: Step 25, time 2.10e-01, S_Mises, 1 components, 859 values
INFO: Step 25, time 2.10e-01, S_Principal, 3 components, 859 values
INFO: Step 25, time 2.10e-01, PEEQ, 1 components, 859 values
INFO: Step 25, time 2.10e-01, CONTACT, 6 components, 859 values
INFO: Step 25, time 2.10e-01, ERROR, 1 components, 859 values
INFO: Writing Biegung.025.vtk
INFO: Writing Biegung.025.vtu
INFO: Step 26, time 2.13e-01, U, 3 components, 859 values
INFO: Step 26, time 2.13e-01, S, 6 components, 859 values
INFO: Step 26, time 2.13e-01, S_Mises, 1 components, 859 values
INFO: Step 26, time 2.13e-01, S_Principal, 3 components, 859 values
INFO: Step 26, time 2.13e-01, PEEQ, 1 components, 859 values
INFO: Step 26, time 2.13e-01, CONTACT, 6 components, 859 values
INFO: Step 26, time 2.13e-01, ERROR, 1 components, 859 values
INFO: Writing Biegung.026.vtk
INFO: Writing Biegung.026.vtu
INFO: Step 27, time 2.17e-01, U, 3 components, 859 values
INFO: Step 27, time 2.17e-01, S, 6 components, 859 values
INFO: Step 27, time 2.17e-01, S_Mises, 1 components, 859 values
INFO: Step 27, time 2.17e-01, S_Principal, 3 components, 859 values
INFO: Step 27, time 2.17e-01, PEEQ, 1 components, 859 values
INFO: Step 27, time 2.17e-01, CONTACT, 6 components, 859 values
INFO: Step 27, time 2.17e-01, ERROR, 1 components, 859 values
INFO: Writing Biegung.027.vtk
INFO: Writing Biegung.027.vtu
INFO: Step 28, time 2.23e-01, U, 3 components, 859 values
INFO: Step 28, time 2.23e-01, S, 6 components, 859 values
INFO: Step 28, time 2.23e-01, S_Mises, 1 components, 859 values
INFO: Step 28, time 2.23e-01, S_Principal, 3 components, 859 values
INFO: Step 28, time 2.23e-01, PEEQ, 1 components, 859 values
INFO: Step 28, time 2.23e-01, CONTACT, 6 components, 859 values
INFO: Step 28, time 2.23e-01, ERROR, 1 components, 859 values
INFO: Writing Biegung.028.vtk
INFO: Writing Biegung.028.vtu
INFO: Step 29, time 2.29e-01, U, 3 components, 859 values
INFO: Step 29, time 2.29e-01, S, 6 components, 859 values
INFO: Step 29, time 2.29e-01, S_Mises, 1 components, 859 values
INFO: Step 29, time 2.29e-01, S_Principal, 3 components, 859 values
INFO: Step 29, time 2.29e-01, PEEQ, 1 components, 859 values
INFO: Step 29, time 2.29e-01, CONTACT, 6 components, 859 values
INFO: Step 29, time 2.29e-01, ERROR, 1 components, 859 values
INFO: Writing Biegung.029.vtk
INFO: Writing Biegung.029.vtu
INFO: Step 30, time 2.35e-01, U, 3 components, 859 values
INFO: Step 30, time 2.35e-01, S, 6 components, 859 values
INFO: Step 30, time 2.35e-01, S_Mises, 1 components, 859 values
INFO: Step 30, time 2.35e-01, S_Principal, 3 components, 859 values
INFO: Step 30, time 2.35e-01, PEEQ, 1 components, 859 values
INFO: Step 30, time 2.35e-01, CONTACT, 6 components, 859 values
INFO: Step 30, time 2.35e-01, ERROR, 1 components, 859 values
INFO: Writing Biegung.030.vtk
INFO: Writing Biegung.030.vtu
INFO: Step 31, time 2.44e-01, U, 3 components, 859 values
INFO: Step 31, time 2.44e-01, S, 6 components, 859 values
INFO: Step 31, time 2.44e-01, S_Mises, 1 components, 859 values
INFO: Step 31, time 2.44e-01, S_Principal, 3 components, 859 values
INFO: Step 31, time 2.44e-01, PEEQ, 1 components, 859 values
INFO: Step 31, time 2.44e-01, CONTACT, 6 components, 859 values
INFO: Step 31, time 2.44e-01, ERROR, 1 components, 859 values
INFO: Writing Biegung.031.vtk
INFO: Writing Biegung.031.vtu
INFO: Step 32, time 2.53e-01, U, 3 components, 859 values
INFO: Step 32, time 2.53e-01, S, 6 components, 859 values
INFO: Step 32, time 2.53e-01, S_Mises, 1 components, 859 values
INFO: Step 32, time 2.53e-01, S_Principal, 3 components, 859 values
INFO: Step 32, time 2.53e-01, PEEQ, 1 components, 859 values
INFO: Step 32, time 2.53e-01, CONTACT, 6 components, 859 values
INFO: Step 32, time 2.53e-01, ERROR, 1 components, 859 values
INFO: Writing Biegung.032.vtk
INFO: Writing Biegung.032.vtu
INFO: Step 33, time 2.62e-01, U, 3 components, 859 values
INFO: Step 33, time 2.62e-01, S, 6 components, 859 values
INFO: Step 33, time 2.62e-01, S_Mises, 1 components, 859 values
INFO: Step 33, time 2.62e-01, S_Principal, 3 components, 859 values
INFO: Step 33, time 2.62e-01, PEEQ, 1 components, 859 values
INFO: Step 33, time 2.62e-01, CONTACT, 6 components, 859 values
INFO: Step 33, time 2.62e-01, ERROR, 1 components, 859 values
INFO: Writing Biegung.033.vtk
INFO: Writing Biegung.033.vtu
INFO: Step 34, time 2.71e-01, U, 3 components, 859 values
INFO: Step 34, time 2.71e-01, S, 6 components, 859 values
INFO: Step 34, time 2.71e-01, S_Mises, 1 components, 859 values
INFO: Step 34, time 2.71e-01, S_Principal, 3 components, 859 values
INFO: Step 34, time 2.71e-01, PEEQ, 1 components, 859 values
INFO: Step 34, time 2.71e-01, CONTACT, 6 components, 859 values
INFO: Step 34, time 2.71e-01, ERROR, 1 components, 859 values
INFO: Writing Biegung.034.vtk
INFO: Writing Biegung.034.vtu
INFO: Step 35, time 2.80e-01, U, 3 components, 859 values
INFO: Step 35, time 2.80e-01, S, 6 components, 859 values
INFO: Step 35, time 2.80e-01, S_Mises, 1 components, 859 values
INFO: Step 35, time 2.80e-01, S_Principal, 3 components, 859 values
INFO: Step 35, time 2.80e-01, PEEQ, 1 components, 859 values
INFO: Step 35, time 2.80e-01, CONTACT, 6 components, 859 values
INFO: Step 35, time 2.80e-01, ERROR, 1 components, 859 values
INFO: Writing Biegung.035.vtk
INFO: Writing Biegung.035.vtu
INFO: Step 36, time 2.89e-01, U, 3 components, 859 values
INFO: Step 36, time 2.89e-01, S, 6 components, 859 values
INFO: Step 36, time 2.89e-01, S_Mises, 1 components, 859 values
INFO: Step 36, time 2.89e-01, S_Principal, 3 components, 859 values
INFO: Step 36, time 2.89e-01, PEEQ, 1 components, 859 values
INFO: Step 36, time 2.89e-01, CONTACT, 6 components, 859 values
INFO: Step 36, time 2.89e-01, ERROR, 1 components, 859 values
INFO: Writing Biegung.036.vtk
INFO: Writing Biegung.036.vtu
INFO: Step 37, time 2.98e-01, U, 3 components, 859 values
INFO: Step 37, time 2.98e-01, S, 6 components, 859 values
INFO: Step 37, time 2.98e-01, S_Mises, 1 components, 859 values
INFO: Step 37, time 2.98e-01, S_Principal, 3 components, 859 values
INFO: Step 37, time 2.98e-01, PEEQ, 1 components, 859 values
INFO: Step 37, time 2.98e-01, CONTACT, 6 components, 859 values
INFO: Step 37, time 2.98e-01, ERROR, 1 components, 859 values
INFO: Writing Biegung.037.vtk
INFO: Writing Biegung.037.vtu
INFO: Step 38, time 3.07e-01, U, 3 components, 859 values
INFO: Step 38, time 3.07e-01, S, 6 components, 859 values
INFO: Step 38, time 3.07e-01, S_Mises, 1 components, 859 values
INFO: Step 38, time 3.07e-01, S_Principal, 3 components, 859 values
INFO: Step 38, time 3.07e-01, PEEQ, 1 components, 859 values
INFO: Step 38, time 3.07e-01, CONTACT, 6 components, 859 values
INFO: Step 38, time 3.07e-01, ERROR, 1 components, 859 values
INFO: Writing Biegung.038.vtk
INFO: Writing Biegung.038.vtu
INFO: Step 39, time 3.16e-01, U, 3 components, 859 values
INFO: Step 39, time 3.16e-01, S, 6 components, 859 values
INFO: Step 39, time 3.16e-01, S_Mises, 1 components, 859 values
INFO: Step 39, time 3.16e-01, S_Principal, 3 components, 859 values
INFO: Step 39, time 3.16e-01, PEEQ, 1 components, 859 values
INFO: Step 39, time 3.16e-01, CONTACT, 6 components, 859 values
INFO: Step 39, time 3.16e-01, ERROR, 1 components, 859 values
INFO: Writing Biegung.039.vtk
INFO: Writing Biegung.039.vtu
INFO: Step 40, time 3.25e-01, U, 3 components, 859 values
INFO: Step 40, time 3.25e-01, S, 6 components, 859 values
INFO: Step 40, time 3.25e-01, S_Mises, 1 components, 859 values
INFO: Step 40, time 3.25e-01, S_Principal, 3 components, 859 values
INFO: Step 40, time 3.25e-01, PEEQ, 1 components, 859 values
INFO: Step 40, time 3.25e-01, CONTACT, 6 components, 859 values
INFO: Step 40, time 3.25e-01, ERROR, 1 components, 859 values
INFO: Writing Biegung.040.vtk
INFO: Writing Biegung.040.vtu
INFO: Step 41, time 3.27e-01, U, 3 components, 859 values
INFO: Step 41, time 3.27e-01, S, 6 components, 859 values
INFO: Step 41, time 3.27e-01, S_Mises, 1 components, 859 values
INFO: Step 41, time 3.27e-01, S_Principal, 3 components, 859 values
INFO: Step 41, time 3.27e-01, PEEQ, 1 components, 859 values
INFO: Step 41, time 3.27e-01, CONTACT, 6 components, 859 values
INFO: Step 41, time 3.27e-01, ERROR, 1 components, 859 values
INFO: Writing Biegung.041.vtk
INFO: Writing Biegung.041.vtu
INFO: Step 42, time 3.29e-01, U, 3 components, 859 values
INFO: Step 42, time 3.29e-01, S, 6 components, 859 values
INFO: Step 42, time 3.29e-01, S_Mises, 1 components, 859 values
INFO: Step 42, time 3.29e-01, S_Principal, 3 components, 859 values
INFO: Step 42, time 3.29e-01, PEEQ, 1 components, 859 values
INFO: Step 42, time 3.29e-01, CONTACT, 6 components, 859 values
INFO: Step 42, time 3.29e-01, ERROR, 1 components, 859 values
INFO: Writing Biegung.042.vtk
INFO: Writing Biegung.042.vtu
INFO: Step 43, time 3.31e-01, U, 3 components, 859 values
INFO: Step 43, time 3.31e-01, S, 6 components, 859 values
INFO: Step 43, time 3.31e-01, S_Mises, 1 components, 859 values
INFO: Step 43, time 3.31e-01, S_Principal, 3 components, 859 values
INFO: Step 43, time 3.31e-01, PEEQ, 1 components, 859 values
INFO: Step 43, time 3.31e-01, CONTACT, 6 components, 859 values
INFO: Step 43, time 3.31e-01, ERROR, 1 components, 859 values
INFO: Writing Biegung.043.vtk
INFO: Writing Biegung.043.vtu
INFO: Step 44, time 3.35e-01, U, 3 components, 859 values
INFO: Step 44, time 3.35e-01, S, 6 components, 859 values
INFO: Step 44, time 3.35e-01, S_Mises, 1 components, 859 values
INFO: Step 44, time 3.35e-01, S_Principal, 3 components, 859 values
INFO: Step 44, time 3.35e-01, PEEQ, 1 components, 859 values
INFO: Step 44, time 3.35e-01, CONTACT, 6 components, 859 values
INFO: Step 44, time 3.35e-01, ERROR, 1 components, 859 values
INFO: Writing Biegung.044.vtk
INFO: Writing Biegung.044.vtu
INFO: Step 45, time 3.40e-01, U, 3 components, 859 values
INFO: Step 45, time 3.40e-01, S, 6 components, 859 values
INFO: Step 45, time 3.40e-01, S_Mises, 1 components, 859 values
INFO: Step 45, time 3.40e-01, S_Principal, 3 components, 859 values
INFO: Step 45, time 3.40e-01, PEEQ, 1 components, 859 values
INFO: Step 45, time 3.40e-01, CONTACT, 6 components, 859 values
INFO: Step 45, time 3.40e-01, ERROR, 1 components, 859 values
INFO: Writing Biegung.045.vtk
INFO: Writing Biegung.045.vtu
INFO: Step 46, time 3.47e-01, U, 3 components, 859 values
INFO: Step 46, time 3.47e-01, S, 6 components, 859 values
INFO: Step 46, time 3.47e-01, S_Mises, 1 components, 859 values
INFO: Step 46, time 3.47e-01, S_Principal, 3 components, 859 values
INFO: Step 46, time 3.47e-01, PEEQ, 1 components, 859 values
INFO: Step 46, time 3.47e-01, CONTACT, 6 components, 859 values
INFO: Step 46, time 3.47e-01, ERROR, 1 components, 859 values
INFO: Writing Biegung.046.vtk
INFO: Writing Biegung.046.vtu
INFO: Step 47, time 3.55e-01, U, 3 components, 859 values
INFO: Step 47, time 3.55e-01, S, 6 components, 859 values
INFO: Step 47, time 3.55e-01, S_Mises, 1 components, 859 values
INFO: Step 47, time 3.55e-01, S_Principal, 3 components, 859 values
INFO: Step 47, time 3.55e-01, PEEQ, 1 components, 859 values
INFO: Step 47, time 3.55e-01, CONTACT, 6 components, 859 values
INFO: Step 47, time 3.55e-01, ERROR, 1 components, 859 values
INFO: Writing Biegung.047.vtk
INFO: Writing Biegung.047.vtu
INFO: Step 48, time 3.63e-01, U, 3 components, 859 values
INFO: Step 48, time 3.63e-01, S, 6 components, 859 values
INFO: Step 48, time 3.63e-01, S_Mises, 1 components, 859 values
INFO: Step 48, time 3.63e-01, S_Principal, 3 components, 859 values
INFO: Step 48, time 3.63e-01, PEEQ, 1 components, 859 values
INFO: Step 48, time 3.63e-01, CONTACT, 6 components, 859 values
INFO: Step 48, time 3.63e-01, ERROR, 1 components, 859 values
INFO: Writing Biegung.048.vtk
INFO: Writing Biegung.048.vtu
INFO: Step 49, time 3.70e-01, U, 3 components, 859 values
INFO: Step 49, time 3.70e-01, S, 6 components, 859 values
INFO: Step 49, time 3.70e-01, S_Mises, 1 components, 859 values
INFO: Step 49, time 3.70e-01, S_Principal, 3 components, 859 values
INFO: Step 49, time 3.70e-01, PEEQ, 1 components, 859 values
INFO: Step 49, time 3.70e-01, CONTACT, 6 components, 859 values
INFO: Step 49, time 3.70e-01, ERROR, 1 components, 859 values
INFO: Writing Biegung.049.vtk
INFO: Writing Biegung.049.vtu
INFO: Step 50, time 3.78e-01, U, 3 components, 859 values
INFO: Step 50, time 3.78e-01, S, 6 components, 859 values
INFO: Step 50, time 3.78e-01, S_Mises, 1 components, 859 values
INFO: Step 50, time 3.78e-01, S_Principal, 3 components, 859 values
INFO: Step 50, time 3.78e-01, PEEQ, 1 components, 859 values
INFO: Step 50, time 3.78e-01, CONTACT, 6 components, 859 values
INFO: Step 50, time 3.78e-01, ERROR, 1 components, 859 values
INFO: Writing Biegung.050.vtk
INFO: Writing Biegung.050.vtu
INFO: Step 51, time 3.85e-01, U, 3 components, 859 values
INFO: Step 51, time 3.85e-01, S, 6 components, 859 values
INFO: Step 51, time 3.85e-01, S_Mises, 1 components, 859 values
INFO: Step 51, time 3.85e-01, S_Principal, 3 components, 859 values
INFO: Step 51, time 3.85e-01, PEEQ, 1 components, 859 values
INFO: Step 51, time 3.85e-01, CONTACT, 6 components, 859 values
INFO: Step 51, time 3.85e-01, ERROR, 1 components, 859 values
INFO: Writing Biegung.051.vtk
INFO: Writing Biegung.051.vtu
INFO: Step 52, time 3.93e-01, U, 3 components, 859 values
INFO: Step 52, time 3.93e-01, S, 6 components, 859 values
INFO: Step 52, time 3.93e-01, S_Mises, 1 components, 859 values
INFO: Step 52, time 3.93e-01, S_Principal, 3 components, 859 values
INFO: Step 52, time 3.93e-01, PEEQ, 1 components, 859 values
INFO: Step 52, time 3.93e-01, CONTACT, 6 components, 859 values
INFO: Step 52, time 3.93e-01, ERROR, 1 components, 859 values
INFO: Writing Biegung.052.vtk
INFO: Writing Biegung.052.vtu
INFO: Step 53, time 4.01e-01, U, 3 components, 859 values
INFO: Step 53, time 4.01e-01, S, 6 components, 859 values
INFO: Step 53, time 4.01e-01, S_Mises, 1 components, 859 values
INFO: Step 53, time 4.01e-01, S_Principal, 3 components, 859 values
INFO: Step 53, time 4.01e-01, PEEQ, 1 components, 859 values
INFO: Step 53, time 4.01e-01, CONTACT, 6 components, 859 values
INFO: Step 53, time 4.01e-01, ERROR, 1 components, 859 values
INFO: Writing Biegung.053.vtk
INFO: Writing Biegung.053.vtu
INFO: Step 54, time 4.08e-01, U, 3 components, 859 values
INFO: Step 54, time 4.08e-01, S, 6 components, 859 values
INFO: Step 54, time 4.08e-01, S_Mises, 1 components, 859 values
INFO: Step 54, time 4.08e-01, S_Principal, 3 components, 859 values
INFO: Step 54, time 4.08e-01, PEEQ, 1 components, 859 values
INFO: Step 54, time 4.08e-01, CONTACT, 6 components, 859 values
INFO: Step 54, time 4.08e-01, ERROR, 1 components, 859 values
INFO: Writing Biegung.054.vtk
INFO: Writing Biegung.054.vtu
INFO: Step 55, time 4.16e-01, U, 3 components, 859 values
INFO: Step 55, time 4.16e-01, S, 6 components, 859 values
INFO: Step 55, time 4.16e-01, S_Mises, 1 components, 859 values
INFO: Step 55, time 4.16e-01, S_Principal, 3 components, 859 values
INFO: Step 55, time 4.16e-01, PEEQ, 1 components, 859 values
INFO: Step 55, time 4.16e-01, CONTACT, 6 components, 859 values
INFO: Step 55, time 4.16e-01, ERROR, 1 components, 859 values
INFO: Writing Biegung.055.vtk
INFO: Writing Biegung.055.vtu
INFO: Step 56, time 4.23e-01, U, 3 components, 859 values
INFO: Step 56, time 4.23e-01, S, 6 components, 859 values
INFO: Step 56, time 4.23e-01, S_Mises, 1 components, 859 values
INFO: Step 56, time 4.23e-01, S_Principal, 3 components, 859 values
INFO: Step 56, time 4.23e-01, PEEQ, 1 components, 859 values
INFO: Step 56, time 4.23e-01, CONTACT, 6 components, 859 values
INFO: Step 56, time 4.23e-01, ERROR, 1 components, 859 values
INFO: Writing Biegung.056.vtk
INFO: Writing Biegung.056.vtu
INFO: Step 57, time 4.31e-01, U, 3 components, 859 values
INFO: Step 57, time 4.31e-01, S, 6 components, 859 values
INFO: Step 57, time 4.31e-01, S_Mises, 1 components, 859 values
INFO: Step 57, time 4.31e-01, S_Principal, 3 components, 859 values
INFO: Step 57, time 4.31e-01, PEEQ, 1 components, 859 values
INFO: Step 57, time 4.31e-01, CONTACT, 6 components, 859 values
INFO: Step 57, time 4.31e-01, ERROR, 1 components, 859 values
INFO: Writing Biegung.057.vtk
INFO: Writing Biegung.057.vtu
INFO: Step 58, time 4.39e-01, U, 3 components, 859 values
INFO: Step 58, time 4.39e-01, S, 6 components, 859 values
INFO: Step 58, time 4.39e-01, S_Mises, 1 components, 859 values
INFO: Step 58, time 4.39e-01, S_Principal, 3 components, 859 values
INFO: Step 58, time 4.39e-01, PEEQ, 1 components, 859 values
INFO: Step 58, time 4.39e-01, CONTACT, 6 components, 859 values
INFO: Step 58, time 4.39e-01, ERROR, 1 components, 859 values
INFO: Writing Biegung.058.vtk
INFO: Writing Biegung.058.vtu
INFO: Step 59, time 4.46e-01, U, 3 components, 859 values
INFO: Step 59, time 4.46e-01, S, 6 components, 859 values
INFO: Step 59, time 4.46e-01, S_Mises, 1 components, 859 values
INFO: Step 59, time 4.46e-01, S_Principal, 3 components, 859 values
INFO: Step 59, time 4.46e-01, PEEQ, 1 components, 859 values
INFO: Step 59, time 4.46e-01, CONTACT, 6 components, 859 values
INFO: Step 59, time 4.46e-01, ERROR, 1 components, 859 values
INFO: Writing Biegung.059.vtk
INFO: Writing Biegung.059.vtu
INFO: Step 60, time 4.54e-01, U, 3 components, 859 values
INFO: Step 60, time 4.54e-01, S, 6 components, 859 values
INFO: Step 60, time 4.54e-01, S_Mises, 1 components, 859 values
INFO: Step 60, time 4.54e-01, S_Principal, 3 components, 859 values
INFO: Step 60, time 4.54e-01, PEEQ, 1 components, 859 values
INFO: Step 60, time 4.54e-01, CONTACT, 6 components, 859 values
INFO: Step 60, time 4.54e-01, ERROR, 1 components, 859 values
INFO: Writing Biegung.060.vtk
INFO: Writing Biegung.060.vtu
INFO: Step 61, time 4.61e-01, U, 3 components, 859 values
INFO: Step 61, time 4.61e-01, S, 6 components, 859 values
INFO: Step 61, time 4.61e-01, S_Mises, 1 components, 859 values
INFO: Step 61, time 4.61e-01, S_Principal, 3 components, 859 values
INFO: Step 61, time 4.61e-01, PEEQ, 1 components, 859 values
INFO: Step 61, time 4.61e-01, CONTACT, 6 components, 859 values
INFO: Step 61, time 4.61e-01, ERROR, 1 components, 859 values
INFO: Writing Biegung.061.vtk
INFO: Writing Biegung.061.vtu
INFO: Step 62, time 4.69e-01, U, 3 components, 859 values
INFO: Step 62, time 4.69e-01, S, 6 components, 859 values
INFO: Step 62, time 4.69e-01, S_Mises, 1 components, 859 values
INFO: Step 62, time 4.69e-01, S_Principal, 3 components, 859 values
INFO: Step 62, time 4.69e-01, PEEQ, 1 components, 859 values
INFO: Step 62, time 4.69e-01, CONTACT, 6 components, 859 values
INFO: Step 62, time 4.69e-01, ERROR, 1 components, 859 values
INFO: Writing Biegung.062.vtk
INFO: Writing Biegung.062.vtu
INFO: Step 63, time 4.77e-01, U, 3 components, 859 values
INFO: Step 63, time 4.77e-01, S, 6 components, 859 values
INFO: Step 63, time 4.77e-01, S_Mises, 1 components, 859 values
INFO: Step 63, time 4.77e-01, S_Principal, 3 components, 859 values
INFO: Step 63, time 4.77e-01, PEEQ, 1 components, 859 values
INFO: Step 63, time 4.77e-01, CONTACT, 6 components, 859 values
INFO: Step 63, time 4.77e-01, ERROR, 1 components, 859 values
INFO: Writing Biegung.063.vtk
INFO: Writing Biegung.063.vtu
INFO: Step 64, time 4.84e-01, U, 3 components, 859 values
INFO: Step 64, time 4.84e-01, S, 6 components, 859 values
INFO: Step 64, time 4.84e-01, S_Mises, 1 components, 859 values
INFO: Step 64, time 4.84e-01, S_Principal, 3 components, 859 values
INFO: Step 64, time 4.84e-01, PEEQ, 1 components, 859 values
INFO: Step 64, time 4.84e-01, CONTACT, 6 components, 859 values
INFO: Step 64, time 4.84e-01, ERROR, 1 components, 859 values
INFO: Writing Biegung.064.vtk
INFO: Writing Biegung.064.vtu
INFO: Step 65, time 4.92e-01, U, 3 components, 859 values
INFO: Step 65, time 4.92e-01, S, 6 components, 859 values
INFO: Step 65, time 4.92e-01, S_Mises, 1 components, 859 values
INFO: Step 65, time 4.92e-01, S_Principal, 3 components, 859 values
INFO: Step 65, time 4.92e-01, PEEQ, 1 components, 859 values
INFO: Step 65, time 4.92e-01, CONTACT, 6 components, 859 values
INFO: Step 65, time 4.92e-01, ERROR, 1 components, 859 values
INFO: Writing Biegung.065.vtk
INFO: Writing Biegung.065.vtu
INFO: Step 66, time 4.99e-01, U, 3 components, 859 values
INFO: Step 66, time 4.99e-01, S, 6 components, 859 values
INFO: Step 66, time 4.99e-01, S_Mises, 1 components, 859 values
INFO: Step 66, time 4.99e-01, S_Principal, 3 components, 859 values
INFO: Step 66, time 4.99e-01, PEEQ, 1 components, 859 values
INFO: Step 66, time 4.99e-01, CONTACT, 6 components, 859 values
INFO: Step 66, time 4.99e-01, ERROR, 1 components, 859 values
INFO: Writing Biegung.066.vtk
INFO: Writing Biegung.066.vtu
INFO: Step 67, time 5.07e-01, U, 3 components, 859 values
INFO: Step 67, time 5.07e-01, S, 6 components, 859 values
INFO: Step 67, time 5.07e-01, S_Mises, 1 components, 859 values
INFO: Step 67, time 5.07e-01, S_Principal, 3 components, 859 values
INFO: Step 67, time 5.07e-01, PEEQ, 1 components, 859 values
INFO: Step 67, time 5.07e-01, CONTACT, 6 components, 859 values
INFO: Step 67, time 5.07e-01, ERROR, 1 components, 859 values
INFO: Writing Biegung.067.vtk
INFO: Writing Biegung.067.vtu
INFO: Step 68, time 5.15e-01, U, 3 components, 859 values
INFO: Step 68, time 5.15e-01, S, 6 components, 859 values
INFO: Step 68, time 5.15e-01, S_Mises, 1 components, 859 values
INFO: Step 68, time 5.15e-01, S_Principal, 3 components, 859 values
INFO: Step 68, time 5.15e-01, PEEQ, 1 components, 859 values
INFO: Step 68, time 5.15e-01, CONTACT, 6 components, 859 values
INFO: Step 68, time 5.15e-01, ERROR, 1 components, 859 values
INFO: Writing Biegung.068.vtk
INFO: Writing Biegung.068.vtu
INFO: Step 69, time 5.22e-01, U, 3 components, 859 values
INFO: Step 69, time 5.22e-01, S, 6 components, 859 values
INFO: Step 69, time 5.22e-01, S_Mises, 1 components, 859 values
INFO: Step 69, time 5.22e-01, S_Principal, 3 components, 859 values
INFO: Step 69, time 5.22e-01, PEEQ, 1 components, 859 values
INFO: Step 69, time 5.22e-01, CONTACT, 6 components, 859 values
INFO: Step 69, time 5.22e-01, ERROR, 1 components, 859 values
INFO: Writing Biegung.069.vtk
INFO: Writing Biegung.069.vtu
INFO: Step 70, time 5.30e-01, U, 3 components, 859 values
INFO: Step 70, time 5.30e-01, S, 6 components, 859 values
INFO: Step 70, time 5.30e-01, S_Mises, 1 components, 859 values
INFO: Step 70, time 5.30e-01, S_Principal, 3 components, 859 values
INFO: Step 70, time 5.30e-01, PEEQ, 1 components, 859 values
INFO: Step 70, time 5.30e-01, CONTACT, 6 components, 859 values
INFO: Step 70, time 5.30e-01, ERROR, 1 components, 859 values
INFO: Writing Biegung.070.vtk
INFO: Writing Biegung.070.vtu
INFO: Step 71, time 5.37e-01, U, 3 components, 859 values
INFO: Step 71, time 5.37e-01, S, 6 components, 859 values
INFO: Step 71, time 5.37e-01, S_Mises, 1 components, 859 values
INFO: Step 71, time 5.37e-01, S_Principal, 3 components, 859 values
INFO: Step 71, time 5.37e-01, PEEQ, 1 components, 859 values
INFO: Step 71, time 5.37e-01, CONTACT, 6 components, 859 values
INFO: Step 71, time 5.37e-01, ERROR, 1 components, 859 values
INFO: Writing Biegung.071.vtk
INFO: Writing Biegung.071.vtu
INFO: Step 72, time 5.45e-01, U, 3 components, 859 values
INFO: Step 72, time 5.45e-01, S, 6 components, 859 values
INFO: Step 72, time 5.45e-01, S_Mises, 1 components, 859 values
INFO: Step 72, time 5.45e-01, S_Principal, 3 components, 859 values
INFO: Step 72, time 5.45e-01, PEEQ, 1 components, 859 values
INFO: Step 72, time 5.45e-01, CONTACT, 6 components, 859 values
INFO: Step 72, time 5.45e-01, ERROR, 1 components, 859 values
INFO: Writing Biegung.072.vtk
INFO: Writing Biegung.072.vtu
INFO: Step 73, time 5.53e-01, U, 3 components, 859 values
INFO: Step 73, time 5.53e-01, S, 6 components, 859 values
INFO: Step 73, time 5.53e-01, S_Mises, 1 components, 859 values
INFO: Step 73, time 5.53e-01, S_Principal, 3 components, 859 values
INFO: Step 73, time 5.53e-01, PEEQ, 1 components, 859 values
INFO: Step 73, time 5.53e-01, CONTACT, 6 components, 859 values
INFO: Step 73, time 5.53e-01, ERROR, 1 components, 859 values
INFO: Writing Biegung.073.vtk
INFO: Writing Biegung.073.vtu
INFO: Step 74, time 5.60e-01, U, 3 components, 859 values
INFO: Step 74, time 5.60e-01, S, 6 components, 859 values
INFO: Step 74, time 5.60e-01, S_Mises, 1 components, 859 values
INFO: Step 74, time 5.60e-01, S_Principal, 3 components, 859 values
INFO: Step 74, time 5.60e-01, PEEQ, 1 components, 859 values
INFO: Step 74, time 5.60e-01, CONTACT, 6 components, 859 values
INFO: Step 74, time 5.60e-01, ERROR, 1 components, 859 values
INFO: Writing Biegung.074.vtk
INFO: Writing Biegung.074.vtu
INFO: Step 75, time 5.72e-01, U, 3 components, 859 values
INFO: Step 75, time 5.72e-01, S, 6 components, 859 values
INFO: Step 75, time 5.72e-01, S_Mises, 1 components, 859 values
INFO: Step 75, time 5.72e-01, S_Principal, 3 components, 859 values
INFO: Step 75, time 5.72e-01, PEEQ, 1 components, 859 values
INFO: Step 75, time 5.72e-01, CONTACT, 6 components, 859 values
INFO: Step 75, time 5.72e-01, ERROR, 1 components, 859 values
INFO: Writing Biegung.075.vtk
INFO: Writing Biegung.075.vtu
INFO: Step 76, time 5.83e-01, U, 3 components, 859 values
INFO: Step 76, time 5.83e-01, S, 6 components, 859 values
INFO: Step 76, time 5.83e-01, S_Mises, 1 components, 859 values
INFO: Step 76, time 5.83e-01, S_Principal, 3 components, 859 values
INFO: Step 76, time 5.83e-01, PEEQ, 1 components, 859 values
INFO: Step 76, time 5.83e-01, CONTACT, 6 components, 859 values
INFO: Step 76, time 5.83e-01, ERROR, 1 components, 859 values
INFO: Writing Biegung.076.vtk
INFO: Writing Biegung.076.vtu
INFO: Step 77, time 5.86e-01, U, 3 components, 859 values
INFO: Step 77, time 5.86e-01, S, 6 components, 859 values
INFO: Step 77, time 5.86e-01, S_Mises, 1 components, 859 values
INFO: Step 77, time 5.86e-01, S_Principal, 3 components, 859 values
INFO: Step 77, time 5.86e-01, PEEQ, 1 components, 859 values
INFO: Step 77, time 5.86e-01, CONTACT, 6 components, 859 values
INFO: Step 77, time 5.86e-01, ERROR, 1 components, 859 values
INFO: Writing Biegung.077.vtk
INFO: Writing Biegung.077.vtu
INFO: Step 78, time 5.89e-01, U, 3 components, 859 values
INFO: Step 78, time 5.89e-01, S, 6 components, 859 values
INFO: Step 78, time 5.89e-01, S_Mises, 1 components, 859 values
INFO: Step 78, time 5.89e-01, S_Principal, 3 components, 859 values
INFO: Step 78, time 5.89e-01, PEEQ, 1 components, 859 values
INFO: Step 78, time 5.89e-01, CONTACT, 6 components, 859 values
INFO: Step 78, time 5.89e-01, ERROR, 1 components, 859 values
INFO: Writing Biegung.078.vtk
INFO: Writing Biegung.078.vtu
INFO: Step 79, time 5.92e-01, U, 3 components, 859 values
INFO: Step 79, time 5.92e-01, S, 6 components, 859 values
INFO: Step 79, time 5.92e-01, S_Mises, 1 components, 859 values
INFO: Step 79, time 5.92e-01, S_Principal, 3 components, 859 values
INFO: Step 79, time 5.92e-01, PEEQ, 1 components, 859 values
INFO: Step 79, time 5.92e-01, CONTACT, 6 components, 859 values
INFO: Step 79, time 5.92e-01, ERROR, 1 components, 859 values
INFO: Writing Biegung.079.vtk
INFO: Writing Biegung.079.vtu
INFO: Step 80, time 5.96e-01, U, 3 components, 859 values
INFO: Step 80, time 5.96e-01, S, 6 components, 859 values
INFO: Step 80, time 5.96e-01, S_Mises, 1 components, 859 values
INFO: Step 80, time 5.96e-01, S_Principal, 3 components, 859 values
INFO: Step 80, time 5.96e-01, PEEQ, 1 components, 859 values
INFO: Step 80, time 5.96e-01, CONTACT, 6 components, 859 values
INFO: Step 80, time 5.96e-01, ERROR, 1 components, 859 values
INFO: Writing Biegung.080.vtk
INFO: Writing Biegung.080.vtu
INFO: Step 81, time 6.02e-01, U, 3 components, 859 values
INFO: Step 81, time 6.02e-01, S, 6 components, 859 values
INFO: Step 81, time 6.02e-01, S_Mises, 1 components, 859 values
INFO: Step 81, time 6.02e-01, S_Principal, 3 components, 859 values
INFO: Step 81, time 6.02e-01, PEEQ, 1 components, 859 values
INFO: Step 81, time 6.02e-01, CONTACT, 6 components, 859 values
INFO: Step 81, time 6.02e-01, ERROR, 1 components, 859 values
INFO: Writing Biegung.081.vtk
INFO: Writing Biegung.081.vtu
INFO: Step 82, time 6.12e-01, U, 3 components, 859 values
INFO: Step 82, time 6.12e-01, S, 6 components, 859 values
INFO: Step 82, time 6.12e-01, S_Mises, 1 components, 859 values
INFO: Step 82, time 6.12e-01, S_Principal, 3 components, 859 values
INFO: Step 82, time 6.12e-01, PEEQ, 1 components, 859 values
INFO: Step 82, time 6.12e-01, CONTACT, 6 components, 859 values
INFO: Step 82, time 6.12e-01, ERROR, 1 components, 859 values
INFO: Writing Biegung.082.vtk
INFO: Writing Biegung.082.vtu
INFO: Step 83, time 6.22e-01, U, 3 components, 859 values
INFO: Step 83, time 6.22e-01, S, 6 components, 859 values
INFO: Step 83, time 6.22e-01, S_Mises, 1 components, 859 values
INFO: Step 83, time 6.22e-01, S_Principal, 3 components, 859 values
INFO: Step 83, time 6.22e-01, PEEQ, 1 components, 859 values
INFO: Step 83, time 6.22e-01, CONTACT, 6 components, 859 values
INFO: Step 83, time 6.22e-01, ERROR, 1 components, 859 values
INFO: Writing Biegung.083.vtk
INFO: Writing Biegung.083.vtu
INFO: Step 84, time 6.31e-01, U, 3 components, 859 values
INFO: Step 84, time 6.31e-01, S, 6 components, 859 values
INFO: Step 84, time 6.31e-01, S_Mises, 1 components, 859 values
INFO: Step 84, time 6.31e-01, S_Principal, 3 components, 859 values
INFO: Step 84, time 6.31e-01, PEEQ, 1 components, 859 values
INFO: Step 84, time 6.31e-01, CONTACT, 6 components, 859 values
INFO: Step 84, time 6.31e-01, ERROR, 1 components, 859 values
INFO: Writing Biegung.084.vtk
INFO: Writing Biegung.084.vtu
INFO: Step 85, time 6.41e-01, U, 3 components, 859 values
INFO: Step 85, time 6.41e-01, S, 6 components, 859 values
INFO: Step 85, time 6.41e-01, S_Mises, 1 components, 859 values
INFO: Step 85, time 6.41e-01, S_Principal, 3 components, 859 values
INFO: Step 85, time 6.41e-01, PEEQ, 1 components, 859 values
INFO: Step 85, time 6.41e-01, CONTACT, 6 components, 859 values
INFO: Step 85, time 6.41e-01, ERROR, 1 components, 859 values
INFO: Writing Biegung.085.vtk
INFO: Writing Biegung.085.vtu
INFO: Step 86, time 6.50e-01, U, 3 components, 859 values
INFO: Step 86, time 6.50e-01, S, 6 components, 859 values
INFO: Step 86, time 6.50e-01, S_Mises, 1 components, 859 values
INFO: Step 86, time 6.50e-01, S_Principal, 3 components, 859 values
INFO: Step 86, time 6.50e-01, PEEQ, 1 components, 859 values
INFO: Step 86, time 6.50e-01, CONTACT, 6 components, 859 values
INFO: Step 86, time 6.50e-01, ERROR, 1 components, 859 values
INFO: Writing Biegung.086.vtk
INFO: Writing Biegung.086.vtu
INFO: Step 87, time 6.60e-01, U, 3 components, 859 values
INFO: Step 87, time 6.60e-01, S, 6 components, 859 values
INFO: Step 87, time 6.60e-01, S_Mises, 1 components, 859 values
INFO: Step 87, time 6.60e-01, S_Principal, 3 components, 859 values
INFO: Step 87, time 6.60e-01, PEEQ, 1 components, 859 values
INFO: Step 87, time 6.60e-01, CONTACT, 6 components, 859 values
INFO: Step 87, time 6.60e-01, ERROR, 1 components, 859 values
INFO: Writing Biegung.087.vtk
INFO: Writing Biegung.087.vtu
INFO: Step 88, time 6.70e-01, U, 3 components, 859 values
INFO: Step 88, time 6.70e-01, S, 6 components, 859 values
INFO: Step 88, time 6.70e-01, S_Mises, 1 components, 859 values
INFO: Step 88, time 6.70e-01, S_Principal, 3 components, 859 values
INFO: Step 88, time 6.70e-01, PEEQ, 1 components, 859 values
INFO: Step 88, time 6.70e-01, CONTACT, 6 components, 859 values
INFO: Step 88, time 6.70e-01, ERROR, 1 components, 859 values
INFO: Writing Biegung.088.vtk
INFO: Writing Biegung.088.vtu
INFO: Step 89, time 6.79e-01, U, 3 components, 859 values
INFO: Step 89, time 6.79e-01, S, 6 components, 859 values
INFO: Step 89, time 6.79e-01, S_Mises, 1 components, 859 values
INFO: Step 89, time 6.79e-01, S_Principal, 3 components, 859 values
INFO: Step 89, time 6.79e-01, PEEQ, 1 components, 859 values
INFO: Step 89, time 6.79e-01, CONTACT, 6 components, 859 values
INFO: Step 89, time 6.79e-01, ERROR, 1 components, 859 values
INFO: Writing Biegung.089.vtk
INFO: Writing Biegung.089.vtu
INFO: Step 90, time 6.89e-01, U, 3 components, 859 values
INFO: Step 90, time 6.89e-01, S, 6 components, 859 values
INFO: Step 90, time 6.89e-01, S_Mises, 1 components, 859 values
INFO: Step 90, time 6.89e-01, S_Principal, 3 components, 859 values
INFO: Step 90, time 6.89e-01, PEEQ, 1 components, 859 values
INFO: Step 90, time 6.89e-01, CONTACT, 6 components, 859 values
INFO: Step 90, time 6.89e-01, ERROR, 1 components, 859 values
INFO: Writing Biegung.090.vtk
INFO: Writing Biegung.090.vtu
INFO: Step 91, time 6.99e-01, U, 3 components, 859 values
INFO: Step 91, time 6.99e-01, S, 6 components, 859 values
INFO: Step 91, time 6.99e-01, S_Mises, 1 components, 859 values
INFO: Step 91, time 6.99e-01, S_Principal, 3 components, 859 values
INFO: Step 91, time 6.99e-01, PEEQ, 1 components, 859 values
INFO: Step 91, time 6.99e-01, CONTACT, 6 components, 859 values
INFO: Step 91, time 6.99e-01, ERROR, 1 components, 859 values
INFO: Writing Biegung.091.vtk
INFO: Writing Biegung.091.vtu
INFO: Step 92, time 7.08e-01, U, 3 components, 859 values
INFO: Step 92, time 7.08e-01, S, 6 components, 859 values
INFO: Step 92, time 7.08e-01, S_Mises, 1 components, 859 values
INFO: Step 92, time 7.08e-01, S_Principal, 3 components, 859 values
INFO: Step 92, time 7.08e-01, PEEQ, 1 components, 859 values
INFO: Step 92, time 7.08e-01, CONTACT, 6 components, 859 values
INFO: Step 92, time 7.08e-01, ERROR, 1 components, 859 values
INFO: Writing Biegung.092.vtk
INFO: Writing Biegung.092.vtu
INFO: Step 93, time 7.18e-01, U, 3 components, 859 values
INFO: Step 93, time 7.18e-01, S, 6 components, 859 values
INFO: Step 93, time 7.18e-01, S_Mises, 1 components, 859 values
INFO: Step 93, time 7.18e-01, S_Principal, 3 components, 859 values
INFO: Step 93, time 7.18e-01, PEEQ, 1 components, 859 values
INFO: Step 93, time 7.18e-01, CONTACT, 6 components, 859 values
INFO: Step 93, time 7.18e-01, ERROR, 1 components, 859 values
INFO: Writing Biegung.093.vtk
INFO: Writing Biegung.093.vtu
INFO: Step 94, time 7.27e-01, U, 3 components, 859 values
INFO: Step 94, time 7.27e-01, S, 6 components, 859 values
INFO: Step 94, time 7.27e-01, S_Mises, 1 components, 859 values
INFO: Step 94, time 7.27e-01, S_Principal, 3 components, 859 values
INFO: Step 94, time 7.27e-01, PEEQ, 1 components, 859 values
INFO: Step 94, time 7.27e-01, CONTACT, 6 components, 859 values
INFO: Step 94, time 7.27e-01, ERROR, 1 components, 859 values
INFO: Writing Biegung.094.vtk
INFO: Writing Biegung.094.vtu
INFO: Step 95, time 7.37e-01, U, 3 components, 859 values
INFO: Step 95, time 7.37e-01, S, 6 components, 859 values
INFO: Step 95, time 7.37e-01, S_Mises, 1 components, 859 values
INFO: Step 95, time 7.37e-01, S_Principal, 3 components, 859 values
INFO: Step 95, time 7.37e-01, PEEQ, 1 components, 859 values
INFO: Step 95, time 7.37e-01, CONTACT, 6 components, 859 values
INFO: Step 95, time 7.37e-01, ERROR, 1 components, 859 values
INFO: Writing Biegung.095.vtk
INFO: Writing Biegung.095.vtu
INFO: Step 96, time 7.47e-01, U, 3 components, 859 values
INFO: Step 96, time 7.47e-01, S, 6 components, 859 values
INFO: Step 96, time 7.47e-01, S_Mises, 1 components, 859 values
INFO: Step 96, time 7.47e-01, S_Principal, 3 components, 859 values
INFO: Step 96, time 7.47e-01, PEEQ, 1 components, 859 values
INFO: Step 96, time 7.47e-01, CONTACT, 6 components, 859 values
INFO: Step 96, time 7.47e-01, ERROR, 1 components, 859 values
INFO: Writing Biegung.096.vtk
INFO: Writing Biegung.096.vtu
INFO: Step 97, time 7.56e-01, U, 3 components, 859 values
INFO: Step 97, time 7.56e-01, S, 6 components, 859 values
INFO: Step 97, time 7.56e-01, S_Mises, 1 components, 859 values
INFO: Step 97, time 7.56e-01, S_Principal, 3 components, 859 values
INFO: Step 97, time 7.56e-01, PEEQ, 1 components, 859 values
INFO: Step 97, time 7.56e-01, CONTACT, 6 components, 859 values
INFO: Step 97, time 7.56e-01, ERROR, 1 components, 859 values
INFO: Writing Biegung.097.vtk
INFO: Writing Biegung.097.vtu
INFO: Step 98, time 7.66e-01, U, 3 components, 859 values
INFO: Step 98, time 7.66e-01, S, 6 components, 859 values
INFO: Step 98, time 7.66e-01, S_Mises, 1 components, 859 values
INFO: Step 98, time 7.66e-01, S_Principal, 3 components, 859 values
INFO: Step 98, time 7.66e-01, PEEQ, 1 components, 859 values
INFO: Step 98, time 7.66e-01, CONTACT, 6 components, 859 values
INFO: Step 98, time 7.66e-01, ERROR, 1 components, 859 values
INFO: Writing Biegung.098.vtk
INFO: Writing Biegung.098.vtu
INFO: Step 99, time 7.76e-01, U, 3 components, 859 values
INFO: Step 99, time 7.76e-01, S, 6 components, 859 values
INFO: Step 99, time 7.76e-01, S_Mises, 1 components, 859 values
INFO: Step 99, time 7.76e-01, S_Principal, 3 components, 859 values
INFO: Step 99, time 7.76e-01, PEEQ, 1 components, 859 values
INFO: Step 99, time 7.76e-01, CONTACT, 6 components, 859 values
INFO: Step 99, time 7.76e-01, ERROR, 1 components, 859 values
INFO: Writing Biegung.099.vtk
INFO: Writing Biegung.099.vtu
INFO: Step 100, time 7.85e-01, U, 3 components, 859 values
INFO: Step 100, time 7.85e-01, S, 6 components, 859 values
INFO: Step 100, time 7.85e-01, S_Mises, 1 components, 859 values
INFO: Step 100, time 7.85e-01, S_Principal, 3 components, 859 values
INFO: Step 100, time 7.85e-01, PEEQ, 1 components, 859 values
INFO: Step 100, time 7.85e-01, CONTACT, 6 components, 859 values
INFO: Step 100, time 7.85e-01, ERROR, 1 components, 859 values
INFO: Writing Biegung.100.vtk
INFO: Writing Biegung.100.vtu
INFO: Step 101, time 7.95e-01, U, 3 components, 859 values
INFO: Step 101, time 7.95e-01, S, 6 components, 859 values
INFO: Step 101, time 7.95e-01, S_Mises, 1 components, 859 values
INFO: Step 101, time 7.95e-01, S_Principal, 3 components, 859 values
INFO: Step 101, time 7.95e-01, PEEQ, 1 components, 859 values
INFO: Step 101, time 7.95e-01, CONTACT, 6 components, 859 values
INFO: Step 101, time 7.95e-01, ERROR, 1 components, 859 values
INFO: Writing Biegung.101.vtk
INFO: Writing Biegung.101.vtu
INFO: Step 102, time 8.04e-01, U, 3 components, 859 values
INFO: Step 102, time 8.04e-01, S, 6 components, 859 values
INFO: Step 102, time 8.04e-01, S_Mises, 1 components, 859 values
INFO: Step 102, time 8.04e-01, S_Principal, 3 components, 859 values
INFO: Step 102, time 8.04e-01, PEEQ, 1 components, 859 values
INFO: Step 102, time 8.04e-01, CONTACT, 6 components, 859 values
INFO: Step 102, time 8.04e-01, ERROR, 1 components, 859 values
INFO: Writing Biegung.102.vtk
INFO: Writing Biegung.102.vtu
INFO: Step 103, time 8.14e-01, U, 3 components, 859 values
INFO: Step 103, time 8.14e-01, S, 6 components, 859 values
INFO: Step 103, time 8.14e-01, S_Mises, 1 components, 859 values
INFO: Step 103, time 8.14e-01, S_Principal, 3 components, 859 values
INFO: Step 103, time 8.14e-01, PEEQ, 1 components, 859 values
INFO: Step 103, time 8.14e-01, CONTACT, 6 components, 859 values
INFO: Step 103, time 8.14e-01, ERROR, 1 components, 859 values
INFO: Writing Biegung.103.vtk
INFO: Writing Biegung.103.vtu
INFO: Step 104, time 8.24e-01, U, 3 components, 859 values
INFO: Step 104, time 8.24e-01, S, 6 components, 859 values
INFO: Step 104, time 8.24e-01, S_Mises, 1 components, 859 values
INFO: Step 104, time 8.24e-01, S_Principal, 3 components, 859 values
INFO: Step 104, time 8.24e-01, PEEQ, 1 components, 859 values
INFO: Step 104, time 8.24e-01, CONTACT, 6 components, 859 values
INFO: Step 104, time 8.24e-01, ERROR, 1 components, 859 values
INFO: Writing Biegung.104.vtk
INFO: Writing Biegung.104.vtu
INFO: Step 105, time 8.33e-01, U, 3 components, 859 values
INFO: Step 105, time 8.33e-01, S, 6 components, 859 values
INFO: Step 105, time 8.33e-01, S_Mises, 1 components, 859 values
INFO: Step 105, time 8.33e-01, S_Principal, 3 components, 859 values
INFO: Step 105, time 8.33e-01, PEEQ, 1 components, 859 values
INFO: Step 105, time 8.33e-01, CONTACT, 6 components, 859 values
INFO: Step 105, time 8.33e-01, ERROR, 1 components, 859 values
INFO: Writing Biegung.105.vtk
INFO: Writing Biegung.105.vtu
INFO: Step 106, time 8.43e-01, U, 3 components, 859 values
INFO: Step 106, time 8.43e-01, S, 6 components, 859 values
INFO: Step 106, time 8.43e-01, S_Mises, 1 components, 859 values
INFO: Step 106, time 8.43e-01, S_Principal, 3 components, 859 values
INFO: Step 106, time 8.43e-01, PEEQ, 1 components, 859 values
INFO: Step 106, time 8.43e-01, CONTACT, 6 components, 859 values
INFO: Step 106, time 8.43e-01, ERROR, 1 components, 859 values
INFO: Writing Biegung.106.vtk
INFO: Writing Biegung.106.vtu
INFO: Step 107, time 8.53e-01, U, 3 components, 859 values
INFO: Step 107, time 8.53e-01, S, 6 components, 859 values
INFO: Step 107, time 8.53e-01, S_Mises, 1 components, 859 values
INFO: Step 107, time 8.53e-01, S_Principal, 3 components, 859 values
INFO: Step 107, time 8.53e-01, PEEQ, 1 components, 859 values
INFO: Step 107, time 8.53e-01, CONTACT, 6 components, 859 values
INFO: Step 107, time 8.53e-01, ERROR, 1 components, 859 values
INFO: Writing Biegung.107.vtk
INFO: Writing Biegung.107.vtu
INFO: Step 108, time 8.62e-01, U, 3 components, 859 values
INFO: Step 108, time 8.62e-01, S, 6 components, 859 values
INFO: Step 108, time 8.62e-01, S_Mises, 1 components, 859 values
INFO: Step 108, time 8.62e-01, S_Principal, 3 components, 859 values
INFO: Step 108, time 8.62e-01, PEEQ, 1 components, 859 values
INFO: Step 108, time 8.62e-01, CONTACT, 6 components, 859 values
INFO: Step 108, time 8.62e-01, ERROR, 1 components, 859 values
INFO: Writing Biegung.108.vtk
INFO: Writing Biegung.108.vtu
INFO: Step 109, time 8.72e-01, U, 3 components, 859 values
INFO: Step 109, time 8.72e-01, S, 6 components, 859 values
INFO: Step 109, time 8.72e-01, S_Mises, 1 components, 859 values
INFO: Step 109, time 8.72e-01, S_Principal, 3 components, 859 values
INFO: Step 109, time 8.72e-01, PEEQ, 1 components, 859 values
INFO: Step 109, time 8.72e-01, CONTACT, 6 components, 859 values
INFO: Step 109, time 8.72e-01, ERROR, 1 components, 859 values
INFO: Writing Biegung.109.vtk
INFO: Writing Biegung.109.vtu
INFO: Step 110, time 8.81e-01, U, 3 components, 859 values
INFO: Step 110, time 8.81e-01, S, 6 components, 859 values
INFO: Step 110, time 8.81e-01, S_Mises, 1 components, 859 values
INFO: Step 110, time 8.81e-01, S_Principal, 3 components, 859 values
INFO: Step 110, time 8.81e-01, PEEQ, 1 components, 859 values
INFO: Step 110, time 8.81e-01, CONTACT, 6 components, 859 values
INFO: Step 110, time 8.81e-01, ERROR, 1 components, 859 values
INFO: Writing Biegung.110.vtk
INFO: Writing Biegung.110.vtu
INFO: Step 111, time 8.85e-01, U, 3 components, 859 values
INFO: Step 111, time 8.85e-01, S, 6 components, 859 values
INFO: Step 111, time 8.85e-01, S_Mises, 1 components, 859 values
INFO: Step 111, time 8.85e-01, S_Principal, 3 components, 859 values
INFO: Step 111, time 8.85e-01, PEEQ, 1 components, 859 values
INFO: Step 111, time 8.85e-01, CONTACT, 6 components, 859 values
INFO: Step 111, time 8.85e-01, ERROR, 1 components, 859 values
INFO: Writing Biegung.111.vtk
INFO: Writing Biegung.111.vtu
INFO: Step 112, time 8.89e-01, U, 3 components, 859 values
INFO: Step 112, time 8.89e-01, S, 6 components, 859 values
INFO: Step 112, time 8.89e-01, S_Mises, 1 components, 859 values
INFO: Step 112, time 8.89e-01, S_Principal, 3 components, 859 values
INFO: Step 112, time 8.89e-01, PEEQ, 1 components, 859 values
INFO: Step 112, time 8.89e-01, CONTACT, 6 components, 859 values
INFO: Step 112, time 8.89e-01, ERROR, 1 components, 859 values
INFO: Writing Biegung.112.vtk
INFO: Writing Biegung.112.vtu
INFO: Step 113, time 8.92e-01, U, 3 components, 859 values
INFO: Step 113, time 8.92e-01, S, 6 components, 859 values
INFO: Step 113, time 8.92e-01, S_Mises, 1 components, 859 values
INFO: Step 113, time 8.92e-01, S_Principal, 3 components, 859 values
INFO: Step 113, time 8.92e-01, PEEQ, 1 components, 859 values
INFO: Step 113, time 8.92e-01, CONTACT, 6 components, 859 values
INFO: Step 113, time 8.92e-01, ERROR, 1 components, 859 values
INFO: Writing Biegung.113.vtk
INFO: Writing Biegung.113.vtu
INFO: Step 114, time 8.98e-01, U, 3 components, 859 values
INFO: Step 114, time 8.98e-01, S, 6 components, 859 values
INFO: Step 114, time 8.98e-01, S_Mises, 1 components, 859 values
INFO: Step 114, time 8.98e-01, S_Principal, 3 components, 859 values
INFO: Step 114, time 8.98e-01, PEEQ, 1 components, 859 values
INFO: Step 114, time 8.98e-01, CONTACT, 6 components, 859 values
INFO: Step 114, time 8.98e-01, ERROR, 1 components, 859 values
INFO: Writing Biegung.114.vtk
INFO: Writing Biegung.114.vtu
INFO: Step 115, time 9.06e-01, U, 3 components, 859 values
INFO: Step 115, time 9.06e-01, S, 6 components, 859 values
INFO: Step 115, time 9.06e-01, S_Mises, 1 components, 859 values
INFO: Step 115, time 9.06e-01, S_Principal, 3 components, 859 values
INFO: Step 115, time 9.06e-01, PEEQ, 1 components, 859 values
INFO: Step 115, time 9.06e-01, CONTACT, 6 components, 859 values
INFO: Step 115, time 9.06e-01, ERROR, 1 components, 859 values
INFO: Writing Biegung.115.vtk
INFO: Writing Biegung.115.vtu
INFO: Step 116, time 9.14e-01, U, 3 components, 859 values
INFO: Step 116, time 9.14e-01, S, 6 components, 859 values
INFO: Step 116, time 9.14e-01, S_Mises, 1 components, 859 values
INFO: Step 116, time 9.14e-01, S_Principal, 3 components, 859 values
INFO: Step 116, time 9.14e-01, PEEQ, 1 components, 859 values
INFO: Step 116, time 9.14e-01, CONTACT, 6 components, 859 values
INFO: Step 116, time 9.14e-01, ERROR, 1 components, 859 values
INFO: Writing Biegung.116.vtk
INFO: Writing Biegung.116.vtu
INFO: Step 117, time 9.22e-01, U, 3 components, 859 values
INFO: Step 117, time 9.22e-01, S, 6 components, 859 values
INFO: Step 117, time 9.22e-01, S_Mises, 1 components, 859 values
INFO: Step 117, time 9.22e-01, S_Principal, 3 components, 859 values
INFO: Step 117, time 9.22e-01, PEEQ, 1 components, 859 values
INFO: Step 117, time 9.22e-01, CONTACT, 6 components, 859 values
INFO: Step 117, time 9.22e-01, ERROR, 1 components, 859 values
INFO: Writing Biegung.117.vtk
INFO: Writing Biegung.117.vtu
INFO: Step 118, time 9.25e-01, U, 3 components, 859 values
INFO: Step 118, time 9.25e-01, S, 6 components, 859 values
INFO: Step 118, time 9.25e-01, S_Mises, 1 components, 859 values
INFO: Step 118, time 9.25e-01, S_Principal, 3 components, 859 values
INFO: Step 118, time 9.25e-01, PEEQ, 1 components, 859 values
INFO: Step 118, time 9.25e-01, CONTACT, 6 components, 859 values
INFO: Step 118, time 9.25e-01, ERROR, 1 components, 859 values
INFO: Writing Biegung.118.vtk
INFO: Writing Biegung.118.vtu
INFO: Step 119, time 9.28e-01, U, 3 components, 859 values
INFO: Step 119, time 9.28e-01, S, 6 components, 859 values
INFO: Step 119, time 9.28e-01, S_Mises, 1 components, 859 values
INFO: Step 119, time 9.28e-01, S_Principal, 3 components, 859 values
INFO: Step 119, time 9.28e-01, PEEQ, 1 components, 859 values
INFO: Step 119, time 9.28e-01, CONTACT, 6 components, 859 values
INFO: Step 119, time 9.28e-01, ERROR, 1 components, 859 values
INFO: Writing Biegung.119.vtk
INFO: Writing Biegung.119.vtu
INFO: Step 120, time 9.31e-01, U, 3 components, 859 values
INFO: Step 120, time 9.31e-01, S, 6 components, 859 values
INFO: Step 120, time 9.31e-01, S_Mises, 1 components, 859 values
INFO: Step 120, time 9.31e-01, S_Principal, 3 components, 859 values
INFO: Step 120, time 9.31e-01, PEEQ, 1 components, 859 values
INFO: Step 120, time 9.31e-01, CONTACT, 6 components, 859 values
INFO: Step 120, time 9.31e-01, ERROR, 1 components, 859 values
INFO: Writing Biegung.120.vtk
INFO: Writing Biegung.120.vtu
INFO: Step 121, time 9.34e-01, U, 3 components, 859 values
INFO: Step 121, time 9.34e-01, S, 6 components, 859 values
INFO: Step 121, time 9.34e-01, S_Mises, 1 components, 859 values
INFO: Step 121, time 9.34e-01, S_Principal, 3 components, 859 values
INFO: Step 121, time 9.34e-01, PEEQ, 1 components, 859 values
INFO: Step 121, time 9.34e-01, CONTACT, 6 components, 859 values
INFO: Step 121, time 9.34e-01, ERROR, 1 components, 859 values
INFO: Writing Biegung.121.vtk
INFO: Writing Biegung.121.vtu
INFO: Step 122, time 9.39e-01, U, 3 components, 859 values
INFO: Step 122, time 9.39e-01, S, 6 components, 859 values
INFO: Step 122, time 9.39e-01, S_Mises, 1 components, 859 values
INFO: Step 122, time 9.39e-01, S_Principal, 3 components, 859 values
INFO: Step 122, time 9.39e-01, PEEQ, 1 components, 859 values
INFO: Step 122, time 9.39e-01, CONTACT, 6 components, 859 values
INFO: Step 122, time 9.39e-01, ERROR, 1 components, 859 values
INFO: Writing Biegung.122.vtk
INFO: Writing Biegung.122.vtu
INFO: Step 123, time 9.46e-01, U, 3 components, 859 values
INFO: Step 123, time 9.46e-01, S, 6 components, 859 values
INFO: Step 123, time 9.46e-01, S_Mises, 1 components, 859 values
INFO: Step 123, time 9.46e-01, S_Principal, 3 components, 859 values
INFO: Step 123, time 9.46e-01, PEEQ, 1 components, 859 values
INFO: Step 123, time 9.46e-01, CONTACT, 6 components, 859 values
INFO: Step 123, time 9.46e-01, ERROR, 1 components, 859 values
INFO: Writing Biegung.123.vtk
INFO: Writing Biegung.123.vtu
INFO: Step 124, time 9.56e-01, U, 3 components, 859 values
INFO: Step 124, time 9.56e-01, S, 6 components, 859 values
INFO: Step 124, time 9.56e-01, S_Mises, 1 components, 859 values
INFO: Step 124, time 9.56e-01, S_Principal, 3 components, 859 values
INFO: Step 124, time 9.56e-01, PEEQ, 1 components, 859 values
INFO: Step 124, time 9.56e-01, CONTACT, 6 components, 859 values
INFO: Step 124, time 9.56e-01, ERROR, 1 components, 859 values
INFO: Writing Biegung.124.vtk
INFO: Writing Biegung.124.vtu
INFO: Step 125, time 9.66e-01, U, 3 components, 859 values
INFO: Step 125, time 9.66e-01, S, 6 components, 859 values
INFO: Step 125, time 9.66e-01, S_Mises, 1 components, 859 values
INFO: Step 125, time 9.66e-01, S_Principal, 3 components, 859 values
INFO: Step 125, time 9.66e-01, PEEQ, 1 components, 859 values
INFO: Step 125, time 9.66e-01, CONTACT, 6 components, 859 values
INFO: Step 125, time 9.66e-01, ERROR, 1 components, 859 values
INFO: Writing Biegung.125.vtk
INFO: Writing Biegung.125.vtu
INFO: Step 126, time 9.76e-01, U, 3 components, 859 values
INFO: Step 126, time 9.76e-01, S, 6 components, 859 values
INFO: Step 126, time 9.76e-01, S_Mises, 1 components, 859 values
INFO: Step 126, time 9.76e-01, S_Principal, 3 components, 859 values
INFO: Step 126, time 9.76e-01, PEEQ, 1 components, 859 values
INFO: Step 126, time 9.76e-01, CONTACT, 6 components, 859 values
INFO: Step 126, time 9.76e-01, ERROR, 1 components, 859 values
INFO: Writing Biegung.126.vtk
INFO: Writing Biegung.126.vtu
INFO: Step 127, time 9.87e-01, U, 3 components, 859 values
INFO: Step 127, time 9.87e-01, S, 6 components, 859 values
INFO: Step 127, time 9.87e-01, S_Mises, 1 components, 859 values
INFO: Step 127, time 9.87e-01, S_Principal, 3 components, 859 values
INFO: Step 127, time 9.87e-01, PEEQ, 1 components, 859 values
INFO: Step 127, time 9.87e-01, CONTACT, 6 components, 859 values
INFO: Step 127, time 9.87e-01, ERROR, 1 components, 859 values
INFO: Writing Biegung.127.vtk
INFO: Writing Biegung.127.vtu
INFO: Step 128, time 9.97e-01, U, 3 components, 859 values
INFO: Step 128, time 9.97e-01, S, 6 components, 859 values
INFO: Step 128, time 9.97e-01, S_Mises, 1 components, 859 values
INFO: Step 128, time 9.97e-01, S_Principal, 3 components, 859 values
INFO: Step 128, time 9.97e-01, PEEQ, 1 components, 859 values
INFO: Step 128, time 9.97e-01, CONTACT, 6 components, 859 values
INFO: Step 128, time 9.97e-01, ERROR, 1 components, 859 values
INFO: Writing Biegung.128.vtk
INFO: Writing Biegung.128.vtu
INFO: Step 129, time 1.0, U, 3 components, 859 values
INFO: Step 129, time 1.0, S, 6 components, 859 values
INFO: Step 129, time 1.0, S_Mises, 1 components, 859 values
INFO: Step 129, time 1.0, S_Principal, 3 components, 859 values
INFO: Step 129, time 1.0, PEEQ, 1 components, 859 values
INFO: Step 129, time 1.0, CONTACT, 6 components, 859 values
INFO: Step 129, time 1.0, ERROR, 1 components, 859 values
INFO: Writing Biegung.129.vtk
INFO: Writing Biegung.129.vtu

==================================================
42: mkraska/Dynamics/Discrete/Refs/MS.frd
INFO: Reading MS.frd
INFO: 21 nodes
INFO: 7 cells
INFO: 60 time increments
INFO: Step 1, time 3521.9, U, 3 components, 21 values
INFO: Writing MS.01.vtk
INFO: Writing MS.01.vtu
INFO: Step 2, time 9220.2, U, 3 components, 21 values
INFO: Writing MS.02.vtk
INFO: Writing MS.02.vtu
INFO: Step 3, time 0.00e+00, U, 3 components, 21 values
INFO: Step 3, time 0.00e+00, DISPI, 3 components, 21 values
INFO: Step 3, time 0.00e+00, PDISP, 6 components, 21 values
INFO: Writing MS.03.vtk
INFO: Writing MS.03.vtu
INFO: Step 4, time 64.1, U, 3 components, 21 values
INFO: Step 4, time 64.1, DISPI, 3 components, 21 values
INFO: Step 4, time 64.1, PDISP, 6 components, 21 values
INFO: Writing MS.04.vtk
INFO: Writing MS.04.vtu
INFO: Step 5, time 133.4, U, 3 components, 21 values
INFO: Step 5, time 133.4, DISPI, 3 components, 21 values
INFO: Step 5, time 133.4, PDISP, 6 components, 21 values
INFO: Writing MS.05.vtk
INFO: Writing MS.05.vtu
INFO: Step 6, time 209.2, U, 3 components, 21 values
INFO: Step 6, time 209.2, DISPI, 3 components, 21 values
INFO: Step 6, time 209.2, PDISP, 6 components, 21 values
INFO: Writing MS.06.vtk
INFO: Writing MS.06.vtu
INFO: Step 7, time 293.3, U, 3 components, 21 values
INFO: Step 7, time 293.3, DISPI, 3 components, 21 values
INFO: Step 7, time 293.3, PDISP, 6 components, 21 values
INFO: Writing MS.07.vtk
INFO: Writing MS.07.vtu
INFO: Step 8, time 388.3, U, 3 components, 21 values
INFO: Step 8, time 388.3, DISPI, 3 components, 21 values
INFO: Step 8, time 388.3, PDISP, 6 components, 21 values
INFO: Writing MS.08.vtk
INFO: Writing MS.08.vtu
INFO: Step 9, time 498.6, U, 3 components, 21 values
INFO: Step 9, time 498.6, DISPI, 3 components, 21 values
INFO: Step 9, time 498.6, PDISP, 6 components, 21 values
INFO: Writing MS.09.vtk
INFO: Writing MS.09.vtu
INFO: Step 10, time 632.5, U, 3 components, 21 values
INFO: Step 10, time 632.5, DISPI, 3 components, 21 values
INFO: Step 10, time 632.5, PDISP, 6 components, 21 values
INFO: Writing MS.10.vtk
INFO: Writing MS.10.vtu
INFO: Step 11, time 809.2, U, 3 components, 21 values
INFO: Step 11, time 809.2, DISPI, 3 components, 21 values
INFO: Step 11, time 809.2, PDISP, 6 components, 21 values
INFO: Writing MS.11.vtk
INFO: Writing MS.11.vtu
INFO: Step 12, time 1101.0, U, 3 components, 21 values
INFO: Step 12, time 1101.0, DISPI, 3 components, 21 values
INFO: Step 12, time 1101.0, PDISP, 6 components, 21 values
INFO: Writing MS.12.vtk
INFO: Writing MS.12.vtu
INFO: Step 13, time 2420.9, U, 3 components, 21 values
INFO: Step 13, time 2420.9, DISPI, 3 components, 21 values
INFO: Step 13, time 2420.9, PDISP, 6 components, 21 values
INFO: Writing MS.13.vtk
INFO: Writing MS.13.vtu
INFO: Step 14, time 2712.8, U, 3 components, 21 values
INFO: Step 14, time 2712.8, DISPI, 3 components, 21 values
INFO: Step 14, time 2712.8, PDISP, 6 components, 21 values
INFO: Writing MS.14.vtk
INFO: Writing MS.14.vtu
INFO: Step 15, time 2889.4, U, 3 components, 21 values
INFO: Step 15, time 2889.4, DISPI, 3 components, 21 values
INFO: Step 15, time 2889.4, PDISP, 6 components, 21 values
INFO: Writing MS.15.vtk
INFO: Writing MS.15.vtu
INFO: Step 16, time 3023.4, U, 3 components, 21 values
INFO: Step 16, time 3023.4, DISPI, 3 components, 21 values
INFO: Step 16, time 3023.4, PDISP, 6 components, 21 values
INFO: Writing MS.16.vtk
INFO: Writing MS.16.vtu
INFO: Step 17, time 3133.7, U, 3 components, 21 values
INFO: Step 17, time 3133.7, DISPI, 3 components, 21 values
INFO: Step 17, time 3133.7, PDISP, 6 components, 21 values
INFO: Writing MS.17.vtk
INFO: Writing MS.17.vtu
INFO: Step 18, time 3228.7, U, 3 components, 21 values
INFO: Step 18, time 3228.7, DISPI, 3 components, 21 values
INFO: Step 18, time 3228.7, PDISP, 6 components, 21 values
INFO: Writing MS.18.vtk
INFO: Writing MS.18.vtu
INFO: Step 19, time 3312.7, U, 3 components, 21 values
INFO: Step 19, time 3312.7, DISPI, 3 components, 21 values
INFO: Step 19, time 3312.7, PDISP, 6 components, 21 values
INFO: Writing MS.19.vtk
INFO: Writing MS.19.vtu
INFO: Step 20, time 3388.5, U, 3 components, 21 values
INFO: Step 20, time 3388.5, DISPI, 3 components, 21 values
INFO: Step 20, time 3388.5, PDISP, 6 components, 21 values
INFO: Writing MS.20.vtk
INFO: Writing MS.20.vtu
INFO: Step 21, time 3457.8, U, 3 components, 21 values
INFO: Step 21, time 3457.8, DISPI, 3 components, 21 values
INFO: Step 21, time 3457.8, PDISP, 6 components, 21 values
INFO: Writing MS.21.vtk
INFO: Writing MS.21.vtu
INFO: Step 22, time 3521.9, U, 3 components, 21 values
INFO: Step 22, time 3521.9, DISPI, 3 components, 21 values
INFO: Step 22, time 3521.9, PDISP, 6 components, 21 values
INFO: Writing MS.22.vtk
INFO: Writing MS.22.vtu
INFO: Step 23, time 3625.6, U, 3 components, 21 values
INFO: Step 23, time 3625.6, DISPI, 3 components, 21 values
INFO: Step 23, time 3625.6, PDISP, 6 components, 21 values
INFO: Writing MS.23.vtk
INFO: Writing MS.23.vtu
INFO: Step 24, time 3737.8, U, 3 components, 21 values
INFO: Step 24, time 3737.8, DISPI, 3 components, 21 values
INFO: Step 24, time 3737.8, PDISP, 6 components, 21 values
INFO: Writing MS.24.vtk
INFO: Writing MS.24.vtu
INFO: Step 25, time 3860.5, U, 3 components, 21 values
INFO: Step 25, time 3860.5, DISPI, 3 components, 21 values
INFO: Step 25, time 3860.5, PDISP, 6 components, 21 values
INFO: Writing MS.25.vtk
INFO: Writing MS.25.vtu
INFO: Step 26, time 3996.5, U, 3 components, 21 values
INFO: Step 26, time 3996.5, DISPI, 3 components, 21 values
INFO: Step 26, time 3996.5, PDISP, 6 components, 21 values
INFO: Writing MS.26.vtk
INFO: Writing MS.26.vtu
INFO: Step 27, time 4150.1, U, 3 components, 21 values
INFO: Step 27, time 4150.1, DISPI, 3 components, 21 values
INFO: Step 27, time 4150.1, PDISP, 6 components, 21 values
INFO: Writing MS.27.vtk
INFO: Writing MS.27.vtu
INFO: Step 28, time 4328.6, U, 3 components, 21 values
INFO: Step 28, time 4328.6, DISPI, 3 components, 21 values
INFO: Step 28, time 4328.6, PDISP, 6 components, 21 values
INFO: Writing MS.28.vtk
INFO: Writing MS.28.vtu
INFO: Step 29, time 4545.3, U, 3 components, 21 values
INFO: Step 29, time 4545.3, DISPI, 3 components, 21 values
INFO: Step 29, time 4545.3, PDISP, 6 components, 21 values
INFO: Writing MS.29.vtk
INFO: Writing MS.29.vtu
INFO: Step 30, time 4831.1, U, 3 components, 21 values
INFO: Step 30, time 4831.1, DISPI, 3 components, 21 values
INFO: Step 30, time 4831.1, PDISP, 6 components, 21 values
INFO: Writing MS.30.vtk
INFO: Writing MS.30.vtu
INFO: Step 31, time 5303.3, U, 3 components, 21 values
INFO: Step 31, time 5303.3, DISPI, 3 components, 21 values
INFO: Step 31, time 5303.3, PDISP, 6 components, 21 values
INFO: Writing MS.31.vtk
INFO: Writing MS.31.vtu
INFO: Step 32, time 7438.8, U, 3 components, 21 values
INFO: Step 32, time 7438.8, DISPI, 3 components, 21 values
INFO: Step 32, time 7438.8, PDISP, 6 components, 21 values
INFO: Writing MS.32.vtk
INFO: Writing MS.32.vtu
INFO: Step 33, time 7911.0, U, 3 components, 21 values
INFO: Step 33, time 7911.0, DISPI, 3 components, 21 values
INFO: Step 33, time 7911.0, PDISP, 6 components, 21 values
INFO: Writing MS.33.vtk
INFO: Writing MS.33.vtu
INFO: Step 34, time 8196.9, U, 3 components, 21 values
INFO: Step 34, time 8196.9, DISPI, 3 components, 21 values
INFO: Step 34, time 8196.9, PDISP, 6 components, 21 values
INFO: Writing MS.34.vtk
INFO: Writing MS.34.vtu
INFO: Step 35, time 8413.6, U, 3 components, 21 values
INFO: Step 35, time 8413.6, DISPI, 3 components, 21 values
INFO: Step 35, time 8413.6, PDISP, 6 components, 21 values
INFO: Writing MS.35.vtk
INFO: Writing MS.35.vtu
INFO: Step 36, time 8592.0, U, 3 components, 21 values
INFO: Step 36, time 8592.0, DISPI, 3 components, 21 values
INFO: Step 36, time 8592.0, PDISP, 6 components, 21 values
INFO: Writing MS.36.vtk
INFO: Writing MS.36.vtu
INFO: Step 37, time 8745.7, U, 3 components, 21 values
INFO: Step 37, time 8745.7, DISPI, 3 components, 21 values
INFO: Step 37, time 8745.7, PDISP, 6 components, 21 values
INFO: Writing MS.37.vtk
INFO: Writing MS.37.vtu
INFO: Step 38, time 8881.7, U, 3 components, 21 values
INFO: Step 38, time 8881.7, DISPI, 3 components, 21 values
INFO: Step 38, time 8881.7, PDISP, 6 components, 21 values
INFO: Writing MS.38.vtk
INFO: Writing MS.38.vtu
INFO: Step 39, time 9004.3, U, 3 components, 21 values
INFO: Step 39, time 9004.3, DISPI, 3 components, 21 values
INFO: Step 39, time 9004.3, PDISP, 6 components, 21 values
INFO: Writing MS.39.vtk
INFO: Writing MS.39.vtu
INFO: Step 40, time 9116.5, U, 3 components, 21 values
INFO: Step 40, time 9116.5, DISPI, 3 components, 21 values
INFO: Step 40, time 9116.5, PDISP, 6 components, 21 values
INFO: Writing MS.40.vtk
INFO: Writing MS.40.vtu
INFO: Step 41, time 9220.2, U, 3 components, 21 values
INFO: Step 41, time 9220.2, DISPI, 3 components, 21 values
INFO: Step 41, time 9220.2, PDISP, 6 components, 21 values
INFO: Writing MS.41.vtk
INFO: Writing MS.41.vtu
INFO: Step 42, time 9270.8, U, 3 components, 21 values
INFO: Step 42, time 9270.8, DISPI, 3 components, 21 values
INFO: Step 42, time 9270.8, PDISP, 6 components, 21 values
INFO: Writing MS.42.vtk
INFO: Writing MS.42.vtu
INFO: Step 43, time 9325.5, U, 3 components, 21 values
INFO: Step 43, time 9325.5, DISPI, 3 components, 21 values
INFO: Step 43, time 9325.5, PDISP, 6 components, 21 values
INFO: Writing MS.43.vtk
INFO: Writing MS.43.vtu
INFO: Step 44, time 9385.4, U, 3 components, 21 values
INFO: Step 44, time 9385.4, DISPI, 3 components, 21 values
INFO: Step 44, time 9385.4, PDISP, 6 components, 21 values
INFO: Writing MS.44.vtk
INFO: Writing MS.44.vtu
INFO: Step 45, time 9451.7, U, 3 components, 21 values
INFO: Step 45, time 9451.7, DISPI, 3 components, 21 values
INFO: Step 45, time 9451.7, PDISP, 6 components, 21 values
INFO: Writing MS.45.vtk
INFO: Writing MS.45.vtu
INFO: Step 46, time 9526.6, U, 3 components, 21 values
INFO: Step 46, time 9526.6, DISPI, 3 components, 21 values
INFO: Step 46, time 9526.6, PDISP, 6 components, 21 values
INFO: Writing MS.46.vtk
INFO: Writing MS.46.vtu
INFO: Step 47, time 9613.7, U, 3 components, 21 values
INFO: Step 47, time 9613.7, DISPI, 3 components, 21 values
INFO: Step 47, time 9613.7, PDISP, 6 components, 21 values
INFO: Writing MS.47.vtk
INFO: Writing MS.47.vtu
INFO: Step 48, time 9719.4, U, 3 components, 21 values
INFO: Step 48, time 9719.4, DISPI, 3 components, 21 values
INFO: Step 48, time 9719.4, PDISP, 6 components, 21 values
INFO: Writing MS.48.vtk
INFO: Writing MS.48.vtu
INFO: Step 49, time 9858.9, U, 3 components, 21 values
INFO: Step 49, time 9858.9, DISPI, 3 components, 21 values
INFO: Step 49, time 9858.9, PDISP, 6 components, 21 values
INFO: Writing MS.49.vtk
INFO: Writing MS.49.vtu
INFO: Step 50, time 10089.2, U, 3 components, 21 values
INFO: Step 50, time 10089.2, DISPI, 3 components, 21 values
INFO: Step 50, time 10089.2, PDISP, 6 components, 21 values
INFO: Writing MS.50.vtk
INFO: Writing MS.50.vtu
INFO: Step 51, time 11131.0, U, 3 components, 21 values
INFO: Step 51, time 11131.0, DISPI, 3 components, 21 values
INFO: Step 51, time 11131.0, PDISP, 6 components, 21 values
INFO: Writing MS.51.vtk
INFO: Writing MS.51.vtu
INFO: Step 52, time 11361.3, U, 3 components, 21 values
INFO: Step 52, time 11361.3, DISPI, 3 components, 21 values
INFO: Step 52, time 11361.3, PDISP, 6 components, 21 values
INFO: Writing MS.52.vtk
INFO: Writing MS.52.vtu
INFO: Step 53, time 11500.8, U, 3 components, 21 values
INFO: Step 53, time 11500.8, DISPI, 3 components, 21 values
INFO: Step 53, time 11500.8, PDISP, 6 components, 21 values
INFO: Writing MS.53.vtk
INFO: Writing MS.53.vtu
INFO: Step 54, time 11606.5, U, 3 components, 21 values
INFO: Step 54, time 11606.5, DISPI, 3 components, 21 values
INFO: Step 54, time 11606.5, PDISP, 6 components, 21 values
INFO: Writing MS.54.vtk
INFO: Writing MS.54.vtu
INFO: Step 55, time 11693.6, U, 3 components, 21 values
INFO: Step 55, time 11693.6, DISPI, 3 components, 21 values
INFO: Step 55, time 11693.6, PDISP, 6 components, 21 values
INFO: Writing MS.55.vtk
INFO: Writing MS.55.vtu
INFO: Step 56, time 11768.5, U, 3 components, 21 values
INFO: Step 56, time 11768.5, DISPI, 3 components, 21 values
INFO: Step 56, time 11768.5, PDISP, 6 components, 21 values
INFO: Writing MS.56.vtk
INFO: Writing MS.56.vtu
INFO: Step 57, time 11834.8, U, 3 components, 21 values
INFO: Step 57, time 11834.8, DISPI, 3 components, 21 values
INFO: Step 57, time 11834.8, PDISP, 6 components, 21 values
INFO: Writing MS.57.vtk
INFO: Writing MS.57.vtu
INFO: Step 58, time 11894.7, U, 3 components, 21 values
INFO: Step 58, time 11894.7, DISPI, 3 components, 21 values
INFO: Step 58, time 11894.7, PDISP, 6 components, 21 values
INFO: Writing MS.58.vtk
INFO: Writing MS.58.vtu
INFO: Step 59, time 11949.4, U, 3 components, 21 values
INFO: Step 59, time 11949.4, DISPI, 3 components, 21 values
INFO: Step 59, time 11949.4, PDISP, 6 components, 21 values
INFO: Writing MS.59.vtk
INFO: Writing MS.59.vtu
INFO: Step 60, time 12000.0, U, 3 components, 21 values
INFO: Step 60, time 12000.0, DISPI, 3 components, 21 values
INFO: Step 60, time 12000.0, PDISP, 6 components, 21 values
INFO: Writing MS.60.vtk
INFO: Writing MS.60.vtu

==================================================
43: mkraska/Dynamics/Discrete/Refs/MSM.frd
INFO: Reading MSM.frd
INFO: 3 nodes
INFO: 4 cells
INFO: 2 time increments
INFO: Step 1, time 0.00e+00, U, 3 components, 3 values
INFO: Writing MSM.1.vtk
INFO: Writing MSM.1.vtu
INFO: Step 2, time 0.00e+00, U, 3 components, 3 values
INFO: Writing MSM.2.vtk
INFO: Writing MSM.2.vtu

==================================================
44: mkraska/Elements/Solid/Refs/solid.frd
INFO: Reading solid.frd
INFO: 1386 nodes
INFO: 1000 cells
INFO: 1 time increment
INFO: Step 1, time 1.0, U, 3 components, 1386 values
INFO: Step 1, time 1.0, S, 6 components, 1386 values
INFO: Step 1, time 1.0, S_Mises, 1 components, 1386 values
INFO: Step 1, time 1.0, S_Principal, 3 components, 1386 values
INFO: Step 1, time 1.0, ERROR, 1 components, 1386 values
INFO: Writing solid.vtk
INFO: Writing solid.vtu

==================================================
45: mkraska/Kasten/Refs/Kasten.frd
INFO: Reading Kasten.frd
INFO: 2012 nodes
INFO: 240 cells
INFO: 101 time increments
INFO: Step 1, time 1.0, U, 3 components, 2012 values
INFO: Step 1, time 1.0, S, 6 components, 2012 values
INFO: Step 1, time 1.0, S_Mises, 1 components, 2012 values
INFO: Step 1, time 1.0, S_Principal, 3 components, 2012 values
INFO: Step 1, time 1.0, ERROR, 1 components, 2012 values
INFO: Writing Kasten.001.vtk
INFO: Writing Kasten.001.vtu
INFO: Step 2, time 1.0, U, 3 components, 2012 values
INFO: Step 2, time 1.0, S, 6 components, 2012 values
INFO: Step 2, time 1.0, S_Mises, 1 components, 2012 values
INFO: Step 2, time 1.0, S_Principal, 3 components, 2012 values
INFO: Step 2, time 1.0, PEEQ, 1 components, 2012 values
INFO: Step 2, time 1.0, ERROR, 1 components, 2012 values
INFO: Writing Kasten.002.vtk
INFO: Writing Kasten.002.vtu
INFO: Step 3, time 1.0, U, 3 components, 2012 values
INFO: Step 3, time 1.0, S, 6 components, 2012 values
INFO: Step 3, time 1.0, S_Mises, 1 components, 2012 values
INFO: Step 3, time 1.0, S_Principal, 3 components, 2012 values
INFO: Step 3, time 1.0, PEEQ, 1 components, 2012 values
INFO: Step 3, time 1.0, ERROR, 1 components, 2012 values
INFO: Writing Kasten.003.vtk
INFO: Writing Kasten.003.vtu
INFO: Step 4, time 1.0, U, 3 components, 2012 values
INFO: Step 4, time 1.0, S, 6 components, 2012 values
INFO: Step 4, time 1.0, S_Mises, 1 components, 2012 values
INFO: Step 4, time 1.0, S_Principal, 3 components, 2012 values
INFO: Step 4, time 1.0, PEEQ, 1 components, 2012 values
INFO: Step 4, time 1.0, ERROR, 1 components, 2012 values
INFO: Writing Kasten.004.vtk
INFO: Writing Kasten.004.vtu
INFO: Step 5, time 1.0, U, 3 components, 2012 values
INFO: Step 5, time 1.0, S, 6 components, 2012 values
INFO: Step 5, time 1.0, S_Mises, 1 components, 2012 values
INFO: Step 5, time 1.0, S_Principal, 3 components, 2012 values
INFO: Step 5, time 1.0, PEEQ, 1 components, 2012 values
INFO: Step 5, time 1.0, ERROR, 1 components, 2012 values
INFO: Writing Kasten.005.vtk
INFO: Writing Kasten.005.vtu
INFO: Step 6, time 1.0, U, 3 components, 2012 values
INFO: Step 6, time 1.0, S, 6 components, 2012 values
INFO: Step 6, time 1.0, S_Mises, 1 components, 2012 values
INFO: Step 6, time 1.0, S_Principal, 3 components, 2012 values
INFO: Step 6, time 1.0, PEEQ, 1 components, 2012 values
INFO: Step 6, time 1.0, ERROR, 1 components, 2012 values
INFO: Writing Kasten.006.vtk
INFO: Writing Kasten.006.vtu
INFO: Step 7, time 1.0, U, 3 components, 2012 values
INFO: Step 7, time 1.0, S, 6 components, 2012 values
INFO: Step 7, time 1.0, S_Mises, 1 components, 2012 values
INFO: Step 7, time 1.0, S_Principal, 3 components, 2012 values
INFO: Step 7, time 1.0, PEEQ, 1 components, 2012 values
INFO: Step 7, time 1.0, ERROR, 1 components, 2012 values
INFO: Writing Kasten.007.vtk
INFO: Writing Kasten.007.vtu
INFO: Step 8, time 1.0, U, 3 components, 2012 values
INFO: Step 8, time 1.0, S, 6 components, 2012 values
INFO: Step 8, time 1.0, S_Mises, 1 components, 2012 values
INFO: Step 8, time 1.0, S_Principal, 3 components, 2012 values
INFO: Step 8, time 1.0, PEEQ, 1 components, 2012 values
INFO: Step 8, time 1.0, ERROR, 1 components, 2012 values
INFO: Writing Kasten.008.vtk
INFO: Writing Kasten.008.vtu
INFO: Step 9, time 1.0, U, 3 components, 2012 values
INFO: Step 9, time 1.0, S, 6 components, 2012 values
INFO: Step 9, time 1.0, S_Mises, 1 components, 2012 values
INFO: Step 9, time 1.0, S_Principal, 3 components, 2012 values
INFO: Step 9, time 1.0, PEEQ, 1 components, 2012 values
INFO: Step 9, time 1.0, ERROR, 1 components, 2012 values
INFO: Writing Kasten.009.vtk
INFO: Writing Kasten.009.vtu
INFO: Step 10, time 1.0, U, 3 components, 2012 values
INFO: Step 10, time 1.0, S, 6 components, 2012 values
INFO: Step 10, time 1.0, S_Mises, 1 components, 2012 values
INFO: Step 10, time 1.0, S_Principal, 3 components, 2012 values
INFO: Step 10, time 1.0, PEEQ, 1 components, 2012 values
INFO: Step 10, time 1.0, ERROR, 1 components, 2012 values
INFO: Writing Kasten.010.vtk
INFO: Writing Kasten.010.vtu
INFO: Step 11, time 1.0, U, 3 components, 2012 values
INFO: Step 11, time 1.0, S, 6 components, 2012 values
INFO: Step 11, time 1.0, S_Mises, 1 components, 2012 values
INFO: Step 11, time 1.0, S_Principal, 3 components, 2012 values
INFO: Step 11, time 1.0, PEEQ, 1 components, 2012 values
INFO: Step 11, time 1.0, ERROR, 1 components, 2012 values
INFO: Writing Kasten.011.vtk
INFO: Writing Kasten.011.vtu
INFO: Step 12, time 1.0, U, 3 components, 2012 values
INFO: Step 12, time 1.0, S, 6 components, 2012 values
INFO: Step 12, time 1.0, S_Mises, 1 components, 2012 values
INFO: Step 12, time 1.0, S_Principal, 3 components, 2012 values
INFO: Step 12, time 1.0, PEEQ, 1 components, 2012 values
INFO: Step 12, time 1.0, ERROR, 1 components, 2012 values
INFO: Writing Kasten.012.vtk
INFO: Writing Kasten.012.vtu
INFO: Step 13, time 1.0, U, 3 components, 2012 values
INFO: Step 13, time 1.0, S, 6 components, 2012 values
INFO: Step 13, time 1.0, S_Mises, 1 components, 2012 values
INFO: Step 13, time 1.0, S_Principal, 3 components, 2012 values
INFO: Step 13, time 1.0, PEEQ, 1 components, 2012 values
INFO: Step 13, time 1.0, ERROR, 1 components, 2012 values
INFO: Writing Kasten.013.vtk
INFO: Writing Kasten.013.vtu
INFO: Step 14, time 1.0, U, 3 components, 2012 values
INFO: Step 14, time 1.0, S, 6 components, 2012 values
INFO: Step 14, time 1.0, S_Mises, 1 components, 2012 values
INFO: Step 14, time 1.0, S_Principal, 3 components, 2012 values
INFO: Step 14, time 1.0, PEEQ, 1 components, 2012 values
INFO: Step 14, time 1.0, ERROR, 1 components, 2012 values
INFO: Writing Kasten.014.vtk
INFO: Writing Kasten.014.vtu
INFO: Step 15, time 1.0, U, 3 components, 2012 values
INFO: Step 15, time 1.0, S, 6 components, 2012 values
INFO: Step 15, time 1.0, S_Mises, 1 components, 2012 values
INFO: Step 15, time 1.0, S_Principal, 3 components, 2012 values
INFO: Step 15, time 1.0, PEEQ, 1 components, 2012 values
INFO: Step 15, time 1.0, ERROR, 1 components, 2012 values
INFO: Writing Kasten.015.vtk
INFO: Writing Kasten.015.vtu
INFO: Step 16, time 1.0, U, 3 components, 2012 values
INFO: Step 16, time 1.0, S, 6 components, 2012 values
INFO: Step 16, time 1.0, S_Mises, 1 components, 2012 values
INFO: Step 16, time 1.0, S_Principal, 3 components, 2012 values
INFO: Step 16, time 1.0, PEEQ, 1 components, 2012 values
INFO: Step 16, time 1.0, ERROR, 1 components, 2012 values
INFO: Writing Kasten.016.vtk
INFO: Writing Kasten.016.vtu
INFO: Step 17, time 1.0, U, 3 components, 2012 values
INFO: Step 17, time 1.0, S, 6 components, 2012 values
INFO: Step 17, time 1.0, S_Mises, 1 components, 2012 values
INFO: Step 17, time 1.0, S_Principal, 3 components, 2012 values
INFO: Step 17, time 1.0, PEEQ, 1 components, 2012 values
INFO: Step 17, time 1.0, ERROR, 1 components, 2012 values
INFO: Writing Kasten.017.vtk
INFO: Writing Kasten.017.vtu
INFO: Step 18, time 1.0, U, 3 components, 2012 values
INFO: Step 18, time 1.0, S, 6 components, 2012 values
INFO: Step 18, time 1.0, S_Mises, 1 components, 2012 values
INFO: Step 18, time 1.0, S_Principal, 3 components, 2012 values
INFO: Step 18, time 1.0, PEEQ, 1 components, 2012 values
INFO: Step 18, time 1.0, ERROR, 1 components, 2012 values
INFO: Writing Kasten.018.vtk
INFO: Writing Kasten.018.vtu
INFO: Step 19, time 1.0, U, 3 components, 2012 values
INFO: Step 19, time 1.0, S, 6 components, 2012 values
INFO: Step 19, time 1.0, S_Mises, 1 components, 2012 values
INFO: Step 19, time 1.0, S_Principal, 3 components, 2012 values
INFO: Step 19, time 1.0, PEEQ, 1 components, 2012 values
INFO: Step 19, time 1.0, ERROR, 1 components, 2012 values
INFO: Writing Kasten.019.vtk
INFO: Writing Kasten.019.vtu
INFO: Step 20, time 1.0, U, 3 components, 2012 values
INFO: Step 20, time 1.0, S, 6 components, 2012 values
INFO: Step 20, time 1.0, S_Mises, 1 components, 2012 values
INFO: Step 20, time 1.0, S_Principal, 3 components, 2012 values
INFO: Step 20, time 1.0, PEEQ, 1 components, 2012 values
INFO: Step 20, time 1.0, ERROR, 1 components, 2012 values
INFO: Writing Kasten.020.vtk
INFO: Writing Kasten.020.vtu
INFO: Step 21, time 1.0, U, 3 components, 2012 values
INFO: Step 21, time 1.0, S, 6 components, 2012 values
INFO: Step 21, time 1.0, S_Mises, 1 components, 2012 values
INFO: Step 21, time 1.0, S_Principal, 3 components, 2012 values
INFO: Step 21, time 1.0, PEEQ, 1 components, 2012 values
INFO: Step 21, time 1.0, ERROR, 1 components, 2012 values
INFO: Writing Kasten.021.vtk
INFO: Writing Kasten.021.vtu
INFO: Step 22, time 1.0, U, 3 components, 2012 values
INFO: Step 22, time 1.0, S, 6 components, 2012 values
INFO: Step 22, time 1.0, S_Mises, 1 components, 2012 values
INFO: Step 22, time 1.0, S_Principal, 3 components, 2012 values
INFO: Step 22, time 1.0, PEEQ, 1 components, 2012 values
INFO: Step 22, time 1.0, ERROR, 1 components, 2012 values
INFO: Writing Kasten.022.vtk
INFO: Writing Kasten.022.vtu
INFO: Step 23, time 1.0, U, 3 components, 2012 values
INFO: Step 23, time 1.0, S, 6 components, 2012 values
INFO: Step 23, time 1.0, S_Mises, 1 components, 2012 values
INFO: Step 23, time 1.0, S_Principal, 3 components, 2012 values
INFO: Step 23, time 1.0, PEEQ, 1 components, 2012 values
INFO: Step 23, time 1.0, ERROR, 1 components, 2012 values
INFO: Writing Kasten.023.vtk
INFO: Writing Kasten.023.vtu
INFO: Step 24, time 1.0, U, 3 components, 2012 values
INFO: Step 24, time 1.0, S, 6 components, 2012 values
INFO: Step 24, time 1.0, S_Mises, 1 components, 2012 values
INFO: Step 24, time 1.0, S_Principal, 3 components, 2012 values
INFO: Step 24, time 1.0, PEEQ, 1 components, 2012 values
INFO: Step 24, time 1.0, ERROR, 1 components, 2012 values
INFO: Writing Kasten.024.vtk
INFO: Writing Kasten.024.vtu
INFO: Step 25, time 1.0, U, 3 components, 2012 values
INFO: Step 25, time 1.0, S, 6 components, 2012 values
INFO: Step 25, time 1.0, S_Mises, 1 components, 2012 values
INFO: Step 25, time 1.0, S_Principal, 3 components, 2012 values
INFO: Step 25, time 1.0, PEEQ, 1 components, 2012 values
INFO: Step 25, time 1.0, ERROR, 1 components, 2012 values
INFO: Writing Kasten.025.vtk
INFO: Writing Kasten.025.vtu
INFO: Step 26, time 1.0, U, 3 components, 2012 values
INFO: Step 26, time 1.0, S, 6 components, 2012 values
INFO: Step 26, time 1.0, S_Mises, 1 components, 2012 values
INFO: Step 26, time 1.0, S_Principal, 3 components, 2012 values
INFO: Step 26, time 1.0, PEEQ, 1 components, 2012 values
INFO: Step 26, time 1.0, ERROR, 1 components, 2012 values
INFO: Writing Kasten.026.vtk
INFO: Writing Kasten.026.vtu
INFO: Step 27, time 1.0, U, 3 components, 2012 values
INFO: Step 27, time 1.0, S, 6 components, 2012 values
INFO: Step 27, time 1.0, S_Mises, 1 components, 2012 values
INFO: Step 27, time 1.0, S_Principal, 3 components, 2012 values
INFO: Step 27, time 1.0, PEEQ, 1 components, 2012 values
INFO: Step 27, time 1.0, ERROR, 1 components, 2012 values
INFO: Writing Kasten.027.vtk
INFO: Writing Kasten.027.vtu
INFO: Step 28, time 1.0, U, 3 components, 2012 values
INFO: Step 28, time 1.0, S, 6 components, 2012 values
INFO: Step 28, time 1.0, S_Mises, 1 components, 2012 values
INFO: Step 28, time 1.0, S_Principal, 3 components, 2012 values
INFO: Step 28, time 1.0, PEEQ, 1 components, 2012 values
INFO: Step 28, time 1.0, ERROR, 1 components, 2012 values
INFO: Writing Kasten.028.vtk
INFO: Writing Kasten.028.vtu
INFO: Step 29, time 1.0, U, 3 components, 2012 values
INFO: Step 29, time 1.0, S, 6 components, 2012 values
INFO: Step 29, time 1.0, S_Mises, 1 components, 2012 values
INFO: Step 29, time 1.0, S_Principal, 3 components, 2012 values
INFO: Step 29, time 1.0, PEEQ, 1 components, 2012 values
INFO: Step 29, time 1.0, ERROR, 1 components, 2012 values
INFO: Writing Kasten.029.vtk
INFO: Writing Kasten.029.vtu
INFO: Step 30, time 1.0, U, 3 components, 2012 values
INFO: Step 30, time 1.0, S, 6 components, 2012 values
INFO: Step 30, time 1.0, S_Mises, 1 components, 2012 values
INFO: Step 30, time 1.0, S_Principal, 3 components, 2012 values
INFO: Step 30, time 1.0, PEEQ, 1 components, 2012 values
INFO: Step 30, time 1.0, ERROR, 1 components, 2012 values
INFO: Writing Kasten.030.vtk
INFO: Writing Kasten.030.vtu
INFO: Step 31, time 1.0, U, 3 components, 2012 values
INFO: Step 31, time 1.0, S, 6 components, 2012 values
INFO: Step 31, time 1.0, S_Mises, 1 components, 2012 values
INFO: Step 31, time 1.0, S_Principal, 3 components, 2012 values
INFO: Step 31, time 1.0, PEEQ, 1 components, 2012 values
INFO: Step 31, time 1.0, ERROR, 1 components, 2012 values
INFO: Writing Kasten.031.vtk
INFO: Writing Kasten.031.vtu
INFO: Step 32, time 1.0, U, 3 components, 2012 values
INFO: Step 32, time 1.0, S, 6 components, 2012 values
INFO: Step 32, time 1.0, S_Mises, 1 components, 2012 values
INFO: Step 32, time 1.0, S_Principal, 3 components, 2012 values
INFO: Step 32, time 1.0, PEEQ, 1 components, 2012 values
INFO: Step 32, time 1.0, ERROR, 1 components, 2012 values
INFO: Writing Kasten.032.vtk
INFO: Writing Kasten.032.vtu
INFO: Step 33, time 1.1, U, 3 components, 2012 values
INFO: Step 33, time 1.1, S, 6 components, 2012 values
INFO: Step 33, time 1.1, S_Mises, 1 components, 2012 values
INFO: Step 33, time 1.1, S_Principal, 3 components, 2012 values
INFO: Step 33, time 1.1, PEEQ, 1 components, 2012 values
INFO: Step 33, time 1.1, ERROR, 1 components, 2012 values
INFO: Writing Kasten.033.vtk
INFO: Writing Kasten.033.vtu
INFO: Step 34, time 1.1, U, 3 components, 2012 values
INFO: Step 34, time 1.1, S, 6 components, 2012 values
INFO: Step 34, time 1.1, S_Mises, 1 components, 2012 values
INFO: Step 34, time 1.1, S_Principal, 3 components, 2012 values
INFO: Step 34, time 1.1, PEEQ, 1 components, 2012 values
INFO: Step 34, time 1.1, ERROR, 1 components, 2012 values
INFO: Writing Kasten.034.vtk
INFO: Writing Kasten.034.vtu
INFO: Step 35, time 1.1, U, 3 components, 2012 values
INFO: Step 35, time 1.1, S, 6 components, 2012 values
INFO: Step 35, time 1.1, S_Mises, 1 components, 2012 values
INFO: Step 35, time 1.1, S_Principal, 3 components, 2012 values
INFO: Step 35, time 1.1, PEEQ, 1 components, 2012 values
INFO: Step 35, time 1.1, ERROR, 1 components, 2012 values
INFO: Writing Kasten.035.vtk
INFO: Writing Kasten.035.vtu
INFO: Step 36, time 1.1, U, 3 components, 2012 values
INFO: Step 36, time 1.1, S, 6 components, 2012 values
INFO: Step 36, time 1.1, S_Mises, 1 components, 2012 values
INFO: Step 36, time 1.1, S_Principal, 3 components, 2012 values
INFO: Step 36, time 1.1, PEEQ, 1 components, 2012 values
INFO: Step 36, time 1.1, ERROR, 1 components, 2012 values
INFO: Writing Kasten.036.vtk
INFO: Writing Kasten.036.vtu
INFO: Step 37, time 1.1, U, 3 components, 2012 values
INFO: Step 37, time 1.1, S, 6 components, 2012 values
INFO: Step 37, time 1.1, S_Mises, 1 components, 2012 values
INFO: Step 37, time 1.1, S_Principal, 3 components, 2012 values
INFO: Step 37, time 1.1, PEEQ, 1 components, 2012 values
INFO: Step 37, time 1.1, ERROR, 1 components, 2012 values
INFO: Writing Kasten.037.vtk
INFO: Writing Kasten.037.vtu
INFO: Step 38, time 1.1, U, 3 components, 2012 values
INFO: Step 38, time 1.1, S, 6 components, 2012 values
INFO: Step 38, time 1.1, S_Mises, 1 components, 2012 values
INFO: Step 38, time 1.1, S_Principal, 3 components, 2012 values
INFO: Step 38, time 1.1, PEEQ, 1 components, 2012 values
INFO: Step 38, time 1.1, ERROR, 1 components, 2012 values
INFO: Writing Kasten.038.vtk
INFO: Writing Kasten.038.vtu
INFO: Step 39, time 1.1, U, 3 components, 2012 values
INFO: Step 39, time 1.1, S, 6 components, 2012 values
INFO: Step 39, time 1.1, S_Mises, 1 components, 2012 values
INFO: Step 39, time 1.1, S_Principal, 3 components, 2012 values
INFO: Step 39, time 1.1, PEEQ, 1 components, 2012 values
INFO: Step 39, time 1.1, ERROR, 1 components, 2012 values
INFO: Writing Kasten.039.vtk
INFO: Writing Kasten.039.vtu
INFO: Step 40, time 1.1, U, 3 components, 2012 values
INFO: Step 40, time 1.1, S, 6 components, 2012 values
INFO: Step 40, time 1.1, S_Mises, 1 components, 2012 values
INFO: Step 40, time 1.1, S_Principal, 3 components, 2012 values
INFO: Step 40, time 1.1, PEEQ, 1 components, 2012 values
INFO: Step 40, time 1.1, ERROR, 1 components, 2012 values
INFO: Writing Kasten.040.vtk
INFO: Writing Kasten.040.vtu
INFO: Step 41, time 1.1, U, 3 components, 2012 values
INFO: Step 41, time 1.1, S, 6 components, 2012 values
INFO: Step 41, time 1.1, S_Mises, 1 components, 2012 values
INFO: Step 41, time 1.1, S_Principal, 3 components, 2012 values
INFO: Step 41, time 1.1, PEEQ, 1 components, 2012 values
INFO: Step 41, time 1.1, ERROR, 1 components, 2012 values
INFO: Writing Kasten.041.vtk
INFO: Writing Kasten.041.vtu
INFO: Step 42, time 1.1, U, 3 components, 2012 values
INFO: Step 42, time 1.1, S, 6 components, 2012 values
INFO: Step 42, time 1.1, S_Mises, 1 components, 2012 values
INFO: Step 42, time 1.1, S_Principal, 3 components, 2012 values
INFO: Step 42, time 1.1, PEEQ, 1 components, 2012 values
INFO: Step 42, time 1.1, ERROR, 1 components, 2012 values
INFO: Writing Kasten.042.vtk
INFO: Writing Kasten.042.vtu
INFO: Step 43, time 1.1, U, 3 components, 2012 values
INFO: Step 43, time 1.1, S, 6 components, 2012 values
INFO: Step 43, time 1.1, S_Mises, 1 components, 2012 values
INFO: Step 43, time 1.1, S_Principal, 3 components, 2012 values
INFO: Step 43, time 1.1, PEEQ, 1 components, 2012 values
INFO: Step 43, time 1.1, ERROR, 1 components, 2012 values
INFO: Writing Kasten.043.vtk
INFO: Writing Kasten.043.vtu
INFO: Step 44, time 1.1, U, 3 components, 2012 values
INFO: Step 44, time 1.1, S, 6 components, 2012 values
INFO: Step 44, time 1.1, S_Mises, 1 components, 2012 values
INFO: Step 44, time 1.1, S_Principal, 3 components, 2012 values
INFO: Step 44, time 1.1, PEEQ, 1 components, 2012 values
INFO: Step 44, time 1.1, ERROR, 1 components, 2012 values
INFO: Writing Kasten.044.vtk
INFO: Writing Kasten.044.vtu
INFO: Step 45, time 1.1, U, 3 components, 2012 values
INFO: Step 45, time 1.1, S, 6 components, 2012 values
INFO: Step 45, time 1.1, S_Mises, 1 components, 2012 values
INFO: Step 45, time 1.1, S_Principal, 3 components, 2012 values
INFO: Step 45, time 1.1, PEEQ, 1 components, 2012 values
INFO: Step 45, time 1.1, ERROR, 1 components, 2012 values
INFO: Writing Kasten.045.vtk
INFO: Writing Kasten.045.vtu
INFO: Step 46, time 1.1, U, 3 components, 2012 values
INFO: Step 46, time 1.1, S, 6 components, 2012 values
INFO: Step 46, time 1.1, S_Mises, 1 components, 2012 values
INFO: Step 46, time 1.1, S_Principal, 3 components, 2012 values
INFO: Step 46, time 1.1, PEEQ, 1 components, 2012 values
INFO: Step 46, time 1.1, ERROR, 1 components, 2012 values
INFO: Writing Kasten.046.vtk
INFO: Writing Kasten.046.vtu
INFO: Step 47, time 1.1, U, 3 components, 2012 values
INFO: Step 47, time 1.1, S, 6 components, 2012 values
INFO: Step 47, time 1.1, S_Mises, 1 components, 2012 values
INFO: Step 47, time 1.1, S_Principal, 3 components, 2012 values
INFO: Step 47, time 1.1, PEEQ, 1 components, 2012 values
INFO: Step 47, time 1.1, ERROR, 1 components, 2012 values
INFO: Writing Kasten.047.vtk
INFO: Writing Kasten.047.vtu
INFO: Step 48, time 1.1, U, 3 components, 2012 values
INFO: Step 48, time 1.1, S, 6 components, 2012 values
INFO: Step 48, time 1.1, S_Mises, 1 components, 2012 values
INFO: Step 48, time 1.1, S_Principal, 3 components, 2012 values
INFO: Step 48, time 1.1, PEEQ, 1 components, 2012 values
INFO: Step 48, time 1.1, ERROR, 1 components, 2012 values
INFO: Writing Kasten.048.vtk
INFO: Writing Kasten.048.vtu
INFO: Step 49, time 1.2, U, 3 components, 2012 values
INFO: Step 49, time 1.2, S, 6 components, 2012 values
INFO: Step 49, time 1.2, S_Mises, 1 components, 2012 values
INFO: Step 49, time 1.2, S_Principal, 3 components, 2012 values
INFO: Step 49, time 1.2, PEEQ, 1 components, 2012 values
INFO: Step 49, time 1.2, ERROR, 1 components, 2012 values
INFO: Writing Kasten.049.vtk
INFO: Writing Kasten.049.vtu
INFO: Step 50, time 1.2, U, 3 components, 2012 values
INFO: Step 50, time 1.2, S, 6 components, 2012 values
INFO: Step 50, time 1.2, S_Mises, 1 components, 2012 values
INFO: Step 50, time 1.2, S_Principal, 3 components, 2012 values
INFO: Step 50, time 1.2, PEEQ, 1 components, 2012 values
INFO: Step 50, time 1.2, ERROR, 1 components, 2012 values
INFO: Writing Kasten.050.vtk
INFO: Writing Kasten.050.vtu
INFO: Step 51, time 1.2, U, 3 components, 2012 values
INFO: Step 51, time 1.2, S, 6 components, 2012 values
INFO: Step 51, time 1.2, S_Mises, 1 components, 2012 values
INFO: Step 51, time 1.2, S_Principal, 3 components, 2012 values
INFO: Step 51, time 1.2, PEEQ, 1 components, 2012 values
INFO: Step 51, time 1.2, ERROR, 1 components, 2012 values
INFO: Writing Kasten.051.vtk
INFO: Writing Kasten.051.vtu
INFO: Step 52, time 1.2, U, 3 components, 2012 values
INFO: Step 52, time 1.2, S, 6 components, 2012 values
INFO: Step 52, time 1.2, S_Mises, 1 components, 2012 values
INFO: Step 52, time 1.2, S_Principal, 3 components, 2012 values
INFO: Step 52, time 1.2, PEEQ, 1 components, 2012 values
INFO: Step 52, time 1.2, ERROR, 1 components, 2012 values
INFO: Writing Kasten.052.vtk
INFO: Writing Kasten.052.vtu
INFO: Step 53, time 1.2, U, 3 components, 2012 values
INFO: Step 53, time 1.2, S, 6 components, 2012 values
INFO: Step 53, time 1.2, S_Mises, 1 components, 2012 values
INFO: Step 53, time 1.2, S_Principal, 3 components, 2012 values
INFO: Step 53, time 1.2, PEEQ, 1 components, 2012 values
INFO: Step 53, time 1.2, ERROR, 1 components, 2012 values
INFO: Writing Kasten.053.vtk
INFO: Writing Kasten.053.vtu
INFO: Step 54, time 1.3, U, 3 components, 2012 values
INFO: Step 54, time 1.3, S, 6 components, 2012 values
INFO: Step 54, time 1.3, S_Mises, 1 components, 2012 values
INFO: Step 54, time 1.3, S_Principal, 3 components, 2012 values
INFO: Step 54, time 1.3, PEEQ, 1 components, 2012 values
INFO: Step 54, time 1.3, ERROR, 1 components, 2012 values
INFO: Writing Kasten.054.vtk
INFO: Writing Kasten.054.vtu
INFO: Step 55, time 1.3, U, 3 components, 2012 values
INFO: Step 55, time 1.3, S, 6 components, 2012 values
INFO: Step 55, time 1.3, S_Mises, 1 components, 2012 values
INFO: Step 55, time 1.3, S_Principal, 3 components, 2012 values
INFO: Step 55, time 1.3, PEEQ, 1 components, 2012 values
INFO: Step 55, time 1.3, ERROR, 1 components, 2012 values
INFO: Writing Kasten.055.vtk
INFO: Writing Kasten.055.vtu
INFO: Step 56, time 1.3, U, 3 components, 2012 values
INFO: Step 56, time 1.3, S, 6 components, 2012 values
INFO: Step 56, time 1.3, S_Mises, 1 components, 2012 values
INFO: Step 56, time 1.3, S_Principal, 3 components, 2012 values
INFO: Step 56, time 1.3, PEEQ, 1 components, 2012 values
INFO: Step 56, time 1.3, ERROR, 1 components, 2012 values
INFO: Writing Kasten.056.vtk
INFO: Writing Kasten.056.vtu
INFO: Step 57, time 1.3, U, 3 components, 2012 values
INFO: Step 57, time 1.3, S, 6 components, 2012 values
INFO: Step 57, time 1.3, S_Mises, 1 components, 2012 values
INFO: Step 57, time 1.3, S_Principal, 3 components, 2012 values
INFO: Step 57, time 1.3, PEEQ, 1 components, 2012 values
INFO: Step 57, time 1.3, ERROR, 1 components, 2012 values
INFO: Writing Kasten.057.vtk
INFO: Writing Kasten.057.vtu
INFO: Step 58, time 1.3, U, 3 components, 2012 values
INFO: Step 58, time 1.3, S, 6 components, 2012 values
INFO: Step 58, time 1.3, S_Mises, 1 components, 2012 values
INFO: Step 58, time 1.3, S_Principal, 3 components, 2012 values
INFO: Step 58, time 1.3, PEEQ, 1 components, 2012 values
INFO: Step 58, time 1.3, ERROR, 1 components, 2012 values
INFO: Writing Kasten.058.vtk
INFO: Writing Kasten.058.vtu
INFO: Step 59, time 1.3, U, 3 components, 2012 values
INFO: Step 59, time 1.3, S, 6 components, 2012 values
INFO: Step 59, time 1.3, S_Mises, 1 components, 2012 values
INFO: Step 59, time 1.3, S_Principal, 3 components, 2012 values
INFO: Step 59, time 1.3, PEEQ, 1 components, 2012 values
INFO: Step 59, time 1.3, ERROR, 1 components, 2012 values
INFO: Writing Kasten.059.vtk
INFO: Writing Kasten.059.vtu
INFO: Step 60, time 1.3, U, 3 components, 2012 values
INFO: Step 60, time 1.3, S, 6 components, 2012 values
INFO: Step 60, time 1.3, S_Mises, 1 components, 2012 values
INFO: Step 60, time 1.3, S_Principal, 3 components, 2012 values
INFO: Step 60, time 1.3, PEEQ, 1 components, 2012 values
INFO: Step 60, time 1.3, ERROR, 1 components, 2012 values
INFO: Writing Kasten.060.vtk
INFO: Writing Kasten.060.vtu
INFO: Step 61, time 1.3, U, 3 components, 2012 values
INFO: Step 61, time 1.3, S, 6 components, 2012 values
INFO: Step 61, time 1.3, S_Mises, 1 components, 2012 values
INFO: Step 61, time 1.3, S_Principal, 3 components, 2012 values
INFO: Step 61, time 1.3, PEEQ, 1 components, 2012 values
INFO: Step 61, time 1.3, ERROR, 1 components, 2012 values
INFO: Writing Kasten.061.vtk
INFO: Writing Kasten.061.vtu
INFO: Step 62, time 1.3, U, 3 components, 2012 values
INFO: Step 62, time 1.3, S, 6 components, 2012 values
INFO: Step 62, time 1.3, S_Mises, 1 components, 2012 values
INFO: Step 62, time 1.3, S_Principal, 3 components, 2012 values
INFO: Step 62, time 1.3, PEEQ, 1 components, 2012 values
INFO: Step 62, time 1.3, ERROR, 1 components, 2012 values
INFO: Writing Kasten.062.vtk
INFO: Writing Kasten.062.vtu
INFO: Step 63, time 1.3, U, 3 components, 2012 values
INFO: Step 63, time 1.3, S, 6 components, 2012 values
INFO: Step 63, time 1.3, S_Mises, 1 components, 2012 values
INFO: Step 63, time 1.3, S_Principal, 3 components, 2012 values
INFO: Step 63, time 1.3, PEEQ, 1 components, 2012 values
INFO: Step 63, time 1.3, ERROR, 1 components, 2012 values
INFO: Writing Kasten.063.vtk
INFO: Writing Kasten.063.vtu
INFO: Step 64, time 1.4, U, 3 components, 2012 values
INFO: Step 64, time 1.4, S, 6 components, 2012 values
INFO: Step 64, time 1.4, S_Mises, 1 components, 2012 values
INFO: Step 64, time 1.4, S_Principal, 3 components, 2012 values
INFO: Step 64, time 1.4, PEEQ, 1 components, 2012 values
INFO: Step 64, time 1.4, ERROR, 1 components, 2012 values
INFO: Writing Kasten.064.vtk
INFO: Writing Kasten.064.vtu
INFO: Step 65, time 1.4, U, 3 components, 2012 values
INFO: Step 65, time 1.4, S, 6 components, 2012 values
INFO: Step 65, time 1.4, S_Mises, 1 components, 2012 values
INFO: Step 65, time 1.4, S_Principal, 3 components, 2012 values
INFO: Step 65, time 1.4, PEEQ, 1 components, 2012 values
INFO: Step 65, time 1.4, ERROR, 1 components, 2012 values
INFO: Writing Kasten.065.vtk
INFO: Writing Kasten.065.vtu
INFO: Step 66, time 1.4, U, 3 components, 2012 values
INFO: Step 66, time 1.4, S, 6 components, 2012 values
INFO: Step 66, time 1.4, S_Mises, 1 components, 2012 values
INFO: Step 66, time 1.4, S_Principal, 3 components, 2012 values
INFO: Step 66, time 1.4, PEEQ, 1 components, 2012 values
INFO: Step 66, time 1.4, ERROR, 1 components, 2012 values
INFO: Writing Kasten.066.vtk
INFO: Writing Kasten.066.vtu
INFO: Step 67, time 1.4, U, 3 components, 2012 values
INFO: Step 67, time 1.4, S, 6 components, 2012 values
INFO: Step 67, time 1.4, S_Mises, 1 components, 2012 values
INFO: Step 67, time 1.4, S_Principal, 3 components, 2012 values
INFO: Step 67, time 1.4, PEEQ, 1 components, 2012 values
INFO: Step 67, time 1.4, ERROR, 1 components, 2012 values
INFO: Writing Kasten.067.vtk
INFO: Writing Kasten.067.vtu
INFO: Step 68, time 1.4, U, 3 components, 2012 values
INFO: Step 68, time 1.4, S, 6 components, 2012 values
INFO: Step 68, time 1.4, S_Mises, 1 components, 2012 values
INFO: Step 68, time 1.4, S_Principal, 3 components, 2012 values
INFO: Step 68, time 1.4, PEEQ, 1 components, 2012 values
INFO: Step 68, time 1.4, ERROR, 1 components, 2012 values
INFO: Writing Kasten.068.vtk
INFO: Writing Kasten.068.vtu
INFO: Step 69, time 1.4, U, 3 components, 2012 values
INFO: Step 69, time 1.4, S, 6 components, 2012 values
INFO: Step 69, time 1.4, S_Mises, 1 components, 2012 values
INFO: Step 69, time 1.4, S_Principal, 3 components, 2012 values
INFO: Step 69, time 1.4, PEEQ, 1 components, 2012 values
INFO: Step 69, time 1.4, ERROR, 1 components, 2012 values
INFO: Writing Kasten.069.vtk
INFO: Writing Kasten.069.vtu
INFO: Step 70, time 1.4, U, 3 components, 2012 values
INFO: Step 70, time 1.4, S, 6 components, 2012 values
INFO: Step 70, time 1.4, S_Mises, 1 components, 2012 values
INFO: Step 70, time 1.4, S_Principal, 3 components, 2012 values
INFO: Step 70, time 1.4, PEEQ, 1 components, 2012 values
INFO: Step 70, time 1.4, ERROR, 1 components, 2012 values
INFO: Writing Kasten.070.vtk
INFO: Writing Kasten.070.vtu
INFO: Step 71, time 1.4, U, 3 components, 2012 values
INFO: Step 71, time 1.4, S, 6 components, 2012 values
INFO: Step 71, time 1.4, S_Mises, 1 components, 2012 values
INFO: Step 71, time 1.4, S_Principal, 3 components, 2012 values
INFO: Step 71, time 1.4, PEEQ, 1 components, 2012 values
INFO: Step 71, time 1.4, ERROR, 1 components, 2012 values
INFO: Writing Kasten.071.vtk
INFO: Writing Kasten.071.vtu
INFO: Step 72, time 1.5, U, 3 components, 2012 values
INFO: Step 72, time 1.5, S, 6 components, 2012 values
INFO: Step 72, time 1.5, S_Mises, 1 components, 2012 values
INFO: Step 72, time 1.5, S_Principal, 3 components, 2012 values
INFO: Step 72, time 1.5, PEEQ, 1 components, 2012 values
INFO: Step 72, time 1.5, ERROR, 1 components, 2012 values
INFO: Writing Kasten.072.vtk
INFO: Writing Kasten.072.vtu
INFO: Step 73, time 1.5, U, 3 components, 2012 values
INFO: Step 73, time 1.5, S, 6 components, 2012 values
INFO: Step 73, time 1.5, S_Mises, 1 components, 2012 values
INFO: Step 73, time 1.5, S_Principal, 3 components, 2012 values
INFO: Step 73, time 1.5, PEEQ, 1 components, 2012 values
INFO: Step 73, time 1.5, ERROR, 1 components, 2012 values
INFO: Writing Kasten.073.vtk
INFO: Writing Kasten.073.vtu
INFO: Step 74, time 1.5, U, 3 components, 2012 values
INFO: Step 74, time 1.5, S, 6 components, 2012 values
INFO: Step 74, time 1.5, S_Mises, 1 components, 2012 values
INFO: Step 74, time 1.5, S_Principal, 3 components, 2012 values
INFO: Step 74, time 1.5, PEEQ, 1 components, 2012 values
INFO: Step 74, time 1.5, ERROR, 1 components, 2012 values
INFO: Writing Kasten.074.vtk
INFO: Writing Kasten.074.vtu
INFO: Step 75, time 1.5, U, 3 components, 2012 values
INFO: Step 75, time 1.5, S, 6 components, 2012 values
INFO: Step 75, time 1.5, S_Mises, 1 components, 2012 values
INFO: Step 75, time 1.5, S_Principal, 3 components, 2012 values
INFO: Step 75, time 1.5, PEEQ, 1 components, 2012 values
INFO: Step 75, time 1.5, ERROR, 1 components, 2012 values
INFO: Writing Kasten.075.vtk
INFO: Writing Kasten.075.vtu
INFO: Step 76, time 1.5, U, 3 components, 2012 values
INFO: Step 76, time 1.5, S, 6 components, 2012 values
INFO: Step 76, time 1.5, S_Mises, 1 components, 2012 values
INFO: Step 76, time 1.5, S_Principal, 3 components, 2012 values
INFO: Step 76, time 1.5, PEEQ, 1 components, 2012 values
INFO: Step 76, time 1.5, ERROR, 1 components, 2012 values
INFO: Writing Kasten.076.vtk
INFO: Writing Kasten.076.vtu
INFO: Step 77, time 1.5, U, 3 components, 2012 values
INFO: Step 77, time 1.5, S, 6 components, 2012 values
INFO: Step 77, time 1.5, S_Mises, 1 components, 2012 values
INFO: Step 77, time 1.5, S_Principal, 3 components, 2012 values
INFO: Step 77, time 1.5, PEEQ, 1 components, 2012 values
INFO: Step 77, time 1.5, ERROR, 1 components, 2012 values
INFO: Writing Kasten.077.vtk
INFO: Writing Kasten.077.vtu
INFO: Step 78, time 1.6, U, 3 components, 2012 values
INFO: Step 78, time 1.6, S, 6 components, 2012 values
INFO: Step 78, time 1.6, S_Mises, 1 components, 2012 values
INFO: Step 78, time 1.6, S_Principal, 3 components, 2012 values
INFO: Step 78, time 1.6, PEEQ, 1 components, 2012 values
INFO: Step 78, time 1.6, ERROR, 1 components, 2012 values
INFO: Writing Kasten.078.vtk
INFO: Writing Kasten.078.vtu
INFO: Step 79, time 1.6, U, 3 components, 2012 values
INFO: Step 79, time 1.6, S, 6 components, 2012 values
INFO: Step 79, time 1.6, S_Mises, 1 components, 2012 values
INFO: Step 79, time 1.6, S_Principal, 3 components, 2012 values
INFO: Step 79, time 1.6, PEEQ, 1 components, 2012 values
INFO: Step 79, time 1.6, ERROR, 1 components, 2012 values
INFO: Writing Kasten.079.vtk
INFO: Writing Kasten.079.vtu
INFO: Step 80, time 1.6, U, 3 components, 2012 values
INFO: Step 80, time 1.6, S, 6 components, 2012 values
INFO: Step 80, time 1.6, S_Mises, 1 components, 2012 values
INFO: Step 80, time 1.6, S_Principal, 3 components, 2012 values
INFO: Step 80, time 1.6, PEEQ, 1 components, 2012 values
INFO: Step 80, time 1.6, ERROR, 1 components, 2012 values
INFO: Writing Kasten.080.vtk
INFO: Writing Kasten.080.vtu
INFO: Step 81, time 1.6, U, 3 components, 2012 values
INFO: Step 81, time 1.6, S, 6 components, 2012 values
INFO: Step 81, time 1.6, S_Mises, 1 components, 2012 values
INFO: Step 81, time 1.6, S_Principal, 3 components, 2012 values
INFO: Step 81, time 1.6, PEEQ, 1 components, 2012 values
INFO: Step 81, time 1.6, ERROR, 1 components, 2012 values
INFO: Writing Kasten.081.vtk
INFO: Writing Kasten.081.vtu
INFO: Step 82, time 1.6, U, 3 components, 2012 values
INFO: Step 82, time 1.6, S, 6 components, 2012 values
INFO: Step 82, time 1.6, S_Mises, 1 components, 2012 values
INFO: Step 82, time 1.6, S_Principal, 3 components, 2012 values
INFO: Step 82, time 1.6, PEEQ, 1 components, 2012 values
INFO: Step 82, time 1.6, ERROR, 1 components, 2012 values
INFO: Writing Kasten.082.vtk
INFO: Writing Kasten.082.vtu
INFO: Step 83, time 1.7, U, 3 components, 2012 values
INFO: Step 83, time 1.7, S, 6 components, 2012 values
INFO: Step 83, time 1.7, S_Mises, 1 components, 2012 values
INFO: Step 83, time 1.7, S_Principal, 3 components, 2012 values
INFO: Step 83, time 1.7, PEEQ, 1 components, 2012 values
INFO: Step 83, time 1.7, ERROR, 1 components, 2012 values
INFO: Writing Kasten.083.vtk
INFO: Writing Kasten.083.vtu
INFO: Step 84, time 1.7, U, 3 components, 2012 values
INFO: Step 84, time 1.7, S, 6 components, 2012 values
INFO: Step 84, time 1.7, S_Mises, 1 components, 2012 values
INFO: Step 84, time 1.7, S_Principal, 3 components, 2012 values
INFO: Step 84, time 1.7, PEEQ, 1 components, 2012 values
INFO: Step 84, time 1.7, ERROR, 1 components, 2012 values
INFO: Writing Kasten.084.vtk
INFO: Writing Kasten.084.vtu
INFO: Step 85, time 1.7, U, 3 components, 2012 values
INFO: Step 85, time 1.7, S, 6 components, 2012 values
INFO: Step 85, time 1.7, S_Mises, 1 components, 2012 values
INFO: Step 85, time 1.7, S_Principal, 3 components, 2012 values
INFO: Step 85, time 1.7, PEEQ, 1 components, 2012 values
INFO: Step 85, time 1.7, ERROR, 1 components, 2012 values
INFO: Writing Kasten.085.vtk
INFO: Writing Kasten.085.vtu
INFO: Step 86, time 1.7, U, 3 components, 2012 values
INFO: Step 86, time 1.7, S, 6 components, 2012 values
INFO: Step 86, time 1.7, S_Mises, 1 components, 2012 values
INFO: Step 86, time 1.7, S_Principal, 3 components, 2012 values
INFO: Step 86, time 1.7, PEEQ, 1 components, 2012 values
INFO: Step 86, time 1.7, ERROR, 1 components, 2012 values
INFO: Writing Kasten.086.vtk
INFO: Writing Kasten.086.vtu
INFO: Step 87, time 1.7, U, 3 components, 2012 values
INFO: Step 87, time 1.7, S, 6 components, 2012 values
INFO: Step 87, time 1.7, S_Mises, 1 components, 2012 values
INFO: Step 87, time 1.7, S_Principal, 3 components, 2012 values
INFO: Step 87, time 1.7, PEEQ, 1 components, 2012 values
INFO: Step 87, time 1.7, ERROR, 1 components, 2012 values
INFO: Writing Kasten.087.vtk
INFO: Writing Kasten.087.vtu
INFO: Step 88, time 1.7, U, 3 components, 2012 values
INFO: Step 88, time 1.7, S, 6 components, 2012 values
INFO: Step 88, time 1.7, S_Mises, 1 components, 2012 values
INFO: Step 88, time 1.7, S_Principal, 3 components, 2012 values
INFO: Step 88, time 1.7, PEEQ, 1 components, 2012 values
INFO: Step 88, time 1.7, ERROR, 1 components, 2012 values
INFO: Writing Kasten.088.vtk
INFO: Writing Kasten.088.vtu
INFO: Step 89, time 1.8, U, 3 components, 2012 values
INFO: Step 89, time 1.8, S, 6 components, 2012 values
INFO: Step 89, time 1.8, S_Mises, 1 components, 2012 values
INFO: Step 89, time 1.8, S_Principal, 3 components, 2012 values
INFO: Step 89, time 1.8, PEEQ, 1 components, 2012 values
INFO: Step 89, time 1.8, ERROR, 1 components, 2012 values
INFO: Writing Kasten.089.vtk
INFO: Writing Kasten.089.vtu
INFO: Step 90, time 1.8, U, 3 components, 2012 values
INFO: Step 90, time 1.8, S, 6 components, 2012 values
INFO: Step 90, time 1.8, S_Mises, 1 components, 2012 values
INFO: Step 90, time 1.8, S_Principal, 3 components, 2012 values
INFO: Step 90, time 1.8, PEEQ, 1 components, 2012 values
INFO: Step 90, time 1.8, ERROR, 1 components, 2012 values
INFO: Writing Kasten.090.vtk
INFO: Writing Kasten.090.vtu
INFO: Step 91, time 1.8, U, 3 components, 2012 values
INFO: Step 91, time 1.8, S, 6 components, 2012 values
INFO: Step 91, time 1.8, S_Mises, 1 components, 2012 values
INFO: Step 91, time 1.8, S_Principal, 3 components, 2012 values
INFO: Step 91, time 1.8, PEEQ, 1 components, 2012 values
INFO: Step 91, time 1.8, ERROR, 1 components, 2012 values
INFO: Writing Kasten.091.vtk
INFO: Writing Kasten.091.vtu
INFO: Step 92, time 1.8, U, 3 components, 2012 values
INFO: Step 92, time 1.8, S, 6 components, 2012 values
INFO: Step 92, time 1.8, S_Mises, 1 components, 2012 values
INFO: Step 92, time 1.8, S_Principal, 3 components, 2012 values
INFO: Step 92, time 1.8, PEEQ, 1 components, 2012 values
INFO: Step 92, time 1.8, ERROR, 1 components, 2012 values
INFO: Writing Kasten.092.vtk
INFO: Writing Kasten.092.vtu
INFO: Step 93, time 1.8, U, 3 components, 2012 values
INFO: Step 93, time 1.8, S, 6 components, 2012 values
INFO: Step 93, time 1.8, S_Mises, 1 components, 2012 values
INFO: Step 93, time 1.8, S_Principal, 3 components, 2012 values
INFO: Step 93, time 1.8, PEEQ, 1 components, 2012 values
INFO: Step 93, time 1.8, ERROR, 1 components, 2012 values
INFO: Writing Kasten.093.vtk
INFO: Writing Kasten.093.vtu
INFO: Step 94, time 1.8, U, 3 components, 2012 values
INFO: Step 94, time 1.8, S, 6 components, 2012 values
INFO: Step 94, time 1.8, S_Mises, 1 components, 2012 values
INFO: Step 94, time 1.8, S_Principal, 3 components, 2012 values
INFO: Step 94, time 1.8, PEEQ, 1 components, 2012 values
INFO: Step 94, time 1.8, ERROR, 1 components, 2012 values
INFO: Writing Kasten.094.vtk
INFO: Writing Kasten.094.vtu
INFO: Step 95, time 1.8, U, 3 components, 2012 values
INFO: Step 95, time 1.8, S, 6 components, 2012 values
INFO: Step 95, time 1.8, S_Mises, 1 components, 2012 values
INFO: Step 95, time 1.8, S_Principal, 3 components, 2012 values
INFO: Step 95, time 1.8, PEEQ, 1 components, 2012 values
INFO: Step 95, time 1.8, ERROR, 1 components, 2012 values
INFO: Writing Kasten.095.vtk
INFO: Writing Kasten.095.vtu
INFO: Step 96, time 1.8, U, 3 components, 2012 values
INFO: Step 96, time 1.8, S, 6 components, 2012 values
INFO: Step 96, time 1.8, S_Mises, 1 components, 2012 values
INFO: Step 96, time 1.8, S_Principal, 3 components, 2012 values
INFO: Step 96, time 1.8, PEEQ, 1 components, 2012 values
INFO: Step 96, time 1.8, ERROR, 1 components, 2012 values
INFO: Writing Kasten.096.vtk
INFO: Writing Kasten.096.vtu
INFO: Step 97, time 1.9, U, 3 components, 2012 values
INFO: Step 97, time 1.9, S, 6 components, 2012 values
INFO: Step 97, time 1.9, S_Mises, 1 components, 2012 values
INFO: Step 97, time 1.9, S_Principal, 3 components, 2012 values
INFO: Step 97, time 1.9, PEEQ, 1 components, 2012 values
INFO: Step 97, time 1.9, ERROR, 1 components, 2012 values
INFO: Writing Kasten.097.vtk
INFO: Writing Kasten.097.vtu
INFO: Step 98, time 1.9, U, 3 components, 2012 values
INFO: Step 98, time 1.9, S, 6 components, 2012 values
INFO: Step 98, time 1.9, S_Mises, 1 components, 2012 values
INFO: Step 98, time 1.9, S_Principal, 3 components, 2012 values
INFO: Step 98, time 1.9, PEEQ, 1 components, 2012 values
INFO: Step 98, time 1.9, ERROR, 1 components, 2012 values
INFO: Writing Kasten.098.vtk
INFO: Writing Kasten.098.vtu
INFO: Step 99, time 1.9, U, 3 components, 2012 values
INFO: Step 99, time 1.9, S, 6 components, 2012 values
INFO: Step 99, time 1.9, S_Mises, 1 components, 2012 values
INFO: Step 99, time 1.9, S_Principal, 3 components, 2012 values
INFO: Step 99, time 1.9, PEEQ, 1 components, 2012 values
INFO: Step 99, time 1.9, ERROR, 1 components, 2012 values
INFO: Writing Kasten.099.vtk
INFO: Writing Kasten.099.vtu
INFO: Step 100, time 1.9, U, 3 components, 2012 values
INFO: Step 100, time 1.9, S, 6 components, 2012 values
INFO: Step 100, time 1.9, S_Mises, 1 components, 2012 values
INFO: Step 100, time 1.9, S_Principal, 3 components, 2012 values
INFO: Step 100, time 1.9, PEEQ, 1 components, 2012 values
INFO: Step 100, time 1.9, ERROR, 1 components, 2012 values
INFO: Writing Kasten.100.vtk
INFO: Writing Kasten.100.vtu
INFO: Step 101, time 2.0, U, 3 components, 2012 values
INFO: Step 101, time 2.0, S, 6 components, 2012 values
INFO: Step 101, time 2.0, S_Mises, 1 components, 2012 values
INFO: Step 101, time 2.0, S_Principal, 3 components, 2012 values
INFO: Step 101, time 2.0, PEEQ, 1 components, 2012 values
INFO: Step 101, time 2.0, ERROR, 1 components, 2012 values
INFO: Writing Kasten.101.vtk
INFO: Writing Kasten.101.vtu

==================================================
46: mkraska/Linear/BiaxBending/Refs/Biegung.frd
INFO: Reading Biegung.frd
INFO: 1353 nodes
INFO: 760 cells
INFO: 1 time increment
INFO: Step 1, time 1.0, U, 3 components, 1353 values
INFO: Step 1, time 1.0, S, 6 components, 1353 values
INFO: Step 1, time 1.0, S_Mises, 1 components, 1353 values
INFO: Step 1, time 1.0, S_Principal, 3 components, 1353 values
INFO: Step 1, time 1.0, ERROR, 1 components, 1353 values
INFO: Writing Biegung.vtk
INFO: Writing Biegung.vtu

==================================================
47: mkraska/Linear/Crack1/Refs/solve.frd
INFO: Reading solve.frd
INFO: 12906 nodes
INFO: 7352 cells
INFO: 1 time increment
INFO: Step 1, time 1.0, U, 3 components, 12906 values
INFO: Step 1, time 1.0, S, 6 components, 12906 values
INFO: Step 1, time 1.0, S_Mises, 1 components, 12906 values
INFO: Step 1, time 1.0, S_Principal, 3 components, 12906 values
INFO: Step 1, time 1.0, ERROR, 1 components, 12906 values
INFO: Writing solve.vtk
INFO: Writing solve.vtu

==================================================
48: mkraska/Linear/L-Plate/Refs/solve.frd
INFO: Reading solve.frd
INFO: 1203 nodes
INFO: 150 cells
INFO: 11 time increments
INFO: Step 1, time 1.0, U, 3 components, 1203 values
INFO: Step 1, time 1.0, S, 6 components, 1203 values
INFO: Step 1, time 1.0, S_Mises, 1 components, 1203 values
INFO: Step 1, time 1.0, S_Principal, 3 components, 1203 values
INFO: Step 1, time 1.0, RF, 3 components, 1203 values
INFO: Step 1, time 1.0, ERROR, 1 components, 1203 values
INFO: Writing solve.01.vtk
INFO: Writing solve.01.vtu
INFO: Step 2, time 45.3, U, 3 components, 1203 values
INFO: Writing solve.02.vtk
INFO: Writing solve.02.vtu
INFO: Step 3, time 99.9, U, 3 components, 1203 values
INFO: Writing solve.03.vtk
INFO: Writing solve.03.vtu
INFO: Step 4, time 173.1, U, 3 components, 1203 values
INFO: Writing solve.04.vtk
INFO: Writing solve.04.vtu
INFO: Step 5, time 243.5, U, 3 components, 1203 values
INFO: Writing solve.05.vtk
INFO: Writing solve.05.vtu
INFO: Step 6, time 291.5, U, 3 components, 1203 values
INFO: Writing solve.06.vtk
INFO: Writing solve.06.vtu
INFO: Step 7, time 365.7, U, 3 components, 1203 values
INFO: Writing solve.07.vtk
INFO: Writing solve.07.vtu
INFO: Step 8, time 0.00e+00, U, 3 components, 1203 values
INFO: Writing solve.08.vtk
INFO: Writing solve.08.vtu
INFO: Step 9, time 7.19e-01, U, 3 components, 1203 values
INFO: Writing solve.09.vtk
INFO: Writing solve.09.vtu
INFO: Step 10, time 1.3, U, 3 components, 1203 values
INFO: Writing solve.10.vtk
INFO: Writing solve.10.vtu
INFO: Step 11, time 1.9, U, 3 components, 1203 values
INFO: Writing solve.11.vtk
INFO: Writing solve.11.vtu

==================================================
49: mkraska/Linear/Mesh1/Refs/modal.frd
INFO: Reading modal.frd
INFO: 1010 nodes
INFO: 476 cells
INFO: 12 time increments
INFO: Step 1, time 0.00e+00, U, 3 components, 1010 values
INFO: Writing modal.01.vtk
INFO: Writing modal.01.vtu
INFO: Step 2, time 0.00e+00, U, 3 components, 1010 values
INFO: Writing modal.02.vtk
INFO: Writing modal.02.vtu
INFO: Step 3, time 0.00e+00, U, 3 components, 1010 values
INFO: Writing modal.03.vtk
INFO: Writing modal.03.vtu
INFO: Step 4, time 2.98e-04, U, 3 components, 1010 values
INFO: Writing modal.04.vtk
INFO: Writing modal.04.vtu
INFO: Step 5, time 1.21e-03, U, 3 components, 1010 values
INFO: Writing modal.05.vtk
INFO: Writing modal.05.vtu
INFO: Step 6, time 1.61e-03, U, 3 components, 1010 values
INFO: Writing modal.06.vtk
INFO: Writing modal.06.vtu
INFO: Step 7, time 1811.6, U, 3 components, 1010 values
INFO: Writing modal.07.vtk
INFO: Writing modal.07.vtu
INFO: Step 8, time 1812.5, U, 3 components, 1010 values
INFO: Writing modal.08.vtk
INFO: Writing modal.08.vtu
INFO: Step 9, time 2820.0, U, 3 components, 1010 values
INFO: Writing modal.09.vtk
INFO: Writing modal.09.vtu
INFO: Step 10, time 4844.7, U, 3 components, 1010 values
INFO: Writing modal.10.vtk
INFO: Writing modal.10.vtu
INFO: Step 11, time 4844.8, U, 3 components, 1010 values
INFO: Writing modal.11.vtk
INFO: Writing modal.11.vtu
INFO: Step 12, time 5646.5, U, 3 components, 1010 values
INFO: Writing modal.12.vtk
INFO: Writing modal.12.vtu

==================================================
50: mkraska/Linear/PSE/Refs/solve.frd
INFO: Reading solve.frd
INFO: 1764 nodes
INFO: 960 cells
INFO: 1 time increment
INFO: Step 1, time 1.0, U, 3 components, 1764 values
INFO: Step 1, time 1.0, S, 6 components, 1764 values
INFO: Step 1, time 1.0, S_Mises, 1 components, 1764 values
INFO: Step 1, time 1.0, S_Principal, 3 components, 1764 values
INFO: Step 1, time 1.0, E, 6 components, 1764 values
INFO: Step 1, time 1.0, E_Mises, 1 components, 1764 values
INFO: Step 1, time 1.0, E_Principal, 3 components, 1764 values
INFO: Step 1, time 1.0, ERROR, 1 components, 1764 values
INFO: Writing solve.vtk
INFO: Writing solve.vtu

==================================================
51: mkraska/Linear/Plates/Refs/plates.frd
INFO: Reading plates.frd
INFO: 104 nodes
INFO: 60 cells
INFO: 1 time increment
INFO: Step 1, time 1.0, U, 3 components, 104 values
INFO: Step 1, time 1.0, S, 6 components, 104 values
INFO: Step 1, time 1.0, S_Mises, 1 components, 104 values
INFO: Step 1, time 1.0, S_Principal, 3 components, 104 values
INFO: Step 1, time 1.0, ERROR, 1 components, 104 values
INFO: Writing plates.vtk
INFO: Writing plates.vtu

==================================================
52: mkraska/Linear/Separate/Refs/element.frd
INFO: Reading element.frd
INFO: 240 nodes
INFO: 60 cells
INFO: 1 time increment
INFO: Step 1, time 1.0, U, 3 components, 240 values
INFO: Step 1, time 1.0, S, 6 components, 240 values
INFO: Step 1, time 1.0, S_Mises, 1 components, 240 values
INFO: Step 1, time 1.0, S_Principal, 3 components, 240 values
INFO: Step 1, time 1.0, ERROR, 1 components, 240 values
INFO: Writing element.vtk
INFO: Writing element.vtu

==================================================
53: mkraska/Linear/Separate/Refs/nodal.frd
INFO: Reading nodal.frd
INFO: 104 nodes
INFO: 60 cells
INFO: 1 time increment
INFO: Step 1, time 1.0, U, 3 components, 104 values
INFO: Step 1, time 1.0, S, 6 components, 104 values
INFO: Step 1, time 1.0, S_Mises, 1 components, 104 values
INFO: Step 1, time 1.0, S_Principal, 3 components, 104 values
INFO: Step 1, time 1.0, ERROR, 1 components, 104 values
INFO: Writing nodal.vtk
INFO: Writing nodal.vtu

==================================================
54: mkraska/Linear/ShearCenter/Refs/II.frd
INFO: Reading II.frd
INFO: 12191 nodes
INFO: 1440 cells
INFO: 1 time increment
INFO: Step 1, time 1.0, U, 3 components, 12191 values
INFO: Step 1, time 1.0, S, 6 components, 12191 values
INFO: Step 1, time 1.0, S_Mises, 1 components, 12191 values
INFO: Step 1, time 1.0, S_Principal, 3 components, 12191 values
INFO: Step 1, time 1.0, ERROR, 1 components, 12191 values
INFO: Writing II.vtk
INFO: Writing II.vtu

==================================================
55: mkraska/Linear/StressConc/Refs/Stress.frd
INFO: Reading Stress.frd
INFO: 500 nodes
INFO: 219 cells
INFO: 1 time increment
INFO: Step 1, time 1.0, U, 3 components, 500 values
INFO: Step 1, time 1.0, S, 6 components, 500 values
INFO: Step 1, time 1.0, S_Mises, 1 components, 500 values
INFO: Step 1, time 1.0, S_Principal, 3 components, 500 values
INFO: Step 1, time 1.0, ERROR, 1 components, 500 values
INFO: Writing Stress.vtk
INFO: Writing Stress.vtu

==================================================
56: mkraska/Linear/StressConc1/Refs/Stress.frd
INFO: Reading Stress.frd
INFO: 793 nodes
INFO: 352 cells
INFO: 1 time increment
INFO: Step 1, time 1.0, U, 3 components, 793 values
INFO: Step 1, time 1.0, S, 6 components, 793 values
INFO: Step 1, time 1.0, S_Mises, 1 components, 793 values
INFO: Step 1, time 1.0, S_Principal, 3 components, 793 values
INFO: Step 1, time 1.0, ERROR, 1 components, 793 values
INFO: Writing Stress.vtk
INFO: Writing Stress.vtu

==================================================
57: mkraska/Linear/StressConc1/Refs/Stress1.frd
INFO: Reading Stress1.frd
INFO: 1807 nodes
INFO: 352 cells
INFO: 1 time increment
INFO: Step 1, time 1.0, U, 3 components, 1807 values
INFO: Step 1, time 1.0, S, 6 components, 1807 values
INFO: Step 1, time 1.0, S_Mises, 1 components, 1807 values
INFO: Step 1, time 1.0, S_Principal, 3 components, 1807 values
INFO: Step 1, time 1.0, RF, 3 components, 1807 values
INFO: Step 1, time 1.0, ERROR, 1 components, 1807 values
INFO: Writing Stress1.vtk
INFO: Writing Stress1.vtu

==================================================
58: mkraska/NonLinear/3PB/Refs/Biegung.frd
INFO: Reading Biegung.frd
INFO: 5175 nodes
INFO: 3296 cells
INFO: 52 time increments
INFO: Step 1, time 1.00e-02, U, 3 components, 5175 values
INFO: Step 1, time 1.00e-02, S, 6 components, 5175 values
INFO: Step 1, time 1.00e-02, S_Mises, 1 components, 5175 values
INFO: Step 1, time 1.00e-02, S_Principal, 3 components, 5175 values
INFO: Step 1, time 1.00e-02, PEEQ, 1 components, 5175 values
INFO: Step 1, time 1.00e-02, ERROR, 1 components, 5175 values
INFO: Writing Biegung.01.vtk
INFO: Writing Biegung.01.vtu
INFO: Step 2, time 2.00e-02, U, 3 components, 5175 values
INFO: Step 2, time 2.00e-02, S, 6 components, 5175 values
INFO: Step 2, time 2.00e-02, S_Mises, 1 components, 5175 values
INFO: Step 2, time 2.00e-02, S_Principal, 3 components, 5175 values
INFO: Step 2, time 2.00e-02, PEEQ, 1 components, 5175 values
INFO: Step 2, time 2.00e-02, ERROR, 1 components, 5175 values
INFO: Writing Biegung.02.vtk
INFO: Writing Biegung.02.vtu
INFO: Step 3, time 3.50e-02, U, 3 components, 5175 values
INFO: Step 3, time 3.50e-02, S, 6 components, 5175 values
INFO: Step 3, time 3.50e-02, S_Mises, 1 components, 5175 values
INFO: Step 3, time 3.50e-02, S_Principal, 3 components, 5175 values
INFO: Step 3, time 3.50e-02, PEEQ, 1 components, 5175 values
INFO: Step 3, time 3.50e-02, ERROR, 1 components, 5175 values
INFO: Writing Biegung.03.vtk
INFO: Writing Biegung.03.vtu
INFO: Step 4, time 5.50e-02, U, 3 components, 5175 values
INFO: Step 4, time 5.50e-02, S, 6 components, 5175 values
INFO: Step 4, time 5.50e-02, S_Mises, 1 components, 5175 values
INFO: Step 4, time 5.50e-02, S_Principal, 3 components, 5175 values
INFO: Step 4, time 5.50e-02, PEEQ, 1 components, 5175 values
INFO: Step 4, time 5.50e-02, ERROR, 1 components, 5175 values
INFO: Writing Biegung.04.vtk
INFO: Writing Biegung.04.vtu
INFO: Step 5, time 7.50e-02, U, 3 components, 5175 values
INFO: Step 5, time 7.50e-02, S, 6 components, 5175 values
INFO: Step 5, time 7.50e-02, S_Mises, 1 components, 5175 values
INFO: Step 5, time 7.50e-02, S_Principal, 3 components, 5175 values
INFO: Step 5, time 7.50e-02, PEEQ, 1 components, 5175 values
INFO: Step 5, time 7.50e-02, ERROR, 1 components, 5175 values
INFO: Writing Biegung.05.vtk
INFO: Writing Biegung.05.vtu
INFO: Step 6, time 9.50e-02, U, 3 components, 5175 values
INFO: Step 6, time 9.50e-02, S, 6 components, 5175 values
INFO: Step 6, time 9.50e-02, S_Mises, 1 components, 5175 values
INFO: Step 6, time 9.50e-02, S_Principal, 3 components, 5175 values
INFO: Step 6, time 9.50e-02, PEEQ, 1 components, 5175 values
INFO: Step 6, time 9.50e-02, ERROR, 1 components, 5175 values
INFO: Writing Biegung.06.vtk
INFO: Writing Biegung.06.vtu
INFO: Step 7, time 1.15e-01, U, 3 components, 5175 values
INFO: Step 7, time 1.15e-01, S, 6 components, 5175 values
INFO: Step 7, time 1.15e-01, S_Mises, 1 components, 5175 values
INFO: Step 7, time 1.15e-01, S_Principal, 3 components, 5175 values
INFO: Step 7, time 1.15e-01, PEEQ, 1 components, 5175 values
INFO: Step 7, time 1.15e-01, ERROR, 1 components, 5175 values
INFO: Writing Biegung.07.vtk
INFO: Writing Biegung.07.vtu
INFO: Step 8, time 1.35e-01, U, 3 components, 5175 values
INFO: Step 8, time 1.35e-01, S, 6 components, 5175 values
INFO: Step 8, time 1.35e-01, S_Mises, 1 components, 5175 values
INFO: Step 8, time 1.35e-01, S_Principal, 3 components, 5175 values
INFO: Step 8, time 1.35e-01, PEEQ, 1 components, 5175 values
INFO: Step 8, time 1.35e-01, ERROR, 1 components, 5175 values
INFO: Writing Biegung.08.vtk
INFO: Writing Biegung.08.vtu
INFO: Step 9, time 1.55e-01, U, 3 components, 5175 values
INFO: Step 9, time 1.55e-01, S, 6 components, 5175 values
INFO: Step 9, time 1.55e-01, S_Mises, 1 components, 5175 values
INFO: Step 9, time 1.55e-01, S_Principal, 3 components, 5175 values
INFO: Step 9, time 1.55e-01, PEEQ, 1 components, 5175 values
INFO: Step 9, time 1.55e-01, ERROR, 1 components, 5175 values
INFO: Writing Biegung.09.vtk
INFO: Writing Biegung.09.vtu
INFO: Step 10, time 1.75e-01, U, 3 components, 5175 values
INFO: Step 10, time 1.75e-01, S, 6 components, 5175 values
INFO: Step 10, time 1.75e-01, S_Mises, 1 components, 5175 values
INFO: Step 10, time 1.75e-01, S_Principal, 3 components, 5175 values
INFO: Step 10, time 1.75e-01, PEEQ, 1 components, 5175 values
INFO: Step 10, time 1.75e-01, ERROR, 1 components, 5175 values
INFO: Writing Biegung.10.vtk
INFO: Writing Biegung.10.vtu
INFO: Step 11, time 1.95e-01, U, 3 components, 5175 values
INFO: Step 11, time 1.95e-01, S, 6 components, 5175 values
INFO: Step 11, time 1.95e-01, S_Mises, 1 components, 5175 values
INFO: Step 11, time 1.95e-01, S_Principal, 3 components, 5175 values
INFO: Step 11, time 1.95e-01, PEEQ, 1 components, 5175 values
INFO: Step 11, time 1.95e-01, ERROR, 1 components, 5175 values
INFO: Writing Biegung.11.vtk
INFO: Writing Biegung.11.vtu
INFO: Step 12, time 2.15e-01, U, 3 components, 5175 values
INFO: Step 12, time 2.15e-01, S, 6 components, 5175 values
INFO: Step 12, time 2.15e-01, S_Mises, 1 components, 5175 values
INFO: Step 12, time 2.15e-01, S_Principal, 3 components, 5175 values
INFO: Step 12, time 2.15e-01, PEEQ, 1 components, 5175 values
INFO: Step 12, time 2.15e-01, ERROR, 1 components, 5175 values
INFO: Writing Biegung.12.vtk
INFO: Writing Biegung.12.vtu
INFO: Step 13, time 2.35e-01, U, 3 components, 5175 values
INFO: Step 13, time 2.35e-01, S, 6 components, 5175 values
INFO: Step 13, time 2.35e-01, S_Mises, 1 components, 5175 values
INFO: Step 13, time 2.35e-01, S_Principal, 3 components, 5175 values
INFO: Step 13, time 2.35e-01, PEEQ, 1 components, 5175 values
INFO: Step 13, time 2.35e-01, ERROR, 1 components, 5175 values
INFO: Writing Biegung.13.vtk
INFO: Writing Biegung.13.vtu
INFO: Step 14, time 2.55e-01, U, 3 components, 5175 values
INFO: Step 14, time 2.55e-01, S, 6 components, 5175 values
INFO: Step 14, time 2.55e-01, S_Mises, 1 components, 5175 values
INFO: Step 14, time 2.55e-01, S_Principal, 3 components, 5175 values
INFO: Step 14, time 2.55e-01, PEEQ, 1 components, 5175 values
INFO: Step 14, time 2.55e-01, ERROR, 1 components, 5175 values
INFO: Writing Biegung.14.vtk
INFO: Writing Biegung.14.vtu
INFO: Step 15, time 2.75e-01, U, 3 components, 5175 values
INFO: Step 15, time 2.75e-01, S, 6 components, 5175 values
INFO: Step 15, time 2.75e-01, S_Mises, 1 components, 5175 values
INFO: Step 15, time 2.75e-01, S_Principal, 3 components, 5175 values
INFO: Step 15, time 2.75e-01, PEEQ, 1 components, 5175 values
INFO: Step 15, time 2.75e-01, ERROR, 1 components, 5175 values
INFO: Writing Biegung.15.vtk
INFO: Writing Biegung.15.vtu
INFO: Step 16, time 2.95e-01, U, 3 components, 5175 values
INFO: Step 16, time 2.95e-01, S, 6 components, 5175 values
INFO: Step 16, time 2.95e-01, S_Mises, 1 components, 5175 values
INFO: Step 16, time 2.95e-01, S_Principal, 3 components, 5175 values
INFO: Step 16, time 2.95e-01, PEEQ, 1 components, 5175 values
INFO: Step 16, time 2.95e-01, ERROR, 1 components, 5175 values
INFO: Writing Biegung.16.vtk
INFO: Writing Biegung.16.vtu
INFO: Step 17, time 3.15e-01, U, 3 components, 5175 values
INFO: Step 17, time 3.15e-01, S, 6 components, 5175 values
INFO: Step 17, time 3.15e-01, S_Mises, 1 components, 5175 values
INFO: Step 17, time 3.15e-01, S_Principal, 3 components, 5175 values
INFO: Step 17, time 3.15e-01, PEEQ, 1 components, 5175 values
INFO: Step 17, time 3.15e-01, ERROR, 1 components, 5175 values
INFO: Writing Biegung.17.vtk
INFO: Writing Biegung.17.vtu
INFO: Step 18, time 3.35e-01, U, 3 components, 5175 values
INFO: Step 18, time 3.35e-01, S, 6 components, 5175 values
INFO: Step 18, time 3.35e-01, S_Mises, 1 components, 5175 values
INFO: Step 18, time 3.35e-01, S_Principal, 3 components, 5175 values
INFO: Step 18, time 3.35e-01, PEEQ, 1 components, 5175 values
INFO: Step 18, time 3.35e-01, ERROR, 1 components, 5175 values
INFO: Writing Biegung.18.vtk
INFO: Writing Biegung.18.vtu
INFO: Step 19, time 3.55e-01, U, 3 components, 5175 values
INFO: Step 19, time 3.55e-01, S, 6 components, 5175 values
INFO: Step 19, time 3.55e-01, S_Mises, 1 components, 5175 values
INFO: Step 19, time 3.55e-01, S_Principal, 3 components, 5175 values
INFO: Step 19, time 3.55e-01, PEEQ, 1 components, 5175 values
INFO: Step 19, time 3.55e-01, ERROR, 1 components, 5175 values
INFO: Writing Biegung.19.vtk
INFO: Writing Biegung.19.vtu
INFO: Step 20, time 3.75e-01, U, 3 components, 5175 values
INFO: Step 20, time 3.75e-01, S, 6 components, 5175 values
INFO: Step 20, time 3.75e-01, S_Mises, 1 components, 5175 values
INFO: Step 20, time 3.75e-01, S_Principal, 3 components, 5175 values
INFO: Step 20, time 3.75e-01, PEEQ, 1 components, 5175 values
INFO: Step 20, time 3.75e-01, ERROR, 1 components, 5175 values
INFO: Writing Biegung.20.vtk
INFO: Writing Biegung.20.vtu
INFO: Step 21, time 3.95e-01, U, 3 components, 5175 values
INFO: Step 21, time 3.95e-01, S, 6 components, 5175 values
INFO: Step 21, time 3.95e-01, S_Mises, 1 components, 5175 values
INFO: Step 21, time 3.95e-01, S_Principal, 3 components, 5175 values
INFO: Step 21, time 3.95e-01, PEEQ, 1 components, 5175 values
INFO: Step 21, time 3.95e-01, ERROR, 1 components, 5175 values
INFO: Writing Biegung.21.vtk
INFO: Writing Biegung.21.vtu
INFO: Step 22, time 4.15e-01, U, 3 components, 5175 values
INFO: Step 22, time 4.15e-01, S, 6 components, 5175 values
INFO: Step 22, time 4.15e-01, S_Mises, 1 components, 5175 values
INFO: Step 22, time 4.15e-01, S_Principal, 3 components, 5175 values
INFO: Step 22, time 4.15e-01, PEEQ, 1 components, 5175 values
INFO: Step 22, time 4.15e-01, ERROR, 1 components, 5175 values
INFO: Writing Biegung.22.vtk
INFO: Writing Biegung.22.vtu
INFO: Step 23, time 4.35e-01, U, 3 components, 5175 values
INFO: Step 23, time 4.35e-01, S, 6 components, 5175 values
INFO: Step 23, time 4.35e-01, S_Mises, 1 components, 5175 values
INFO: Step 23, time 4.35e-01, S_Principal, 3 components, 5175 values
INFO: Step 23, time 4.35e-01, PEEQ, 1 components, 5175 values
INFO: Step 23, time 4.35e-01, ERROR, 1 components, 5175 values
INFO: Writing Biegung.23.vtk
INFO: Writing Biegung.23.vtu
INFO: Step 24, time 4.55e-01, U, 3 components, 5175 values
INFO: Step 24, time 4.55e-01, S, 6 components, 5175 values
INFO: Step 24, time 4.55e-01, S_Mises, 1 components, 5175 values
INFO: Step 24, time 4.55e-01, S_Principal, 3 components, 5175 values
INFO: Step 24, time 4.55e-01, PEEQ, 1 components, 5175 values
INFO: Step 24, time 4.55e-01, ERROR, 1 components, 5175 values
INFO: Writing Biegung.24.vtk
INFO: Writing Biegung.24.vtu
INFO: Step 25, time 4.75e-01, U, 3 components, 5175 values
INFO: Step 25, time 4.75e-01, S, 6 components, 5175 values
INFO: Step 25, time 4.75e-01, S_Mises, 1 components, 5175 values
INFO: Step 25, time 4.75e-01, S_Principal, 3 components, 5175 values
INFO: Step 25, time 4.75e-01, PEEQ, 1 components, 5175 values
INFO: Step 25, time 4.75e-01, ERROR, 1 components, 5175 values
INFO: Writing Biegung.25.vtk
INFO: Writing Biegung.25.vtu
INFO: Step 26, time 4.95e-01, U, 3 components, 5175 values
INFO: Step 26, time 4.95e-01, S, 6 components, 5175 values
INFO: Step 26, time 4.95e-01, S_Mises, 1 components, 5175 values
INFO: Step 26, time 4.95e-01, S_Principal, 3 components, 5175 values
INFO: Step 26, time 4.95e-01, PEEQ, 1 components, 5175 values
INFO: Step 26, time 4.95e-01, ERROR, 1 components, 5175 values
INFO: Writing Biegung.26.vtk
INFO: Writing Biegung.26.vtu
INFO: Step 27, time 5.15e-01, U, 3 components, 5175 values
INFO: Step 27, time 5.15e-01, S, 6 components, 5175 values
INFO: Step 27, time 5.15e-01, S_Mises, 1 components, 5175 values
INFO: Step 27, time 5.15e-01, S_Principal, 3 components, 5175 values
INFO: Step 27, time 5.15e-01, PEEQ, 1 components, 5175 values
INFO: Step 27, time 5.15e-01, ERROR, 1 components, 5175 values
INFO: Writing Biegung.27.vtk
INFO: Writing Biegung.27.vtu
INFO: Step 28, time 5.35e-01, U, 3 components, 5175 values
INFO: Step 28, time 5.35e-01, S, 6 components, 5175 values
INFO: Step 28, time 5.35e-01, S_Mises, 1 components, 5175 values
INFO: Step 28, time 5.35e-01, S_Principal, 3 components, 5175 values
INFO: Step 28, time 5.35e-01, PEEQ, 1 components, 5175 values
INFO: Step 28, time 5.35e-01, ERROR, 1 components, 5175 values
INFO: Writing Biegung.28.vtk
INFO: Writing Biegung.28.vtu
INFO: Step 29, time 5.55e-01, U, 3 components, 5175 values
INFO: Step 29, time 5.55e-01, S, 6 components, 5175 values
INFO: Step 29, time 5.55e-01, S_Mises, 1 components, 5175 values
INFO: Step 29, time 5.55e-01, S_Principal, 3 components, 5175 values
INFO: Step 29, time 5.55e-01, PEEQ, 1 components, 5175 values
INFO: Step 29, time 5.55e-01, ERROR, 1 components, 5175 values
INFO: Writing Biegung.29.vtk
INFO: Writing Biegung.29.vtu
INFO: Step 30, time 5.75e-01, U, 3 components, 5175 values
INFO: Step 30, time 5.75e-01, S, 6 components, 5175 values
INFO: Step 30, time 5.75e-01, S_Mises, 1 components, 5175 values
INFO: Step 30, time 5.75e-01, S_Principal, 3 components, 5175 values
INFO: Step 30, time 5.75e-01, PEEQ, 1 components, 5175 values
INFO: Step 30, time 5.75e-01, ERROR, 1 components, 5175 values
INFO: Writing Biegung.30.vtk
INFO: Writing Biegung.30.vtu
INFO: Step 31, time 5.95e-01, U, 3 components, 5175 values
INFO: Step 31, time 5.95e-01, S, 6 components, 5175 values
INFO: Step 31, time 5.95e-01, S_Mises, 1 components, 5175 values
INFO: Step 31, time 5.95e-01, S_Principal, 3 components, 5175 values
INFO: Step 31, time 5.95e-01, PEEQ, 1 components, 5175 values
INFO: Step 31, time 5.95e-01, ERROR, 1 components, 5175 values
INFO: Writing Biegung.31.vtk
INFO: Writing Biegung.31.vtu
INFO: Step 32, time 6.15e-01, U, 3 components, 5175 values
INFO: Step 32, time 6.15e-01, S, 6 components, 5175 values
INFO: Step 32, time 6.15e-01, S_Mises, 1 components, 5175 values
INFO: Step 32, time 6.15e-01, S_Principal, 3 components, 5175 values
INFO: Step 32, time 6.15e-01, PEEQ, 1 components, 5175 values
INFO: Step 32, time 6.15e-01, ERROR, 1 components, 5175 values
INFO: Writing Biegung.32.vtk
INFO: Writing Biegung.32.vtu
INFO: Step 33, time 6.35e-01, U, 3 components, 5175 values
INFO: Step 33, time 6.35e-01, S, 6 components, 5175 values
INFO: Step 33, time 6.35e-01, S_Mises, 1 components, 5175 values
INFO: Step 33, time 6.35e-01, S_Principal, 3 components, 5175 values
INFO: Step 33, time 6.35e-01, PEEQ, 1 components, 5175 values
INFO: Step 33, time 6.35e-01, ERROR, 1 components, 5175 values
INFO: Writing Biegung.33.vtk
INFO: Writing Biegung.33.vtu
INFO: Step 34, time 6.55e-01, U, 3 components, 5175 values
INFO: Step 34, time 6.55e-01, S, 6 components, 5175 values
INFO: Step 34, time 6.55e-01, S_Mises, 1 components, 5175 values
INFO: Step 34, time 6.55e-01, S_Principal, 3 components, 5175 values
INFO: Step 34, time 6.55e-01, PEEQ, 1 components, 5175 values
INFO: Step 34, time 6.55e-01, ERROR, 1 components, 5175 values
INFO: Writing Biegung.34.vtk
INFO: Writing Biegung.34.vtu
INFO: Step 35, time 6.75e-01, U, 3 components, 5175 values
INFO: Step 35, time 6.75e-01, S, 6 components, 5175 values
INFO: Step 35, time 6.75e-01, S_Mises, 1 components, 5175 values
INFO: Step 35, time 6.75e-01, S_Principal, 3 components, 5175 values
INFO: Step 35, time 6.75e-01, PEEQ, 1 components, 5175 values
INFO: Step 35, time 6.75e-01, ERROR, 1 components, 5175 values
INFO: Writing Biegung.35.vtk
INFO: Writing Biegung.35.vtu
INFO: Step 36, time 6.95e-01, U, 3 components, 5175 values
INFO: Step 36, time 6.95e-01, S, 6 components, 5175 values
INFO: Step 36, time 6.95e-01, S_Mises, 1 components, 5175 values
INFO: Step 36, time 6.95e-01, S_Principal, 3 components, 5175 values
INFO: Step 36, time 6.95e-01, PEEQ, 1 components, 5175 values
INFO: Step 36, time 6.95e-01, ERROR, 1 components, 5175 values
INFO: Writing Biegung.36.vtk
INFO: Writing Biegung.36.vtu
INFO: Step 37, time 7.15e-01, U, 3 components, 5175 values
INFO: Step 37, time 7.15e-01, S, 6 components, 5175 values
INFO: Step 37, time 7.15e-01, S_Mises, 1 components, 5175 values
INFO: Step 37, time 7.15e-01, S_Principal, 3 components, 5175 values
INFO: Step 37, time 7.15e-01, PEEQ, 1 components, 5175 values
INFO: Step 37, time 7.15e-01, ERROR, 1 components, 5175 values
INFO: Writing Biegung.37.vtk
INFO: Writing Biegung.37.vtu
INFO: Step 38, time 7.35e-01, U, 3 components, 5175 values
INFO: Step 38, time 7.35e-01, S, 6 components, 5175 values
INFO: Step 38, time 7.35e-01, S_Mises, 1 components, 5175 values
INFO: Step 38, time 7.35e-01, S_Principal, 3 components, 5175 values
INFO: Step 38, time 7.35e-01, PEEQ, 1 components, 5175 values
INFO: Step 38, time 7.35e-01, ERROR, 1 components, 5175 values
INFO: Writing Biegung.38.vtk
INFO: Writing Biegung.38.vtu
INFO: Step 39, time 7.55e-01, U, 3 components, 5175 values
INFO: Step 39, time 7.55e-01, S, 6 components, 5175 values
INFO: Step 39, time 7.55e-01, S_Mises, 1 components, 5175 values
INFO: Step 39, time 7.55e-01, S_Principal, 3 components, 5175 values
INFO: Step 39, time 7.55e-01, PEEQ, 1 components, 5175 values
INFO: Step 39, time 7.55e-01, ERROR, 1 components, 5175 values
INFO: Writing Biegung.39.vtk
INFO: Writing Biegung.39.vtu
INFO: Step 40, time 7.75e-01, U, 3 components, 5175 values
INFO: Step 40, time 7.75e-01, S, 6 components, 5175 values
INFO: Step 40, time 7.75e-01, S_Mises, 1 components, 5175 values
INFO: Step 40, time 7.75e-01, S_Principal, 3 components, 5175 values
INFO: Step 40, time 7.75e-01, PEEQ, 1 components, 5175 values
INFO: Step 40, time 7.75e-01, ERROR, 1 components, 5175 values
INFO: Writing Biegung.40.vtk
INFO: Writing Biegung.40.vtu
INFO: Step 41, time 7.95e-01, U, 3 components, 5175 values
INFO: Step 41, time 7.95e-01, S, 6 components, 5175 values
INFO: Step 41, time 7.95e-01, S_Mises, 1 components, 5175 values
INFO: Step 41, time 7.95e-01, S_Principal, 3 components, 5175 values
INFO: Step 41, time 7.95e-01, PEEQ, 1 components, 5175 values
INFO: Step 41, time 7.95e-01, ERROR, 1 components, 5175 values
INFO: Writing Biegung.41.vtk
INFO: Writing Biegung.41.vtu
INFO: Step 42, time 8.15e-01, U, 3 components, 5175 values
INFO: Step 42, time 8.15e-01, S, 6 components, 5175 values
INFO: Step 42, time 8.15e-01, S_Mises, 1 components, 5175 values
INFO: Step 42, time 8.15e-01, S_Principal, 3 components, 5175 values
INFO: Step 42, time 8.15e-01, PEEQ, 1 components, 5175 values
INFO: Step 42, time 8.15e-01, ERROR, 1 components, 5175 values
INFO: Writing Biegung.42.vtk
INFO: Writing Biegung.42.vtu
INFO: Step 43, time 8.35e-01, U, 3 components, 5175 values
INFO: Step 43, time 8.35e-01, S, 6 components, 5175 values
INFO: Step 43, time 8.35e-01, S_Mises, 1 components, 5175 values
INFO: Step 43, time 8.35e-01, S_Principal, 3 components, 5175 values
INFO: Step 43, time 8.35e-01, PEEQ, 1 components, 5175 values
INFO: Step 43, time 8.35e-01, ERROR, 1 components, 5175 values
INFO: Writing Biegung.43.vtk
INFO: Writing Biegung.43.vtu
INFO: Step 44, time 8.55e-01, U, 3 components, 5175 values
INFO: Step 44, time 8.55e-01, S, 6 components, 5175 values
INFO: Step 44, time 8.55e-01, S_Mises, 1 components, 5175 values
INFO: Step 44, time 8.55e-01, S_Principal, 3 components, 5175 values
INFO: Step 44, time 8.55e-01, PEEQ, 1 components, 5175 values
INFO: Step 44, time 8.55e-01, ERROR, 1 components, 5175 values
INFO: Writing Biegung.44.vtk
INFO: Writing Biegung.44.vtu
INFO: Step 45, time 8.75e-01, U, 3 components, 5175 values
INFO: Step 45, time 8.75e-01, S, 6 components, 5175 values
INFO: Step 45, time 8.75e-01, S_Mises, 1 components, 5175 values
INFO: Step 45, time 8.75e-01, S_Principal, 3 components, 5175 values
INFO: Step 45, time 8.75e-01, PEEQ, 1 components, 5175 values
INFO: Step 45, time 8.75e-01, ERROR, 1 components, 5175 values
INFO: Writing Biegung.45.vtk
INFO: Writing Biegung.45.vtu
INFO: Step 46, time 8.95e-01, U, 3 components, 5175 values
INFO: Step 46, time 8.95e-01, S, 6 components, 5175 values
INFO: Step 46, time 8.95e-01, S_Mises, 1 components, 5175 values
INFO: Step 46, time 8.95e-01, S_Principal, 3 components, 5175 values
INFO: Step 46, time 8.95e-01, PEEQ, 1 components, 5175 values
INFO: Step 46, time 8.95e-01, ERROR, 1 components, 5175 values
INFO: Writing Biegung.46.vtk
INFO: Writing Biegung.46.vtu
INFO: Step 47, time 9.15e-01, U, 3 components, 5175 values
INFO: Step 47, time 9.15e-01, S, 6 components, 5175 values
INFO: Step 47, time 9.15e-01, S_Mises, 1 components, 5175 values
INFO: Step 47, time 9.15e-01, S_Principal, 3 components, 5175 values
INFO: Step 47, time 9.15e-01, PEEQ, 1 components, 5175 values
INFO: Step 47, time 9.15e-01, ERROR, 1 components, 5175 values
INFO: Writing Biegung.47.vtk
INFO: Writing Biegung.47.vtu
INFO: Step 48, time 9.35e-01, U, 3 components, 5175 values
INFO: Step 48, time 9.35e-01, S, 6 components, 5175 values
INFO: Step 48, time 9.35e-01, S_Mises, 1 components, 5175 values
INFO: Step 48, time 9.35e-01, S_Principal, 3 components, 5175 values
INFO: Step 48, time 9.35e-01, PEEQ, 1 components, 5175 values
INFO: Step 48, time 9.35e-01, ERROR, 1 components, 5175 values
INFO: Writing Biegung.48.vtk
INFO: Writing Biegung.48.vtu
INFO: Step 49, time 9.55e-01, U, 3 components, 5175 values
INFO: Step 49, time 9.55e-01, S, 6 components, 5175 values
INFO: Step 49, time 9.55e-01, S_Mises, 1 components, 5175 values
INFO: Step 49, time 9.55e-01, S_Principal, 3 components, 5175 values
INFO: Step 49, time 9.55e-01, PEEQ, 1 components, 5175 values
INFO: Step 49, time 9.55e-01, ERROR, 1 components, 5175 values
INFO: Writing Biegung.49.vtk
INFO: Writing Biegung.49.vtu
INFO: Step 50, time 9.75e-01, U, 3 components, 5175 values
INFO: Step 50, time 9.75e-01, S, 6 components, 5175 values
INFO: Step 50, time 9.75e-01, S_Mises, 1 components, 5175 values
INFO: Step 50, time 9.75e-01, S_Principal, 3 components, 5175 values
INFO: Step 50, time 9.75e-01, PEEQ, 1 components, 5175 values
INFO: Step 50, time 9.75e-01, ERROR, 1 components, 5175 values
INFO: Writing Biegung.50.vtk
INFO: Writing Biegung.50.vtu
INFO: Step 51, time 9.95e-01, U, 3 components, 5175 values
INFO: Step 51, time 9.95e-01, S, 6 components, 5175 values
INFO: Step 51, time 9.95e-01, S_Mises, 1 components, 5175 values
INFO: Step 51, time 9.95e-01, S_Principal, 3 components, 5175 values
INFO: Step 51, time 9.95e-01, PEEQ, 1 components, 5175 values
INFO: Step 51, time 9.95e-01, ERROR, 1 components, 5175 values
INFO: Writing Biegung.51.vtk
INFO: Writing Biegung.51.vtu
INFO: Step 52, time 1.0, U, 3 components, 5175 values
INFO: Step 52, time 1.0, S, 6 components, 5175 values
INFO: Step 52, time 1.0, S_Mises, 1 components, 5175 values
INFO: Step 52, time 1.0, S_Principal, 3 components, 5175 values
INFO: Step 52, time 1.0, PEEQ, 1 components, 5175 values
INFO: Step 52, time 1.0, ERROR, 1 components, 5175 values
INFO: Writing Biegung.52.vtk
INFO: Writing Biegung.52.vtu

==================================================
59: mkraska/NonLinear/Cut/Refs/ResultsForLastIterations.frd
INFO: Reading ResultsForLastIterations.frd
INFO: 31372 nodes
INFO: 32253 cells
INFO: 154 time increments
INFO: Step 1, time 0.00e+00, U, 3 components, 31372 values
INFO: Writing ResultsForLastIterations.001.vtk
INFO: Writing ResultsForLastIterations.001.vtu
INFO: Step 2, time 0.00e+00, U, 3 components, 31372 values
INFO: Writing ResultsForLastIterations.002.vtk
INFO: Writing ResultsForLastIterations.002.vtu
INFO: Step 3, time 0.00e+00, U, 3 components, 31372 values
INFO: Writing ResultsForLastIterations.003.vtk
INFO: Writing ResultsForLastIterations.003.vtu
INFO: Step 4, time 0.00e+00, U, 3 components, 31372 values
INFO: Writing ResultsForLastIterations.004.vtk
INFO: Writing ResultsForLastIterations.004.vtu
INFO: Step 5, time 0.00e+00, U, 3 components, 31372 values
INFO: Writing ResultsForLastIterations.005.vtk
INFO: Writing ResultsForLastIterations.005.vtu
INFO: Step 6, time 0.00e+00, U, 3 components, 31372 values
INFO: Writing ResultsForLastIterations.006.vtk
INFO: Writing ResultsForLastIterations.006.vtu
INFO: Step 7, time 0.00e+00, U, 3 components, 31372 values
INFO: Writing ResultsForLastIterations.007.vtk
INFO: Writing ResultsForLastIterations.007.vtu
INFO: Step 8, time 0.00e+00, U, 3 components, 31372 values
INFO: Writing ResultsForLastIterations.008.vtk
INFO: Writing ResultsForLastIterations.008.vtu
INFO: Step 9, time 0.00e+00, U, 3 components, 31372 values
INFO: Writing ResultsForLastIterations.009.vtk
INFO: Writing ResultsForLastIterations.009.vtu
INFO: Step 10, time 0.00e+00, U, 3 components, 31372 values
INFO: Writing ResultsForLastIterations.010.vtk
INFO: Writing ResultsForLastIterations.010.vtu
INFO: Step 11, time 0.00e+00, U, 3 components, 31372 values
INFO: Writing ResultsForLastIterations.011.vtk
INFO: Writing ResultsForLastIterations.011.vtu
INFO: Step 12, time 0.00e+00, U, 3 components, 31372 values
INFO: Writing ResultsForLastIterations.012.vtk
INFO: Writing ResultsForLastIterations.012.vtu
INFO: Step 13, time 0.00e+00, U, 3 components, 31372 values
INFO: Writing ResultsForLastIterations.013.vtk
INFO: Writing ResultsForLastIterations.013.vtu
INFO: Step 14, time 0.00e+00, U, 3 components, 31372 values
INFO: Writing ResultsForLastIterations.014.vtk
INFO: Writing ResultsForLastIterations.014.vtu
INFO: Step 15, time 0.00e+00, U, 3 components, 31372 values
INFO: Writing ResultsForLastIterations.015.vtk
INFO: Writing ResultsForLastIterations.015.vtu
INFO: Step 16, time 0.00e+00, U, 3 components, 31372 values
INFO: Writing ResultsForLastIterations.016.vtk
INFO: Writing ResultsForLastIterations.016.vtu
INFO: Step 17, time 0.00e+00, U, 3 components, 31372 values
INFO: Writing ResultsForLastIterations.017.vtk
INFO: Writing ResultsForLastIterations.017.vtu
INFO: Step 18, time 0.00e+00, U, 3 components, 31372 values
INFO: Writing ResultsForLastIterations.018.vtk
INFO: Writing ResultsForLastIterations.018.vtu
INFO: Step 19, time 0.00e+00, U, 3 components, 31372 values
INFO: Writing ResultsForLastIterations.019.vtk
INFO: Writing ResultsForLastIterations.019.vtu
INFO: Step 20, time 0.00e+00, U, 3 components, 31372 values
INFO: Writing ResultsForLastIterations.020.vtk
INFO: Writing ResultsForLastIterations.020.vtu
INFO: Step 21, time 0.00e+00, U, 3 components, 31372 values
INFO: Writing ResultsForLastIterations.021.vtk
INFO: Writing ResultsForLastIterations.021.vtu
INFO: Step 22, time 0.00e+00, U, 3 components, 31372 values
INFO: Writing ResultsForLastIterations.022.vtk
INFO: Writing ResultsForLastIterations.022.vtu
INFO: Step 23, time 0.00e+00, U, 3 components, 31372 values
INFO: Writing ResultsForLastIterations.023.vtk
INFO: Writing ResultsForLastIterations.023.vtu
INFO: Step 24, time 0.00e+00, U, 3 components, 31372 values
INFO: Writing ResultsForLastIterations.024.vtk
INFO: Writing ResultsForLastIterations.024.vtu
INFO: Step 25, time 0.00e+00, U, 3 components, 31372 values
INFO: Writing ResultsForLastIterations.025.vtk
INFO: Writing ResultsForLastIterations.025.vtu
INFO: Step 26, time 0.00e+00, U, 3 components, 31372 values
INFO: Writing ResultsForLastIterations.026.vtk
INFO: Writing ResultsForLastIterations.026.vtu
INFO: Step 27, time 0.00e+00, U, 3 components, 31372 values
INFO: Writing ResultsForLastIterations.027.vtk
INFO: Writing ResultsForLastIterations.027.vtu
INFO: Step 28, time 0.00e+00, U, 3 components, 31372 values
INFO: Writing ResultsForLastIterations.028.vtk
INFO: Writing ResultsForLastIterations.028.vtu
INFO: Step 29, time 0.00e+00, U, 3 components, 31372 values
INFO: Writing ResultsForLastIterations.029.vtk
INFO: Writing ResultsForLastIterations.029.vtu
INFO: Step 30, time 0.00e+00, U, 3 components, 31372 values
INFO: Writing ResultsForLastIterations.030.vtk
INFO: Writing ResultsForLastIterations.030.vtu
INFO: Step 31, time 0.00e+00, U, 3 components, 31372 values
INFO: Writing ResultsForLastIterations.031.vtk
INFO: Writing ResultsForLastIterations.031.vtu
INFO: Step 32, time 0.00e+00, U, 3 components, 31372 values
INFO: Writing ResultsForLastIterations.032.vtk
INFO: Writing ResultsForLastIterations.032.vtu
INFO: Step 33, time 0.00e+00, U, 3 components, 31372 values
INFO: Writing ResultsForLastIterations.033.vtk
INFO: Writing ResultsForLastIterations.033.vtu
INFO: Step 34, time 0.00e+00, U, 3 components, 31372 values
INFO: Writing ResultsForLastIterations.034.vtk
INFO: Writing ResultsForLastIterations.034.vtu
INFO: Step 35, time 0.00e+00, U, 3 components, 31372 values
INFO: Writing ResultsForLastIterations.035.vtk
INFO: Writing ResultsForLastIterations.035.vtu
INFO: Step 36, time 0.00e+00, U, 3 components, 31372 values
INFO: Writing ResultsForLastIterations.036.vtk
INFO: Writing ResultsForLastIterations.036.vtu
INFO: Step 37, time 0.00e+00, U, 3 components, 31372 values
INFO: Writing ResultsForLastIterations.037.vtk
INFO: Writing ResultsForLastIterations.037.vtu
INFO: Step 38, time 0.00e+00, U, 3 components, 31372 values
INFO: Writing ResultsForLastIterations.038.vtk
INFO: Writing ResultsForLastIterations.038.vtu
INFO: Step 39, time 0.00e+00, U, 3 components, 31372 values
INFO: Writing ResultsForLastIterations.039.vtk
INFO: Writing ResultsForLastIterations.039.vtu
INFO: Step 40, time 0.00e+00, U, 3 components, 31372 values
INFO: Writing ResultsForLastIterations.040.vtk
INFO: Writing ResultsForLastIterations.040.vtu
INFO: Step 41, time 0.00e+00, U, 3 components, 31372 values
INFO: Writing ResultsForLastIterations.041.vtk
INFO: Writing ResultsForLastIterations.041.vtu
INFO: Step 42, time 0.00e+00, U, 3 components, 31372 values
INFO: Writing ResultsForLastIterations.042.vtk
INFO: Writing ResultsForLastIterations.042.vtu
INFO: Step 43, time 0.00e+00, U, 3 components, 31372 values
INFO: Writing ResultsForLastIterations.043.vtk
INFO: Writing ResultsForLastIterations.043.vtu
INFO: Step 44, time 0.00e+00, U, 3 components, 31372 values
INFO: Writing ResultsForLastIterations.044.vtk
INFO: Writing ResultsForLastIterations.044.vtu
INFO: Step 45, time 0.00e+00, U, 3 components, 31372 values
INFO: Writing ResultsForLastIterations.045.vtk
INFO: Writing ResultsForLastIterations.045.vtu
INFO: Step 46, time 0.00e+00, U, 3 components, 31372 values
INFO: Writing ResultsForLastIterations.046.vtk
INFO: Writing ResultsForLastIterations.046.vtu
INFO: Step 47, time 0.00e+00, U, 3 components, 31372 values
INFO: Writing ResultsForLastIterations.047.vtk
INFO: Writing ResultsForLastIterations.047.vtu
INFO: Step 48, time 0.00e+00, U, 3 components, 31372 values
INFO: Writing ResultsForLastIterations.048.vtk
INFO: Writing ResultsForLastIterations.048.vtu
INFO: Step 49, time 0.00e+00, U, 3 components, 31372 values
INFO: Writing ResultsForLastIterations.049.vtk
INFO: Writing ResultsForLastIterations.049.vtu
INFO: Step 50, time 0.00e+00, U, 3 components, 31372 values
INFO: Writing ResultsForLastIterations.050.vtk
INFO: Writing ResultsForLastIterations.050.vtu
INFO: Step 51, time 0.00e+00, U, 3 components, 31372 values
INFO: Writing ResultsForLastIterations.051.vtk
INFO: Writing ResultsForLastIterations.051.vtu
INFO: Step 52, time 0.00e+00, U, 3 components, 31372 values
INFO: Writing ResultsForLastIterations.052.vtk
INFO: Writing ResultsForLastIterations.052.vtu
INFO: Step 53, time 0.00e+00, U, 3 components, 31372 values
INFO: Writing ResultsForLastIterations.053.vtk
INFO: Writing ResultsForLastIterations.053.vtu
INFO: Step 54, time 0.00e+00, U, 3 components, 31372 values
INFO: Writing ResultsForLastIterations.054.vtk
INFO: Writing ResultsForLastIterations.054.vtu
INFO: Step 55, time 0.00e+00, U, 3 components, 31372 values
INFO: Writing ResultsForLastIterations.055.vtk
INFO: Writing ResultsForLastIterations.055.vtu
INFO: Step 56, time 0.00e+00, U, 3 components, 31372 values
INFO: Writing ResultsForLastIterations.056.vtk
INFO: Writing ResultsForLastIterations.056.vtu
INFO: Step 57, time 0.00e+00, U, 3 components, 31372 values
INFO: Writing ResultsForLastIterations.057.vtk
INFO: Writing ResultsForLastIterations.057.vtu
INFO: Step 58, time 0.00e+00, U, 3 components, 31372 values
INFO: Writing ResultsForLastIterations.058.vtk
INFO: Writing ResultsForLastIterations.058.vtu
INFO: Step 59, time 0.00e+00, U, 3 components, 31372 values
INFO: Writing ResultsForLastIterations.059.vtk
INFO: Writing ResultsForLastIterations.059.vtu
INFO: Step 60, time 0.00e+00, U, 3 components, 31372 values
INFO: Writing ResultsForLastIterations.060.vtk
INFO: Writing ResultsForLastIterations.060.vtu
INFO: Step 61, time 0.00e+00, U, 3 components, 31372 values
INFO: Writing ResultsForLastIterations.061.vtk
INFO: Writing ResultsForLastIterations.061.vtu
INFO: Step 62, time 0.00e+00, U, 3 components, 31372 values
INFO: Writing ResultsForLastIterations.062.vtk
INFO: Writing ResultsForLastIterations.062.vtu
INFO: Step 63, time 0.00e+00, U, 3 components, 31372 values
INFO: Writing ResultsForLastIterations.063.vtk
INFO: Writing ResultsForLastIterations.063.vtu
INFO: Step 64, time 0.00e+00, U, 3 components, 31372 values
INFO: Writing ResultsForLastIterations.064.vtk
INFO: Writing ResultsForLastIterations.064.vtu
INFO: Step 65, time 0.00e+00, U, 3 components, 31372 values
INFO: Writing ResultsForLastIterations.065.vtk
INFO: Writing ResultsForLastIterations.065.vtu
INFO: Step 66, time 0.00e+00, U, 3 components, 31372 values
INFO: Writing ResultsForLastIterations.066.vtk
INFO: Writing ResultsForLastIterations.066.vtu
INFO: Step 67, time 0.00e+00, U, 3 components, 31372 values
INFO: Writing ResultsForLastIterations.067.vtk
INFO: Writing ResultsForLastIterations.067.vtu
INFO: Step 68, time 0.00e+00, U, 3 components, 31372 values
INFO: Writing ResultsForLastIterations.068.vtk
INFO: Writing ResultsForLastIterations.068.vtu
INFO: Step 69, time 0.00e+00, U, 3 components, 31372 values
INFO: Writing ResultsForLastIterations.069.vtk
INFO: Writing ResultsForLastIterations.069.vtu
INFO: Step 70, time 0.00e+00, U, 3 components, 31372 values
INFO: Writing ResultsForLastIterations.070.vtk
INFO: Writing ResultsForLastIterations.070.vtu
INFO: Step 71, time 0.00e+00, U, 3 components, 31372 values
INFO: Writing ResultsForLastIterations.071.vtk
INFO: Writing ResultsForLastIterations.071.vtu
INFO: Step 72, time 0.00e+00, U, 3 components, 31372 values
INFO: Writing ResultsForLastIterations.072.vtk
INFO: Writing ResultsForLastIterations.072.vtu
INFO: Step 73, time 0.00e+00, U, 3 components, 31372 values
INFO: Writing ResultsForLastIterations.073.vtk
INFO: Writing ResultsForLastIterations.073.vtu
INFO: Step 74, time 0.00e+00, U, 3 components, 31372 values
INFO: Writing ResultsForLastIterations.074.vtk
INFO: Writing ResultsForLastIterations.074.vtu
INFO: Step 75, time 0.00e+00, U, 3 components, 31372 values
INFO: Writing ResultsForLastIterations.075.vtk
INFO: Writing ResultsForLastIterations.075.vtu
INFO: Step 76, time 0.00e+00, U, 3 components, 31372 values
INFO: Writing ResultsForLastIterations.076.vtk
INFO: Writing ResultsForLastIterations.076.vtu
INFO: Step 77, time 0.00e+00, U, 3 components, 31372 values
INFO: Writing ResultsForLastIterations.077.vtk
INFO: Writing ResultsForLastIterations.077.vtu
INFO: Step 78, time 0.00e+00, U, 3 components, 31372 values
INFO: Writing ResultsForLastIterations.078.vtk
INFO: Writing ResultsForLastIterations.078.vtu
INFO: Step 79, time 0.00e+00, U, 3 components, 31372 values
INFO: Writing ResultsForLastIterations.079.vtk
INFO: Writing ResultsForLastIterations.079.vtu
INFO: Step 80, time 0.00e+00, U, 3 components, 31372 values
INFO: Writing ResultsForLastIterations.080.vtk
INFO: Writing ResultsForLastIterations.080.vtu
INFO: Step 81, time 0.00e+00, U, 3 components, 31372 values
INFO: Writing ResultsForLastIterations.081.vtk
INFO: Writing ResultsForLastIterations.081.vtu
INFO: Step 82, time 0.00e+00, U, 3 components, 31372 values
INFO: Writing ResultsForLastIterations.082.vtk
INFO: Writing ResultsForLastIterations.082.vtu
INFO: Step 83, time 0.00e+00, U, 3 components, 31372 values
INFO: Writing ResultsForLastIterations.083.vtk
INFO: Writing ResultsForLastIterations.083.vtu
INFO: Step 84, time 0.00e+00, U, 3 components, 31372 values
INFO: Writing ResultsForLastIterations.084.vtk
INFO: Writing ResultsForLastIterations.084.vtu
INFO: Step 85, time 0.00e+00, U, 3 components, 31372 values
INFO: Writing ResultsForLastIterations.085.vtk
INFO: Writing ResultsForLastIterations.085.vtu
INFO: Step 86, time 0.00e+00, U, 3 components, 31372 values
INFO: Writing ResultsForLastIterations.086.vtk
INFO: Writing ResultsForLastIterations.086.vtu
INFO: Step 87, time 0.00e+00, U, 3 components, 31372 values
INFO: Writing ResultsForLastIterations.087.vtk
INFO: Writing ResultsForLastIterations.087.vtu
INFO: Step 88, time 0.00e+00, U, 3 components, 31372 values
INFO: Writing ResultsForLastIterations.088.vtk
INFO: Writing ResultsForLastIterations.088.vtu
INFO: Step 89, time 0.00e+00, U, 3 components, 31372 values
INFO: Writing ResultsForLastIterations.089.vtk
INFO: Writing ResultsForLastIterations.089.vtu
INFO: Step 90, time 0.00e+00, U, 3 components, 31372 values
INFO: Writing ResultsForLastIterations.090.vtk
INFO: Writing ResultsForLastIterations.090.vtu
INFO: Step 91, time 0.00e+00, U, 3 components, 31372 values
INFO: Writing ResultsForLastIterations.091.vtk
INFO: Writing ResultsForLastIterations.091.vtu
INFO: Step 92, time 0.00e+00, U, 3 components, 31372 values
INFO: Writing ResultsForLastIterations.092.vtk
INFO: Writing ResultsForLastIterations.092.vtu
INFO: Step 93, time 0.00e+00, U, 3 components, 31372 values
INFO: Writing ResultsForLastIterations.093.vtk
INFO: Writing ResultsForLastIterations.093.vtu
INFO: Step 94, time 0.00e+00, U, 3 components, 31372 values
INFO: Writing ResultsForLastIterations.094.vtk
INFO: Writing ResultsForLastIterations.094.vtu
INFO: Step 95, time 0.00e+00, U, 3 components, 31372 values
INFO: Writing ResultsForLastIterations.095.vtk
INFO: Writing ResultsForLastIterations.095.vtu
INFO: Step 96, time 0.00e+00, U, 3 components, 31372 values
INFO: Writing ResultsForLastIterations.096.vtk
INFO: Writing ResultsForLastIterations.096.vtu
INFO: Step 97, time 0.00e+00, U, 3 components, 31372 values
INFO: Writing ResultsForLastIterations.097.vtk
INFO: Writing ResultsForLastIterations.097.vtu
INFO: Step 98, time 0.00e+00, U, 3 components, 31372 values
INFO: Writing ResultsForLastIterations.098.vtk
INFO: Writing ResultsForLastIterations.098.vtu
INFO: Step 99, time 0.00e+00, U, 3 components, 31372 values
INFO: Writing ResultsForLastIterations.099.vtk
INFO: Writing ResultsForLastIterations.099.vtu
INFO: Step 100, time 0.00e+00, U, 3 components, 31372 values
INFO: Writing ResultsForLastIterations.100.vtk
INFO: Writing ResultsForLastIterations.100.vtu
INFO: Step 101, time 0.00e+00, U, 3 components, 31372 values
INFO: Writing ResultsForLastIterations.101.vtk
INFO: Writing ResultsForLastIterations.101.vtu
INFO: Step 102, time 0.00e+00, U, 3 components, 31372 values
INFO: Writing ResultsForLastIterations.102.vtk
INFO: Writing ResultsForLastIterations.102.vtu
INFO: Step 103, time 0.00e+00, U, 3 components, 31372 values
INFO: Writing ResultsForLastIterations.103.vtk
INFO: Writing ResultsForLastIterations.103.vtu
INFO: Step 104, time 0.00e+00, U, 3 components, 31372 values
INFO: Writing ResultsForLastIterations.104.vtk
INFO: Writing ResultsForLastIterations.104.vtu
INFO: Step 105, time 0.00e+00, U, 3 components, 31372 values
INFO: Writing ResultsForLastIterations.105.vtk
INFO: Writing ResultsForLastIterations.105.vtu
INFO: Step 106, time 0.00e+00, U, 3 components, 31372 values
INFO: Writing ResultsForLastIterations.106.vtk
INFO: Writing ResultsForLastIterations.106.vtu
INFO: Step 107, time 0.00e+00, U, 3 components, 31372 values
INFO: Writing ResultsForLastIterations.107.vtk
INFO: Writing ResultsForLastIterations.107.vtu
INFO: Step 108, time 0.00e+00, U, 3 components, 31372 values
INFO: Writing ResultsForLastIterations.108.vtk
INFO: Writing ResultsForLastIterations.108.vtu
INFO: Step 109, time 0.00e+00, U, 3 components, 31372 values
INFO: Writing ResultsForLastIterations.109.vtk
INFO: Writing ResultsForLastIterations.109.vtu
INFO: Step 110, time 0.00e+00, U, 3 components, 31372 values
INFO: Writing ResultsForLastIterations.110.vtk
INFO: Writing ResultsForLastIterations.110.vtu
INFO: Step 111, time 0.00e+00, U, 3 components, 31372 values
INFO: Writing ResultsForLastIterations.111.vtk
INFO: Writing ResultsForLastIterations.111.vtu
INFO: Step 112, time 0.00e+00, U, 3 components, 31372 values
INFO: Writing ResultsForLastIterations.112.vtk
INFO: Writing ResultsForLastIterations.112.vtu
INFO: Step 113, time 0.00e+00, U, 3 components, 31372 values
INFO: Writing ResultsForLastIterations.113.vtk
INFO: Writing ResultsForLastIterations.113.vtu
INFO: Step 114, time 0.00e+00, U, 3 components, 31372 values
INFO: Writing ResultsForLastIterations.114.vtk
INFO: Writing ResultsForLastIterations.114.vtu
INFO: Step 115, time 0.00e+00, U, 3 components, 31372 values
INFO: Writing ResultsForLastIterations.115.vtk
INFO: Writing ResultsForLastIterations.115.vtu
INFO: Step 116, time 0.00e+00, U, 3 components, 31372 values
INFO: Writing ResultsForLastIterations.116.vtk
INFO: Writing ResultsForLastIterations.116.vtu
INFO: Step 117, time 0.00e+00, U, 3 components, 31372 values
INFO: Writing ResultsForLastIterations.117.vtk
INFO: Writing ResultsForLastIterations.117.vtu
INFO: Step 118, time 0.00e+00, U, 3 components, 31372 values
INFO: Writing ResultsForLastIterations.118.vtk
INFO: Writing ResultsForLastIterations.118.vtu
INFO: Step 119, time 0.00e+00, U, 3 components, 31372 values
INFO: Writing ResultsForLastIterations.119.vtk
INFO: Writing ResultsForLastIterations.119.vtu
INFO: Step 120, time 0.00e+00, U, 3 components, 31372 values
INFO: Writing ResultsForLastIterations.120.vtk
INFO: Writing ResultsForLastIterations.120.vtu
INFO: Step 121, time 0.00e+00, U, 3 components, 31372 values
INFO: Writing ResultsForLastIterations.121.vtk
INFO: Writing ResultsForLastIterations.121.vtu
INFO: Step 122, time 0.00e+00, U, 3 components, 31372 values
INFO: Writing ResultsForLastIterations.122.vtk
INFO: Writing ResultsForLastIterations.122.vtu
INFO: Step 123, time 0.00e+00, U, 3 components, 31372 values
INFO: Writing ResultsForLastIterations.123.vtk
INFO: Writing ResultsForLastIterations.123.vtu
INFO: Step 124, time 0.00e+00, U, 3 components, 31372 values
INFO: Writing ResultsForLastIterations.124.vtk
INFO: Writing ResultsForLastIterations.124.vtu
INFO: Step 125, time 0.00e+00, U, 3 components, 31372 values
INFO: Writing ResultsForLastIterations.125.vtk
INFO: Writing ResultsForLastIterations.125.vtu
INFO: Step 126, time 0.00e+00, U, 3 components, 31372 values
INFO: Writing ResultsForLastIterations.126.vtk
INFO: Writing ResultsForLastIterations.126.vtu
INFO: Step 127, time 0.00e+00, U, 3 components, 31372 values
INFO: Writing ResultsForLastIterations.127.vtk
INFO: Writing ResultsForLastIterations.127.vtu
INFO: Step 128, time 0.00e+00, U, 3 components, 31372 values
INFO: Writing ResultsForLastIterations.128.vtk
INFO: Writing ResultsForLastIterations.128.vtu
INFO: Step 129, time 0.00e+00, U, 3 components, 31372 values
INFO: Writing ResultsForLastIterations.129.vtk
INFO: Writing ResultsForLastIterations.129.vtu
INFO: Step 130, time 0.00e+00, U, 3 components, 31372 values
INFO: Writing ResultsForLastIterations.130.vtk
INFO: Writing ResultsForLastIterations.130.vtu
INFO: Step 131, time 0.00e+00, U, 3 components, 31372 values
INFO: Writing ResultsForLastIterations.131.vtk
INFO: Writing ResultsForLastIterations.131.vtu
INFO: Step 132, time 0.00e+00, U, 3 components, 31372 values
INFO: Writing ResultsForLastIterations.132.vtk
INFO: Writing ResultsForLastIterations.132.vtu
INFO: Step 133, time 0.00e+00, U, 3 components, 31372 values
INFO: Writing ResultsForLastIterations.133.vtk
INFO: Writing ResultsForLastIterations.133.vtu
INFO: Step 134, time 0.00e+00, U, 3 components, 31372 values
INFO: Writing ResultsForLastIterations.134.vtk
INFO: Writing ResultsForLastIterations.134.vtu
INFO: Step 135, time 0.00e+00, U, 3 components, 31372 values
INFO: Writing ResultsForLastIterations.135.vtk
INFO: Writing ResultsForLastIterations.135.vtu
INFO: Step 136, time 0.00e+00, U, 3 components, 31372 values
INFO: Writing ResultsForLastIterations.136.vtk
INFO: Writing ResultsForLastIterations.136.vtu
INFO: Step 137, time 0.00e+00, U, 3 components, 31372 values
INFO: Writing ResultsForLastIterations.137.vtk
INFO: Writing ResultsForLastIterations.137.vtu
INFO: Step 138, time 0.00e+00, U, 3 components, 31372 values
INFO: Writing ResultsForLastIterations.138.vtk
INFO: Writing ResultsForLastIterations.138.vtu
INFO: Step 139, time 0.00e+00, U, 3 components, 31372 values
INFO: Writing ResultsForLastIterations.139.vtk
INFO: Writing ResultsForLastIterations.139.vtu
INFO: Step 140, time 0.00e+00, U, 3 components, 31372 values
INFO: Writing ResultsForLastIterations.140.vtk
INFO: Writing ResultsForLastIterations.140.vtu
INFO: Step 141, time 0.00e+00, U, 3 components, 31372 values
INFO: Writing ResultsForLastIterations.141.vtk
INFO: Writing ResultsForLastIterations.141.vtu
INFO: Step 142, time 0.00e+00, U, 3 components, 31372 values
INFO: Writing ResultsForLastIterations.142.vtk
INFO: Writing ResultsForLastIterations.142.vtu
INFO: Step 143, time 0.00e+00, U, 3 components, 31372 values
INFO: Writing ResultsForLastIterations.143.vtk
INFO: Writing ResultsForLastIterations.143.vtu
INFO: Step 144, time 0.00e+00, U, 3 components, 31372 values
INFO: Writing ResultsForLastIterations.144.vtk
INFO: Writing ResultsForLastIterations.144.vtu
INFO: Step 145, time 0.00e+00, U, 3 components, 31372 values
INFO: Writing ResultsForLastIterations.145.vtk
INFO: Writing ResultsForLastIterations.145.vtu
INFO: Step 146, time 0.00e+00, U, 3 components, 31372 values
INFO: Writing ResultsForLastIterations.146.vtk
INFO: Writing ResultsForLastIterations.146.vtu
INFO: Step 147, time 0.00e+00, U, 3 components, 31372 values
INFO: Writing ResultsForLastIterations.147.vtk
INFO: Writing ResultsForLastIterations.147.vtu
INFO: Step 148, time 0.00e+00, U, 3 components, 31372 values
INFO: Writing ResultsForLastIterations.148.vtk
INFO: Writing ResultsForLastIterations.148.vtu
INFO: Step 149, time 0.00e+00, U, 3 components, 31372 values
INFO: Writing ResultsForLastIterations.149.vtk
INFO: Writing ResultsForLastIterations.149.vtu
INFO: Step 150, time 0.00e+00, U, 3 components, 31372 values
INFO: Writing ResultsForLastIterations.150.vtk
INFO: Writing ResultsForLastIterations.150.vtu
INFO: Step 151, time 0.00e+00, U, 3 components, 31372 values
INFO: Writing ResultsForLastIterations.151.vtk
INFO: Writing ResultsForLastIterations.151.vtu
INFO: Step 152, time 0.00e+00, U, 3 components, 31372 values
INFO: Writing ResultsForLastIterations.152.vtk
INFO: Writing ResultsForLastIterations.152.vtu
INFO: Step 153, time 0.00e+00, U, 3 components, 31372 values
INFO: Writing ResultsForLastIterations.153.vtk
INFO: Writing ResultsForLastIterations.153.vtu
INFO: Step 154, time 0.00e+00, U, 3 components, 31372 values
INFO: Writing ResultsForLastIterations.154.vtk
INFO: Writing ResultsForLastIterations.154.vtu

==================================================
60: mkraska/NonLinear/Honeycomb/Refs/Biegung.frd
INFO: Reading Biegung.frd
INFO: 11086 nodes
INFO: 4376 cells
INFO: 100 time increments
INFO: Step 1, time 1.00e-02, U, 3 components, 11086 values
INFO: Step 1, time 1.00e-02, S, 6 components, 11086 values
INFO: Step 1, time 1.00e-02, S_Mises, 1 components, 11086 values
INFO: Step 1, time 1.00e-02, S_Principal, 3 components, 11086 values
INFO: Step 1, time 1.00e-02, PEEQ, 1 components, 11086 values
INFO: Step 1, time 1.00e-02, ERROR, 1 components, 11086 values
INFO: Writing Biegung.001.vtk
INFO: Writing Biegung.001.vtu
INFO: Step 2, time 2.00e-02, U, 3 components, 11086 values
INFO: Step 2, time 2.00e-02, S, 6 components, 11086 values
INFO: Step 2, time 2.00e-02, S_Mises, 1 components, 11086 values
INFO: Step 2, time 2.00e-02, S_Principal, 3 components, 11086 values
INFO: Step 2, time 2.00e-02, PEEQ, 1 components, 11086 values
INFO: Step 2, time 2.00e-02, ERROR, 1 components, 11086 values
INFO: Writing Biegung.002.vtk
INFO: Writing Biegung.002.vtu
INFO: Step 3, time 3.00e-02, U, 3 components, 11086 values
INFO: Step 3, time 3.00e-02, S, 6 components, 11086 values
INFO: Step 3, time 3.00e-02, S_Mises, 1 components, 11086 values
INFO: Step 3, time 3.00e-02, S_Principal, 3 components, 11086 values
INFO: Step 3, time 3.00e-02, PEEQ, 1 components, 11086 values
INFO: Step 3, time 3.00e-02, ERROR, 1 components, 11086 values
INFO: Writing Biegung.003.vtk
INFO: Writing Biegung.003.vtu
INFO: Step 4, time 4.00e-02, U, 3 components, 11086 values
INFO: Step 4, time 4.00e-02, S, 6 components, 11086 values
INFO: Step 4, time 4.00e-02, S_Mises, 1 components, 11086 values
INFO: Step 4, time 4.00e-02, S_Principal, 3 components, 11086 values
INFO: Step 4, time 4.00e-02, PEEQ, 1 components, 11086 values
INFO: Step 4, time 4.00e-02, ERROR, 1 components, 11086 values
INFO: Writing Biegung.004.vtk
INFO: Writing Biegung.004.vtu
INFO: Step 5, time 5.00e-02, U, 3 components, 11086 values
INFO: Step 5, time 5.00e-02, S, 6 components, 11086 values
INFO: Step 5, time 5.00e-02, S_Mises, 1 components, 11086 values
INFO: Step 5, time 5.00e-02, S_Principal, 3 components, 11086 values
INFO: Step 5, time 5.00e-02, PEEQ, 1 components, 11086 values
INFO: Step 5, time 5.00e-02, ERROR, 1 components, 11086 values
INFO: Writing Biegung.005.vtk
INFO: Writing Biegung.005.vtu
INFO: Step 6, time 6.00e-02, U, 3 components, 11086 values
INFO: Step 6, time 6.00e-02, S, 6 components, 11086 values
INFO: Step 6, time 6.00e-02, S_Mises, 1 components, 11086 values
INFO: Step 6, time 6.00e-02, S_Principal, 3 components, 11086 values
INFO: Step 6, time 6.00e-02, PEEQ, 1 components, 11086 values
INFO: Step 6, time 6.00e-02, ERROR, 1 components, 11086 values
INFO: Writing Biegung.006.vtk
INFO: Writing Biegung.006.vtu
INFO: Step 7, time 7.00e-02, U, 3 components, 11086 values
INFO: Step 7, time 7.00e-02, S, 6 components, 11086 values
INFO: Step 7, time 7.00e-02, S_Mises, 1 components, 11086 values
INFO: Step 7, time 7.00e-02, S_Principal, 3 components, 11086 values
INFO: Step 7, time 7.00e-02, PEEQ, 1 components, 11086 values
INFO: Step 7, time 7.00e-02, ERROR, 1 components, 11086 values
INFO: Writing Biegung.007.vtk
INFO: Writing Biegung.007.vtu
INFO: Step 8, time 8.00e-02, U, 3 components, 11086 values
INFO: Step 8, time 8.00e-02, S, 6 components, 11086 values
INFO: Step 8, time 8.00e-02, S_Mises, 1 components, 11086 values
INFO: Step 8, time 8.00e-02, S_Principal, 3 components, 11086 values
INFO: Step 8, time 8.00e-02, PEEQ, 1 components, 11086 values
INFO: Step 8, time 8.00e-02, ERROR, 1 components, 11086 values
INFO: Writing Biegung.008.vtk
INFO: Writing Biegung.008.vtu
INFO: Step 9, time 9.00e-02, U, 3 components, 11086 values
INFO: Step 9, time 9.00e-02, S, 6 components, 11086 values
INFO: Step 9, time 9.00e-02, S_Mises, 1 components, 11086 values
INFO: Step 9, time 9.00e-02, S_Principal, 3 components, 11086 values
INFO: Step 9, time 9.00e-02, PEEQ, 1 components, 11086 values
INFO: Step 9, time 9.00e-02, ERROR, 1 components, 11086 values
INFO: Writing Biegung.009.vtk
INFO: Writing Biegung.009.vtu
INFO: Step 10, time 1.00e-01, U, 3 components, 11086 values
INFO: Step 10, time 1.00e-01, S, 6 components, 11086 values
INFO: Step 10, time 1.00e-01, S_Mises, 1 components, 11086 values
INFO: Step 10, time 1.00e-01, S_Principal, 3 components, 11086 values
INFO: Step 10, time 1.00e-01, PEEQ, 1 components, 11086 values
INFO: Step 10, time 1.00e-01, ERROR, 1 components, 11086 values
INFO: Writing Biegung.010.vtk
INFO: Writing Biegung.010.vtu
INFO: Step 11, time 1.10e-01, U, 3 components, 11086 values
INFO: Step 11, time 1.10e-01, S, 6 components, 11086 values
INFO: Step 11, time 1.10e-01, S_Mises, 1 components, 11086 values
INFO: Step 11, time 1.10e-01, S_Principal, 3 components, 11086 values
INFO: Step 11, time 1.10e-01, PEEQ, 1 components, 11086 values
INFO: Step 11, time 1.10e-01, ERROR, 1 components, 11086 values
INFO: Writing Biegung.011.vtk
INFO: Writing Biegung.011.vtu
INFO: Step 12, time 1.20e-01, U, 3 components, 11086 values
INFO: Step 12, time 1.20e-01, S, 6 components, 11086 values
INFO: Step 12, time 1.20e-01, S_Mises, 1 components, 11086 values
INFO: Step 12, time 1.20e-01, S_Principal, 3 components, 11086 values
INFO: Step 12, time 1.20e-01, PEEQ, 1 components, 11086 values
INFO: Step 12, time 1.20e-01, ERROR, 1 components, 11086 values
INFO: Writing Biegung.012.vtk
INFO: Writing Biegung.012.vtu
INFO: Step 13, time 1.30e-01, U, 3 components, 11086 values
INFO: Step 13, time 1.30e-01, S, 6 components, 11086 values
INFO: Step 13, time 1.30e-01, S_Mises, 1 components, 11086 values
INFO: Step 13, time 1.30e-01, S_Principal, 3 components, 11086 values
INFO: Step 13, time 1.30e-01, PEEQ, 1 components, 11086 values
INFO: Step 13, time 1.30e-01, ERROR, 1 components, 11086 values
INFO: Writing Biegung.013.vtk
INFO: Writing Biegung.013.vtu
INFO: Step 14, time 1.40e-01, U, 3 components, 11086 values
INFO: Step 14, time 1.40e-01, S, 6 components, 11086 values
INFO: Step 14, time 1.40e-01, S_Mises, 1 components, 11086 values
INFO: Step 14, time 1.40e-01, S_Principal, 3 components, 11086 values
INFO: Step 14, time 1.40e-01, PEEQ, 1 components, 11086 values
INFO: Step 14, time 1.40e-01, ERROR, 1 components, 11086 values
INFO: Writing Biegung.014.vtk
INFO: Writing Biegung.014.vtu
INFO: Step 15, time 1.50e-01, U, 3 components, 11086 values
INFO: Step 15, time 1.50e-01, S, 6 components, 11086 values
INFO: Step 15, time 1.50e-01, S_Mises, 1 components, 11086 values
INFO: Step 15, time 1.50e-01, S_Principal, 3 components, 11086 values
INFO: Step 15, time 1.50e-01, PEEQ, 1 components, 11086 values
INFO: Step 15, time 1.50e-01, ERROR, 1 components, 11086 values
INFO: Writing Biegung.015.vtk
INFO: Writing Biegung.015.vtu
INFO: Step 16, time 1.60e-01, U, 3 components, 11086 values
INFO: Step 16, time 1.60e-01, S, 6 components, 11086 values
INFO: Step 16, time 1.60e-01, S_Mises, 1 components, 11086 values
INFO: Step 16, time 1.60e-01, S_Principal, 3 components, 11086 values
INFO: Step 16, time 1.60e-01, PEEQ, 1 components, 11086 values
INFO: Step 16, time 1.60e-01, ERROR, 1 components, 11086 values
INFO: Writing Biegung.016.vtk
INFO: Writing Biegung.016.vtu
INFO: Step 17, time 1.70e-01, U, 3 components, 11086 values
INFO: Step 17, time 1.70e-01, S, 6 components, 11086 values
INFO: Step 17, time 1.70e-01, S_Mises, 1 components, 11086 values
INFO: Step 17, time 1.70e-01, S_Principal, 3 components, 11086 values
INFO: Step 17, time 1.70e-01, PEEQ, 1 components, 11086 values
INFO: Step 17, time 1.70e-01, ERROR, 1 components, 11086 values
INFO: Writing Biegung.017.vtk
INFO: Writing Biegung.017.vtu
INFO: Step 18, time 1.80e-01, U, 3 components, 11086 values
INFO: Step 18, time 1.80e-01, S, 6 components, 11086 values
INFO: Step 18, time 1.80e-01, S_Mises, 1 components, 11086 values
INFO: Step 18, time 1.80e-01, S_Principal, 3 components, 11086 values
INFO: Step 18, time 1.80e-01, PEEQ, 1 components, 11086 values
INFO: Step 18, time 1.80e-01, ERROR, 1 components, 11086 values
INFO: Writing Biegung.018.vtk
INFO: Writing Biegung.018.vtu
INFO: Step 19, time 1.90e-01, U, 3 components, 11086 values
INFO: Step 19, time 1.90e-01, S, 6 components, 11086 values
INFO: Step 19, time 1.90e-01, S_Mises, 1 components, 11086 values
INFO: Step 19, time 1.90e-01, S_Principal, 3 components, 11086 values
INFO: Step 19, time 1.90e-01, PEEQ, 1 components, 11086 values
INFO: Step 19, time 1.90e-01, ERROR, 1 components, 11086 values
INFO: Writing Biegung.019.vtk
INFO: Writing Biegung.019.vtu
INFO: Step 20, time 2.00e-01, U, 3 components, 11086 values
INFO: Step 20, time 2.00e-01, S, 6 components, 11086 values
INFO: Step 20, time 2.00e-01, S_Mises, 1 components, 11086 values
INFO: Step 20, time 2.00e-01, S_Principal, 3 components, 11086 values
INFO: Step 20, time 2.00e-01, PEEQ, 1 components, 11086 values
INFO: Step 20, time 2.00e-01, ERROR, 1 components, 11086 values
INFO: Writing Biegung.020.vtk
INFO: Writing Biegung.020.vtu
INFO: Step 21, time 2.10e-01, U, 3 components, 11086 values
INFO: Step 21, time 2.10e-01, S, 6 components, 11086 values
INFO: Step 21, time 2.10e-01, S_Mises, 1 components, 11086 values
INFO: Step 21, time 2.10e-01, S_Principal, 3 components, 11086 values
INFO: Step 21, time 2.10e-01, PEEQ, 1 components, 11086 values
INFO: Step 21, time 2.10e-01, ERROR, 1 components, 11086 values
INFO: Writing Biegung.021.vtk
INFO: Writing Biegung.021.vtu
INFO: Step 22, time 2.20e-01, U, 3 components, 11086 values
INFO: Step 22, time 2.20e-01, S, 6 components, 11086 values
INFO: Step 22, time 2.20e-01, S_Mises, 1 components, 11086 values
INFO: Step 22, time 2.20e-01, S_Principal, 3 components, 11086 values
INFO: Step 22, time 2.20e-01, PEEQ, 1 components, 11086 values
INFO: Step 22, time 2.20e-01, ERROR, 1 components, 11086 values
INFO: Writing Biegung.022.vtk
INFO: Writing Biegung.022.vtu
INFO: Step 23, time 2.30e-01, U, 3 components, 11086 values
INFO: Step 23, time 2.30e-01, S, 6 components, 11086 values
INFO: Step 23, time 2.30e-01, S_Mises, 1 components, 11086 values
INFO: Step 23, time 2.30e-01, S_Principal, 3 components, 11086 values
INFO: Step 23, time 2.30e-01, PEEQ, 1 components, 11086 values
INFO: Step 23, time 2.30e-01, ERROR, 1 components, 11086 values
INFO: Writing Biegung.023.vtk
INFO: Writing Biegung.023.vtu
INFO: Step 24, time 2.40e-01, U, 3 components, 11086 values
INFO: Step 24, time 2.40e-01, S, 6 components, 11086 values
INFO: Step 24, time 2.40e-01, S_Mises, 1 components, 11086 values
INFO: Step 24, time 2.40e-01, S_Principal, 3 components, 11086 values
INFO: Step 24, time 2.40e-01, PEEQ, 1 components, 11086 values
INFO: Step 24, time 2.40e-01, ERROR, 1 components, 11086 values
INFO: Writing Biegung.024.vtk
INFO: Writing Biegung.024.vtu
INFO: Step 25, time 2.50e-01, U, 3 components, 11086 values
INFO: Step 25, time 2.50e-01, S, 6 components, 11086 values
INFO: Step 25, time 2.50e-01, S_Mises, 1 components, 11086 values
INFO: Step 25, time 2.50e-01, S_Principal, 3 components, 11086 values
INFO: Step 25, time 2.50e-01, PEEQ, 1 components, 11086 values
INFO: Step 25, time 2.50e-01, ERROR, 1 components, 11086 values
INFO: Writing Biegung.025.vtk
INFO: Writing Biegung.025.vtu
INFO: Step 26, time 2.60e-01, U, 3 components, 11086 values
INFO: Step 26, time 2.60e-01, S, 6 components, 11086 values
INFO: Step 26, time 2.60e-01, S_Mises, 1 components, 11086 values
INFO: Step 26, time 2.60e-01, S_Principal, 3 components, 11086 values
INFO: Step 26, time 2.60e-01, PEEQ, 1 components, 11086 values
INFO: Step 26, time 2.60e-01, ERROR, 1 components, 11086 values
INFO: Writing Biegung.026.vtk
INFO: Writing Biegung.026.vtu
INFO: Step 27, time 2.70e-01, U, 3 components, 11086 values
INFO: Step 27, time 2.70e-01, S, 6 components, 11086 values
INFO: Step 27, time 2.70e-01, S_Mises, 1 components, 11086 values
INFO: Step 27, time 2.70e-01, S_Principal, 3 components, 11086 values
INFO: Step 27, time 2.70e-01, PEEQ, 1 components, 11086 values
INFO: Step 27, time 2.70e-01, ERROR, 1 components, 11086 values
INFO: Writing Biegung.027.vtk
INFO: Writing Biegung.027.vtu
INFO: Step 28, time 2.80e-01, U, 3 components, 11086 values
INFO: Step 28, time 2.80e-01, S, 6 components, 11086 values
INFO: Step 28, time 2.80e-01, S_Mises, 1 components, 11086 values
INFO: Step 28, time 2.80e-01, S_Principal, 3 components, 11086 values
INFO: Step 28, time 2.80e-01, PEEQ, 1 components, 11086 values
INFO: Step 28, time 2.80e-01, ERROR, 1 components, 11086 values
INFO: Writing Biegung.028.vtk
INFO: Writing Biegung.028.vtu
INFO: Step 29, time 2.90e-01, U, 3 components, 11086 values
INFO: Step 29, time 2.90e-01, S, 6 components, 11086 values
INFO: Step 29, time 2.90e-01, S_Mises, 1 components, 11086 values
INFO: Step 29, time 2.90e-01, S_Principal, 3 components, 11086 values
INFO: Step 29, time 2.90e-01, PEEQ, 1 components, 11086 values
INFO: Step 29, time 2.90e-01, ERROR, 1 components, 11086 values
INFO: Writing Biegung.029.vtk
INFO: Writing Biegung.029.vtu
INFO: Step 30, time 3.00e-01, U, 3 components, 11086 values
INFO: Step 30, time 3.00e-01, S, 6 components, 11086 values
INFO: Step 30, time 3.00e-01, S_Mises, 1 components, 11086 values
INFO: Step 30, time 3.00e-01, S_Principal, 3 components, 11086 values
INFO: Step 30, time 3.00e-01, PEEQ, 1 components, 11086 values
INFO: Step 30, time 3.00e-01, ERROR, 1 components, 11086 values
INFO: Writing Biegung.030.vtk
INFO: Writing Biegung.030.vtu
INFO: Step 31, time 3.10e-01, U, 3 components, 11086 values
INFO: Step 31, time 3.10e-01, S, 6 components, 11086 values
INFO: Step 31, time 3.10e-01, S_Mises, 1 components, 11086 values
INFO: Step 31, time 3.10e-01, S_Principal, 3 components, 11086 values
INFO: Step 31, time 3.10e-01, PEEQ, 1 components, 11086 values
INFO: Step 31, time 3.10e-01, ERROR, 1 components, 11086 values
INFO: Writing Biegung.031.vtk
INFO: Writing Biegung.031.vtu
INFO: Step 32, time 3.20e-01, U, 3 components, 11086 values
INFO: Step 32, time 3.20e-01, S, 6 components, 11086 values
INFO: Step 32, time 3.20e-01, S_Mises, 1 components, 11086 values
INFO: Step 32, time 3.20e-01, S_Principal, 3 components, 11086 values
INFO: Step 32, time 3.20e-01, PEEQ, 1 components, 11086 values
INFO: Step 32, time 3.20e-01, ERROR, 1 components, 11086 values
INFO: Writing Biegung.032.vtk
INFO: Writing Biegung.032.vtu
INFO: Step 33, time 3.30e-01, U, 3 components, 11086 values
INFO: Step 33, time 3.30e-01, S, 6 components, 11086 values
INFO: Step 33, time 3.30e-01, S_Mises, 1 components, 11086 values
INFO: Step 33, time 3.30e-01, S_Principal, 3 components, 11086 values
INFO: Step 33, time 3.30e-01, PEEQ, 1 components, 11086 values
INFO: Step 33, time 3.30e-01, ERROR, 1 components, 11086 values
INFO: Writing Biegung.033.vtk
INFO: Writing Biegung.033.vtu
INFO: Step 34, time 3.40e-01, U, 3 components, 11086 values
INFO: Step 34, time 3.40e-01, S, 6 components, 11086 values
INFO: Step 34, time 3.40e-01, S_Mises, 1 components, 11086 values
INFO: Step 34, time 3.40e-01, S_Principal, 3 components, 11086 values
INFO: Step 34, time 3.40e-01, PEEQ, 1 components, 11086 values
INFO: Step 34, time 3.40e-01, ERROR, 1 components, 11086 values
INFO: Writing Biegung.034.vtk
INFO: Writing Biegung.034.vtu
INFO: Step 35, time 3.50e-01, U, 3 components, 11086 values
INFO: Step 35, time 3.50e-01, S, 6 components, 11086 values
INFO: Step 35, time 3.50e-01, S_Mises, 1 components, 11086 values
INFO: Step 35, time 3.50e-01, S_Principal, 3 components, 11086 values
INFO: Step 35, time 3.50e-01, PEEQ, 1 components, 11086 values
INFO: Step 35, time 3.50e-01, ERROR, 1 components, 11086 values
INFO: Writing Biegung.035.vtk
INFO: Writing Biegung.035.vtu
INFO: Step 36, time 3.60e-01, U, 3 components, 11086 values
INFO: Step 36, time 3.60e-01, S, 6 components, 11086 values
INFO: Step 36, time 3.60e-01, S_Mises, 1 components, 11086 values
INFO: Step 36, time 3.60e-01, S_Principal, 3 components, 11086 values
INFO: Step 36, time 3.60e-01, PEEQ, 1 components, 11086 values
INFO: Step 36, time 3.60e-01, ERROR, 1 components, 11086 values
INFO: Writing Biegung.036.vtk
INFO: Writing Biegung.036.vtu
INFO: Step 37, time 3.70e-01, U, 3 components, 11086 values
INFO: Step 37, time 3.70e-01, S, 6 components, 11086 values
INFO: Step 37, time 3.70e-01, S_Mises, 1 components, 11086 values
INFO: Step 37, time 3.70e-01, S_Principal, 3 components, 11086 values
INFO: Step 37, time 3.70e-01, PEEQ, 1 components, 11086 values
INFO: Step 37, time 3.70e-01, ERROR, 1 components, 11086 values
INFO: Writing Biegung.037.vtk
INFO: Writing Biegung.037.vtu
INFO: Step 38, time 3.80e-01, U, 3 components, 11086 values
INFO: Step 38, time 3.80e-01, S, 6 components, 11086 values
INFO: Step 38, time 3.80e-01, S_Mises, 1 components, 11086 values
INFO: Step 38, time 3.80e-01, S_Principal, 3 components, 11086 values
INFO: Step 38, time 3.80e-01, PEEQ, 1 components, 11086 values
INFO: Step 38, time 3.80e-01, ERROR, 1 components, 11086 values
INFO: Writing Biegung.038.vtk
INFO: Writing Biegung.038.vtu
INFO: Step 39, time 3.90e-01, U, 3 components, 11086 values
INFO: Step 39, time 3.90e-01, S, 6 components, 11086 values
INFO: Step 39, time 3.90e-01, S_Mises, 1 components, 11086 values
INFO: Step 39, time 3.90e-01, S_Principal, 3 components, 11086 values
INFO: Step 39, time 3.90e-01, PEEQ, 1 components, 11086 values
INFO: Step 39, time 3.90e-01, ERROR, 1 components, 11086 values
INFO: Writing Biegung.039.vtk
INFO: Writing Biegung.039.vtu
INFO: Step 40, time 4.00e-01, U, 3 components, 11086 values
INFO: Step 40, time 4.00e-01, S, 6 components, 11086 values
INFO: Step 40, time 4.00e-01, S_Mises, 1 components, 11086 values
INFO: Step 40, time 4.00e-01, S_Principal, 3 components, 11086 values
INFO: Step 40, time 4.00e-01, PEEQ, 1 components, 11086 values
INFO: Step 40, time 4.00e-01, ERROR, 1 components, 11086 values
INFO: Writing Biegung.040.vtk
INFO: Writing Biegung.040.vtu
INFO: Step 41, time 4.10e-01, U, 3 components, 11086 values
INFO: Step 41, time 4.10e-01, S, 6 components, 11086 values
INFO: Step 41, time 4.10e-01, S_Mises, 1 components, 11086 values
INFO: Step 41, time 4.10e-01, S_Principal, 3 components, 11086 values
INFO: Step 41, time 4.10e-01, PEEQ, 1 components, 11086 values
INFO: Step 41, time 4.10e-01, ERROR, 1 components, 11086 values
INFO: Writing Biegung.041.vtk
INFO: Writing Biegung.041.vtu
INFO: Step 42, time 4.20e-01, U, 3 components, 11086 values
INFO: Step 42, time 4.20e-01, S, 6 components, 11086 values
INFO: Step 42, time 4.20e-01, S_Mises, 1 components, 11086 values
INFO: Step 42, time 4.20e-01, S_Principal, 3 components, 11086 values
INFO: Step 42, time 4.20e-01, PEEQ, 1 components, 11086 values
INFO: Step 42, time 4.20e-01, ERROR, 1 components, 11086 values
INFO: Writing Biegung.042.vtk
INFO: Writing Biegung.042.vtu
INFO: Step 43, time 4.30e-01, U, 3 components, 11086 values
INFO: Step 43, time 4.30e-01, S, 6 components, 11086 values
INFO: Step 43, time 4.30e-01, S_Mises, 1 components, 11086 values
INFO: Step 43, time 4.30e-01, S_Principal, 3 components, 11086 values
INFO: Step 43, time 4.30e-01, PEEQ, 1 components, 11086 values
INFO: Step 43, time 4.30e-01, ERROR, 1 components, 11086 values
INFO: Writing Biegung.043.vtk
INFO: Writing Biegung.043.vtu
INFO: Step 44, time 4.40e-01, U, 3 components, 11086 values
INFO: Step 44, time 4.40e-01, S, 6 components, 11086 values
INFO: Step 44, time 4.40e-01, S_Mises, 1 components, 11086 values
INFO: Step 44, time 4.40e-01, S_Principal, 3 components, 11086 values
INFO: Step 44, time 4.40e-01, PEEQ, 1 components, 11086 values
INFO: Step 44, time 4.40e-01, ERROR, 1 components, 11086 values
INFO: Writing Biegung.044.vtk
INFO: Writing Biegung.044.vtu
INFO: Step 45, time 4.50e-01, U, 3 components, 11086 values
INFO: Step 45, time 4.50e-01, S, 6 components, 11086 values
INFO: Step 45, time 4.50e-01, S_Mises, 1 components, 11086 values
INFO: Step 45, time 4.50e-01, S_Principal, 3 components, 11086 values
INFO: Step 45, time 4.50e-01, PEEQ, 1 components, 11086 values
INFO: Step 45, time 4.50e-01, ERROR, 1 components, 11086 values
INFO: Writing Biegung.045.vtk
INFO: Writing Biegung.045.vtu
INFO: Step 46, time 4.60e-01, U, 3 components, 11086 values
INFO: Step 46, time 4.60e-01, S, 6 components, 11086 values
INFO: Step 46, time 4.60e-01, S_Mises, 1 components, 11086 values
INFO: Step 46, time 4.60e-01, S_Principal, 3 components, 11086 values
INFO: Step 46, time 4.60e-01, PEEQ, 1 components, 11086 values
INFO: Step 46, time 4.60e-01, ERROR, 1 components, 11086 values
INFO: Writing Biegung.046.vtk
INFO: Writing Biegung.046.vtu
INFO: Step 47, time 4.70e-01, U, 3 components, 11086 values
INFO: Step 47, time 4.70e-01, S, 6 components, 11086 values
INFO: Step 47, time 4.70e-01, S_Mises, 1 components, 11086 values
INFO: Step 47, time 4.70e-01, S_Principal, 3 components, 11086 values
INFO: Step 47, time 4.70e-01, PEEQ, 1 components, 11086 values
INFO: Step 47, time 4.70e-01, ERROR, 1 components, 11086 values
INFO: Writing Biegung.047.vtk
INFO: Writing Biegung.047.vtu
INFO: Step 48, time 4.80e-01, U, 3 components, 11086 values
INFO: Step 48, time 4.80e-01, S, 6 components, 11086 values
INFO: Step 48, time 4.80e-01, S_Mises, 1 components, 11086 values
INFO: Step 48, time 4.80e-01, S_Principal, 3 components, 11086 values
INFO: Step 48, time 4.80e-01, PEEQ, 1 components, 11086 values
INFO: Step 48, time 4.80e-01, ERROR, 1 components, 11086 values
INFO: Writing Biegung.048.vtk
INFO: Writing Biegung.048.vtu
INFO: Step 49, time 4.90e-01, U, 3 components, 11086 values
INFO: Step 49, time 4.90e-01, S, 6 components, 11086 values
INFO: Step 49, time 4.90e-01, S_Mises, 1 components, 11086 values
INFO: Step 49, time 4.90e-01, S_Principal, 3 components, 11086 values
INFO: Step 49, time 4.90e-01, PEEQ, 1 components, 11086 values
INFO: Step 49, time 4.90e-01, ERROR, 1 components, 11086 values
INFO: Writing Biegung.049.vtk
INFO: Writing Biegung.049.vtu
INFO: Step 50, time 5.00e-01, U, 3 components, 11086 values
INFO: Step 50, time 5.00e-01, S, 6 components, 11086 values
INFO: Step 50, time 5.00e-01, S_Mises, 1 components, 11086 values
INFO: Step 50, time 5.00e-01, S_Principal, 3 components, 11086 values
INFO: Step 50, time 5.00e-01, PEEQ, 1 components, 11086 values
INFO: Step 50, time 5.00e-01, ERROR, 1 components, 11086 values
INFO: Writing Biegung.050.vtk
INFO: Writing Biegung.050.vtu
INFO: Step 51, time 5.10e-01, U, 3 components, 11086 values
INFO: Step 51, time 5.10e-01, S, 6 components, 11086 values
INFO: Step 51, time 5.10e-01, S_Mises, 1 components, 11086 values
INFO: Step 51, time 5.10e-01, S_Principal, 3 components, 11086 values
INFO: Step 51, time 5.10e-01, PEEQ, 1 components, 11086 values
INFO: Step 51, time 5.10e-01, ERROR, 1 components, 11086 values
INFO: Writing Biegung.051.vtk
INFO: Writing Biegung.051.vtu
INFO: Step 52, time 5.20e-01, U, 3 components, 11086 values
INFO: Step 52, time 5.20e-01, S, 6 components, 11086 values
INFO: Step 52, time 5.20e-01, S_Mises, 1 components, 11086 values
INFO: Step 52, time 5.20e-01, S_Principal, 3 components, 11086 values
INFO: Step 52, time 5.20e-01, PEEQ, 1 components, 11086 values
INFO: Step 52, time 5.20e-01, ERROR, 1 components, 11086 values
INFO: Writing Biegung.052.vtk
INFO: Writing Biegung.052.vtu
INFO: Step 53, time 5.30e-01, U, 3 components, 11086 values
INFO: Step 53, time 5.30e-01, S, 6 components, 11086 values
INFO: Step 53, time 5.30e-01, S_Mises, 1 components, 11086 values
INFO: Step 53, time 5.30e-01, S_Principal, 3 components, 11086 values
INFO: Step 53, time 5.30e-01, PEEQ, 1 components, 11086 values
INFO: Step 53, time 5.30e-01, ERROR, 1 components, 11086 values
INFO: Writing Biegung.053.vtk
INFO: Writing Biegung.053.vtu
INFO: Step 54, time 5.40e-01, U, 3 components, 11086 values
INFO: Step 54, time 5.40e-01, S, 6 components, 11086 values
INFO: Step 54, time 5.40e-01, S_Mises, 1 components, 11086 values
INFO: Step 54, time 5.40e-01, S_Principal, 3 components, 11086 values
INFO: Step 54, time 5.40e-01, PEEQ, 1 components, 11086 values
INFO: Step 54, time 5.40e-01, ERROR, 1 components, 11086 values
INFO: Writing Biegung.054.vtk
INFO: Writing Biegung.054.vtu
INFO: Step 55, time 5.50e-01, U, 3 components, 11086 values
INFO: Step 55, time 5.50e-01, S, 6 components, 11086 values
INFO: Step 55, time 5.50e-01, S_Mises, 1 components, 11086 values
INFO: Step 55, time 5.50e-01, S_Principal, 3 components, 11086 values
INFO: Step 55, time 5.50e-01, PEEQ, 1 components, 11086 values
INFO: Step 55, time 5.50e-01, ERROR, 1 components, 11086 values
INFO: Writing Biegung.055.vtk
INFO: Writing Biegung.055.vtu
INFO: Step 56, time 5.60e-01, U, 3 components, 11086 values
INFO: Step 56, time 5.60e-01, S, 6 components, 11086 values
INFO: Step 56, time 5.60e-01, S_Mises, 1 components, 11086 values
INFO: Step 56, time 5.60e-01, S_Principal, 3 components, 11086 values
INFO: Step 56, time 5.60e-01, PEEQ, 1 components, 11086 values
INFO: Step 56, time 5.60e-01, ERROR, 1 components, 11086 values
INFO: Writing Biegung.056.vtk
INFO: Writing Biegung.056.vtu
INFO: Step 57, time 5.70e-01, U, 3 components, 11086 values
INFO: Step 57, time 5.70e-01, S, 6 components, 11086 values
INFO: Step 57, time 5.70e-01, S_Mises, 1 components, 11086 values
INFO: Step 57, time 5.70e-01, S_Principal, 3 components, 11086 values
INFO: Step 57, time 5.70e-01, PEEQ, 1 components, 11086 values
INFO: Step 57, time 5.70e-01, ERROR, 1 components, 11086 values
INFO: Writing Biegung.057.vtk
INFO: Writing Biegung.057.vtu
INFO: Step 58, time 5.80e-01, U, 3 components, 11086 values
INFO: Step 58, time 5.80e-01, S, 6 components, 11086 values
INFO: Step 58, time 5.80e-01, S_Mises, 1 components, 11086 values
INFO: Step 58, time 5.80e-01, S_Principal, 3 components, 11086 values
INFO: Step 58, time 5.80e-01, PEEQ, 1 components, 11086 values
INFO: Step 58, time 5.80e-01, ERROR, 1 components, 11086 values
INFO: Writing Biegung.058.vtk
INFO: Writing Biegung.058.vtu
INFO: Step 59, time 5.90e-01, U, 3 components, 11086 values
INFO: Step 59, time 5.90e-01, S, 6 components, 11086 values
INFO: Step 59, time 5.90e-01, S_Mises, 1 components, 11086 values
INFO: Step 59, time 5.90e-01, S_Principal, 3 components, 11086 values
INFO: Step 59, time 5.90e-01, PEEQ, 1 components, 11086 values
INFO: Step 59, time 5.90e-01, ERROR, 1 components, 11086 values
INFO: Writing Biegung.059.vtk
INFO: Writing Biegung.059.vtu
INFO: Step 60, time 6.00e-01, U, 3 components, 11086 values
INFO: Step 60, time 6.00e-01, S, 6 components, 11086 values
INFO: Step 60, time 6.00e-01, S_Mises, 1 components, 11086 values
INFO: Step 60, time 6.00e-01, S_Principal, 3 components, 11086 values
INFO: Step 60, time 6.00e-01, PEEQ, 1 components, 11086 values
INFO: Step 60, time 6.00e-01, ERROR, 1 components, 11086 values
INFO: Writing Biegung.060.vtk
INFO: Writing Biegung.060.vtu
INFO: Step 61, time 6.10e-01, U, 3 components, 11086 values
INFO: Step 61, time 6.10e-01, S, 6 components, 11086 values
INFO: Step 61, time 6.10e-01, S_Mises, 1 components, 11086 values
INFO: Step 61, time 6.10e-01, S_Principal, 3 components, 11086 values
INFO: Step 61, time 6.10e-01, PEEQ, 1 components, 11086 values
INFO: Step 61, time 6.10e-01, ERROR, 1 components, 11086 values
INFO: Writing Biegung.061.vtk
INFO: Writing Biegung.061.vtu
INFO: Step 62, time 6.20e-01, U, 3 components, 11086 values
INFO: Step 62, time 6.20e-01, S, 6 components, 11086 values
INFO: Step 62, time 6.20e-01, S_Mises, 1 components, 11086 values
INFO: Step 62, time 6.20e-01, S_Principal, 3 components, 11086 values
INFO: Step 62, time 6.20e-01, PEEQ, 1 components, 11086 values
INFO: Step 62, time 6.20e-01, ERROR, 1 components, 11086 values
INFO: Writing Biegung.062.vtk
INFO: Writing Biegung.062.vtu
INFO: Step 63, time 6.30e-01, U, 3 components, 11086 values
INFO: Step 63, time 6.30e-01, S, 6 components, 11086 values
INFO: Step 63, time 6.30e-01, S_Mises, 1 components, 11086 values
INFO: Step 63, time 6.30e-01, S_Principal, 3 components, 11086 values
INFO: Step 63, time 6.30e-01, PEEQ, 1 components, 11086 values
INFO: Step 63, time 6.30e-01, ERROR, 1 components, 11086 values
INFO: Writing Biegung.063.vtk
INFO: Writing Biegung.063.vtu
INFO: Step 64, time 6.40e-01, U, 3 components, 11086 values
INFO: Step 64, time 6.40e-01, S, 6 components, 11086 values
INFO: Step 64, time 6.40e-01, S_Mises, 1 components, 11086 values
INFO: Step 64, time 6.40e-01, S_Principal, 3 components, 11086 values
INFO: Step 64, time 6.40e-01, PEEQ, 1 components, 11086 values
INFO: Step 64, time 6.40e-01, ERROR, 1 components, 11086 values
INFO: Writing Biegung.064.vtk
INFO: Writing Biegung.064.vtu
INFO: Step 65, time 6.50e-01, U, 3 components, 11086 values
INFO: Step 65, time 6.50e-01, S, 6 components, 11086 values
INFO: Step 65, time 6.50e-01, S_Mises, 1 components, 11086 values
INFO: Step 65, time 6.50e-01, S_Principal, 3 components, 11086 values
INFO: Step 65, time 6.50e-01, PEEQ, 1 components, 11086 values
INFO: Step 65, time 6.50e-01, ERROR, 1 components, 11086 values
INFO: Writing Biegung.065.vtk
INFO: Writing Biegung.065.vtu
INFO: Step 66, time 6.60e-01, U, 3 components, 11086 values
INFO: Step 66, time 6.60e-01, S, 6 components, 11086 values
INFO: Step 66, time 6.60e-01, S_Mises, 1 components, 11086 values
INFO: Step 66, time 6.60e-01, S_Principal, 3 components, 11086 values
INFO: Step 66, time 6.60e-01, PEEQ, 1 components, 11086 values
INFO: Step 66, time 6.60e-01, ERROR, 1 components, 11086 values
INFO: Writing Biegung.066.vtk
INFO: Writing Biegung.066.vtu
INFO: Step 67, time 6.70e-01, U, 3 components, 11086 values
INFO: Step 67, time 6.70e-01, S, 6 components, 11086 values
INFO: Step 67, time 6.70e-01, S_Mises, 1 components, 11086 values
INFO: Step 67, time 6.70e-01, S_Principal, 3 components, 11086 values
INFO: Step 67, time 6.70e-01, PEEQ, 1 components, 11086 values
INFO: Step 67, time 6.70e-01, ERROR, 1 components, 11086 values
INFO: Writing Biegung.067.vtk
INFO: Writing Biegung.067.vtu
INFO: Step 68, time 6.80e-01, U, 3 components, 11086 values
INFO: Step 68, time 6.80e-01, S, 6 components, 11086 values
INFO: Step 68, time 6.80e-01, S_Mises, 1 components, 11086 values
INFO: Step 68, time 6.80e-01, S_Principal, 3 components, 11086 values
INFO: Step 68, time 6.80e-01, PEEQ, 1 components, 11086 values
INFO: Step 68, time 6.80e-01, ERROR, 1 components, 11086 values
INFO: Writing Biegung.068.vtk
INFO: Writing Biegung.068.vtu
INFO: Step 69, time 6.90e-01, U, 3 components, 11086 values
INFO: Step 69, time 6.90e-01, S, 6 components, 11086 values
INFO: Step 69, time 6.90e-01, S_Mises, 1 components, 11086 values
INFO: Step 69, time 6.90e-01, S_Principal, 3 components, 11086 values
INFO: Step 69, time 6.90e-01, PEEQ, 1 components, 11086 values
INFO: Step 69, time 6.90e-01, ERROR, 1 components, 11086 values
INFO: Writing Biegung.069.vtk
INFO: Writing Biegung.069.vtu
INFO: Step 70, time 7.00e-01, U, 3 components, 11086 values
INFO: Step 70, time 7.00e-01, S, 6 components, 11086 values
INFO: Step 70, time 7.00e-01, S_Mises, 1 components, 11086 values
INFO: Step 70, time 7.00e-01, S_Principal, 3 components, 11086 values
INFO: Step 70, time 7.00e-01, PEEQ, 1 components, 11086 values
INFO: Step 70, time 7.00e-01, ERROR, 1 components, 11086 values
INFO: Writing Biegung.070.vtk
INFO: Writing Biegung.070.vtu
INFO: Step 71, time 7.10e-01, U, 3 components, 11086 values
INFO: Step 71, time 7.10e-01, S, 6 components, 11086 values
INFO: Step 71, time 7.10e-01, S_Mises, 1 components, 11086 values
INFO: Step 71, time 7.10e-01, S_Principal, 3 components, 11086 values
INFO: Step 71, time 7.10e-01, PEEQ, 1 components, 11086 values
INFO: Step 71, time 7.10e-01, ERROR, 1 components, 11086 values
INFO: Writing Biegung.071.vtk
INFO: Writing Biegung.071.vtu
INFO: Step 72, time 7.20e-01, U, 3 components, 11086 values
INFO: Step 72, time 7.20e-01, S, 6 components, 11086 values
INFO: Step 72, time 7.20e-01, S_Mises, 1 components, 11086 values
INFO: Step 72, time 7.20e-01, S_Principal, 3 components, 11086 values
INFO: Step 72, time 7.20e-01, PEEQ, 1 components, 11086 values
INFO: Step 72, time 7.20e-01, ERROR, 1 components, 11086 values
INFO: Writing Biegung.072.vtk
INFO: Writing Biegung.072.vtu
INFO: Step 73, time 7.30e-01, U, 3 components, 11086 values
INFO: Step 73, time 7.30e-01, S, 6 components, 11086 values
INFO: Step 73, time 7.30e-01, S_Mises, 1 components, 11086 values
INFO: Step 73, time 7.30e-01, S_Principal, 3 components, 11086 values
INFO: Step 73, time 7.30e-01, PEEQ, 1 components, 11086 values
INFO: Step 73, time 7.30e-01, ERROR, 1 components, 11086 values
INFO: Writing Biegung.073.vtk
INFO: Writing Biegung.073.vtu
INFO: Step 74, time 7.40e-01, U, 3 components, 11086 values
INFO: Step 74, time 7.40e-01, S, 6 components, 11086 values
INFO: Step 74, time 7.40e-01, S_Mises, 1 components, 11086 values
INFO: Step 74, time 7.40e-01, S_Principal, 3 components, 11086 values
INFO: Step 74, time 7.40e-01, PEEQ, 1 components, 11086 values
INFO: Step 74, time 7.40e-01, ERROR, 1 components, 11086 values
INFO: Writing Biegung.074.vtk
INFO: Writing Biegung.074.vtu
INFO: Step 75, time 7.50e-01, U, 3 components, 11086 values
INFO: Step 75, time 7.50e-01, S, 6 components, 11086 values
INFO: Step 75, time 7.50e-01, S_Mises, 1 components, 11086 values
INFO: Step 75, time 7.50e-01, S_Principal, 3 components, 11086 values
INFO: Step 75, time 7.50e-01, PEEQ, 1 components, 11086 values
INFO: Step 75, time 7.50e-01, ERROR, 1 components, 11086 values
INFO: Writing Biegung.075.vtk
INFO: Writing Biegung.075.vtu
INFO: Step 76, time 7.60e-01, U, 3 components, 11086 values
INFO: Step 76, time 7.60e-01, S, 6 components, 11086 values
INFO: Step 76, time 7.60e-01, S_Mises, 1 components, 11086 values
INFO: Step 76, time 7.60e-01, S_Principal, 3 components, 11086 values
INFO: Step 76, time 7.60e-01, PEEQ, 1 components, 11086 values
INFO: Step 76, time 7.60e-01, ERROR, 1 components, 11086 values
INFO: Writing Biegung.076.vtk
INFO: Writing Biegung.076.vtu
INFO: Step 77, time 7.70e-01, U, 3 components, 11086 values
INFO: Step 77, time 7.70e-01, S, 6 components, 11086 values
INFO: Step 77, time 7.70e-01, S_Mises, 1 components, 11086 values
INFO: Step 77, time 7.70e-01, S_Principal, 3 components, 11086 values
INFO: Step 77, time 7.70e-01, PEEQ, 1 components, 11086 values
INFO: Step 77, time 7.70e-01, ERROR, 1 components, 11086 values
INFO: Writing Biegung.077.vtk
INFO: Writing Biegung.077.vtu
INFO: Step 78, time 7.80e-01, U, 3 components, 11086 values
INFO: Step 78, time 7.80e-01, S, 6 components, 11086 values
INFO: Step 78, time 7.80e-01, S_Mises, 1 components, 11086 values
INFO: Step 78, time 7.80e-01, S_Principal, 3 components, 11086 values
INFO: Step 78, time 7.80e-01, PEEQ, 1 components, 11086 values
INFO: Step 78, time 7.80e-01, ERROR, 1 components, 11086 values
INFO: Writing Biegung.078.vtk
INFO: Writing Biegung.078.vtu
INFO: Step 79, time 7.90e-01, U, 3 components, 11086 values
INFO: Step 79, time 7.90e-01, S, 6 components, 11086 values
INFO: Step 79, time 7.90e-01, S_Mises, 1 components, 11086 values
INFO: Step 79, time 7.90e-01, S_Principal, 3 components, 11086 values
INFO: Step 79, time 7.90e-01, PEEQ, 1 components, 11086 values
INFO: Step 79, time 7.90e-01, ERROR, 1 components, 11086 values
INFO: Writing Biegung.079.vtk
INFO: Writing Biegung.079.vtu
INFO: Step 80, time 8.00e-01, U, 3 components, 11086 values
INFO: Step 80, time 8.00e-01, S, 6 components, 11086 values
INFO: Step 80, time 8.00e-01, S_Mises, 1 components, 11086 values
INFO: Step 80, time 8.00e-01, S_Principal, 3 components, 11086 values
INFO: Step 80, time 8.00e-01, PEEQ, 1 components, 11086 values
INFO: Step 80, time 8.00e-01, ERROR, 1 components, 11086 values
INFO: Writing Biegung.080.vtk
INFO: Writing Biegung.080.vtu
INFO: Step 81, time 8.10e-01, U, 3 components, 11086 values
INFO: Step 81, time 8.10e-01, S, 6 components, 11086 values
INFO: Step 81, time 8.10e-01, S_Mises, 1 components, 11086 values
INFO: Step 81, time 8.10e-01, S_Principal, 3 components, 11086 values
INFO: Step 81, time 8.10e-01, PEEQ, 1 components, 11086 values
INFO: Step 81, time 8.10e-01, ERROR, 1 components, 11086 values
INFO: Writing Biegung.081.vtk
INFO: Writing Biegung.081.vtu
INFO: Step 82, time 8.20e-01, U, 3 components, 11086 values
INFO: Step 82, time 8.20e-01, S, 6 components, 11086 values
INFO: Step 82, time 8.20e-01, S_Mises, 1 components, 11086 values
INFO: Step 82, time 8.20e-01, S_Principal, 3 components, 11086 values
INFO: Step 82, time 8.20e-01, PEEQ, 1 components, 11086 values
INFO: Step 82, time 8.20e-01, ERROR, 1 components, 11086 values
INFO: Writing Biegung.082.vtk
INFO: Writing Biegung.082.vtu
INFO: Step 83, time 8.30e-01, U, 3 components, 11086 values
INFO: Step 83, time 8.30e-01, S, 6 components, 11086 values
INFO: Step 83, time 8.30e-01, S_Mises, 1 components, 11086 values
INFO: Step 83, time 8.30e-01, S_Principal, 3 components, 11086 values
INFO: Step 83, time 8.30e-01, PEEQ, 1 components, 11086 values
INFO: Step 83, time 8.30e-01, ERROR, 1 components, 11086 values
INFO: Writing Biegung.083.vtk
INFO: Writing Biegung.083.vtu
INFO: Step 84, time 8.40e-01, U, 3 components, 11086 values
INFO: Step 84, time 8.40e-01, S, 6 components, 11086 values
INFO: Step 84, time 8.40e-01, S_Mises, 1 components, 11086 values
INFO: Step 84, time 8.40e-01, S_Principal, 3 components, 11086 values
INFO: Step 84, time 8.40e-01, PEEQ, 1 components, 11086 values
INFO: Step 84, time 8.40e-01, ERROR, 1 components, 11086 values
INFO: Writing Biegung.084.vtk
INFO: Writing Biegung.084.vtu
INFO: Step 85, time 8.50e-01, U, 3 components, 11086 values
INFO: Step 85, time 8.50e-01, S, 6 components, 11086 values
INFO: Step 85, time 8.50e-01, S_Mises, 1 components, 11086 values
INFO: Step 85, time 8.50e-01, S_Principal, 3 components, 11086 values
INFO: Step 85, time 8.50e-01, PEEQ, 1 components, 11086 values
INFO: Step 85, time 8.50e-01, ERROR, 1 components, 11086 values
INFO: Writing Biegung.085.vtk
INFO: Writing Biegung.085.vtu
INFO: Step 86, time 8.60e-01, U, 3 components, 11086 values
INFO: Step 86, time 8.60e-01, S, 6 components, 11086 values
INFO: Step 86, time 8.60e-01, S_Mises, 1 components, 11086 values
INFO: Step 86, time 8.60e-01, S_Principal, 3 components, 11086 values
INFO: Step 86, time 8.60e-01, PEEQ, 1 components, 11086 values
INFO: Step 86, time 8.60e-01, ERROR, 1 components, 11086 values
INFO: Writing Biegung.086.vtk
INFO: Writing Biegung.086.vtu
INFO: Step 87, time 8.70e-01, U, 3 components, 11086 values
INFO: Step 87, time 8.70e-01, S, 6 components, 11086 values
INFO: Step 87, time 8.70e-01, S_Mises, 1 components, 11086 values
INFO: Step 87, time 8.70e-01, S_Principal, 3 components, 11086 values
INFO: Step 87, time 8.70e-01, PEEQ, 1 components, 11086 values
INFO: Step 87, time 8.70e-01, ERROR, 1 components, 11086 values
INFO: Writing Biegung.087.vtk
INFO: Writing Biegung.087.vtu
INFO: Step 88, time 8.80e-01, U, 3 components, 11086 values
INFO: Step 88, time 8.80e-01, S, 6 components, 11086 values
INFO: Step 88, time 8.80e-01, S_Mises, 1 components, 11086 values
INFO: Step 88, time 8.80e-01, S_Principal, 3 components, 11086 values
INFO: Step 88, time 8.80e-01, PEEQ, 1 components, 11086 values
INFO: Step 88, time 8.80e-01, ERROR, 1 components, 11086 values
INFO: Writing Biegung.088.vtk
INFO: Writing Biegung.088.vtu
INFO: Step 89, time 8.90e-01, U, 3 components, 11086 values
INFO: Step 89, time 8.90e-01, S, 6 components, 11086 values
INFO: Step 89, time 8.90e-01, S_Mises, 1 components, 11086 values
INFO: Step 89, time 8.90e-01, S_Principal, 3 components, 11086 values
INFO: Step 89, time 8.90e-01, PEEQ, 1 components, 11086 values
INFO: Step 89, time 8.90e-01, ERROR, 1 components, 11086 values
INFO: Writing Biegung.089.vtk
INFO: Writing Biegung.089.vtu
INFO: Step 90, time 9.00e-01, U, 3 components, 11086 values
INFO: Step 90, time 9.00e-01, S, 6 components, 11086 values
INFO: Step 90, time 9.00e-01, S_Mises, 1 components, 11086 values
INFO: Step 90, time 9.00e-01, S_Principal, 3 components, 11086 values
INFO: Step 90, time 9.00e-01, PEEQ, 1 components, 11086 values
INFO: Step 90, time 9.00e-01, ERROR, 1 components, 11086 values
INFO: Writing Biegung.090.vtk
INFO: Writing Biegung.090.vtu
INFO: Step 91, time 9.10e-01, U, 3 components, 11086 values
INFO: Step 91, time 9.10e-01, S, 6 components, 11086 values
INFO: Step 91, time 9.10e-01, S_Mises, 1 components, 11086 values
INFO: Step 91, time 9.10e-01, S_Principal, 3 components, 11086 values
INFO: Step 91, time 9.10e-01, PEEQ, 1 components, 11086 values
INFO: Step 91, time 9.10e-01, ERROR, 1 components, 11086 values
INFO: Writing Biegung.091.vtk
INFO: Writing Biegung.091.vtu
INFO: Step 92, time 9.20e-01, U, 3 components, 11086 values
INFO: Step 92, time 9.20e-01, S, 6 components, 11086 values
INFO: Step 92, time 9.20e-01, S_Mises, 1 components, 11086 values
INFO: Step 92, time 9.20e-01, S_Principal, 3 components, 11086 values
INFO: Step 92, time 9.20e-01, PEEQ, 1 components, 11086 values
INFO: Step 92, time 9.20e-01, ERROR, 1 components, 11086 values
INFO: Writing Biegung.092.vtk
INFO: Writing Biegung.092.vtu
INFO: Step 93, time 9.30e-01, U, 3 components, 11086 values
INFO: Step 93, time 9.30e-01, S, 6 components, 11086 values
INFO: Step 93, time 9.30e-01, S_Mises, 1 components, 11086 values
INFO: Step 93, time 9.30e-01, S_Principal, 3 components, 11086 values
INFO: Step 93, time 9.30e-01, PEEQ, 1 components, 11086 values
INFO: Step 93, time 9.30e-01, ERROR, 1 components, 11086 values
INFO: Writing Biegung.093.vtk
INFO: Writing Biegung.093.vtu
INFO: Step 94, time 9.40e-01, U, 3 components, 11086 values
INFO: Step 94, time 9.40e-01, S, 6 components, 11086 values
INFO: Step 94, time 9.40e-01, S_Mises, 1 components, 11086 values
INFO: Step 94, time 9.40e-01, S_Principal, 3 components, 11086 values
INFO: Step 94, time 9.40e-01, PEEQ, 1 components, 11086 values
INFO: Step 94, time 9.40e-01, ERROR, 1 components, 11086 values
INFO: Writing Biegung.094.vtk
INFO: Writing Biegung.094.vtu
INFO: Step 95, time 9.50e-01, U, 3 components, 11086 values
INFO: Step 95, time 9.50e-01, S, 6 components, 11086 values
INFO: Step 95, time 9.50e-01, S_Mises, 1 components, 11086 values
INFO: Step 95, time 9.50e-01, S_Principal, 3 components, 11086 values
INFO: Step 95, time 9.50e-01, PEEQ, 1 components, 11086 values
INFO: Step 95, time 9.50e-01, ERROR, 1 components, 11086 values
INFO: Writing Biegung.095.vtk
INFO: Writing Biegung.095.vtu
INFO: Step 96, time 9.60e-01, U, 3 components, 11086 values
INFO: Step 96, time 9.60e-01, S, 6 components, 11086 values
INFO: Step 96, time 9.60e-01, S_Mises, 1 components, 11086 values
INFO: Step 96, time 9.60e-01, S_Principal, 3 components, 11086 values
INFO: Step 96, time 9.60e-01, PEEQ, 1 components, 11086 values
INFO: Step 96, time 9.60e-01, ERROR, 1 components, 11086 values
INFO: Writing Biegung.096.vtk
INFO: Writing Biegung.096.vtu
INFO: Step 97, time 9.70e-01, U, 3 components, 11086 values
INFO: Step 97, time 9.70e-01, S, 6 components, 11086 values
INFO: Step 97, time 9.70e-01, S_Mises, 1 components, 11086 values
INFO: Step 97, time 9.70e-01, S_Principal, 3 components, 11086 values
INFO: Step 97, time 9.70e-01, PEEQ, 1 components, 11086 values
INFO: Step 97, time 9.70e-01, ERROR, 1 components, 11086 values
INFO: Writing Biegung.097.vtk
INFO: Writing Biegung.097.vtu
INFO: Step 98, time 9.80e-01, U, 3 components, 11086 values
INFO: Step 98, time 9.80e-01, S, 6 components, 11086 values
INFO: Step 98, time 9.80e-01, S_Mises, 1 components, 11086 values
INFO: Step 98, time 9.80e-01, S_Principal, 3 components, 11086 values
INFO: Step 98, time 9.80e-01, PEEQ, 1 components, 11086 values
INFO: Step 98, time 9.80e-01, ERROR, 1 components, 11086 values
INFO: Writing Biegung.098.vtk
INFO: Writing Biegung.098.vtu
INFO: Step 99, time 9.90e-01, U, 3 components, 11086 values
INFO: Step 99, time 9.90e-01, S, 6 components, 11086 values
INFO: Step 99, time 9.90e-01, S_Mises, 1 components, 11086 values
INFO: Step 99, time 9.90e-01, S_Principal, 3 components, 11086 values
INFO: Step 99, time 9.90e-01, PEEQ, 1 components, 11086 values
INFO: Step 99, time 9.90e-01, ERROR, 1 components, 11086 values
INFO: Writing Biegung.099.vtk
INFO: Writing Biegung.099.vtu
INFO: Step 100, time 1.0, U, 3 components, 11086 values
INFO: Step 100, time 1.0, S, 6 components, 11086 values
INFO: Step 100, time 1.0, S_Mises, 1 components, 11086 values
INFO: Step 100, time 1.0, S_Principal, 3 components, 11086 values
INFO: Step 100, time 1.0, PEEQ, 1 components, 11086 values
INFO: Step 100, time 1.0, ERROR, 1 components, 11086 values
INFO: Writing Biegung.100.vtk
INFO: Writing Biegung.100.vtu

==================================================
61: mkraska/NonLinear/Honeycomb/Refs/ResultsForLastIterations.frd
INFO: Reading ResultsForLastIterations.frd
INFO: 43749 nodes
INFO: 4994 cells
INFO: 11 time increments
INFO: Step 1, time 0.00e+00, U, 3 components, 43749 values
INFO: Writing ResultsForLastIterations.01.vtk
INFO: Writing ResultsForLastIterations.01.vtu
INFO: Step 2, time 0.00e+00, U, 3 components, 43749 values
INFO: Writing ResultsForLastIterations.02.vtk
INFO: Writing ResultsForLastIterations.02.vtu
INFO: Step 3, time 0.00e+00, U, 3 components, 43749 values
INFO: Writing ResultsForLastIterations.03.vtk
INFO: Writing ResultsForLastIterations.03.vtu
INFO: Step 4, time 0.00e+00, U, 3 components, 43749 values
INFO: Writing ResultsForLastIterations.04.vtk
INFO: Writing ResultsForLastIterations.04.vtu
INFO: Step 5, time 0.00e+00, U, 3 components, 43749 values
INFO: Writing ResultsForLastIterations.05.vtk
INFO: Writing ResultsForLastIterations.05.vtu
INFO: Step 6, time 0.00e+00, U, 3 components, 43749 values
INFO: Writing ResultsForLastIterations.06.vtk
INFO: Writing ResultsForLastIterations.06.vtu
INFO: Step 7, time 0.00e+00, U, 3 components, 43749 values
INFO: Writing ResultsForLastIterations.07.vtk
INFO: Writing ResultsForLastIterations.07.vtu
INFO: Step 8, time 0.00e+00, U, 3 components, 43749 values
INFO: Writing ResultsForLastIterations.08.vtk
INFO: Writing ResultsForLastIterations.08.vtu
INFO: Step 9, time 0.00e+00, U, 3 components, 43749 values
INFO: Writing ResultsForLastIterations.09.vtk
INFO: Writing ResultsForLastIterations.09.vtu
INFO: Step 10, time 0.00e+00, U, 3 components, 43749 values
INFO: Writing ResultsForLastIterations.10.vtk
INFO: Writing ResultsForLastIterations.10.vtu
INFO: Step 11, time 0.00e+00, U, 3 components, 43749 values
INFO: Writing ResultsForLastIterations.11.vtk
INFO: Writing ResultsForLastIterations.11.vtu

==================================================
62: mkraska/NonLinear/Rohrknie/Refs/shell-modal.frd
INFO: Reading shell-modal.frd
INFO: 672 nodes
INFO: 88 cells
INFO: 10 time increments
INFO: Step 1, time 339.9, U, 3 components, 672 values
INFO: Writing shell-modal.01.vtk
INFO: Writing shell-modal.01.vtu
INFO: Step 2, time 402.1, U, 3 components, 672 values
INFO: Writing shell-modal.02.vtk
INFO: Writing shell-modal.02.vtu
INFO: Step 3, time 898.3, U, 3 components, 672 values
INFO: Writing shell-modal.03.vtk
INFO: Writing shell-modal.03.vtu
INFO: Step 4, time 912.6, U, 3 components, 672 values
INFO: Writing shell-modal.04.vtk
INFO: Writing shell-modal.04.vtu
INFO: Step 5, time 1311.1, U, 3 components, 672 values
INFO: Writing shell-modal.05.vtk
INFO: Writing shell-modal.05.vtu
INFO: Step 6, time 1559.4, U, 3 components, 672 values
INFO: Writing shell-modal.06.vtk
INFO: Writing shell-modal.06.vtu
INFO: Step 7, time 2290.2, U, 3 components, 672 values
INFO: Writing shell-modal.07.vtk
INFO: Writing shell-modal.07.vtu
INFO: Step 8, time 2420.4, U, 3 components, 672 values
INFO: Writing shell-modal.08.vtk
INFO: Writing shell-modal.08.vtu
INFO: Step 9, time 2512.7, U, 3 components, 672 values
INFO: Writing shell-modal.09.vtk
INFO: Writing shell-modal.09.vtu
INFO: Step 10, time 2533.2, U, 3 components, 672 values
INFO: Writing shell-modal.10.vtk
INFO: Writing shell-modal.10.vtu

==================================================
63: mkraska/NonLinear/Rohrknie/Refs/shell-sym-modal.frd
INFO: Reading shell-sym-modal.frd
INFO: 386 nodes
INFO: 44 cells
INFO: 10 time increments
INFO: Step 1, time 479.7, U, 3 components, 386 values
INFO: Writing shell-sym-modal.01.vtk
INFO: Writing shell-sym-modal.01.vtu
INFO: Step 2, time 934.7, U, 3 components, 386 values
INFO: Writing shell-sym-modal.02.vtk
INFO: Writing shell-sym-modal.02.vtu
INFO: Step 3, time 1347.2, U, 3 components, 386 values
INFO: Writing shell-sym-modal.03.vtk
INFO: Writing shell-sym-modal.03.vtu
INFO: Step 4, time 2524.0, U, 3 components, 386 values
INFO: Writing shell-sym-modal.04.vtk
INFO: Writing shell-sym-modal.04.vtu
INFO: Step 5, time 2895.7, U, 3 components, 386 values
INFO: Writing shell-sym-modal.05.vtk
INFO: Writing shell-sym-modal.05.vtu
INFO: Step 6, time 4390.1, U, 3 components, 386 values
INFO: Writing shell-sym-modal.06.vtk
INFO: Writing shell-sym-modal.06.vtu
INFO: Step 7, time 4522.1, U, 3 components, 386 values
INFO: Writing shell-sym-modal.07.vtk
INFO: Writing shell-sym-modal.07.vtu
INFO: Step 8, time 4805.1, U, 3 components, 386 values
INFO: Writing shell-sym-modal.08.vtk
INFO: Writing shell-sym-modal.08.vtu
INFO: Step 9, time 5452.9, U, 3 components, 386 values
INFO: Writing shell-sym-modal.09.vtk
INFO: Writing shell-sym-modal.09.vtu
INFO: Step 10, time 5492.1, U, 3 components, 386 values
INFO: Writing shell-sym-modal.10.vtk
INFO: Writing shell-sym-modal.10.vtu

==================================================
64: mkraska/NonLinear/Rohrknie/Refs/solid-modal.frd
INFO: Reading solid-modal.frd
INFO: 664 nodes
INFO: 88 cells
INFO: 10 time increments
INFO: Step 1, time 337.2, U, 3 components, 664 values
INFO: Writing solid-modal.01.vtk
INFO: Writing solid-modal.01.vtu
INFO: Step 2, time 398.5, U, 3 components, 664 values
INFO: Writing solid-modal.02.vtk
INFO: Writing solid-modal.02.vtu
INFO: Step 3, time 894.7, U, 3 components, 664 values
INFO: Writing solid-modal.03.vtk
INFO: Writing solid-modal.03.vtu
INFO: Step 4, time 909.0, U, 3 components, 664 values
INFO: Writing solid-modal.04.vtk
INFO: Writing solid-modal.04.vtu
INFO: Step 5, time 1312.2, U, 3 components, 664 values
INFO: Writing solid-modal.05.vtk
INFO: Writing solid-modal.05.vtu
INFO: Step 6, time 1564.3, U, 3 components, 664 values
INFO: Writing solid-modal.06.vtk
INFO: Writing solid-modal.06.vtu
INFO: Step 7, time 2292.4, U, 3 components, 664 values
INFO: Writing solid-modal.07.vtk
INFO: Writing solid-modal.07.vtu
INFO: Step 8, time 2411.9, U, 3 components, 664 values
INFO: Writing solid-modal.08.vtk
INFO: Writing solid-modal.08.vtu
INFO: Step 9, time 2504.6, U, 3 components, 664 values
INFO: Writing solid-modal.09.vtk
INFO: Writing solid-modal.09.vtu
INFO: Step 10, time 2528.6, U, 3 components, 664 values
INFO: Writing solid-modal.10.vtk
INFO: Writing solid-modal.10.vtu

==================================================
65: mkraska/NonLinear/Rohrknie/Refs/solid-static.frd
INFO: Reading solid-static.frd
INFO: 664 nodes
INFO: 88 cells
INFO: 21 time increments
INFO: Step 1, time 1.0, U, 3 components, 664 values
INFO: Step 1, time 1.0, S, 6 components, 664 values
INFO: Step 1, time 1.0, S_Mises, 1 components, 664 values
INFO: Step 1, time 1.0, S_Principal, 3 components, 664 values
INFO: Step 1, time 1.0, ERROR, 1 components, 664 values
INFO: Writing solid-static.01.vtk
INFO: Writing solid-static.01.vtu
INFO: Step 2, time 1.1, U, 3 components, 664 values
INFO: Step 2, time 1.1, S, 6 components, 664 values
INFO: Step 2, time 1.1, S_Mises, 1 components, 664 values
INFO: Step 2, time 1.1, S_Principal, 3 components, 664 values
INFO: Step 2, time 1.1, ERROR, 1 components, 664 values
INFO: Writing solid-static.02.vtk
INFO: Writing solid-static.02.vtu
INFO: Step 3, time 1.1, U, 3 components, 664 values
INFO: Step 3, time 1.1, S, 6 components, 664 values
INFO: Step 3, time 1.1, S_Mises, 1 components, 664 values
INFO: Step 3, time 1.1, S_Principal, 3 components, 664 values
INFO: Step 3, time 1.1, ERROR, 1 components, 664 values
INFO: Writing solid-static.03.vtk
INFO: Writing solid-static.03.vtu
INFO: Step 4, time 1.1, U, 3 components, 664 values
INFO: Step 4, time 1.1, S, 6 components, 664 values
INFO: Step 4, time 1.1, S_Mises, 1 components, 664 values
INFO: Step 4, time 1.1, S_Principal, 3 components, 664 values
INFO: Step 4, time 1.1, ERROR, 1 components, 664 values
INFO: Writing solid-static.04.vtk
INFO: Writing solid-static.04.vtu
INFO: Step 5, time 1.2, U, 3 components, 664 values
INFO: Step 5, time 1.2, S, 6 components, 664 values
INFO: Step 5, time 1.2, S_Mises, 1 components, 664 values
INFO: Step 5, time 1.2, S_Principal, 3 components, 664 values
INFO: Step 5, time 1.2, ERROR, 1 components, 664 values
INFO: Writing solid-static.05.vtk
INFO: Writing solid-static.05.vtu
INFO: Step 6, time 1.2, U, 3 components, 664 values
INFO: Step 6, time 1.2, S, 6 components, 664 values
INFO: Step 6, time 1.2, S_Mises, 1 components, 664 values
INFO: Step 6, time 1.2, S_Principal, 3 components, 664 values
INFO: Step 6, time 1.2, ERROR, 1 components, 664 values
INFO: Writing solid-static.06.vtk
INFO: Writing solid-static.06.vtu
INFO: Step 7, time 1.3, U, 3 components, 664 values
INFO: Step 7, time 1.3, S, 6 components, 664 values
INFO: Step 7, time 1.3, S_Mises, 1 components, 664 values
INFO: Step 7, time 1.3, S_Principal, 3 components, 664 values
INFO: Step 7, time 1.3, ERROR, 1 components, 664 values
INFO: Writing solid-static.07.vtk
INFO: Writing solid-static.07.vtu
INFO: Step 8, time 1.4, U, 3 components, 664 values
INFO: Step 8, time 1.4, S, 6 components, 664 values
INFO: Step 8, time 1.4, S_Mises, 1 components, 664 values
INFO: Step 8, time 1.4, S_Principal, 3 components, 664 values
INFO: Step 8, time 1.4, ERROR, 1 components, 664 values
INFO: Writing solid-static.08.vtk
INFO: Writing solid-static.08.vtu
INFO: Step 9, time 1.4, U, 3 components, 664 values
INFO: Step 9, time 1.4, S, 6 components, 664 values
INFO: Step 9, time 1.4, S_Mises, 1 components, 664 values
INFO: Step 9, time 1.4, S_Principal, 3 components, 664 values
INFO: Step 9, time 1.4, ERROR, 1 components, 664 values
INFO: Writing solid-static.09.vtk
INFO: Writing solid-static.09.vtu
INFO: Step 10, time 1.4, U, 3 components, 664 values
INFO: Step 10, time 1.4, S, 6 components, 664 values
INFO: Step 10, time 1.4, S_Mises, 1 components, 664 values
INFO: Step 10, time 1.4, S_Principal, 3 components, 664 values
INFO: Step 10, time 1.4, ERROR, 1 components, 664 values
INFO: Writing solid-static.10.vtk
INFO: Writing solid-static.10.vtu
INFO: Step 11, time 1.5, U, 3 components, 664 values
INFO: Step 11, time 1.5, S, 6 components, 664 values
INFO: Step 11, time 1.5, S_Mises, 1 components, 664 values
INFO: Step 11, time 1.5, S_Principal, 3 components, 664 values
INFO: Step 11, time 1.5, ERROR, 1 components, 664 values
INFO: Writing solid-static.11.vtk
INFO: Writing solid-static.11.vtu
INFO: Step 12, time 1.6, U, 3 components, 664 values
INFO: Step 12, time 1.6, S, 6 components, 664 values
INFO: Step 12, time 1.6, S_Mises, 1 components, 664 values
INFO: Step 12, time 1.6, S_Principal, 3 components, 664 values
INFO: Step 12, time 1.6, ERROR, 1 components, 664 values
INFO: Writing solid-static.12.vtk
INFO: Writing solid-static.12.vtu
INFO: Step 13, time 1.6, U, 3 components, 664 values
INFO: Step 13, time 1.6, S, 6 components, 664 values
INFO: Step 13, time 1.6, S_Mises, 1 components, 664 values
INFO: Step 13, time 1.6, S_Principal, 3 components, 664 values
INFO: Step 13, time 1.6, ERROR, 1 components, 664 values
INFO: Writing solid-static.13.vtk
INFO: Writing solid-static.13.vtu
INFO: Step 14, time 1.6, U, 3 components, 664 values
INFO: Step 14, time 1.6, S, 6 components, 664 values
INFO: Step 14, time 1.6, S_Mises, 1 components, 664 values
INFO: Step 14, time 1.6, S_Principal, 3 components, 664 values
INFO: Step 14, time 1.6, ERROR, 1 components, 664 values
INFO: Writing solid-static.14.vtk
INFO: Writing solid-static.14.vtu
INFO: Step 15, time 1.7, U, 3 components, 664 values
INFO: Step 15, time 1.7, S, 6 components, 664 values
INFO: Step 15, time 1.7, S_Mises, 1 components, 664 values
INFO: Step 15, time 1.7, S_Principal, 3 components, 664 values
INFO: Step 15, time 1.7, ERROR, 1 components, 664 values
INFO: Writing solid-static.15.vtk
INFO: Writing solid-static.15.vtu
INFO: Step 16, time 1.8, U, 3 components, 664 values
INFO: Step 16, time 1.8, S, 6 components, 664 values
INFO: Step 16, time 1.8, S_Mises, 1 components, 664 values
INFO: Step 16, time 1.8, S_Principal, 3 components, 664 values
INFO: Step 16, time 1.8, ERROR, 1 components, 664 values
INFO: Writing solid-static.16.vtk
INFO: Writing solid-static.16.vtu
INFO: Step 17, time 1.8, U, 3 components, 664 values
INFO: Step 17, time 1.8, S, 6 components, 664 values
INFO: Step 17, time 1.8, S_Mises, 1 components, 664 values
INFO: Step 17, time 1.8, S_Principal, 3 components, 664 values
INFO: Step 17, time 1.8, ERROR, 1 components, 664 values
INFO: Writing solid-static.17.vtk
INFO: Writing solid-static.17.vtu
INFO: Step 18, time 1.9, U, 3 components, 664 values
INFO: Step 18, time 1.9, S, 6 components, 664 values
INFO: Step 18, time 1.9, S_Mises, 1 components, 664 values
INFO: Step 18, time 1.9, S_Principal, 3 components, 664 values
INFO: Step 18, time 1.9, ERROR, 1 components, 664 values
INFO: Writing solid-static.18.vtk
INFO: Writing solid-static.18.vtu
INFO: Step 19, time 1.9, U, 3 components, 664 values
INFO: Step 19, time 1.9, S, 6 components, 664 values
INFO: Step 19, time 1.9, S_Mises, 1 components, 664 values
INFO: Step 19, time 1.9, S_Principal, 3 components, 664 values
INFO: Step 19, time 1.9, ERROR, 1 components, 664 values
INFO: Writing solid-static.19.vtk
INFO: Writing solid-static.19.vtu
INFO: Step 20, time 1.9, U, 3 components, 664 values
INFO: Step 20, time 1.9, S, 6 components, 664 values
INFO: Step 20, time 1.9, S_Mises, 1 components, 664 values
INFO: Step 20, time 1.9, S_Principal, 3 components, 664 values
INFO: Step 20, time 1.9, ERROR, 1 components, 664 values
INFO: Writing solid-static.20.vtk
INFO: Writing solid-static.20.vtu
INFO: Step 21, time 2.0, U, 3 components, 664 values
INFO: Step 21, time 2.0, S, 6 components, 664 values
INFO: Step 21, time 2.0, S_Mises, 1 components, 664 values
INFO: Step 21, time 2.0, S_Principal, 3 components, 664 values
INFO: Step 21, time 2.0, ERROR, 1 components, 664 values
INFO: Writing solid-static.21.vtk
INFO: Writing solid-static.21.vtu

==================================================
66: mkraska/NonLinear/Rohrknie/Refs/solid-sym-modal.frd
INFO: Reading solid-sym-modal.frd
INFO: 386 nodes
INFO: 44 cells
INFO: 10 time increments
INFO: Step 1, time 337.2, U, 3 components, 386 values
INFO: Writing solid-sym-modal.01.vtk
INFO: Writing solid-sym-modal.01.vtu
INFO: Step 2, time 895.0, U, 3 components, 386 values
INFO: Writing solid-sym-modal.02.vtk
INFO: Writing solid-sym-modal.02.vtu
INFO: Step 3, time 1312.3, U, 3 components, 386 values
INFO: Writing solid-sym-modal.03.vtk
INFO: Writing solid-sym-modal.03.vtu
INFO: Step 4, time 2412.8, U, 3 components, 386 values
INFO: Writing solid-sym-modal.04.vtk
INFO: Writing solid-sym-modal.04.vtu
INFO: Step 5, time 2528.8, U, 3 components, 386 values
INFO: Writing solid-sym-modal.05.vtk
INFO: Writing solid-sym-modal.05.vtu
INFO: Step 6, time 4160.6, U, 3 components, 386 values
INFO: Writing solid-sym-modal.06.vtk
INFO: Writing solid-sym-modal.06.vtu
INFO: Step 7, time 4377.5, U, 3 components, 386 values
INFO: Writing solid-sym-modal.07.vtk
INFO: Writing solid-sym-modal.07.vtu
INFO: Step 8, time 4576.8, U, 3 components, 386 values
INFO: Writing solid-sym-modal.08.vtk
INFO: Writing solid-sym-modal.08.vtu
INFO: Step 9, time 5382.9, U, 3 components, 386 values
INFO: Writing solid-sym-modal.09.vtk
INFO: Writing solid-sym-modal.09.vtu
INFO: Step 10, time 5465.9, U, 3 components, 386 values
INFO: Writing solid-sym-modal.10.vtk
INFO: Writing solid-sym-modal.10.vtu

==================================================
67: mkraska/NonLinear/Sandwichtest/Refs/Biegung.frd
INFO: Reading Biegung.frd
INFO: 4659 nodes
INFO: 1160 cells
INFO: 44 time increments
INFO: Step 1, time 1.00e-03, U, 3 components, 4659 values
INFO: Step 1, time 1.00e-03, S, 6 components, 4659 values
INFO: Step 1, time 1.00e-03, S_Mises, 1 components, 4659 values
INFO: Step 1, time 1.00e-03, S_Principal, 3 components, 4659 values
INFO: Step 1, time 1.00e-03, PEEQ, 1 components, 4659 values
INFO: Step 1, time 1.00e-03, CONTACT, 6 components, 4659 values
INFO: Step 1, time 1.00e-03, ERROR, 1 components, 4659 values
INFO: Writing Biegung.01.vtk
INFO: Writing Biegung.01.vtu
INFO: Step 2, time 2.00e-03, U, 3 components, 4659 values
INFO: Step 2, time 2.00e-03, S, 6 components, 4659 values
INFO: Step 2, time 2.00e-03, S_Mises, 1 components, 4659 values
INFO: Step 2, time 2.00e-03, S_Principal, 3 components, 4659 values
INFO: Step 2, time 2.00e-03, PEEQ, 1 components, 4659 values
INFO: Step 2, time 2.00e-03, CONTACT, 6 components, 4659 values
INFO: Step 2, time 2.00e-03, ERROR, 1 components, 4659 values
INFO: Writing Biegung.02.vtk
INFO: Writing Biegung.02.vtu
INFO: Step 3, time 3.50e-03, U, 3 components, 4659 values
INFO: Step 3, time 3.50e-03, S, 6 components, 4659 values
INFO: Step 3, time 3.50e-03, S_Mises, 1 components, 4659 values
INFO: Step 3, time 3.50e-03, S_Principal, 3 components, 4659 values
INFO: Step 3, time 3.50e-03, PEEQ, 1 components, 4659 values
INFO: Step 3, time 3.50e-03, CONTACT, 6 components, 4659 values
INFO: Step 3, time 3.50e-03, ERROR, 1 components, 4659 values
INFO: Writing Biegung.03.vtk
INFO: Writing Biegung.03.vtu
INFO: Step 4, time 5.75e-03, U, 3 components, 4659 values
INFO: Step 4, time 5.75e-03, S, 6 components, 4659 values
INFO: Step 4, time 5.75e-03, S_Mises, 1 components, 4659 values
INFO: Step 4, time 5.75e-03, S_Principal, 3 components, 4659 values
INFO: Step 4, time 5.75e-03, PEEQ, 1 components, 4659 values
INFO: Step 4, time 5.75e-03, CONTACT, 6 components, 4659 values
INFO: Step 4, time 5.75e-03, ERROR, 1 components, 4659 values
INFO: Writing Biegung.04.vtk
INFO: Writing Biegung.04.vtu
INFO: Step 5, time 9.12e-03, U, 3 components, 4659 values
INFO: Step 5, time 9.12e-03, S, 6 components, 4659 values
INFO: Step 5, time 9.12e-03, S_Mises, 1 components, 4659 values
INFO: Step 5, time 9.12e-03, S_Principal, 3 components, 4659 values
INFO: Step 5, time 9.12e-03, PEEQ, 1 components, 4659 values
INFO: Step 5, time 9.12e-03, CONTACT, 6 components, 4659 values
INFO: Step 5, time 9.12e-03, ERROR, 1 components, 4659 values
INFO: Writing Biegung.05.vtk
INFO: Writing Biegung.05.vtu
INFO: Step 6, time 1.42e-02, U, 3 components, 4659 values
INFO: Step 6, time 1.42e-02, S, 6 components, 4659 values
INFO: Step 6, time 1.42e-02, S_Mises, 1 components, 4659 values
INFO: Step 6, time 1.42e-02, S_Principal, 3 components, 4659 values
INFO: Step 6, time 1.42e-02, PEEQ, 1 components, 4659 values
INFO: Step 6, time 1.42e-02, CONTACT, 6 components, 4659 values
INFO: Step 6, time 1.42e-02, ERROR, 1 components, 4659 values
INFO: Writing Biegung.06.vtk
INFO: Writing Biegung.06.vtu
INFO: Step 7, time 2.18e-02, U, 3 components, 4659 values
INFO: Step 7, time 2.18e-02, S, 6 components, 4659 values
INFO: Step 7, time 2.18e-02, S_Mises, 1 components, 4659 values
INFO: Step 7, time 2.18e-02, S_Principal, 3 components, 4659 values
INFO: Step 7, time 2.18e-02, PEEQ, 1 components, 4659 values
INFO: Step 7, time 2.18e-02, CONTACT, 6 components, 4659 values
INFO: Step 7, time 2.18e-02, ERROR, 1 components, 4659 values
INFO: Writing Biegung.07.vtk
INFO: Writing Biegung.07.vtu
INFO: Step 8, time 3.32e-02, U, 3 components, 4659 values
INFO: Step 8, time 3.32e-02, S, 6 components, 4659 values
INFO: Step 8, time 3.32e-02, S_Mises, 1 components, 4659 values
INFO: Step 8, time 3.32e-02, S_Principal, 3 components, 4659 values
INFO: Step 8, time 3.32e-02, PEEQ, 1 components, 4659 values
INFO: Step 8, time 3.32e-02, CONTACT, 6 components, 4659 values
INFO: Step 8, time 3.32e-02, ERROR, 1 components, 4659 values
INFO: Writing Biegung.08.vtk
INFO: Writing Biegung.08.vtu
INFO: Step 9, time 5.03e-02, U, 3 components, 4659 values
INFO: Step 9, time 5.03e-02, S, 6 components, 4659 values
INFO: Step 9, time 5.03e-02, S_Mises, 1 components, 4659 values
INFO: Step 9, time 5.03e-02, S_Principal, 3 components, 4659 values
INFO: Step 9, time 5.03e-02, PEEQ, 1 components, 4659 values
INFO: Step 9, time 5.03e-02, CONTACT, 6 components, 4659 values
INFO: Step 9, time 5.03e-02, ERROR, 1 components, 4659 values
INFO: Writing Biegung.09.vtk
INFO: Writing Biegung.09.vtu
INFO: Step 10, time 7.59e-02, U, 3 components, 4659 values
INFO: Step 10, time 7.59e-02, S, 6 components, 4659 values
INFO: Step 10, time 7.59e-02, S_Mises, 1 components, 4659 values
INFO: Step 10, time 7.59e-02, S_Principal, 3 components, 4659 values
INFO: Step 10, time 7.59e-02, PEEQ, 1 components, 4659 values
INFO: Step 10, time 7.59e-02, CONTACT, 6 components, 4659 values
INFO: Step 10, time 7.59e-02, ERROR, 1 components, 4659 values
INFO: Writing Biegung.10.vtk
INFO: Writing Biegung.10.vtu
INFO: Step 11, time 1.14e-01, U, 3 components, 4659 values
INFO: Step 11, time 1.14e-01, S, 6 components, 4659 values
INFO: Step 11, time 1.14e-01, S_Mises, 1 components, 4659 values
INFO: Step 11, time 1.14e-01, S_Principal, 3 components, 4659 values
INFO: Step 11, time 1.14e-01, PEEQ, 1 components, 4659 values
INFO: Step 11, time 1.14e-01, CONTACT, 6 components, 4659 values
INFO: Step 11, time 1.14e-01, ERROR, 1 components, 4659 values
INFO: Writing Biegung.11.vtk
INFO: Writing Biegung.11.vtu
INFO: Step 12, time 1.72e-01, U, 3 components, 4659 values
INFO: Step 12, time 1.72e-01, S, 6 components, 4659 values
INFO: Step 12, time 1.72e-01, S_Mises, 1 components, 4659 values
INFO: Step 12, time 1.72e-01, S_Principal, 3 components, 4659 values
INFO: Step 12, time 1.72e-01, PEEQ, 1 components, 4659 values
INFO: Step 12, time 1.72e-01, CONTACT, 6 components, 4659 values
INFO: Step 12, time 1.72e-01, ERROR, 1 components, 4659 values
INFO: Writing Biegung.12.vtk
INFO: Writing Biegung.12.vtu
INFO: Step 13, time 2.58e-01, U, 3 components, 4659 values
INFO: Step 13, time 2.58e-01, S, 6 components, 4659 values
INFO: Step 13, time 2.58e-01, S_Mises, 1 components, 4659 values
INFO: Step 13, time 2.58e-01, S_Principal, 3 components, 4659 values
INFO: Step 13, time 2.58e-01, PEEQ, 1 components, 4659 values
INFO: Step 13, time 2.58e-01, CONTACT, 6 components, 4659 values
INFO: Step 13, time 2.58e-01, ERROR, 1 components, 4659 values
INFO: Writing Biegung.13.vtk
INFO: Writing Biegung.13.vtu
INFO: Step 14, time 2.91e-01, U, 3 components, 4659 values
INFO: Step 14, time 2.91e-01, S, 6 components, 4659 values
INFO: Step 14, time 2.91e-01, S_Mises, 1 components, 4659 values
INFO: Step 14, time 2.91e-01, S_Principal, 3 components, 4659 values
INFO: Step 14, time 2.91e-01, PEEQ, 1 components, 4659 values
INFO: Step 14, time 2.91e-01, CONTACT, 6 components, 4659 values
INFO: Step 14, time 2.91e-01, ERROR, 1 components, 4659 values
INFO: Writing Biegung.14.vtk
INFO: Writing Biegung.14.vtu
INFO: Step 15, time 3.23e-01, U, 3 components, 4659 values
INFO: Step 15, time 3.23e-01, S, 6 components, 4659 values
INFO: Step 15, time 3.23e-01, S_Mises, 1 components, 4659 values
INFO: Step 15, time 3.23e-01, S_Principal, 3 components, 4659 values
INFO: Step 15, time 3.23e-01, PEEQ, 1 components, 4659 values
INFO: Step 15, time 3.23e-01, CONTACT, 6 components, 4659 values
INFO: Step 15, time 3.23e-01, ERROR, 1 components, 4659 values
INFO: Writing Biegung.15.vtk
INFO: Writing Biegung.15.vtu
INFO: Step 16, time 3.72e-01, U, 3 components, 4659 values
INFO: Step 16, time 3.72e-01, S, 6 components, 4659 values
INFO: Step 16, time 3.72e-01, S_Mises, 1 components, 4659 values
INFO: Step 16, time 3.72e-01, S_Principal, 3 components, 4659 values
INFO: Step 16, time 3.72e-01, PEEQ, 1 components, 4659 values
INFO: Step 16, time 3.72e-01, CONTACT, 6 components, 4659 values
INFO: Step 16, time 3.72e-01, ERROR, 1 components, 4659 values
INFO: Writing Biegung.16.vtk
INFO: Writing Biegung.16.vtu
INFO: Step 17, time 3.90e-01, U, 3 components, 4659 values
INFO: Step 17, time 3.90e-01, S, 6 components, 4659 values
INFO: Step 17, time 3.90e-01, S_Mises, 1 components, 4659 values
INFO: Step 17, time 3.90e-01, S_Principal, 3 components, 4659 values
INFO: Step 17, time 3.90e-01, PEEQ, 1 components, 4659 values
INFO: Step 17, time 3.90e-01, CONTACT, 6 components, 4659 values
INFO: Step 17, time 3.90e-01, ERROR, 1 components, 4659 values
INFO: Writing Biegung.17.vtk
INFO: Writing Biegung.17.vtu
INFO: Step 18, time 4.09e-01, U, 3 components, 4659 values
INFO: Step 18, time 4.09e-01, S, 6 components, 4659 values
INFO: Step 18, time 4.09e-01, S_Mises, 1 components, 4659 values
INFO: Step 18, time 4.09e-01, S_Principal, 3 components, 4659 values
INFO: Step 18, time 4.09e-01, PEEQ, 1 components, 4659 values
INFO: Step 18, time 4.09e-01, CONTACT, 6 components, 4659 values
INFO: Step 18, time 4.09e-01, ERROR, 1 components, 4659 values
INFO: Writing Biegung.18.vtk
INFO: Writing Biegung.18.vtu
INFO: Step 19, time 4.36e-01, U, 3 components, 4659 values
INFO: Step 19, time 4.36e-01, S, 6 components, 4659 values
INFO: Step 19, time 4.36e-01, S_Mises, 1 components, 4659 values
INFO: Step 19, time 4.36e-01, S_Principal, 3 components, 4659 values
INFO: Step 19, time 4.36e-01, PEEQ, 1 components, 4659 values
INFO: Step 19, time 4.36e-01, CONTACT, 6 components, 4659 values
INFO: Step 19, time 4.36e-01, ERROR, 1 components, 4659 values
INFO: Writing Biegung.19.vtk
INFO: Writing Biegung.19.vtu
INFO: Step 20, time 4.77e-01, U, 3 components, 4659 values
INFO: Step 20, time 4.77e-01, S, 6 components, 4659 values
INFO: Step 20, time 4.77e-01, S_Mises, 1 components, 4659 values
INFO: Step 20, time 4.77e-01, S_Principal, 3 components, 4659 values
INFO: Step 20, time 4.77e-01, PEEQ, 1 components, 4659 values
INFO: Step 20, time 4.77e-01, CONTACT, 6 components, 4659 values
INFO: Step 20, time 4.77e-01, ERROR, 1 components, 4659 values
INFO: Writing Biegung.20.vtk
INFO: Writing Biegung.20.vtu
INFO: Step 21, time 4.92e-01, U, 3 components, 4659 values
INFO: Step 21, time 4.92e-01, S, 6 components, 4659 values
INFO: Step 21, time 4.92e-01, S_Mises, 1 components, 4659 values
INFO: Step 21, time 4.92e-01, S_Principal, 3 components, 4659 values
INFO: Step 21, time 4.92e-01, PEEQ, 1 components, 4659 values
INFO: Step 21, time 4.92e-01, CONTACT, 6 components, 4659 values
INFO: Step 21, time 4.92e-01, ERROR, 1 components, 4659 values
INFO: Writing Biegung.21.vtk
INFO: Writing Biegung.21.vtu
INFO: Step 22, time 5.08e-01, U, 3 components, 4659 values
INFO: Step 22, time 5.08e-01, S, 6 components, 4659 values
INFO: Step 22, time 5.08e-01, S_Mises, 1 components, 4659 values
INFO: Step 22, time 5.08e-01, S_Principal, 3 components, 4659 values
INFO: Step 22, time 5.08e-01, PEEQ, 1 components, 4659 values
INFO: Step 22, time 5.08e-01, CONTACT, 6 components, 4659 values
INFO: Step 22, time 5.08e-01, ERROR, 1 components, 4659 values
INFO: Writing Biegung.22.vtk
INFO: Writing Biegung.22.vtu
INFO: Step 23, time 5.31e-01, U, 3 components, 4659 values
INFO: Step 23, time 5.31e-01, S, 6 components, 4659 values
INFO: Step 23, time 5.31e-01, S_Mises, 1 components, 4659 values
INFO: Step 23, time 5.31e-01, S_Principal, 3 components, 4659 values
INFO: Step 23, time 5.31e-01, PEEQ, 1 components, 4659 values
INFO: Step 23, time 5.31e-01, CONTACT, 6 components, 4659 values
INFO: Step 23, time 5.31e-01, ERROR, 1 components, 4659 values
INFO: Writing Biegung.23.vtk
INFO: Writing Biegung.23.vtu
INFO: Step 24, time 5.65e-01, U, 3 components, 4659 values
INFO: Step 24, time 5.65e-01, S, 6 components, 4659 values
INFO: Step 24, time 5.65e-01, S_Mises, 1 components, 4659 values
INFO: Step 24, time 5.65e-01, S_Principal, 3 components, 4659 values
INFO: Step 24, time 5.65e-01, PEEQ, 1 components, 4659 values
INFO: Step 24, time 5.65e-01, CONTACT, 6 components, 4659 values
INFO: Step 24, time 5.65e-01, ERROR, 1 components, 4659 values
INFO: Writing Biegung.24.vtk
INFO: Writing Biegung.24.vtu
INFO: Step 25, time 5.78e-01, U, 3 components, 4659 values
INFO: Step 25, time 5.78e-01, S, 6 components, 4659 values
INFO: Step 25, time 5.78e-01, S_Mises, 1 components, 4659 values
INFO: Step 25, time 5.78e-01, S_Principal, 3 components, 4659 values
INFO: Step 25, time 5.78e-01, PEEQ, 1 components, 4659 values
INFO: Step 25, time 5.78e-01, CONTACT, 6 components, 4659 values
INFO: Step 25, time 5.78e-01, ERROR, 1 components, 4659 values
INFO: Writing Biegung.25.vtk
INFO: Writing Biegung.25.vtu
INFO: Step 26, time 5.91e-01, U, 3 components, 4659 values
INFO: Step 26, time 5.91e-01, S, 6 components, 4659 values
INFO: Step 26, time 5.91e-01, S_Mises, 1 components, 4659 values
INFO: Step 26, time 5.91e-01, S_Principal, 3 components, 4659 values
INFO: Step 26, time 5.91e-01, PEEQ, 1 components, 4659 values
INFO: Step 26, time 5.91e-01, CONTACT, 6 components, 4659 values
INFO: Step 26, time 5.91e-01, ERROR, 1 components, 4659 values
INFO: Writing Biegung.26.vtk
INFO: Writing Biegung.26.vtu
INFO: Step 27, time 6.11e-01, U, 3 components, 4659 values
INFO: Step 27, time 6.11e-01, S, 6 components, 4659 values
INFO: Step 27, time 6.11e-01, S_Mises, 1 components, 4659 values
INFO: Step 27, time 6.11e-01, S_Principal, 3 components, 4659 values
INFO: Step 27, time 6.11e-01, PEEQ, 1 components, 4659 values
INFO: Step 27, time 6.11e-01, CONTACT, 6 components, 4659 values
INFO: Step 27, time 6.11e-01, ERROR, 1 components, 4659 values
INFO: Writing Biegung.27.vtk
INFO: Writing Biegung.27.vtu
INFO: Step 28, time 6.40e-01, U, 3 components, 4659 values
INFO: Step 28, time 6.40e-01, S, 6 components, 4659 values
INFO: Step 28, time 6.40e-01, S_Mises, 1 components, 4659 values
INFO: Step 28, time 6.40e-01, S_Principal, 3 components, 4659 values
INFO: Step 28, time 6.40e-01, PEEQ, 1 components, 4659 values
INFO: Step 28, time 6.40e-01, CONTACT, 6 components, 4659 values
INFO: Step 28, time 6.40e-01, ERROR, 1 components, 4659 values
INFO: Writing Biegung.28.vtk
INFO: Writing Biegung.28.vtu
INFO: Step 29, time 6.51e-01, U, 3 components, 4659 values
INFO: Step 29, time 6.51e-01, S, 6 components, 4659 values
INFO: Step 29, time 6.51e-01, S_Mises, 1 components, 4659 values
INFO: Step 29, time 6.51e-01, S_Principal, 3 components, 4659 values
INFO: Step 29, time 6.51e-01, PEEQ, 1 components, 4659 values
INFO: Step 29, time 6.51e-01, CONTACT, 6 components, 4659 values
INFO: Step 29, time 6.51e-01, ERROR, 1 components, 4659 values
INFO: Writing Biegung.29.vtk
INFO: Writing Biegung.29.vtu
INFO: Step 30, time 6.62e-01, U, 3 components, 4659 values
INFO: Step 30, time 6.62e-01, S, 6 components, 4659 values
INFO: Step 30, time 6.62e-01, S_Mises, 1 components, 4659 values
INFO: Step 30, time 6.62e-01, S_Principal, 3 components, 4659 values
INFO: Step 30, time 6.62e-01, PEEQ, 1 components, 4659 values
INFO: Step 30, time 6.62e-01, CONTACT, 6 components, 4659 values
INFO: Step 30, time 6.62e-01, ERROR, 1 components, 4659 values
INFO: Writing Biegung.30.vtk
INFO: Writing Biegung.30.vtu
INFO: Step 31, time 6.78e-01, U, 3 components, 4659 values
INFO: Step 31, time 6.78e-01, S, 6 components, 4659 values
INFO: Step 31, time 6.78e-01, S_Mises, 1 components, 4659 values
INFO: Step 31, time 6.78e-01, S_Principal, 3 components, 4659 values
INFO: Step 31, time 6.78e-01, PEEQ, 1 components, 4659 values
INFO: Step 31, time 6.78e-01, CONTACT, 6 components, 4659 values
INFO: Step 31, time 6.78e-01, ERROR, 1 components, 4659 values
INFO: Writing Biegung.31.vtk
INFO: Writing Biegung.31.vtu
INFO: Step 32, time 7.03e-01, U, 3 components, 4659 values
INFO: Step 32, time 7.03e-01, S, 6 components, 4659 values
INFO: Step 32, time 7.03e-01, S_Mises, 1 components, 4659 values
INFO: Step 32, time 7.03e-01, S_Principal, 3 components, 4659 values
INFO: Step 32, time 7.03e-01, PEEQ, 1 components, 4659 values
INFO: Step 32, time 7.03e-01, CONTACT, 6 components, 4659 values
INFO: Step 32, time 7.03e-01, ERROR, 1 components, 4659 values
INFO: Writing Biegung.32.vtk
INFO: Writing Biegung.32.vtu
INFO: Step 33, time 7.40e-01, U, 3 components, 4659 values
INFO: Step 33, time 7.40e-01, S, 6 components, 4659 values
INFO: Step 33, time 7.40e-01, S_Mises, 1 components, 4659 values
INFO: Step 33, time 7.40e-01, S_Principal, 3 components, 4659 values
INFO: Step 33, time 7.40e-01, PEEQ, 1 components, 4659 values
INFO: Step 33, time 7.40e-01, CONTACT, 6 components, 4659 values
INFO: Step 33, time 7.40e-01, ERROR, 1 components, 4659 values
INFO: Writing Biegung.33.vtk
INFO: Writing Biegung.33.vtu
INFO: Step 34, time 7.54e-01, U, 3 components, 4659 values
INFO: Step 34, time 7.54e-01, S, 6 components, 4659 values
INFO: Step 34, time 7.54e-01, S_Mises, 1 components, 4659 values
INFO: Step 34, time 7.54e-01, S_Principal, 3 components, 4659 values
INFO: Step 34, time 7.54e-01, PEEQ, 1 components, 4659 values
INFO: Step 34, time 7.54e-01, CONTACT, 6 components, 4659 values
INFO: Step 34, time 7.54e-01, ERROR, 1 components, 4659 values
INFO: Writing Biegung.34.vtk
INFO: Writing Biegung.34.vtu
INFO: Step 35, time 7.68e-01, U, 3 components, 4659 values
INFO: Step 35, time 7.68e-01, S, 6 components, 4659 values
INFO: Step 35, time 7.68e-01, S_Mises, 1 components, 4659 values
INFO: Step 35, time 7.68e-01, S_Principal, 3 components, 4659 values
INFO: Step 35, time 7.68e-01, PEEQ, 1 components, 4659 values
INFO: Step 35, time 7.68e-01, CONTACT, 6 components, 4659 values
INFO: Step 35, time 7.68e-01, ERROR, 1 components, 4659 values
INFO: Writing Biegung.35.vtk
INFO: Writing Biegung.35.vtu
INFO: Step 36, time 7.89e-01, U, 3 components, 4659 values
INFO: Step 36, time 7.89e-01, S, 6 components, 4659 values
INFO: Step 36, time 7.89e-01, S_Mises, 1 components, 4659 values
INFO: Step 36, time 7.89e-01, S_Principal, 3 components, 4659 values
INFO: Step 36, time 7.89e-01, PEEQ, 1 components, 4659 values
INFO: Step 36, time 7.89e-01, CONTACT, 6 components, 4659 values
INFO: Step 36, time 7.89e-01, ERROR, 1 components, 4659 values
INFO: Writing Biegung.36.vtk
INFO: Writing Biegung.36.vtu
INFO: Step 37, time 8.20e-01, U, 3 components, 4659 values
INFO: Step 37, time 8.20e-01, S, 6 components, 4659 values
INFO: Step 37, time 8.20e-01, S_Mises, 1 components, 4659 values
INFO: Step 37, time 8.20e-01, S_Principal, 3 components, 4659 values
INFO: Step 37, time 8.20e-01, PEEQ, 1 components, 4659 values
INFO: Step 37, time 8.20e-01, CONTACT, 6 components, 4659 values
INFO: Step 37, time 8.20e-01, ERROR, 1 components, 4659 values
INFO: Writing Biegung.37.vtk
INFO: Writing Biegung.37.vtu
INFO: Step 38, time 8.32e-01, U, 3 components, 4659 values
INFO: Step 38, time 8.32e-01, S, 6 components, 4659 values
INFO: Step 38, time 8.32e-01, S_Mises, 1 components, 4659 values
INFO: Step 38, time 8.32e-01, S_Principal, 3 components, 4659 values
INFO: Step 38, time 8.32e-01, PEEQ, 1 components, 4659 values
INFO: Step 38, time 8.32e-01, CONTACT, 6 components, 4659 values
INFO: Step 38, time 8.32e-01, ERROR, 1 components, 4659 values
INFO: Writing Biegung.38.vtk
INFO: Writing Biegung.38.vtu
INFO: Step 39, time 8.43e-01, U, 3 components, 4659 values
INFO: Step 39, time 8.43e-01, S, 6 components, 4659 values
INFO: Step 39, time 8.43e-01, S_Mises, 1 components, 4659 values
INFO: Step 39, time 8.43e-01, S_Principal, 3 components, 4659 values
INFO: Step 39, time 8.43e-01, PEEQ, 1 components, 4659 values
INFO: Step 39, time 8.43e-01, CONTACT, 6 components, 4659 values
INFO: Step 39, time 8.43e-01, ERROR, 1 components, 4659 values
INFO: Writing Biegung.39.vtk
INFO: Writing Biegung.39.vtu
INFO: Step 40, time 8.61e-01, U, 3 components, 4659 values
INFO: Step 40, time 8.61e-01, S, 6 components, 4659 values
INFO: Step 40, time 8.61e-01, S_Mises, 1 components, 4659 values
INFO: Step 40, time 8.61e-01, S_Principal, 3 components, 4659 values
INFO: Step 40, time 8.61e-01, PEEQ, 1 components, 4659 values
INFO: Step 40, time 8.61e-01, CONTACT, 6 components, 4659 values
INFO: Step 40, time 8.61e-01, ERROR, 1 components, 4659 values
INFO: Writing Biegung.40.vtk
INFO: Writing Biegung.40.vtu
INFO: Step 41, time 8.87e-01, U, 3 components, 4659 values
INFO: Step 41, time 8.87e-01, S, 6 components, 4659 values
INFO: Step 41, time 8.87e-01, S_Mises, 1 components, 4659 values
INFO: Step 41, time 8.87e-01, S_Principal, 3 components, 4659 values
INFO: Step 41, time 8.87e-01, PEEQ, 1 components, 4659 values
INFO: Step 41, time 8.87e-01, CONTACT, 6 components, 4659 values
INFO: Step 41, time 8.87e-01, ERROR, 1 components, 4659 values
INFO: Writing Biegung.41.vtk
INFO: Writing Biegung.41.vtu
INFO: Step 42, time 9.27e-01, U, 3 components, 4659 values
INFO: Step 42, time 9.27e-01, S, 6 components, 4659 values
INFO: Step 42, time 9.27e-01, S_Mises, 1 components, 4659 values
INFO: Step 42, time 9.27e-01, S_Principal, 3 components, 4659 values
INFO: Step 42, time 9.27e-01, PEEQ, 1 components, 4659 values
INFO: Step 42, time 9.27e-01, CONTACT, 6 components, 4659 values
INFO: Step 42, time 9.27e-01, ERROR, 1 components, 4659 values
INFO: Writing Biegung.42.vtk
INFO: Writing Biegung.42.vtu
INFO: Step 43, time 9.66e-01, U, 3 components, 4659 values
INFO: Step 43, time 9.66e-01, S, 6 components, 4659 values
INFO: Step 43, time 9.66e-01, S_Mises, 1 components, 4659 values
INFO: Step 43, time 9.66e-01, S_Principal, 3 components, 4659 values
INFO: Step 43, time 9.66e-01, PEEQ, 1 components, 4659 values
INFO: Step 43, time 9.66e-01, CONTACT, 6 components, 4659 values
INFO: Step 43, time 9.66e-01, ERROR, 1 components, 4659 values
INFO: Writing Biegung.43.vtk
INFO: Writing Biegung.43.vtu
INFO: Step 44, time 1.0, U, 3 components, 4659 values
INFO: Step 44, time 1.0, S, 6 components, 4659 values
INFO: Step 44, time 1.0, S_Mises, 1 components, 4659 values
INFO: Step 44, time 1.0, S_Principal, 3 components, 4659 values
INFO: Step 44, time 1.0, PEEQ, 1 components, 4659 values
INFO: Step 44, time 1.0, CONTACT, 6 components, 4659 values
INFO: Step 44, time 1.0, ERROR, 1 components, 4659 values
INFO: Writing Biegung.44.vtk
INFO: Writing Biegung.44.vtu

==================================================
68: mkraska/NonLinear/Sections/Plastic/Refs/Biegung.frd
INFO: Reading Biegung.frd
INFO: 11571 nodes
INFO: 8720 cells
INFO: 20 time increments
INFO: Step 1, time 5.00e-02, U, 3 components, 11571 values
INFO: Step 1, time 5.00e-02, S, 6 components, 11571 values
INFO: Step 1, time 5.00e-02, S_Mises, 1 components, 11571 values
INFO: Step 1, time 5.00e-02, S_Principal, 3 components, 11571 values
INFO: Step 1, time 5.00e-02, PEEQ, 1 components, 11571 values
INFO: Step 1, time 5.00e-02, ERROR, 1 components, 11571 values
INFO: Writing Biegung.01.vtk
INFO: Writing Biegung.01.vtu
INFO: Step 2, time 1.00e-01, U, 3 components, 11571 values
INFO: Step 2, time 1.00e-01, S, 6 components, 11571 values
INFO: Step 2, time 1.00e-01, S_Mises, 1 components, 11571 values
INFO: Step 2, time 1.00e-01, S_Principal, 3 components, 11571 values
INFO: Step 2, time 1.00e-01, PEEQ, 1 components, 11571 values
INFO: Step 2, time 1.00e-01, ERROR, 1 components, 11571 values
INFO: Writing Biegung.02.vtk
INFO: Writing Biegung.02.vtu
INFO: Step 3, time 1.50e-01, U, 3 components, 11571 values
INFO: Step 3, time 1.50e-01, S, 6 components, 11571 values
INFO: Step 3, time 1.50e-01, S_Mises, 1 components, 11571 values
INFO: Step 3, time 1.50e-01, S_Principal, 3 components, 11571 values
INFO: Step 3, time 1.50e-01, PEEQ, 1 components, 11571 values
INFO: Step 3, time 1.50e-01, ERROR, 1 components, 11571 values
INFO: Writing Biegung.03.vtk
INFO: Writing Biegung.03.vtu
INFO: Step 4, time 2.00e-01, U, 3 components, 11571 values
INFO: Step 4, time 2.00e-01, S, 6 components, 11571 values
INFO: Step 4, time 2.00e-01, S_Mises, 1 components, 11571 values
INFO: Step 4, time 2.00e-01, S_Principal, 3 components, 11571 values
INFO: Step 4, time 2.00e-01, PEEQ, 1 components, 11571 values
INFO: Step 4, time 2.00e-01, ERROR, 1 components, 11571 values
INFO: Writing Biegung.04.vtk
INFO: Writing Biegung.04.vtu
INFO: Step 5, time 2.50e-01, U, 3 components, 11571 values
INFO: Step 5, time 2.50e-01, S, 6 components, 11571 values
INFO: Step 5, time 2.50e-01, S_Mises, 1 components, 11571 values
INFO: Step 5, time 2.50e-01, S_Principal, 3 components, 11571 values
INFO: Step 5, time 2.50e-01, PEEQ, 1 components, 11571 values
INFO: Step 5, time 2.50e-01, ERROR, 1 components, 11571 values
INFO: Writing Biegung.05.vtk
INFO: Writing Biegung.05.vtu
INFO: Step 6, time 3.00e-01, U, 3 components, 11571 values
INFO: Step 6, time 3.00e-01, S, 6 components, 11571 values
INFO: Step 6, time 3.00e-01, S_Mises, 1 components, 11571 values
INFO: Step 6, time 3.00e-01, S_Principal, 3 components, 11571 values
INFO: Step 6, time 3.00e-01, PEEQ, 1 components, 11571 values
INFO: Step 6, time 3.00e-01, ERROR, 1 components, 11571 values
INFO: Writing Biegung.06.vtk
INFO: Writing Biegung.06.vtu
INFO: Step 7, time 3.50e-01, U, 3 components, 11571 values
INFO: Step 7, time 3.50e-01, S, 6 components, 11571 values
INFO: Step 7, time 3.50e-01, S_Mises, 1 components, 11571 values
INFO: Step 7, time 3.50e-01, S_Principal, 3 components, 11571 values
INFO: Step 7, time 3.50e-01, PEEQ, 1 components, 11571 values
INFO: Step 7, time 3.50e-01, ERROR, 1 components, 11571 values
INFO: Writing Biegung.07.vtk
INFO: Writing Biegung.07.vtu
INFO: Step 8, time 4.00e-01, U, 3 components, 11571 values
INFO: Step 8, time 4.00e-01, S, 6 components, 11571 values
INFO: Step 8, time 4.00e-01, S_Mises, 1 components, 11571 values
INFO: Step 8, time 4.00e-01, S_Principal, 3 components, 11571 values
INFO: Step 8, time 4.00e-01, PEEQ, 1 components, 11571 values
INFO: Step 8, time 4.00e-01, ERROR, 1 components, 11571 values
INFO: Writing Biegung.08.vtk
INFO: Writing Biegung.08.vtu
INFO: Step 9, time 4.50e-01, U, 3 components, 11571 values
INFO: Step 9, time 4.50e-01, S, 6 components, 11571 values
INFO: Step 9, time 4.50e-01, S_Mises, 1 components, 11571 values
INFO: Step 9, time 4.50e-01, S_Principal, 3 components, 11571 values
INFO: Step 9, time 4.50e-01, PEEQ, 1 components, 11571 values
INFO: Step 9, time 4.50e-01, ERROR, 1 components, 11571 values
INFO: Writing Biegung.09.vtk
INFO: Writing Biegung.09.vtu
INFO: Step 10, time 5.00e-01, U, 3 components, 11571 values
INFO: Step 10, time 5.00e-01, S, 6 components, 11571 values
INFO: Step 10, time 5.00e-01, S_Mises, 1 components, 11571 values
INFO: Step 10, time 5.00e-01, S_Principal, 3 components, 11571 values
INFO: Step 10, time 5.00e-01, PEEQ, 1 components, 11571 values
INFO: Step 10, time 5.00e-01, ERROR, 1 components, 11571 values
INFO: Writing Biegung.10.vtk
INFO: Writing Biegung.10.vtu
INFO: Step 11, time 5.50e-01, U, 3 components, 11571 values
INFO: Step 11, time 5.50e-01, S, 6 components, 11571 values
INFO: Step 11, time 5.50e-01, S_Mises, 1 components, 11571 values
INFO: Step 11, time 5.50e-01, S_Principal, 3 components, 11571 values
INFO: Step 11, time 5.50e-01, PEEQ, 1 components, 11571 values
INFO: Step 11, time 5.50e-01, ERROR, 1 components, 11571 values
INFO: Writing Biegung.11.vtk
INFO: Writing Biegung.11.vtu
INFO: Step 12, time 6.00e-01, U, 3 components, 11571 values
INFO: Step 12, time 6.00e-01, S, 6 components, 11571 values
INFO: Step 12, time 6.00e-01, S_Mises, 1 components, 11571 values
INFO: Step 12, time 6.00e-01, S_Principal, 3 components, 11571 values
INFO: Step 12, time 6.00e-01, PEEQ, 1 components, 11571 values
INFO: Step 12, time 6.00e-01, ERROR, 1 components, 11571 values
INFO: Writing Biegung.12.vtk
INFO: Writing Biegung.12.vtu
INFO: Step 13, time 6.50e-01, U, 3 components, 11571 values
INFO: Step 13, time 6.50e-01, S, 6 components, 11571 values
INFO: Step 13, time 6.50e-01, S_Mises, 1 components, 11571 values
INFO: Step 13, time 6.50e-01, S_Principal, 3 components, 11571 values
INFO: Step 13, time 6.50e-01, PEEQ, 1 components, 11571 values
INFO: Step 13, time 6.50e-01, ERROR, 1 components, 11571 values
INFO: Writing Biegung.13.vtk
INFO: Writing Biegung.13.vtu
INFO: Step 14, time 7.00e-01, U, 3 components, 11571 values
INFO: Step 14, time 7.00e-01, S, 6 components, 11571 values
INFO: Step 14, time 7.00e-01, S_Mises, 1 components, 11571 values
INFO: Step 14, time 7.00e-01, S_Principal, 3 components, 11571 values
INFO: Step 14, time 7.00e-01, PEEQ, 1 components, 11571 values
INFO: Step 14, time 7.00e-01, ERROR, 1 components, 11571 values
INFO: Writing Biegung.14.vtk
INFO: Writing Biegung.14.vtu
INFO: Step 15, time 7.50e-01, U, 3 components, 11571 values
INFO: Step 15, time 7.50e-01, S, 6 components, 11571 values
INFO: Step 15, time 7.50e-01, S_Mises, 1 components, 11571 values
INFO: Step 15, time 7.50e-01, S_Principal, 3 components, 11571 values
INFO: Step 15, time 7.50e-01, PEEQ, 1 components, 11571 values
INFO: Step 15, time 7.50e-01, ERROR, 1 components, 11571 values
INFO: Writing Biegung.15.vtk
INFO: Writing Biegung.15.vtu
INFO: Step 16, time 8.00e-01, U, 3 components, 11571 values
INFO: Step 16, time 8.00e-01, S, 6 components, 11571 values
INFO: Step 16, time 8.00e-01, S_Mises, 1 components, 11571 values
INFO: Step 16, time 8.00e-01, S_Principal, 3 components, 11571 values
INFO: Step 16, time 8.00e-01, PEEQ, 1 components, 11571 values
INFO: Step 16, time 8.00e-01, ERROR, 1 components, 11571 values
INFO: Writing Biegung.16.vtk
INFO: Writing Biegung.16.vtu
INFO: Step 17, time 8.50e-01, U, 3 components, 11571 values
INFO: Step 17, time 8.50e-01, S, 6 components, 11571 values
INFO: Step 17, time 8.50e-01, S_Mises, 1 components, 11571 values
INFO: Step 17, time 8.50e-01, S_Principal, 3 components, 11571 values
INFO: Step 17, time 8.50e-01, PEEQ, 1 components, 11571 values
INFO: Step 17, time 8.50e-01, ERROR, 1 components, 11571 values
INFO: Writing Biegung.17.vtk
INFO: Writing Biegung.17.vtu
INFO: Step 18, time 9.00e-01, U, 3 components, 11571 values
INFO: Step 18, time 9.00e-01, S, 6 components, 11571 values
INFO: Step 18, time 9.00e-01, S_Mises, 1 components, 11571 values
INFO: Step 18, time 9.00e-01, S_Principal, 3 components, 11571 values
INFO: Step 18, time 9.00e-01, PEEQ, 1 components, 11571 values
INFO: Step 18, time 9.00e-01, ERROR, 1 components, 11571 values
INFO: Writing Biegung.18.vtk
INFO: Writing Biegung.18.vtu
INFO: Step 19, time 9.50e-01, U, 3 components, 11571 values
INFO: Step 19, time 9.50e-01, S, 6 components, 11571 values
INFO: Step 19, time 9.50e-01, S_Mises, 1 components, 11571 values
INFO: Step 19, time 9.50e-01, S_Principal, 3 components, 11571 values
INFO: Step 19, time 9.50e-01, PEEQ, 1 components, 11571 values
INFO: Step 19, time 9.50e-01, ERROR, 1 components, 11571 values
INFO: Writing Biegung.19.vtk
INFO: Writing Biegung.19.vtu
INFO: Step 20, time 1.0, U, 3 components, 11571 values
INFO: Step 20, time 1.0, S, 6 components, 11571 values
INFO: Step 20, time 1.0, S_Mises, 1 components, 11571 values
INFO: Step 20, time 1.0, S_Principal, 3 components, 11571 values
INFO: Step 20, time 1.0, PEEQ, 1 components, 11571 values
INFO: Step 20, time 1.0, ERROR, 1 components, 11571 values
INFO: Writing Biegung.20.vtk
INFO: Writing Biegung.20.vtu

==================================================
69: mkraska/NonLinear/Sections/Refs/Biegung.frd
INFO: Reading Biegung.frd
INFO: 6542 nodes
INFO: 1090 cells
INFO: 1 time increment
INFO: Step 1, time 1.0, U, 3 components, 6542 values
INFO: Step 1, time 1.0, S, 6 components, 6542 values
INFO: Step 1, time 1.0, S_Mises, 1 components, 6542 values
INFO: Step 1, time 1.0, S_Principal, 3 components, 6542 values
INFO: Step 1, time 1.0, ERROR, 1 components, 6542 values
INFO: Writing Biegung.vtk
INFO: Writing Biegung.vtu

==================================================
70: mkraska/NonLinear/TensileTest/Refs/Zug.frd
INFO: Reading Zug.frd
INFO: 2093 nodes
INFO: 360 cells
INFO: 1 time increment
INFO: Step 101, time 2.0, U, 3 components, 2093 values
INFO: Step 101, time 2.0, S, 6 components, 2093 values
INFO: Step 101, time 2.0, S_Mises, 1 components, 2093 values
INFO: Step 101, time 2.0, S_Principal, 3 components, 2093 values
INFO: Step 101, time 2.0, PEEQ, 1 components, 2093 values
INFO: Step 101, time 2.0, ERROR, 1 components, 2093 values
INFO: Writing Zug.vtk
INFO: Writing Zug.vtu

==================================================
71: mkraska/Pillow/Refs/static.frd
INFO: Reading static.frd
INFO: 882 nodes
INFO: 400 cells
INFO: 6 time increments
INFO: Step 1, time 1.00e-01, U, 3 components, 882 values
INFO: Step 1, time 1.00e-01, S, 6 components, 882 values
INFO: Step 1, time 1.00e-01, S_Mises, 1 components, 882 values
INFO: Step 1, time 1.00e-01, S_Principal, 3 components, 882 values
INFO: Step 1, time 1.00e-01, ERROR, 1 components, 882 values
INFO: Writing static.1.vtk
INFO: Writing static.1.vtu
INFO: Step 2, time 2.00e-01, U, 3 components, 882 values
INFO: Step 2, time 2.00e-01, S, 6 components, 882 values
INFO: Step 2, time 2.00e-01, S_Mises, 1 components, 882 values
INFO: Step 2, time 2.00e-01, S_Principal, 3 components, 882 values
INFO: Step 2, time 2.00e-01, ERROR, 1 components, 882 values
INFO: Writing static.2.vtk
INFO: Writing static.2.vtu
INFO: Step 3, time 3.00e-01, U, 3 components, 882 values
INFO: Step 3, time 3.00e-01, S, 6 components, 882 values
INFO: Step 3, time 3.00e-01, S_Mises, 1 components, 882 values
INFO: Step 3, time 3.00e-01, S_Principal, 3 components, 882 values
INFO: Step 3, time 3.00e-01, ERROR, 1 components, 882 values
INFO: Writing static.3.vtk
INFO: Writing static.3.vtu
INFO: Step 4, time 4.00e-01, U, 3 components, 882 values
INFO: Step 4, time 4.00e-01, S, 6 components, 882 values
INFO: Step 4, time 4.00e-01, S_Mises, 1 components, 882 values
INFO: Step 4, time 4.00e-01, S_Principal, 3 components, 882 values
INFO: Step 4, time 4.00e-01, ERROR, 1 components, 882 values
INFO: Writing static.4.vtk
INFO: Writing static.4.vtu
INFO: Step 5, time 5.00e-01, U, 3 components, 882 values
INFO: Step 5, time 5.00e-01, S, 6 components, 882 values
INFO: Step 5, time 5.00e-01, S_Mises, 1 components, 882 values
INFO: Step 5, time 5.00e-01, S_Principal, 3 components, 882 values
INFO: Step 5, time 5.00e-01, ERROR, 1 components, 882 values
INFO: Writing static.5.vtk
INFO: Writing static.5.vtu
INFO: Step 6, time 6.00e-01, U, 3 components, 882 values
INFO: Step 6, time 6.00e-01, RF, 3 components, 882 values
INFO: Writing static.6.vtk
INFO: Writing static.6.vtu

==================================================
72: mkraska/RVE/Periodic/Refs/Solve.frd
INFO: Reading Solve.frd
INFO: 1331 nodes
INFO: 1000 cells
INFO: 1 time increment
INFO: Step 1, time 1.0, U, 3 components, 1331 values
INFO: Step 1, time 1.0, S, 6 components, 1331 values
INFO: Step 1, time 1.0, S_Mises, 1 components, 1331 values
INFO: Step 1, time 1.0, S_Principal, 3 components, 1331 values
INFO: Step 1, time 1.0, ERROR, 1 components, 1331 values
INFO: Writing Solve.vtk
INFO: Writing Solve.vtu

==================================================
73: mkraska/RVE/PlanarSlide/Refs/Zug.frd
INFO: Reading Zug.frd
INFO: 21711 nodes
INFO: 13264 cells
INFO: 15 time increments
INFO: Step 1, time 1.00e-02, U, 3 components, 21711 values
INFO: Step 1, time 1.00e-02, S, 6 components, 21711 values
INFO: Step 1, time 1.00e-02, S_Mises, 1 components, 21711 values
INFO: Step 1, time 1.00e-02, S_Principal, 3 components, 21711 values
INFO: Step 1, time 1.00e-02, PEEQ, 1 components, 21711 values
INFO: Step 1, time 1.00e-02, ERROR, 1 components, 21711 values
INFO: Writing Zug.01.vtk
INFO: Writing Zug.01.vtu
INFO: Step 2, time 2.00e-02, U, 3 components, 21711 values
INFO: Step 2, time 2.00e-02, S, 6 components, 21711 values
INFO: Step 2, time 2.00e-02, S_Mises, 1 components, 21711 values
INFO: Step 2, time 2.00e-02, S_Principal, 3 components, 21711 values
INFO: Step 2, time 2.00e-02, PEEQ, 1 components, 21711 values
INFO: Step 2, time 2.00e-02, ERROR, 1 components, 21711 values
INFO: Writing Zug.02.vtk
INFO: Writing Zug.02.vtu
INFO: Step 3, time 3.50e-02, U, 3 components, 21711 values
INFO: Step 3, time 3.50e-02, S, 6 components, 21711 values
INFO: Step 3, time 3.50e-02, S_Mises, 1 components, 21711 values
INFO: Step 3, time 3.50e-02, S_Principal, 3 components, 21711 values
INFO: Step 3, time 3.50e-02, PEEQ, 1 components, 21711 values
INFO: Step 3, time 3.50e-02, ERROR, 1 components, 21711 values
INFO: Writing Zug.03.vtk
INFO: Writing Zug.03.vtu
INFO: Step 4, time 5.75e-02, U, 3 components, 21711 values
INFO: Step 4, time 5.75e-02, S, 6 components, 21711 values
INFO: Step 4, time 5.75e-02, S_Mises, 1 components, 21711 values
INFO: Step 4, time 5.75e-02, S_Principal, 3 components, 21711 values
INFO: Step 4, time 5.75e-02, PEEQ, 1 components, 21711 values
INFO: Step 4, time 5.75e-02, ERROR, 1 components, 21711 values
INFO: Writing Zug.04.vtk
INFO: Writing Zug.04.vtu
INFO: Step 5, time 9.12e-02, U, 3 components, 21711 values
INFO: Step 5, time 9.12e-02, S, 6 components, 21711 values
INFO: Step 5, time 9.12e-02, S_Mises, 1 components, 21711 values
INFO: Step 5, time 9.12e-02, S_Principal, 3 components, 21711 values
INFO: Step 5, time 9.12e-02, PEEQ, 1 components, 21711 values
INFO: Step 5, time 9.12e-02, ERROR, 1 components, 21711 values
INFO: Writing Zug.05.vtk
INFO: Writing Zug.05.vtu
INFO: Step 6, time 1.42e-01, U, 3 components, 21711 values
INFO: Step 6, time 1.42e-01, S, 6 components, 21711 values
INFO: Step 6, time 1.42e-01, S_Mises, 1 components, 21711 values
INFO: Step 6, time 1.42e-01, S_Principal, 3 components, 21711 values
INFO: Step 6, time 1.42e-01, PEEQ, 1 components, 21711 values
INFO: Step 6, time 1.42e-01, ERROR, 1 components, 21711 values
INFO: Writing Zug.06.vtk
INFO: Writing Zug.06.vtu
INFO: Step 7, time 2.18e-01, U, 3 components, 21711 values
INFO: Step 7, time 2.18e-01, S, 6 components, 21711 values
INFO: Step 7, time 2.18e-01, S_Mises, 1 components, 21711 values
INFO: Step 7, time 2.18e-01, S_Principal, 3 components, 21711 values
INFO: Step 7, time 2.18e-01, PEEQ, 1 components, 21711 values
INFO: Step 7, time 2.18e-01, ERROR, 1 components, 21711 values
INFO: Writing Zug.07.vtk
INFO: Writing Zug.07.vtu
INFO: Step 8, time 3.18e-01, U, 3 components, 21711 values
INFO: Step 8, time 3.18e-01, S, 6 components, 21711 values
INFO: Step 8, time 3.18e-01, S_Mises, 1 components, 21711 values
INFO: Step 8, time 3.18e-01, S_Principal, 3 components, 21711 values
INFO: Step 8, time 3.18e-01, PEEQ, 1 components, 21711 values
INFO: Step 8, time 3.18e-01, ERROR, 1 components, 21711 values
INFO: Writing Zug.08.vtk
INFO: Writing Zug.08.vtu
INFO: Step 9, time 4.18e-01, U, 3 components, 21711 values
INFO: Step 9, time 4.18e-01, S, 6 components, 21711 values
INFO: Step 9, time 4.18e-01, S_Mises, 1 components, 21711 values
INFO: Step 9, time 4.18e-01, S_Principal, 3 components, 21711 values
INFO: Step 9, time 4.18e-01, PEEQ, 1 components, 21711 values
INFO: Step 9, time 4.18e-01, ERROR, 1 components, 21711 values
INFO: Writing Zug.09.vtk
INFO: Writing Zug.09.vtu
INFO: Step 10, time 5.18e-01, U, 3 components, 21711 values
INFO: Step 10, time 5.18e-01, S, 6 components, 21711 values
INFO: Step 10, time 5.18e-01, S_Mises, 1 components, 21711 values
INFO: Step 10, time 5.18e-01, S_Principal, 3 components, 21711 values
INFO: Step 10, time 5.18e-01, PEEQ, 1 components, 21711 values
INFO: Step 10, time 5.18e-01, ERROR, 1 components, 21711 values
INFO: Writing Zug.10.vtk
INFO: Writing Zug.10.vtu
INFO: Step 11, time 6.18e-01, U, 3 components, 21711 values
INFO: Step 11, time 6.18e-01, S, 6 components, 21711 values
INFO: Step 11, time 6.18e-01, S_Mises, 1 components, 21711 values
INFO: Step 11, time 6.18e-01, S_Principal, 3 components, 21711 values
INFO: Step 11, time 6.18e-01, PEEQ, 1 components, 21711 values
INFO: Step 11, time 6.18e-01, ERROR, 1 components, 21711 values
INFO: Writing Zug.11.vtk
INFO: Writing Zug.11.vtu
INFO: Step 12, time 7.18e-01, U, 3 components, 21711 values
INFO: Step 12, time 7.18e-01, S, 6 components, 21711 values
INFO: Step 12, time 7.18e-01, S_Mises, 1 components, 21711 values
INFO: Step 12, time 7.18e-01, S_Principal, 3 components, 21711 values
INFO: Step 12, time 7.18e-01, PEEQ, 1 components, 21711 values
INFO: Step 12, time 7.18e-01, ERROR, 1 components, 21711 values
INFO: Writing Zug.12.vtk
INFO: Writing Zug.12.vtu
INFO: Step 13, time 8.18e-01, U, 3 components, 21711 values
INFO: Step 13, time 8.18e-01, S, 6 components, 21711 values
INFO: Step 13, time 8.18e-01, S_Mises, 1 components, 21711 values
INFO: Step 13, time 8.18e-01, S_Principal, 3 components, 21711 values
INFO: Step 13, time 8.18e-01, PEEQ, 1 components, 21711 values
INFO: Step 13, time 8.18e-01, ERROR, 1 components, 21711 values
INFO: Writing Zug.13.vtk
INFO: Writing Zug.13.vtu
INFO: Step 14, time 9.18e-01, U, 3 components, 21711 values
INFO: Step 14, time 9.18e-01, S, 6 components, 21711 values
INFO: Step 14, time 9.18e-01, S_Mises, 1 components, 21711 values
INFO: Step 14, time 9.18e-01, S_Principal, 3 components, 21711 values
INFO: Step 14, time 9.18e-01, PEEQ, 1 components, 21711 values
INFO: Step 14, time 9.18e-01, ERROR, 1 components, 21711 values
INFO: Writing Zug.14.vtk
INFO: Writing Zug.14.vtu
INFO: Step 15, time 1.0, U, 3 components, 21711 values
INFO: Step 15, time 1.0, S, 6 components, 21711 values
INFO: Step 15, time 1.0, S_Mises, 1 components, 21711 values
INFO: Step 15, time 1.0, S_Principal, 3 components, 21711 values
INFO: Step 15, time 1.0, PEEQ, 1 components, 21711 values
INFO: Step 15, time 1.0, ERROR, 1 components, 21711 values
INFO: Writing Zug.15.vtk
INFO: Writing Zug.15.vtu

==================================================
74: mkraska/RVE/PlaneOrtho1/Refs/Zug.frd
INFO: Reading Zug.frd
INFO: 1154 nodes
INFO: 527 cells
INFO: 15 time increments
INFO: Step 1, time 1.00e-02, U, 3 components, 1154 values
INFO: Step 1, time 1.00e-02, S, 6 components, 1154 values
INFO: Step 1, time 1.00e-02, S_Mises, 1 components, 1154 values
INFO: Step 1, time 1.00e-02, S_Principal, 3 components, 1154 values
INFO: Step 1, time 1.00e-02, PEEQ, 1 components, 1154 values
INFO: Step 1, time 1.00e-02, ERROR, 1 components, 1154 values
INFO: Writing Zug.01.vtk
INFO: Writing Zug.01.vtu
INFO: Step 2, time 2.00e-02, U, 3 components, 1154 values
INFO: Step 2, time 2.00e-02, S, 6 components, 1154 values
INFO: Step 2, time 2.00e-02, S_Mises, 1 components, 1154 values
INFO: Step 2, time 2.00e-02, S_Principal, 3 components, 1154 values
INFO: Step 2, time 2.00e-02, PEEQ, 1 components, 1154 values
INFO: Step 2, time 2.00e-02, ERROR, 1 components, 1154 values
INFO: Writing Zug.02.vtk
INFO: Writing Zug.02.vtu
INFO: Step 3, time 3.50e-02, U, 3 components, 1154 values
INFO: Step 3, time 3.50e-02, S, 6 components, 1154 values
INFO: Step 3, time 3.50e-02, S_Mises, 1 components, 1154 values
INFO: Step 3, time 3.50e-02, S_Principal, 3 components, 1154 values
INFO: Step 3, time 3.50e-02, PEEQ, 1 components, 1154 values
INFO: Step 3, time 3.50e-02, ERROR, 1 components, 1154 values
INFO: Writing Zug.03.vtk
INFO: Writing Zug.03.vtu
INFO: Step 4, time 5.75e-02, U, 3 components, 1154 values
INFO: Step 4, time 5.75e-02, S, 6 components, 1154 values
INFO: Step 4, time 5.75e-02, S_Mises, 1 components, 1154 values
INFO: Step 4, time 5.75e-02, S_Principal, 3 components, 1154 values
INFO: Step 4, time 5.75e-02, PEEQ, 1 components, 1154 values
INFO: Step 4, time 5.75e-02, ERROR, 1 components, 1154 values
INFO: Writing Zug.04.vtk
INFO: Writing Zug.04.vtu
INFO: Step 5, time 9.12e-02, U, 3 components, 1154 values
INFO: Step 5, time 9.12e-02, S, 6 components, 1154 values
INFO: Step 5, time 9.12e-02, S_Mises, 1 components, 1154 values
INFO: Step 5, time 9.12e-02, S_Principal, 3 components, 1154 values
INFO: Step 5, time 9.12e-02, PEEQ, 1 components, 1154 values
INFO: Step 5, time 9.12e-02, ERROR, 1 components, 1154 values
INFO: Writing Zug.05.vtk
INFO: Writing Zug.05.vtu
INFO: Step 6, time 1.42e-01, U, 3 components, 1154 values
INFO: Step 6, time 1.42e-01, S, 6 components, 1154 values
INFO: Step 6, time 1.42e-01, S_Mises, 1 components, 1154 values
INFO: Step 6, time 1.42e-01, S_Principal, 3 components, 1154 values
INFO: Step 6, time 1.42e-01, PEEQ, 1 components, 1154 values
INFO: Step 6, time 1.42e-01, ERROR, 1 components, 1154 values
INFO: Writing Zug.06.vtk
INFO: Writing Zug.06.vtu
INFO: Step 7, time 2.18e-01, U, 3 components, 1154 values
INFO: Step 7, time 2.18e-01, S, 6 components, 1154 values
INFO: Step 7, time 2.18e-01, S_Mises, 1 components, 1154 values
INFO: Step 7, time 2.18e-01, S_Principal, 3 components, 1154 values
INFO: Step 7, time 2.18e-01, PEEQ, 1 components, 1154 values
INFO: Step 7, time 2.18e-01, ERROR, 1 components, 1154 values
INFO: Writing Zug.07.vtk
INFO: Writing Zug.07.vtu
INFO: Step 8, time 3.18e-01, U, 3 components, 1154 values
INFO: Step 8, time 3.18e-01, S, 6 components, 1154 values
INFO: Step 8, time 3.18e-01, S_Mises, 1 components, 1154 values
INFO: Step 8, time 3.18e-01, S_Principal, 3 components, 1154 values
INFO: Step 8, time 3.18e-01, PEEQ, 1 components, 1154 values
INFO: Step 8, time 3.18e-01, ERROR, 1 components, 1154 values
INFO: Writing Zug.08.vtk
INFO: Writing Zug.08.vtu
INFO: Step 9, time 4.18e-01, U, 3 components, 1154 values
INFO: Step 9, time 4.18e-01, S, 6 components, 1154 values
INFO: Step 9, time 4.18e-01, S_Mises, 1 components, 1154 values
INFO: Step 9, time 4.18e-01, S_Principal, 3 components, 1154 values
INFO: Step 9, time 4.18e-01, PEEQ, 1 components, 1154 values
INFO: Step 9, time 4.18e-01, ERROR, 1 components, 1154 values
INFO: Writing Zug.09.vtk
INFO: Writing Zug.09.vtu
INFO: Step 10, time 5.18e-01, U, 3 components, 1154 values
INFO: Step 10, time 5.18e-01, S, 6 components, 1154 values
INFO: Step 10, time 5.18e-01, S_Mises, 1 components, 1154 values
INFO: Step 10, time 5.18e-01, S_Principal, 3 components, 1154 values
INFO: Step 10, time 5.18e-01, PEEQ, 1 components, 1154 values
INFO: Step 10, time 5.18e-01, ERROR, 1 components, 1154 values
INFO: Writing Zug.10.vtk
INFO: Writing Zug.10.vtu
INFO: Step 11, time 6.18e-01, U, 3 components, 1154 values
INFO: Step 11, time 6.18e-01, S, 6 components, 1154 values
INFO: Step 11, time 6.18e-01, S_Mises, 1 components, 1154 values
INFO: Step 11, time 6.18e-01, S_Principal, 3 components, 1154 values
INFO: Step 11, time 6.18e-01, PEEQ, 1 components, 1154 values
INFO: Step 11, time 6.18e-01, ERROR, 1 components, 1154 values
INFO: Writing Zug.11.vtk
INFO: Writing Zug.11.vtu
INFO: Step 12, time 7.18e-01, U, 3 components, 1154 values
INFO: Step 12, time 7.18e-01, S, 6 components, 1154 values
INFO: Step 12, time 7.18e-01, S_Mises, 1 components, 1154 values
INFO: Step 12, time 7.18e-01, S_Principal, 3 components, 1154 values
INFO: Step 12, time 7.18e-01, PEEQ, 1 components, 1154 values
INFO: Step 12, time 7.18e-01, ERROR, 1 components, 1154 values
INFO: Writing Zug.12.vtk
INFO: Writing Zug.12.vtu
INFO: Step 13, time 8.18e-01, U, 3 components, 1154 values
INFO: Step 13, time 8.18e-01, S, 6 components, 1154 values
INFO: Step 13, time 8.18e-01, S_Mises, 1 components, 1154 values
INFO: Step 13, time 8.18e-01, S_Principal, 3 components, 1154 values
INFO: Step 13, time 8.18e-01, PEEQ, 1 components, 1154 values
INFO: Step 13, time 8.18e-01, ERROR, 1 components, 1154 values
INFO: Writing Zug.13.vtk
INFO: Writing Zug.13.vtu
INFO: Step 14, time 9.18e-01, U, 3 components, 1154 values
INFO: Step 14, time 9.18e-01, S, 6 components, 1154 values
INFO: Step 14, time 9.18e-01, S_Mises, 1 components, 1154 values
INFO: Step 14, time 9.18e-01, S_Principal, 3 components, 1154 values
INFO: Step 14, time 9.18e-01, PEEQ, 1 components, 1154 values
INFO: Step 14, time 9.18e-01, ERROR, 1 components, 1154 values
INFO: Writing Zug.14.vtk
INFO: Writing Zug.14.vtu
INFO: Step 15, time 1.0, U, 3 components, 1154 values
INFO: Step 15, time 1.0, S, 6 components, 1154 values
INFO: Step 15, time 1.0, S_Mises, 1 components, 1154 values
INFO: Step 15, time 1.0, S_Principal, 3 components, 1154 values
INFO: Step 15, time 1.0, PEEQ, 1 components, 1154 values
INFO: Step 15, time 1.0, ERROR, 1 components, 1154 values
INFO: Writing Zug.15.vtk
INFO: Writing Zug.15.vtu

==================================================
75: mkraska/Test/Beam/Refs/modal.frd
INFO: Reading modal.frd
INFO: 202 nodes
INFO: 18 cells
INFO: 20 time increments
INFO: Step 1, time 0.00e+00, U, 3 components, 202 values
INFO: Writing modal.01.vtk
INFO: Writing modal.01.vtu
INFO: Step 2, time 0.00e+00, U, 3 components, 202 values
INFO: Writing modal.02.vtk
INFO: Writing modal.02.vtu
INFO: Step 3, time 6.41e-03, U, 3 components, 202 values
INFO: Writing modal.03.vtk
INFO: Writing modal.03.vtu
INFO: Step 4, time 359.0, U, 3 components, 202 values
INFO: Writing modal.04.vtk
INFO: Writing modal.04.vtu
INFO: Step 5, time 704.2, U, 3 components, 202 values
INFO: Writing modal.05.vtk
INFO: Writing modal.05.vtu
INFO: Step 6, time 1822.7, U, 3 components, 202 values
INFO: Writing modal.06.vtk
INFO: Writing modal.06.vtu
INFO: Step 7, time 3446.7, U, 3 components, 202 values
INFO: Writing modal.07.vtk
INFO: Writing modal.07.vtu
INFO: Step 8, time 6480.5, U, 3 components, 202 values
INFO: Writing modal.08.vtk
INFO: Writing modal.08.vtu
INFO: Step 9, time 7578.7, U, 3 components, 202 values
INFO: Writing modal.09.vtk
INFO: Writing modal.09.vtu
INFO: Step 10, time 9022.3, U, 3 components, 202 values
INFO: Writing modal.10.vtk
INFO: Writing modal.10.vtu
INFO: Step 11, time 12516.8, U, 3 components, 202 values
INFO: Writing modal.11.vtk
INFO: Writing modal.11.vtu
INFO: Step 12, time 12719.0, U, 3 components, 202 values
INFO: Writing modal.12.vtk
INFO: Writing modal.12.vtu
INFO: Step 13, time 12719.0, U, 3 components, 202 values
INFO: Writing modal.13.vtk
INFO: Writing modal.13.vtu
INFO: Step 14, time 13583.9, U, 3 components, 202 values
INFO: Writing modal.14.vtk
INFO: Writing modal.14.vtu
INFO: Step 15, time 19485.3, U, 3 components, 202 values
INFO: Writing modal.15.vtk
INFO: Writing modal.15.vtu
INFO: Step 16, time 20315.3, U, 3 components, 202 values
INFO: Writing modal.16.vtk
INFO: Writing modal.16.vtu
INFO: Step 17, time 25698.0, U, 3 components, 202 values
INFO: Writing modal.17.vtk
INFO: Writing modal.17.vtu
INFO: Step 18, time 25840.5, U, 3 components, 202 values
INFO: Writing modal.18.vtk
INFO: Writing modal.18.vtu
INFO: Step 19, time 25840.5, U, 3 components, 202 values
INFO: Writing modal.19.vtk
INFO: Writing modal.19.vtu
INFO: Step 20, time 26008.8, U, 3 components, 202 values
INFO: Writing modal.20.vtk
INFO: Writing modal.20.vtu

==================================================
76: mkraska/Test/BeamSections/Refs/b32.frd
INFO: Reading b32.frd
INFO: 68 nodes
INFO: 5 cells
INFO: 1 time increment
INFO: Step 1, time 1.0, U, 3 components, 68 values
INFO: Step 1, time 1.0, S, 6 components, 68 values
INFO: Step 1, time 1.0, S_Mises, 1 components, 68 values
INFO: Step 1, time 1.0, S_Principal, 3 components, 68 values
INFO: Step 1, time 1.0, E, 6 components, 68 values
INFO: Step 1, time 1.0, E_Mises, 1 components, 68 values
INFO: Step 1, time 1.0, E_Principal, 3 components, 68 values
INFO: Step 1, time 1.0, ERROR, 1 components, 68 values
INFO: Writing b32.vtk
INFO: Writing b32.vtu

==================================================
77: mkraska/Test/BeamSections/Refs/u1General.frd
INFO: Reading u1General.frd
INFO: 0 nodes
INFO: 0 cells
INFO: 1 time increment
WARNING: Step 1, time 1.0, U, 6 components, 0 values
WARNING: Step 1, time 1.0, S, 6 components, 0 values
WARNING: Step 1, time 1.0, S_Mises, 1 components, 0 values
WARNING: Step 1, time 1.0, S_Principal, 3 components, 0 values
WARNING: Step 1, time 1.0, ERROR, 1 components, 0 values
INFO: Writing u1General.vtk
INFO: Writing u1General.vtu

==================================================
78: mkraska/Test/Distributing/Refs/solve.frd
INFO: Reading solve.frd
INFO: 702 nodes
INFO: 312 cells
INFO: 3 time increments
INFO: Step 1, time 1.0, U, 3 components, 702 values
INFO: Step 1, time 1.0, S, 6 components, 702 values
INFO: Step 1, time 1.0, S_Mises, 1 components, 702 values
INFO: Step 1, time 1.0, S_Principal, 3 components, 702 values
INFO: Step 1, time 1.0, ERROR, 1 components, 702 values
INFO: Writing solve.1.vtk
INFO: Writing solve.1.vtu
INFO: Step 2, time 2.0, U, 3 components, 702 values
INFO: Step 2, time 2.0, S, 6 components, 702 values
INFO: Step 2, time 2.0, S_Mises, 1 components, 702 values
INFO: Step 2, time 2.0, S_Principal, 3 components, 702 values
INFO: Step 2, time 2.0, ERROR, 1 components, 702 values
INFO: Writing solve.2.vtk
INFO: Writing solve.2.vtu
INFO: Step 3, time 3.0, U, 3 components, 702 values
INFO: Step 3, time 3.0, S, 6 components, 702 values
INFO: Step 3, time 3.0, S_Mises, 1 components, 702 values
INFO: Step 3, time 3.0, S_Principal, 3 components, 702 values
INFO: Step 3, time 3.0, ERROR, 1 components, 702 values
INFO: Writing solve.3.vtk
INFO: Writing solve.3.vtu

==================================================
79: mkraska/Test/Joints/Refs/solve.frd
INFO: Reading solve.frd
INFO: 2968 nodes
INFO: 1269 cells
INFO: 11 time increments
INFO: Step 1, time 0.00e+00, U, 3 components, 2968 values
INFO: Writing solve.01.vtk
INFO: Writing solve.01.vtu
INFO: Step 2, time 0.00e+00, U, 3 components, 2968 values
INFO: Writing solve.02.vtk
INFO: Writing solve.02.vtu
INFO: Step 3, time 119.2, U, 3 components, 2968 values
INFO: Writing solve.03.vtk
INFO: Writing solve.03.vtu
INFO: Step 4, time 419.3, U, 3 components, 2968 values
INFO: Writing solve.04.vtk
INFO: Writing solve.04.vtu
INFO: Step 5, time 1338.9, U, 3 components, 2968 values
INFO: Writing solve.05.vtk
INFO: Writing solve.05.vtu
INFO: Step 6, time 1554.6, U, 3 components, 2968 values
INFO: Writing solve.06.vtk
INFO: Writing solve.06.vtu
INFO: Step 7, time 1776.2, U, 3 components, 2968 values
INFO: Writing solve.07.vtk
INFO: Writing solve.07.vtu
INFO: Step 8, time 3359.9, U, 3 components, 2968 values
INFO: Writing solve.08.vtk
INFO: Writing solve.08.vtu
INFO: Step 9, time 3885.6, U, 3 components, 2968 values
INFO: Writing solve.09.vtk
INFO: Writing solve.09.vtu
INFO: Step 10, time 5913.2, U, 3 components, 2968 values
INFO: Writing solve.10.vtk
INFO: Writing solve.10.vtu
INFO: Step 11, time 1.0, U, 3 components, 2968 values
INFO: Step 11, time 1.0, S, 6 components, 2968 values
INFO: Step 11, time 1.0, S_Mises, 1 components, 2968 values
INFO: Step 11, time 1.0, S_Principal, 3 components, 2968 values
INFO: Step 11, time 1.0, ERROR, 1 components, 2968 values
INFO: Writing solve.11.vtk
INFO: Writing solve.11.vtu

==================================================
80: mkraska/Test/Joints/Refs/solve2.frd
INFO: Reading solve2.frd
INFO: 2908 nodes
INFO: 1266 cells
INFO: 13 time increments
INFO: Step 1, time 0.00e+00, U, 3 components, 2908 values
INFO: Writing solve2.01.vtk
INFO: Writing solve2.01.vtu
INFO: Step 2, time 121.9, U, 3 components, 2908 values
INFO: Writing solve2.02.vtk
INFO: Writing solve2.02.vtu
INFO: Step 3, time 455.5, U, 3 components, 2908 values
INFO: Writing solve2.03.vtk
INFO: Writing solve2.03.vtu
INFO: Step 4, time 734.6, U, 3 components, 2908 values
INFO: Writing solve2.04.vtk
INFO: Writing solve2.04.vtu
INFO: Step 5, time 1638.1, U, 3 components, 2908 values
INFO: Writing solve2.05.vtk
INFO: Writing solve2.05.vtu
INFO: Step 6, time 2037.5, U, 3 components, 2908 values
INFO: Writing solve2.06.vtk
INFO: Writing solve2.06.vtu
INFO: Step 7, time 3677.7, U, 3 components, 2908 values
INFO: Writing solve2.07.vtk
INFO: Writing solve2.07.vtu
INFO: Step 8, time 4728.8, U, 3 components, 2908 values
INFO: Writing solve2.08.vtk
INFO: Writing solve2.08.vtu
INFO: Step 9, time 4972.2, U, 3 components, 2908 values
INFO: Writing solve2.09.vtk
INFO: Writing solve2.09.vtu
INFO: Step 10, time 6870.1, U, 3 components, 2908 values
INFO: Writing solve2.10.vtk
INFO: Writing solve2.10.vtu
INFO: Step 11, time 1.0, U, 3 components, 2908 values
INFO: Step 11, time 1.0, S, 6 components, 2908 values
INFO: Step 11, time 1.0, S_Mises, 1 components, 2908 values
INFO: Step 11, time 1.0, S_Principal, 3 components, 2908 values
INFO: Step 11, time 1.0, ERROR, 1 components, 2908 values
INFO: Writing solve2.11.vtk
INFO: Writing solve2.11.vtu
INFO: Step 12, time 2.0, U, 3 components, 2908 values
INFO: Step 12, time 2.0, S, 6 components, 2908 values
INFO: Step 12, time 2.0, S_Mises, 1 components, 2908 values
INFO: Step 12, time 2.0, S_Principal, 3 components, 2908 values
INFO: Step 12, time 2.0, ERROR, 1 components, 2908 values
INFO: Writing solve2.12.vtk
INFO: Writing solve2.12.vtu
INFO: Step 13, time 2.0, U, 3 components, 2908 values
INFO: Step 13, time 2.0, RF, 3 components, 2908 values
INFO: Writing solve2.13.vtk
INFO: Writing solve2.13.vtu

==================================================
81: mkraska/Test/Meanrot/Refs/solve.frd
INFO: Reading solve.frd
INFO: 702 nodes
INFO: 312 cells
INFO: 3 time increments
INFO: Step 1, time 1.0, U, 3 components, 702 values
INFO: Step 1, time 1.0, S, 6 components, 702 values
INFO: Step 1, time 1.0, S_Mises, 1 components, 702 values
INFO: Step 1, time 1.0, S_Principal, 3 components, 702 values
INFO: Step 1, time 1.0, ERROR, 1 components, 702 values
INFO: Writing solve.1.vtk
INFO: Writing solve.1.vtu
INFO: Step 2, time 2.0, U, 3 components, 702 values
INFO: Step 2, time 2.0, S, 6 components, 702 values
INFO: Step 2, time 2.0, S_Mises, 1 components, 702 values
INFO: Step 2, time 2.0, S_Principal, 3 components, 702 values
INFO: Step 2, time 2.0, ERROR, 1 components, 702 values
INFO: Writing solve.2.vtk
INFO: Writing solve.2.vtu
INFO: Step 3, time 3.0, U, 3 components, 702 values
INFO: Step 3, time 3.0, S, 6 components, 702 values
INFO: Step 3, time 3.0, S_Mises, 1 components, 702 values
INFO: Step 3, time 3.0, S_Principal, 3 components, 702 values
INFO: Step 3, time 3.0, ERROR, 1 components, 702 values
INFO: Writing solve.3.vtk
INFO: Writing solve.3.vtu

==================================================
82: mkraska/Test/Supports/Refs/solve.frd
INFO: Reading solve.frd
INFO: 525 nodes
INFO: 320 cells
INFO: 20 time increments
INFO: Step 1, time 0.00e+00, U, 3 components, 525 values
INFO: Writing solve.01.vtk
INFO: Writing solve.01.vtu
INFO: Step 2, time 0.00e+00, U, 3 components, 525 values
INFO: Writing solve.02.vtk
INFO: Writing solve.02.vtu
INFO: Step 3, time 1.30e-03, U, 3 components, 525 values
INFO: Writing solve.03.vtk
INFO: Writing solve.03.vtu
INFO: Step 4, time 4.74e-03, U, 3 components, 525 values
INFO: Writing solve.04.vtk
INFO: Writing solve.04.vtu
INFO: Step 5, time 5.36e-03, U, 3 components, 525 values
INFO: Writing solve.05.vtk
INFO: Writing solve.05.vtu
INFO: Step 6, time 5.63e-02, U, 3 components, 525 values
INFO: Writing solve.06.vtk
INFO: Writing solve.06.vtu
INFO: Step 7, time 2640.4, U, 3 components, 525 values
INFO: Writing solve.07.vtk
INFO: Writing solve.07.vtu
INFO: Step 8, time 5147.6, U, 3 components, 525 values
INFO: Writing solve.08.vtk
INFO: Writing solve.08.vtu
INFO: Step 9, time 7202.4, U, 3 components, 525 values
INFO: Writing solve.09.vtk
INFO: Writing solve.09.vtu
INFO: Step 10, time 12193.5, U, 3 components, 525 values
INFO: Writing solve.10.vtk
INFO: Writing solve.10.vtu
INFO: Step 11, time 412.4, U, 3 components, 525 values
INFO: Writing solve.11.vtk
INFO: Writing solve.11.vtu
INFO: Step 12, time 808.9, U, 3 components, 525 values
INFO: Writing solve.12.vtk
INFO: Writing solve.12.vtu
INFO: Step 13, time 2566.3, U, 3 components, 525 values
INFO: Writing solve.13.vtk
INFO: Writing solve.13.vtu
INFO: Step 14, time 4877.7, U, 3 components, 525 values
INFO: Writing solve.14.vtk
INFO: Writing solve.14.vtu
INFO: Step 15, time 6059.3, U, 3 components, 525 values
INFO: Writing solve.15.vtk
INFO: Writing solve.15.vtu
INFO: Step 16, time 7106.5, U, 3 components, 525 values
INFO: Writing solve.16.vtk
INFO: Writing solve.16.vtu
INFO: Step 17, time 12925.9, U, 3 components, 525 values
INFO: Writing solve.17.vtk
INFO: Writing solve.17.vtu
INFO: Step 18, time 12933.2, U, 3 components, 525 values
INFO: Writing solve.18.vtk
INFO: Writing solve.18.vtu
INFO: Step 19, time 13714.7, U, 3 components, 525 values
INFO: Writing solve.19.vtk
INFO: Writing solve.19.vtu
INFO: Step 20, time 18187.3, U, 3 components, 525 values
INFO: Writing solve.20.vtk
INFO: Writing solve.20.vtu

==================================================
83: mkraska/Test/Supports/Refs/trans.frd
INFO: Reading trans.frd
INFO: 525 nodes
INFO: 320 cells
INFO: 31 time increments
INFO: Step 1, time 1.0, U, 3 components, 525 values
INFO: Step 1, time 1.0, S, 6 components, 525 values
INFO: Step 1, time 1.0, S_Mises, 1 components, 525 values
INFO: Step 1, time 1.0, S_Principal, 3 components, 525 values
INFO: Step 1, time 1.0, ERROR, 1 components, 525 values
INFO: Writing trans.01.vtk
INFO: Writing trans.01.vtu
INFO: Step 2, time 1.1, U, 3 components, 525 values
INFO: Step 2, time 1.1, S, 6 components, 525 values
INFO: Step 2, time 1.1, S_Mises, 1 components, 525 values
INFO: Step 2, time 1.1, S_Principal, 3 components, 525 values
INFO: Step 2, time 1.1, ERROR, 1 components, 525 values
INFO: Writing trans.02.vtk
INFO: Writing trans.02.vtu
INFO: Step 3, time 1.2, U, 3 components, 525 values
INFO: Step 3, time 1.2, S, 6 components, 525 values
INFO: Step 3, time 1.2, S_Mises, 1 components, 525 values
INFO: Step 3, time 1.2, S_Principal, 3 components, 525 values
INFO: Step 3, time 1.2, ERROR, 1 components, 525 values
INFO: Writing trans.03.vtk
INFO: Writing trans.03.vtu
INFO: Step 4, time 1.3, U, 3 components, 525 values
INFO: Step 4, time 1.3, S, 6 components, 525 values
INFO: Step 4, time 1.3, S_Mises, 1 components, 525 values
INFO: Step 4, time 1.3, S_Principal, 3 components, 525 values
INFO: Step 4, time 1.3, ERROR, 1 components, 525 values
INFO: Writing trans.04.vtk
INFO: Writing trans.04.vtu
INFO: Step 5, time 1.4, U, 3 components, 525 values
INFO: Step 5, time 1.4, S, 6 components, 525 values
INFO: Step 5, time 1.4, S_Mises, 1 components, 525 values
INFO: Step 5, time 1.4, S_Principal, 3 components, 525 values
INFO: Step 5, time 1.4, ERROR, 1 components, 525 values
INFO: Writing trans.05.vtk
INFO: Writing trans.05.vtu
INFO: Step 6, time 1.5, U, 3 components, 525 values
INFO: Step 6, time 1.5, S, 6 components, 525 values
INFO: Step 6, time 1.5, S_Mises, 1 components, 525 values
INFO: Step 6, time 1.5, S_Principal, 3 components, 525 values
INFO: Step 6, time 1.5, ERROR, 1 components, 525 values
INFO: Writing trans.06.vtk
INFO: Writing trans.06.vtu
INFO: Step 7, time 1.6, U, 3 components, 525 values
INFO: Step 7, time 1.6, S, 6 components, 525 values
INFO: Step 7, time 1.6, S_Mises, 1 components, 525 values
INFO: Step 7, time 1.6, S_Principal, 3 components, 525 values
INFO: Step 7, time 1.6, ERROR, 1 components, 525 values
INFO: Writing trans.07.vtk
INFO: Writing trans.07.vtu
INFO: Step 8, time 1.7, U, 3 components, 525 values
INFO: Step 8, time 1.7, S, 6 components, 525 values
INFO: Step 8, time 1.7, S_Mises, 1 components, 525 values
INFO: Step 8, time 1.7, S_Principal, 3 components, 525 values
INFO: Step 8, time 1.7, ERROR, 1 components, 525 values
INFO: Writing trans.08.vtk
INFO: Writing trans.08.vtu
INFO: Step 9, time 1.8, U, 3 components, 525 values
INFO: Step 9, time 1.8, S, 6 components, 525 values
INFO: Step 9, time 1.8, S_Mises, 1 components, 525 values
INFO: Step 9, time 1.8, S_Principal, 3 components, 525 values
INFO: Step 9, time 1.8, ERROR, 1 components, 525 values
INFO: Writing trans.09.vtk
INFO: Writing trans.09.vtu
INFO: Step 10, time 1.9, U, 3 components, 525 values
INFO: Step 10, time 1.9, S, 6 components, 525 values
INFO: Step 10, time 1.9, S_Mises, 1 components, 525 values
INFO: Step 10, time 1.9, S_Principal, 3 components, 525 values
INFO: Step 10, time 1.9, ERROR, 1 components, 525 values
INFO: Writing trans.10.vtk
INFO: Writing trans.10.vtu
INFO: Step 11, time 2.0, U, 3 components, 525 values
INFO: Step 11, time 2.0, S, 6 components, 525 values
INFO: Step 11, time 2.0, S_Mises, 1 components, 525 values
INFO: Step 11, time 2.0, S_Principal, 3 components, 525 values
INFO: Step 11, time 2.0, ERROR, 1 components, 525 values
INFO: Writing trans.11.vtk
INFO: Writing trans.11.vtu
INFO: Step 12, time 2.1, U, 3 components, 525 values
INFO: Step 12, time 2.1, S, 6 components, 525 values
INFO: Step 12, time 2.1, S_Mises, 1 components, 525 values
INFO: Step 12, time 2.1, S_Principal, 3 components, 525 values
INFO: Step 12, time 2.1, ERROR, 1 components, 525 values
INFO: Writing trans.12.vtk
INFO: Writing trans.12.vtu
INFO: Step 13, time 2.2, U, 3 components, 525 values
INFO: Step 13, time 2.2, S, 6 components, 525 values
INFO: Step 13, time 2.2, S_Mises, 1 components, 525 values
INFO: Step 13, time 2.2, S_Principal, 3 components, 525 values
INFO: Step 13, time 2.2, ERROR, 1 components, 525 values
INFO: Writing trans.13.vtk
INFO: Writing trans.13.vtu
INFO: Step 14, time 2.3, U, 3 components, 525 values
INFO: Step 14, time 2.3, S, 6 components, 525 values
INFO: Step 14, time 2.3, S_Mises, 1 components, 525 values
INFO: Step 14, time 2.3, S_Principal, 3 components, 525 values
INFO: Step 14, time 2.3, ERROR, 1 components, 525 values
INFO: Writing trans.14.vtk
INFO: Writing trans.14.vtu
INFO: Step 15, time 2.4, U, 3 components, 525 values
INFO: Step 15, time 2.4, S, 6 components, 525 values
INFO: Step 15, time 2.4, S_Mises, 1 components, 525 values
INFO: Step 15, time 2.4, S_Principal, 3 components, 525 values
INFO: Step 15, time 2.4, ERROR, 1 components, 525 values
INFO: Writing trans.15.vtk
INFO: Writing trans.15.vtu
INFO: Step 16, time 2.5, U, 3 components, 525 values
INFO: Step 16, time 2.5, S, 6 components, 525 values
INFO: Step 16, time 2.5, S_Mises, 1 components, 525 values
INFO: Step 16, time 2.5, S_Principal, 3 components, 525 values
INFO: Step 16, time 2.5, ERROR, 1 components, 525 values
INFO: Writing trans.16.vtk
INFO: Writing trans.16.vtu
INFO: Step 17, time 2.6, U, 3 components, 525 values
INFO: Step 17, time 2.6, S, 6 components, 525 values
INFO: Step 17, time 2.6, S_Mises, 1 components, 525 values
INFO: Step 17, time 2.6, S_Principal, 3 components, 525 values
INFO: Step 17, time 2.6, ERROR, 1 components, 525 values
INFO: Writing trans.17.vtk
INFO: Writing trans.17.vtu
INFO: Step 18, time 2.7, U, 3 components, 525 values
INFO: Step 18, time 2.7, S, 6 components, 525 values
INFO: Step 18, time 2.7, S_Mises, 1 components, 525 values
INFO: Step 18, time 2.7, S_Principal, 3 components, 525 values
INFO: Step 18, time 2.7, ERROR, 1 components, 525 values
INFO: Writing trans.18.vtk
INFO: Writing trans.18.vtu
INFO: Step 19, time 2.8, U, 3 components, 525 values
INFO: Step 19, time 2.8, S, 6 components, 525 values
INFO: Step 19, time 2.8, S_Mises, 1 components, 525 values
INFO: Step 19, time 2.8, S_Principal, 3 components, 525 values
INFO: Step 19, time 2.8, ERROR, 1 components, 525 values
INFO: Writing trans.19.vtk
INFO: Writing trans.19.vtu
INFO: Step 20, time 2.9, U, 3 components, 525 values
INFO: Step 20, time 2.9, S, 6 components, 525 values
INFO: Step 20, time 2.9, S_Mises, 1 components, 525 values
INFO: Step 20, time 2.9, S_Principal, 3 components, 525 values
INFO: Step 20, time 2.9, ERROR, 1 components, 525 values
INFO: Writing trans.20.vtk
INFO: Writing trans.20.vtu
INFO: Step 21, time 3.0, U, 3 components, 525 values
INFO: Step 21, time 3.0, S, 6 components, 525 values
INFO: Step 21, time 3.0, S_Mises, 1 components, 525 values
INFO: Step 21, time 3.0, S_Principal, 3 components, 525 values
INFO: Step 21, time 3.0, ERROR, 1 components, 525 values
INFO: Writing trans.21.vtk
INFO: Writing trans.21.vtu
INFO: Step 22, time 3.1, U, 3 components, 525 values
INFO: Step 22, time 3.1, S, 6 components, 525 values
INFO: Step 22, time 3.1, S_Mises, 1 components, 525 values
INFO: Step 22, time 3.1, S_Principal, 3 components, 525 values
INFO: Step 22, time 3.1, ERROR, 1 components, 525 values
INFO: Writing trans.22.vtk
INFO: Writing trans.22.vtu
INFO: Step 23, time 3.2, U, 3 components, 525 values
INFO: Step 23, time 3.2, S, 6 components, 525 values
INFO: Step 23, time 3.2, S_Mises, 1 components, 525 values
INFO: Step 23, time 3.2, S_Principal, 3 components, 525 values
INFO: Step 23, time 3.2, ERROR, 1 components, 525 values
INFO: Writing trans.23.vtk
INFO: Writing trans.23.vtu
INFO: Step 24, time 3.3, U, 3 components, 525 values
INFO: Step 24, time 3.3, S, 6 components, 525 values
INFO: Step 24, time 3.3, S_Mises, 1 components, 525 values
INFO: Step 24, time 3.3, S_Principal, 3 components, 525 values
INFO: Step 24, time 3.3, ERROR, 1 components, 525 values
INFO: Writing trans.24.vtk
INFO: Writing trans.24.vtu
INFO: Step 25, time 3.4, U, 3 components, 525 values
INFO: Step 25, time 3.4, S, 6 components, 525 values
INFO: Step 25, time 3.4, S_Mises, 1 components, 525 values
INFO: Step 25, time 3.4, S_Principal, 3 components, 525 values
INFO: Step 25, time 3.4, ERROR, 1 components, 525 values
INFO: Writing trans.25.vtk
INFO: Writing trans.25.vtu
INFO: Step 26, time 3.5, U, 3 components, 525 values
INFO: Step 26, time 3.5, S, 6 components, 525 values
INFO: Step 26, time 3.5, S_Mises, 1 components, 525 values
INFO: Step 26, time 3.5, S_Principal, 3 components, 525 values
INFO: Step 26, time 3.5, ERROR, 1 components, 525 values
INFO: Writing trans.26.vtk
INFO: Writing trans.26.vtu
INFO: Step 27, time 3.6, U, 3 components, 525 values
INFO: Step 27, time 3.6, S, 6 components, 525 values
INFO: Step 27, time 3.6, S_Mises, 1 components, 525 values
INFO: Step 27, time 3.6, S_Principal, 3 components, 525 values
INFO: Step 27, time 3.6, ERROR, 1 components, 525 values
INFO: Writing trans.27.vtk
INFO: Writing trans.27.vtu
INFO: Step 28, time 3.7, U, 3 components, 525 values
INFO: Step 28, time 3.7, S, 6 components, 525 values
INFO: Step 28, time 3.7, S_Mises, 1 components, 525 values
INFO: Step 28, time 3.7, S_Principal, 3 components, 525 values
INFO: Step 28, time 3.7, ERROR, 1 components, 525 values
INFO: Writing trans.28.vtk
INFO: Writing trans.28.vtu
INFO: Step 29, time 3.8, U, 3 components, 525 values
INFO: Step 29, time 3.8, S, 6 components, 525 values
INFO: Step 29, time 3.8, S_Mises, 1 components, 525 values
INFO: Step 29, time 3.8, S_Principal, 3 components, 525 values
INFO: Step 29, time 3.8, ERROR, 1 components, 525 values
INFO: Writing trans.29.vtk
INFO: Writing trans.29.vtu
INFO: Step 30, time 3.9, U, 3 components, 525 values
INFO: Step 30, time 3.9, S, 6 components, 525 values
INFO: Step 30, time 3.9, S_Mises, 1 components, 525 values
INFO: Step 30, time 3.9, S_Principal, 3 components, 525 values
INFO: Step 30, time 3.9, ERROR, 1 components, 525 values
INFO: Writing trans.30.vtk
INFO: Writing trans.30.vtu
INFO: Step 31, time 4.0, U, 3 components, 525 values
INFO: Step 31, time 4.0, S, 6 components, 525 values
INFO: Step 31, time 4.0, S_Mises, 1 components, 525 values
INFO: Step 31, time 4.0, S_Principal, 3 components, 525 values
INFO: Step 31, time 4.0, ERROR, 1 components, 525 values
INFO: Writing trans.31.vtk
INFO: Writing trans.31.vtu

==================================================
84: mkraska/Test/Supports/Refs/trfix.frd
INFO: Reading trfix.frd
INFO: 525 nodes
INFO: 320 cells
INFO: 3 time increments
INFO: Step 1, time 1.0, U, 3 components, 525 values
INFO: Step 1, time 1.0, S, 6 components, 525 values
INFO: Step 1, time 1.0, S_Mises, 1 components, 525 values
INFO: Step 1, time 1.0, S_Principal, 3 components, 525 values
INFO: Step 1, time 1.0, ERROR, 1 components, 525 values
INFO: Writing trfix.1.vtk
INFO: Writing trfix.1.vtu
INFO: Step 2, time 2.0, U, 3 components, 525 values
INFO: Step 2, time 2.0, S, 6 components, 525 values
INFO: Step 2, time 2.0, S_Mises, 1 components, 525 values
INFO: Step 2, time 2.0, S_Principal, 3 components, 525 values
INFO: Step 2, time 2.0, ERROR, 1 components, 525 values
INFO: Writing trfix.2.vtk
INFO: Writing trfix.2.vtu
INFO: Step 3, time 3.0, U, 3 components, 525 values
INFO: Step 3, time 3.0, S, 6 components, 525 values
INFO: Step 3, time 3.0, S_Mises, 1 components, 525 values
INFO: Step 3, time 3.0, S_Principal, 3 components, 525 values
INFO: Step 3, time 3.0, ERROR, 1 components, 525 values
INFO: Writing trfix.3.vtk
INFO: Writing trfix.3.vtu

==================================================
85: mkraska/Test/Supports1/Refs/solve.frd
INFO: Reading solve.frd
INFO: 2746 nodes
INFO: 1317 cells
INFO: 20 time increments
INFO: Step 1, time 0.00e+00, U, 3 components, 2746 values
INFO: Writing solve.01.vtk
INFO: Writing solve.01.vtu
INFO: Step 2, time 6672.5, U, 3 components, 2746 values
INFO: Writing solve.02.vtk
INFO: Writing solve.02.vtu
INFO: Step 3, time 6686.8, U, 3 components, 2746 values
INFO: Writing solve.03.vtk
INFO: Writing solve.03.vtu
INFO: Step 4, time 8081.5, U, 3 components, 2746 values
INFO: Writing solve.04.vtk
INFO: Writing solve.04.vtu
INFO: Step 5, time 8166.6, U, 3 components, 2746 values
INFO: Writing solve.05.vtk
INFO: Writing solve.05.vtu
INFO: Step 6, time 8185.9, U, 3 components, 2746 values
INFO: Writing solve.06.vtk
INFO: Writing solve.06.vtu
INFO: Step 7, time 9897.8, U, 3 components, 2746 values
INFO: Writing solve.07.vtk
INFO: Writing solve.07.vtu
INFO: Step 8, time 9917.3, U, 3 components, 2746 values
INFO: Writing solve.08.vtk
INFO: Writing solve.08.vtu
INFO: Step 9, time 15718.1, U, 3 components, 2746 values
INFO: Writing solve.09.vtk
INFO: Writing solve.09.vtu
INFO: Step 10, time 17728.4, U, 3 components, 2746 values
INFO: Writing solve.10.vtk
INFO: Writing solve.10.vtu
INFO: Step 11, time 17760.2, U, 3 components, 2746 values
INFO: Writing solve.11.vtk
INFO: Writing solve.11.vtu
INFO: Step 12, time 17767.3, U, 3 components, 2746 values
INFO: Writing solve.12.vtk
INFO: Writing solve.12.vtu
INFO: Step 13, time 20359.2, U, 3 components, 2746 values
INFO: Writing solve.13.vtk
INFO: Writing solve.13.vtu
INFO: Step 14, time 20397.2, U, 3 components, 2746 values
INFO: Writing solve.14.vtk
INFO: Writing solve.14.vtu
INFO: Step 15, time 28592.7, U, 3 components, 2746 values
INFO: Writing solve.15.vtk
INFO: Writing solve.15.vtu
INFO: Step 16, time 28633.4, U, 3 components, 2746 values
INFO: Writing solve.16.vtk
INFO: Writing solve.16.vtu
INFO: Step 17, time 32216.4, U, 3 components, 2746 values
INFO: Writing solve.17.vtk
INFO: Writing solve.17.vtu
INFO: Step 18, time 32221.0, U, 3 components, 2746 values
INFO: Writing solve.18.vtk
INFO: Writing solve.18.vtu
INFO: Step 19, time 33528.6, U, 3 components, 2746 values
INFO: Writing solve.19.vtk
INFO: Writing solve.19.vtu
INFO: Step 20, time 33566.3, U, 3 components, 2746 values
INFO: Writing solve.20.vtk
INFO: Writing solve.20.vtu

==================================================
86: mkraska/Thermal/Thermal distortion/Refs/Tjoint.frd
INFO: Reading Tjoint.frd
INFO: 1201 nodes
INFO: 566 cells
INFO: 1 time increment
INFO: Step 1, time 1.0, U, 3 components, 1201 values
INFO: Step 1, time 1.0, S, 6 components, 1201 values
INFO: Step 1, time 1.0, S_Mises, 1 components, 1201 values
INFO: Step 1, time 1.0, S_Principal, 3 components, 1201 values
INFO: Step 1, time 1.0, ERROR, 1 components, 1201 values
INFO: Writing Tjoint.vtk
INFO: Writing Tjoint.vtu

==================================================
87: mkraska/Thermal/Thermal shock/Refs/solve.frd
INFO: Reading solve.frd
INFO: 1373 nodes
INFO: 240 cells
INFO: 50 time increments
INFO: Step 1, time 1.00e-02, U, 3 components, 1373 values
INFO: Step 1, time 1.00e-02, NT, 1 components, 1373 values
INFO: Step 1, time 1.00e-02, S, 6 components, 1373 values
INFO: Step 1, time 1.00e-02, S_Mises, 1 components, 1373 values
INFO: Step 1, time 1.00e-02, S_Principal, 3 components, 1373 values
INFO: Step 1, time 1.00e-02, ERROR, 1 components, 1373 values
INFO: Writing solve.01.vtk
INFO: Writing solve.01.vtu
INFO: Step 2, time 2.00e-02, U, 3 components, 1373 values
INFO: Step 2, time 2.00e-02, NT, 1 components, 1373 values
INFO: Step 2, time 2.00e-02, S, 6 components, 1373 values
INFO: Step 2, time 2.00e-02, S_Mises, 1 components, 1373 values
INFO: Step 2, time 2.00e-02, S_Principal, 3 components, 1373 values
INFO: Step 2, time 2.00e-02, ERROR, 1 components, 1373 values
INFO: Writing solve.02.vtk
INFO: Writing solve.02.vtu
INFO: Step 3, time 3.00e-02, U, 3 components, 1373 values
INFO: Step 3, time 3.00e-02, NT, 1 components, 1373 values
INFO: Step 3, time 3.00e-02, S, 6 components, 1373 values
INFO: Step 3, time 3.00e-02, S_Mises, 1 components, 1373 values
INFO: Step 3, time 3.00e-02, S_Principal, 3 components, 1373 values
INFO: Step 3, time 3.00e-02, ERROR, 1 components, 1373 values
INFO: Writing solve.03.vtk
INFO: Writing solve.03.vtu
INFO: Step 4, time 4.00e-02, U, 3 components, 1373 values
INFO: Step 4, time 4.00e-02, NT, 1 components, 1373 values
INFO: Step 4, time 4.00e-02, S, 6 components, 1373 values
INFO: Step 4, time 4.00e-02, S_Mises, 1 components, 1373 values
INFO: Step 4, time 4.00e-02, S_Principal, 3 components, 1373 values
INFO: Step 4, time 4.00e-02, ERROR, 1 components, 1373 values
INFO: Writing solve.04.vtk
INFO: Writing solve.04.vtu
INFO: Step 5, time 5.00e-02, U, 3 components, 1373 values
INFO: Step 5, time 5.00e-02, NT, 1 components, 1373 values
INFO: Step 5, time 5.00e-02, S, 6 components, 1373 values
INFO: Step 5, time 5.00e-02, S_Mises, 1 components, 1373 values
INFO: Step 5, time 5.00e-02, S_Principal, 3 components, 1373 values
INFO: Step 5, time 5.00e-02, ERROR, 1 components, 1373 values
INFO: Writing solve.05.vtk
INFO: Writing solve.05.vtu
INFO: Step 6, time 6.00e-02, U, 3 components, 1373 values
INFO: Step 6, time 6.00e-02, NT, 1 components, 1373 values
INFO: Step 6, time 6.00e-02, S, 6 components, 1373 values
INFO: Step 6, time 6.00e-02, S_Mises, 1 components, 1373 values
INFO: Step 6, time 6.00e-02, S_Principal, 3 components, 1373 values
INFO: Step 6, time 6.00e-02, ERROR, 1 components, 1373 values
INFO: Writing solve.06.vtk
INFO: Writing solve.06.vtu
INFO: Step 7, time 7.00e-02, U, 3 components, 1373 values
INFO: Step 7, time 7.00e-02, NT, 1 components, 1373 values
INFO: Step 7, time 7.00e-02, S, 6 components, 1373 values
INFO: Step 7, time 7.00e-02, S_Mises, 1 components, 1373 values
INFO: Step 7, time 7.00e-02, S_Principal, 3 components, 1373 values
INFO: Step 7, time 7.00e-02, ERROR, 1 components, 1373 values
INFO: Writing solve.07.vtk
INFO: Writing solve.07.vtu
INFO: Step 8, time 8.00e-02, U, 3 components, 1373 values
INFO: Step 8, time 8.00e-02, NT, 1 components, 1373 values
INFO: Step 8, time 8.00e-02, S, 6 components, 1373 values
INFO: Step 8, time 8.00e-02, S_Mises, 1 components, 1373 values
INFO: Step 8, time 8.00e-02, S_Principal, 3 components, 1373 values
INFO: Step 8, time 8.00e-02, ERROR, 1 components, 1373 values
INFO: Writing solve.08.vtk
INFO: Writing solve.08.vtu
INFO: Step 9, time 9.00e-02, U, 3 components, 1373 values
INFO: Step 9, time 9.00e-02, NT, 1 components, 1373 values
INFO: Step 9, time 9.00e-02, S, 6 components, 1373 values
INFO: Step 9, time 9.00e-02, S_Mises, 1 components, 1373 values
INFO: Step 9, time 9.00e-02, S_Principal, 3 components, 1373 values
INFO: Step 9, time 9.00e-02, ERROR, 1 components, 1373 values
INFO: Writing solve.09.vtk
INFO: Writing solve.09.vtu
INFO: Step 10, time 1.00e-01, U, 3 components, 1373 values
INFO: Step 10, time 1.00e-01, NT, 1 components, 1373 values
INFO: Step 10, time 1.00e-01, S, 6 components, 1373 values
INFO: Step 10, time 1.00e-01, S_Mises, 1 components, 1373 values
INFO: Step 10, time 1.00e-01, S_Principal, 3 components, 1373 values
INFO: Step 10, time 1.00e-01, ERROR, 1 components, 1373 values
INFO: Writing solve.10.vtk
INFO: Writing solve.10.vtu
INFO: Step 11, time 1.10e-01, U, 3 components, 1373 values
INFO: Step 11, time 1.10e-01, NT, 1 components, 1373 values
INFO: Step 11, time 1.10e-01, S, 6 components, 1373 values
INFO: Step 11, time 1.10e-01, S_Mises, 1 components, 1373 values
INFO: Step 11, time 1.10e-01, S_Principal, 3 components, 1373 values
INFO: Step 11, time 1.10e-01, ERROR, 1 components, 1373 values
INFO: Writing solve.11.vtk
INFO: Writing solve.11.vtu
INFO: Step 12, time 1.20e-01, U, 3 components, 1373 values
INFO: Step 12, time 1.20e-01, NT, 1 components, 1373 values
INFO: Step 12, time 1.20e-01, S, 6 components, 1373 values
INFO: Step 12, time 1.20e-01, S_Mises, 1 components, 1373 values
INFO: Step 12, time 1.20e-01, S_Principal, 3 components, 1373 values
INFO: Step 12, time 1.20e-01, ERROR, 1 components, 1373 values
INFO: Writing solve.12.vtk
INFO: Writing solve.12.vtu
INFO: Step 13, time 1.30e-01, U, 3 components, 1373 values
INFO: Step 13, time 1.30e-01, NT, 1 components, 1373 values
INFO: Step 13, time 1.30e-01, S, 6 components, 1373 values
INFO: Step 13, time 1.30e-01, S_Mises, 1 components, 1373 values
INFO: Step 13, time 1.30e-01, S_Principal, 3 components, 1373 values
INFO: Step 13, time 1.30e-01, ERROR, 1 components, 1373 values
INFO: Writing solve.13.vtk
INFO: Writing solve.13.vtu
INFO: Step 14, time 1.40e-01, U, 3 components, 1373 values
INFO: Step 14, time 1.40e-01, NT, 1 components, 1373 values
INFO: Step 14, time 1.40e-01, S, 6 components, 1373 values
INFO: Step 14, time 1.40e-01, S_Mises, 1 components, 1373 values
INFO: Step 14, time 1.40e-01, S_Principal, 3 components, 1373 values
INFO: Step 14, time 1.40e-01, ERROR, 1 components, 1373 values
INFO: Writing solve.14.vtk
INFO: Writing solve.14.vtu
INFO: Step 15, time 1.50e-01, U, 3 components, 1373 values
INFO: Step 15, time 1.50e-01, NT, 1 components, 1373 values
INFO: Step 15, time 1.50e-01, S, 6 components, 1373 values
INFO: Step 15, time 1.50e-01, S_Mises, 1 components, 1373 values
INFO: Step 15, time 1.50e-01, S_Principal, 3 components, 1373 values
INFO: Step 15, time 1.50e-01, ERROR, 1 components, 1373 values
INFO: Writing solve.15.vtk
INFO: Writing solve.15.vtu
INFO: Step 16, time 1.60e-01, U, 3 components, 1373 values
INFO: Step 16, time 1.60e-01, NT, 1 components, 1373 values
INFO: Step 16, time 1.60e-01, S, 6 components, 1373 values
INFO: Step 16, time 1.60e-01, S_Mises, 1 components, 1373 values
INFO: Step 16, time 1.60e-01, S_Principal, 3 components, 1373 values
INFO: Step 16, time 1.60e-01, ERROR, 1 components, 1373 values
INFO: Writing solve.16.vtk
INFO: Writing solve.16.vtu
INFO: Step 17, time 1.70e-01, U, 3 components, 1373 values
INFO: Step 17, time 1.70e-01, NT, 1 components, 1373 values
INFO: Step 17, time 1.70e-01, S, 6 components, 1373 values
INFO: Step 17, time 1.70e-01, S_Mises, 1 components, 1373 values
INFO: Step 17, time 1.70e-01, S_Principal, 3 components, 1373 values
INFO: Step 17, time 1.70e-01, ERROR, 1 components, 1373 values
INFO: Writing solve.17.vtk
INFO: Writing solve.17.vtu
INFO: Step 18, time 1.80e-01, U, 3 components, 1373 values
INFO: Step 18, time 1.80e-01, NT, 1 components, 1373 values
INFO: Step 18, time 1.80e-01, S, 6 components, 1373 values
INFO: Step 18, time 1.80e-01, S_Mises, 1 components, 1373 values
INFO: Step 18, time 1.80e-01, S_Principal, 3 components, 1373 values
INFO: Step 18, time 1.80e-01, ERROR, 1 components, 1373 values
INFO: Writing solve.18.vtk
INFO: Writing solve.18.vtu
INFO: Step 19, time 1.90e-01, U, 3 components, 1373 values
INFO: Step 19, time 1.90e-01, NT, 1 components, 1373 values
INFO: Step 19, time 1.90e-01, S, 6 components, 1373 values
INFO: Step 19, time 1.90e-01, S_Mises, 1 components, 1373 values
INFO: Step 19, time 1.90e-01, S_Principal, 3 components, 1373 values
INFO: Step 19, time 1.90e-01, ERROR, 1 components, 1373 values
INFO: Writing solve.19.vtk
INFO: Writing solve.19.vtu
INFO: Step 20, time 2.00e-01, U, 3 components, 1373 values
INFO: Step 20, time 2.00e-01, NT, 1 components, 1373 values
INFO: Step 20, time 2.00e-01, S, 6 components, 1373 values
INFO: Step 20, time 2.00e-01, S_Mises, 1 components, 1373 values
INFO: Step 20, time 2.00e-01, S_Principal, 3 components, 1373 values
INFO: Step 20, time 2.00e-01, ERROR, 1 components, 1373 values
INFO: Writing solve.20.vtk
INFO: Writing solve.20.vtu
INFO: Step 21, time 2.10e-01, U, 3 components, 1373 values
INFO: Step 21, time 2.10e-01, NT, 1 components, 1373 values
INFO: Step 21, time 2.10e-01, S, 6 components, 1373 values
INFO: Step 21, time 2.10e-01, S_Mises, 1 components, 1373 values
INFO: Step 21, time 2.10e-01, S_Principal, 3 components, 1373 values
INFO: Step 21, time 2.10e-01, ERROR, 1 components, 1373 values
INFO: Writing solve.21.vtk
INFO: Writing solve.21.vtu
INFO: Step 22, time 2.20e-01, U, 3 components, 1373 values
INFO: Step 22, time 2.20e-01, NT, 1 components, 1373 values
INFO: Step 22, time 2.20e-01, S, 6 components, 1373 values
INFO: Step 22, time 2.20e-01, S_Mises, 1 components, 1373 values
INFO: Step 22, time 2.20e-01, S_Principal, 3 components, 1373 values
INFO: Step 22, time 2.20e-01, ERROR, 1 components, 1373 values
INFO: Writing solve.22.vtk
INFO: Writing solve.22.vtu
INFO: Step 23, time 2.30e-01, U, 3 components, 1373 values
INFO: Step 23, time 2.30e-01, NT, 1 components, 1373 values
INFO: Step 23, time 2.30e-01, S, 6 components, 1373 values
INFO: Step 23, time 2.30e-01, S_Mises, 1 components, 1373 values
INFO: Step 23, time 2.30e-01, S_Principal, 3 components, 1373 values
INFO: Step 23, time 2.30e-01, ERROR, 1 components, 1373 values
INFO: Writing solve.23.vtk
INFO: Writing solve.23.vtu
INFO: Step 24, time 2.40e-01, U, 3 components, 1373 values
INFO: Step 24, time 2.40e-01, NT, 1 components, 1373 values
INFO: Step 24, time 2.40e-01, S, 6 components, 1373 values
INFO: Step 24, time 2.40e-01, S_Mises, 1 components, 1373 values
INFO: Step 24, time 2.40e-01, S_Principal, 3 components, 1373 values
INFO: Step 24, time 2.40e-01, ERROR, 1 components, 1373 values
INFO: Writing solve.24.vtk
INFO: Writing solve.24.vtu
INFO: Step 25, time 2.50e-01, U, 3 components, 1373 values
INFO: Step 25, time 2.50e-01, NT, 1 components, 1373 values
INFO: Step 25, time 2.50e-01, S, 6 components, 1373 values
INFO: Step 25, time 2.50e-01, S_Mises, 1 components, 1373 values
INFO: Step 25, time 2.50e-01, S_Principal, 3 components, 1373 values
INFO: Step 25, time 2.50e-01, ERROR, 1 components, 1373 values
INFO: Writing solve.25.vtk
INFO: Writing solve.25.vtu
INFO: Step 26, time 2.60e-01, U, 3 components, 1373 values
INFO: Step 26, time 2.60e-01, NT, 1 components, 1373 values
INFO: Step 26, time 2.60e-01, S, 6 components, 1373 values
INFO: Step 26, time 2.60e-01, S_Mises, 1 components, 1373 values
INFO: Step 26, time 2.60e-01, S_Principal, 3 components, 1373 values
INFO: Step 26, time 2.60e-01, ERROR, 1 components, 1373 values
INFO: Writing solve.26.vtk
INFO: Writing solve.26.vtu
INFO: Step 27, time 2.70e-01, U, 3 components, 1373 values
INFO: Step 27, time 2.70e-01, NT, 1 components, 1373 values
INFO: Step 27, time 2.70e-01, S, 6 components, 1373 values
INFO: Step 27, time 2.70e-01, S_Mises, 1 components, 1373 values
INFO: Step 27, time 2.70e-01, S_Principal, 3 components, 1373 values
INFO: Step 27, time 2.70e-01, ERROR, 1 components, 1373 values
INFO: Writing solve.27.vtk
INFO: Writing solve.27.vtu
INFO: Step 28, time 2.80e-01, U, 3 components, 1373 values
INFO: Step 28, time 2.80e-01, NT, 1 components, 1373 values
INFO: Step 28, time 2.80e-01, S, 6 components, 1373 values
INFO: Step 28, time 2.80e-01, S_Mises, 1 components, 1373 values
INFO: Step 28, time 2.80e-01, S_Principal, 3 components, 1373 values
INFO: Step 28, time 2.80e-01, ERROR, 1 components, 1373 values
INFO: Writing solve.28.vtk
INFO: Writing solve.28.vtu
INFO: Step 29, time 2.90e-01, U, 3 components, 1373 values
INFO: Step 29, time 2.90e-01, NT, 1 components, 1373 values
INFO: Step 29, time 2.90e-01, S, 6 components, 1373 values
INFO: Step 29, time 2.90e-01, S_Mises, 1 components, 1373 values
INFO: Step 29, time 2.90e-01, S_Principal, 3 components, 1373 values
INFO: Step 29, time 2.90e-01, ERROR, 1 components, 1373 values
INFO: Writing solve.29.vtk
INFO: Writing solve.29.vtu
INFO: Step 30, time 3.00e-01, U, 3 components, 1373 values
INFO: Step 30, time 3.00e-01, NT, 1 components, 1373 values
INFO: Step 30, time 3.00e-01, S, 6 components, 1373 values
INFO: Step 30, time 3.00e-01, S_Mises, 1 components, 1373 values
INFO: Step 30, time 3.00e-01, S_Principal, 3 components, 1373 values
INFO: Step 30, time 3.00e-01, ERROR, 1 components, 1373 values
INFO: Writing solve.30.vtk
INFO: Writing solve.30.vtu
INFO: Step 31, time 3.10e-01, U, 3 components, 1373 values
INFO: Step 31, time 3.10e-01, NT, 1 components, 1373 values
INFO: Step 31, time 3.10e-01, S, 6 components, 1373 values
INFO: Step 31, time 3.10e-01, S_Mises, 1 components, 1373 values
INFO: Step 31, time 3.10e-01, S_Principal, 3 components, 1373 values
INFO: Step 31, time 3.10e-01, ERROR, 1 components, 1373 values
INFO: Writing solve.31.vtk
INFO: Writing solve.31.vtu
INFO: Step 32, time 3.20e-01, U, 3 components, 1373 values
INFO: Step 32, time 3.20e-01, NT, 1 components, 1373 values
INFO: Step 32, time 3.20e-01, S, 6 components, 1373 values
INFO: Step 32, time 3.20e-01, S_Mises, 1 components, 1373 values
INFO: Step 32, time 3.20e-01, S_Principal, 3 components, 1373 values
INFO: Step 32, time 3.20e-01, ERROR, 1 components, 1373 values
INFO: Writing solve.32.vtk
INFO: Writing solve.32.vtu
INFO: Step 33, time 3.30e-01, U, 3 components, 1373 values
INFO: Step 33, time 3.30e-01, NT, 1 components, 1373 values
INFO: Step 33, time 3.30e-01, S, 6 components, 1373 values
INFO: Step 33, time 3.30e-01, S_Mises, 1 components, 1373 values
INFO: Step 33, time 3.30e-01, S_Principal, 3 components, 1373 values
INFO: Step 33, time 3.30e-01, ERROR, 1 components, 1373 values
INFO: Writing solve.33.vtk
INFO: Writing solve.33.vtu
INFO: Step 34, time 3.40e-01, U, 3 components, 1373 values
INFO: Step 34, time 3.40e-01, NT, 1 components, 1373 values
INFO: Step 34, time 3.40e-01, S, 6 components, 1373 values
INFO: Step 34, time 3.40e-01, S_Mises, 1 components, 1373 values
INFO: Step 34, time 3.40e-01, S_Principal, 3 components, 1373 values
INFO: Step 34, time 3.40e-01, ERROR, 1 components, 1373 values
INFO: Writing solve.34.vtk
INFO: Writing solve.34.vtu
INFO: Step 35, time 3.50e-01, U, 3 components, 1373 values
INFO: Step 35, time 3.50e-01, NT, 1 components, 1373 values
INFO: Step 35, time 3.50e-01, S, 6 components, 1373 values
INFO: Step 35, time 3.50e-01, S_Mises, 1 components, 1373 values
INFO: Step 35, time 3.50e-01, S_Principal, 3 components, 1373 values
INFO: Step 35, time 3.50e-01, ERROR, 1 components, 1373 values
INFO: Writing solve.35.vtk
INFO: Writing solve.35.vtu
INFO: Step 36, time 3.60e-01, U, 3 components, 1373 values
INFO: Step 36, time 3.60e-01, NT, 1 components, 1373 values
INFO: Step 36, time 3.60e-01, S, 6 components, 1373 values
INFO: Step 36, time 3.60e-01, S_Mises, 1 components, 1373 values
INFO: Step 36, time 3.60e-01, S_Principal, 3 components, 1373 values
INFO: Step 36, time 3.60e-01, ERROR, 1 components, 1373 values
INFO: Writing solve.36.vtk
INFO: Writing solve.36.vtu
INFO: Step 37, time 3.70e-01, U, 3 components, 1373 values
INFO: Step 37, time 3.70e-01, NT, 1 components, 1373 values
INFO: Step 37, time 3.70e-01, S, 6 components, 1373 values
INFO: Step 37, time 3.70e-01, S_Mises, 1 components, 1373 values
INFO: Step 37, time 3.70e-01, S_Principal, 3 components, 1373 values
INFO: Step 37, time 3.70e-01, ERROR, 1 components, 1373 values
INFO: Writing solve.37.vtk
INFO: Writing solve.37.vtu
INFO: Step 38, time 3.80e-01, U, 3 components, 1373 values
INFO: Step 38, time 3.80e-01, NT, 1 components, 1373 values
INFO: Step 38, time 3.80e-01, S, 6 components, 1373 values
INFO: Step 38, time 3.80e-01, S_Mises, 1 components, 1373 values
INFO: Step 38, time 3.80e-01, S_Principal, 3 components, 1373 values
INFO: Step 38, time 3.80e-01, ERROR, 1 components, 1373 values
INFO: Writing solve.38.vtk
INFO: Writing solve.38.vtu
INFO: Step 39, time 3.90e-01, U, 3 components, 1373 values
INFO: Step 39, time 3.90e-01, NT, 1 components, 1373 values
INFO: Step 39, time 3.90e-01, S, 6 components, 1373 values
INFO: Step 39, time 3.90e-01, S_Mises, 1 components, 1373 values
INFO: Step 39, time 3.90e-01, S_Principal, 3 components, 1373 values
INFO: Step 39, time 3.90e-01, ERROR, 1 components, 1373 values
INFO: Writing solve.39.vtk
INFO: Writing solve.39.vtu
INFO: Step 40, time 4.00e-01, U, 3 components, 1373 values
INFO: Step 40, time 4.00e-01, NT, 1 components, 1373 values
INFO: Step 40, time 4.00e-01, S, 6 components, 1373 values
INFO: Step 40, time 4.00e-01, S_Mises, 1 components, 1373 values
INFO: Step 40, time 4.00e-01, S_Principal, 3 components, 1373 values
INFO: Step 40, time 4.00e-01, ERROR, 1 components, 1373 values
INFO: Writing solve.40.vtk
INFO: Writing solve.40.vtu
INFO: Step 41, time 4.10e-01, U, 3 components, 1373 values
INFO: Step 41, time 4.10e-01, NT, 1 components, 1373 values
INFO: Step 41, time 4.10e-01, S, 6 components, 1373 values
INFO: Step 41, time 4.10e-01, S_Mises, 1 components, 1373 values
INFO: Step 41, time 4.10e-01, S_Principal, 3 components, 1373 values
INFO: Step 41, time 4.10e-01, ERROR, 1 components, 1373 values
INFO: Writing solve.41.vtk
INFO: Writing solve.41.vtu
INFO: Step 42, time 4.20e-01, U, 3 components, 1373 values
INFO: Step 42, time 4.20e-01, NT, 1 components, 1373 values
INFO: Step 42, time 4.20e-01, S, 6 components, 1373 values
INFO: Step 42, time 4.20e-01, S_Mises, 1 components, 1373 values
INFO: Step 42, time 4.20e-01, S_Principal, 3 components, 1373 values
INFO: Step 42, time 4.20e-01, ERROR, 1 components, 1373 values
INFO: Writing solve.42.vtk
INFO: Writing solve.42.vtu
INFO: Step 43, time 4.30e-01, U, 3 components, 1373 values
INFO: Step 43, time 4.30e-01, NT, 1 components, 1373 values
INFO: Step 43, time 4.30e-01, S, 6 components, 1373 values
INFO: Step 43, time 4.30e-01, S_Mises, 1 components, 1373 values
INFO: Step 43, time 4.30e-01, S_Principal, 3 components, 1373 values
INFO: Step 43, time 4.30e-01, ERROR, 1 components, 1373 values
INFO: Writing solve.43.vtk
INFO: Writing solve.43.vtu
INFO: Step 44, time 4.40e-01, U, 3 components, 1373 values
INFO: Step 44, time 4.40e-01, NT, 1 components, 1373 values
INFO: Step 44, time 4.40e-01, S, 6 components, 1373 values
INFO: Step 44, time 4.40e-01, S_Mises, 1 components, 1373 values
INFO: Step 44, time 4.40e-01, S_Principal, 3 components, 1373 values
INFO: Step 44, time 4.40e-01, ERROR, 1 components, 1373 values
INFO: Writing solve.44.vtk
INFO: Writing solve.44.vtu
INFO: Step 45, time 4.50e-01, U, 3 components, 1373 values
INFO: Step 45, time 4.50e-01, NT, 1 components, 1373 values
INFO: Step 45, time 4.50e-01, S, 6 components, 1373 values
INFO: Step 45, time 4.50e-01, S_Mises, 1 components, 1373 values
INFO: Step 45, time 4.50e-01, S_Principal, 3 components, 1373 values
INFO: Step 45, time 4.50e-01, ERROR, 1 components, 1373 values
INFO: Writing solve.45.vtk
INFO: Writing solve.45.vtu
INFO: Step 46, time 4.60e-01, U, 3 components, 1373 values
INFO: Step 46, time 4.60e-01, NT, 1 components, 1373 values
INFO: Step 46, time 4.60e-01, S, 6 components, 1373 values
INFO: Step 46, time 4.60e-01, S_Mises, 1 components, 1373 values
INFO: Step 46, time 4.60e-01, S_Principal, 3 components, 1373 values
INFO: Step 46, time 4.60e-01, ERROR, 1 components, 1373 values
INFO: Writing solve.46.vtk
INFO: Writing solve.46.vtu
INFO: Step 47, time 4.70e-01, U, 3 components, 1373 values
INFO: Step 47, time 4.70e-01, NT, 1 components, 1373 values
INFO: Step 47, time 4.70e-01, S, 6 components, 1373 values
INFO: Step 47, time 4.70e-01, S_Mises, 1 components, 1373 values
INFO: Step 47, time 4.70e-01, S_Principal, 3 components, 1373 values
INFO: Step 47, time 4.70e-01, ERROR, 1 components, 1373 values
INFO: Writing solve.47.vtk
INFO: Writing solve.47.vtu
INFO: Step 48, time 4.80e-01, U, 3 components, 1373 values
INFO: Step 48, time 4.80e-01, NT, 1 components, 1373 values
INFO: Step 48, time 4.80e-01, S, 6 components, 1373 values
INFO: Step 48, time 4.80e-01, S_Mises, 1 components, 1373 values
INFO: Step 48, time 4.80e-01, S_Principal, 3 components, 1373 values
INFO: Step 48, time 4.80e-01, ERROR, 1 components, 1373 values
INFO: Writing solve.48.vtk
INFO: Writing solve.48.vtu
INFO: Step 49, time 4.90e-01, U, 3 components, 1373 values
INFO: Step 49, time 4.90e-01, NT, 1 components, 1373 values
INFO: Step 49, time 4.90e-01, S, 6 components, 1373 values
INFO: Step 49, time 4.90e-01, S_Mises, 1 components, 1373 values
INFO: Step 49, time 4.90e-01, S_Principal, 3 components, 1373 values
INFO: Step 49, time 4.90e-01, ERROR, 1 components, 1373 values
INFO: Writing solve.49.vtk
INFO: Writing solve.49.vtu
INFO: Step 50, time 5.00e-01, U, 3 components, 1373 values
INFO: Step 50, time 5.00e-01, NT, 1 components, 1373 values
INFO: Step 50, time 5.00e-01, S, 6 components, 1373 values
INFO: Step 50, time 5.00e-01, S_Mises, 1 components, 1373 values
INFO: Step 50, time 5.00e-01, S_Principal, 3 components, 1373 values
INFO: Step 50, time 5.00e-01, ERROR, 1 components, 1373 values
INFO: Writing solve.50.vtk
INFO: Writing solve.50.vtu

==================================================
88: mkraska/Thermal/Thermografie/Refs/Naht.frd
INFO: Reading Naht.frd
INFO: 7602 nodes
INFO: 4728 cells
INFO: 100 time increments
INFO: Step 1, time 2.00e-02, NT, 1 components, 7602 values
INFO: Writing Naht.001.vtk
INFO: Writing Naht.001.vtu
INFO: Step 2, time 4.00e-02, NT, 1 components, 7602 values
INFO: Writing Naht.002.vtk
INFO: Writing Naht.002.vtu
INFO: Step 3, time 6.00e-02, NT, 1 components, 7602 values
INFO: Writing Naht.003.vtk
INFO: Writing Naht.003.vtu
INFO: Step 4, time 8.00e-02, NT, 1 components, 7602 values
INFO: Writing Naht.004.vtk
INFO: Writing Naht.004.vtu
INFO: Step 5, time 1.00e-01, NT, 1 components, 7602 values
INFO: Writing Naht.005.vtk
INFO: Writing Naht.005.vtu
INFO: Step 6, time 1.20e-01, NT, 1 components, 7602 values
INFO: Writing Naht.006.vtk
INFO: Writing Naht.006.vtu
INFO: Step 7, time 1.40e-01, NT, 1 components, 7602 values
INFO: Writing Naht.007.vtk
INFO: Writing Naht.007.vtu
INFO: Step 8, time 1.60e-01, NT, 1 components, 7602 values
INFO: Writing Naht.008.vtk
INFO: Writing Naht.008.vtu
INFO: Step 9, time 1.80e-01, NT, 1 components, 7602 values
INFO: Writing Naht.009.vtk
INFO: Writing Naht.009.vtu
INFO: Step 10, time 2.00e-01, NT, 1 components, 7602 values
INFO: Writing Naht.010.vtk
INFO: Writing Naht.010.vtu
INFO: Step 11, time 2.20e-01, NT, 1 components, 7602 values
INFO: Writing Naht.011.vtk
INFO: Writing Naht.011.vtu
INFO: Step 12, time 2.40e-01, NT, 1 components, 7602 values
INFO: Writing Naht.012.vtk
INFO: Writing Naht.012.vtu
INFO: Step 13, time 2.60e-01, NT, 1 components, 7602 values
INFO: Writing Naht.013.vtk
INFO: Writing Naht.013.vtu
INFO: Step 14, time 2.80e-01, NT, 1 components, 7602 values
INFO: Writing Naht.014.vtk
INFO: Writing Naht.014.vtu
INFO: Step 15, time 3.00e-01, NT, 1 components, 7602 values
INFO: Writing Naht.015.vtk
INFO: Writing Naht.015.vtu
INFO: Step 16, time 3.20e-01, NT, 1 components, 7602 values
INFO: Writing Naht.016.vtk
INFO: Writing Naht.016.vtu
INFO: Step 17, time 3.40e-01, NT, 1 components, 7602 values
INFO: Writing Naht.017.vtk
INFO: Writing Naht.017.vtu
INFO: Step 18, time 3.60e-01, NT, 1 components, 7602 values
INFO: Writing Naht.018.vtk
INFO: Writing Naht.018.vtu
INFO: Step 19, time 3.80e-01, NT, 1 components, 7602 values
INFO: Writing Naht.019.vtk
INFO: Writing Naht.019.vtu
INFO: Step 20, time 4.00e-01, NT, 1 components, 7602 values
INFO: Writing Naht.020.vtk
INFO: Writing Naht.020.vtu
INFO: Step 21, time 4.20e-01, NT, 1 components, 7602 values
INFO: Writing Naht.021.vtk
INFO: Writing Naht.021.vtu
INFO: Step 22, time 4.40e-01, NT, 1 components, 7602 values
INFO: Writing Naht.022.vtk
INFO: Writing Naht.022.vtu
INFO: Step 23, time 4.60e-01, NT, 1 components, 7602 values
INFO: Writing Naht.023.vtk
INFO: Writing Naht.023.vtu
INFO: Step 24, time 4.80e-01, NT, 1 components, 7602 values
INFO: Writing Naht.024.vtk
INFO: Writing Naht.024.vtu
INFO: Step 25, time 5.00e-01, NT, 1 components, 7602 values
INFO: Writing Naht.025.vtk
INFO: Writing Naht.025.vtu
INFO: Step 26, time 5.20e-01, NT, 1 components, 7602 values
INFO: Writing Naht.026.vtk
INFO: Writing Naht.026.vtu
INFO: Step 27, time 5.40e-01, NT, 1 components, 7602 values
INFO: Writing Naht.027.vtk
INFO: Writing Naht.027.vtu
INFO: Step 28, time 5.60e-01, NT, 1 components, 7602 values
INFO: Writing Naht.028.vtk
INFO: Writing Naht.028.vtu
INFO: Step 29, time 5.80e-01, NT, 1 components, 7602 values
INFO: Writing Naht.029.vtk
INFO: Writing Naht.029.vtu
INFO: Step 30, time 6.00e-01, NT, 1 components, 7602 values
INFO: Writing Naht.030.vtk
INFO: Writing Naht.030.vtu
INFO: Step 31, time 6.20e-01, NT, 1 components, 7602 values
INFO: Writing Naht.031.vtk
INFO: Writing Naht.031.vtu
INFO: Step 32, time 6.40e-01, NT, 1 components, 7602 values
INFO: Writing Naht.032.vtk
INFO: Writing Naht.032.vtu
INFO: Step 33, time 6.60e-01, NT, 1 components, 7602 values
INFO: Writing Naht.033.vtk
INFO: Writing Naht.033.vtu
INFO: Step 34, time 6.80e-01, NT, 1 components, 7602 values
INFO: Writing Naht.034.vtk
INFO: Writing Naht.034.vtu
INFO: Step 35, time 7.00e-01, NT, 1 components, 7602 values
INFO: Writing Naht.035.vtk
INFO: Writing Naht.035.vtu
INFO: Step 36, time 7.20e-01, NT, 1 components, 7602 values
INFO: Writing Naht.036.vtk
INFO: Writing Naht.036.vtu
INFO: Step 37, time 7.40e-01, NT, 1 components, 7602 values
INFO: Writing Naht.037.vtk
INFO: Writing Naht.037.vtu
INFO: Step 38, time 7.60e-01, NT, 1 components, 7602 values
INFO: Writing Naht.038.vtk
INFO: Writing Naht.038.vtu
INFO: Step 39, time 7.80e-01, NT, 1 components, 7602 values
INFO: Writing Naht.039.vtk
INFO: Writing Naht.039.vtu
INFO: Step 40, time 8.00e-01, NT, 1 components, 7602 values
INFO: Writing Naht.040.vtk
INFO: Writing Naht.040.vtu
INFO: Step 41, time 8.20e-01, NT, 1 components, 7602 values
INFO: Writing Naht.041.vtk
INFO: Writing Naht.041.vtu
INFO: Step 42, time 8.40e-01, NT, 1 components, 7602 values
INFO: Writing Naht.042.vtk
INFO: Writing Naht.042.vtu
INFO: Step 43, time 8.60e-01, NT, 1 components, 7602 values
INFO: Writing Naht.043.vtk
INFO: Writing Naht.043.vtu
INFO: Step 44, time 8.80e-01, NT, 1 components, 7602 values
INFO: Writing Naht.044.vtk
INFO: Writing Naht.044.vtu
INFO: Step 45, time 9.00e-01, NT, 1 components, 7602 values
INFO: Writing Naht.045.vtk
INFO: Writing Naht.045.vtu
INFO: Step 46, time 9.20e-01, NT, 1 components, 7602 values
INFO: Writing Naht.046.vtk
INFO: Writing Naht.046.vtu
INFO: Step 47, time 9.40e-01, NT, 1 components, 7602 values
INFO: Writing Naht.047.vtk
INFO: Writing Naht.047.vtu
INFO: Step 48, time 9.60e-01, NT, 1 components, 7602 values
INFO: Writing Naht.048.vtk
INFO: Writing Naht.048.vtu
INFO: Step 49, time 9.80e-01, NT, 1 components, 7602 values
INFO: Writing Naht.049.vtk
INFO: Writing Naht.049.vtu
INFO: Step 50, time 1.0, NT, 1 components, 7602 values
INFO: Writing Naht.050.vtk
INFO: Writing Naht.050.vtu
INFO: Step 51, time 1.0, NT, 1 components, 7602 values
INFO: Writing Naht.051.vtk
INFO: Writing Naht.051.vtu
INFO: Step 52, time 1.0, NT, 1 components, 7602 values
INFO: Writing Naht.052.vtk
INFO: Writing Naht.052.vtu
INFO: Step 53, time 1.1, NT, 1 components, 7602 values
INFO: Writing Naht.053.vtk
INFO: Writing Naht.053.vtu
INFO: Step 54, time 1.1, NT, 1 components, 7602 values
INFO: Writing Naht.054.vtk
INFO: Writing Naht.054.vtu
INFO: Step 55, time 1.1, NT, 1 components, 7602 values
INFO: Writing Naht.055.vtk
INFO: Writing Naht.055.vtu
INFO: Step 56, time 1.1, NT, 1 components, 7602 values
INFO: Writing Naht.056.vtk
INFO: Writing Naht.056.vtu
INFO: Step 57, time 1.1, NT, 1 components, 7602 values
INFO: Writing Naht.057.vtk
INFO: Writing Naht.057.vtu
INFO: Step 58, time 1.2, NT, 1 components, 7602 values
INFO: Writing Naht.058.vtk
INFO: Writing Naht.058.vtu
INFO: Step 59, time 1.2, NT, 1 components, 7602 values
INFO: Writing Naht.059.vtk
INFO: Writing Naht.059.vtu
INFO: Step 60, time 1.2, NT, 1 components, 7602 values
INFO: Writing Naht.060.vtk
INFO: Writing Naht.060.vtu
INFO: Step 61, time 1.2, NT, 1 components, 7602 values
INFO: Writing Naht.061.vtk
INFO: Writing Naht.061.vtu
INFO: Step 62, time 1.2, NT, 1 components, 7602 values
INFO: Writing Naht.062.vtk
INFO: Writing Naht.062.vtu
INFO: Step 63, time 1.3, NT, 1 components, 7602 values
INFO: Writing Naht.063.vtk
INFO: Writing Naht.063.vtu
INFO: Step 64, time 1.3, NT, 1 components, 7602 values
INFO: Writing Naht.064.vtk
INFO: Writing Naht.064.vtu
INFO: Step 65, time 1.3, NT, 1 components, 7602 values
INFO: Writing Naht.065.vtk
INFO: Writing Naht.065.vtu
INFO: Step 66, time 1.3, NT, 1 components, 7602 values
INFO: Writing Naht.066.vtk
INFO: Writing Naht.066.vtu
INFO: Step 67, time 1.3, NT, 1 components, 7602 values
INFO: Writing Naht.067.vtk
INFO: Writing Naht.067.vtu
INFO: Step 68, time 1.4, NT, 1 components, 7602 values
INFO: Writing Naht.068.vtk
INFO: Writing Naht.068.vtu
INFO: Step 69, time 1.4, NT, 1 components, 7602 values
INFO: Writing Naht.069.vtk
INFO: Writing Naht.069.vtu
INFO: Step 70, time 1.4, NT, 1 components, 7602 values
INFO: Writing Naht.070.vtk
INFO: Writing Naht.070.vtu
INFO: Step 71, time 1.4, NT, 1 components, 7602 values
INFO: Writing Naht.071.vtk
INFO: Writing Naht.071.vtu
INFO: Step 72, time 1.4, NT, 1 components, 7602 values
INFO: Writing Naht.072.vtk
INFO: Writing Naht.072.vtu
INFO: Step 73, time 1.5, NT, 1 components, 7602 values
INFO: Writing Naht.073.vtk
INFO: Writing Naht.073.vtu
INFO: Step 74, time 1.5, NT, 1 components, 7602 values
INFO: Writing Naht.074.vtk
INFO: Writing Naht.074.vtu
INFO: Step 75, time 1.5, NT, 1 components, 7602 values
INFO: Writing Naht.075.vtk
INFO: Writing Naht.075.vtu
INFO: Step 76, time 1.5, NT, 1 components, 7602 values
INFO: Writing Naht.076.vtk
INFO: Writing Naht.076.vtu
INFO: Step 77, time 1.5, NT, 1 components, 7602 values
INFO: Writing Naht.077.vtk
INFO: Writing Naht.077.vtu
INFO: Step 78, time 1.6, NT, 1 components, 7602 values
INFO: Writing Naht.078.vtk
INFO: Writing Naht.078.vtu
INFO: Step 79, time 1.6, NT, 1 components, 7602 values
INFO: Writing Naht.079.vtk
INFO: Writing Naht.079.vtu
INFO: Step 80, time 1.6, NT, 1 components, 7602 values
INFO: Writing Naht.080.vtk
INFO: Writing Naht.080.vtu
INFO: Step 81, time 1.6, NT, 1 components, 7602 values
INFO: Writing Naht.081.vtk
INFO: Writing Naht.081.vtu
INFO: Step 82, time 1.6, NT, 1 components, 7602 values
INFO: Writing Naht.082.vtk
INFO: Writing Naht.082.vtu
INFO: Step 83, time 1.7, NT, 1 components, 7602 values
INFO: Writing Naht.083.vtk
INFO: Writing Naht.083.vtu
INFO: Step 84, time 1.7, NT, 1 components, 7602 values
INFO: Writing Naht.084.vtk
INFO: Writing Naht.084.vtu
INFO: Step 85, time 1.7, NT, 1 components, 7602 values
INFO: Writing Naht.085.vtk
INFO: Writing Naht.085.vtu
INFO: Step 86, time 1.7, NT, 1 components, 7602 values
INFO: Writing Naht.086.vtk
INFO: Writing Naht.086.vtu
INFO: Step 87, time 1.7, NT, 1 components, 7602 values
INFO: Writing Naht.087.vtk
INFO: Writing Naht.087.vtu
INFO: Step 88, time 1.8, NT, 1 components, 7602 values
INFO: Writing Naht.088.vtk
INFO: Writing Naht.088.vtu
INFO: Step 89, time 1.8, NT, 1 components, 7602 values
INFO: Writing Naht.089.vtk
INFO: Writing Naht.089.vtu
INFO: Step 90, time 1.8, NT, 1 components, 7602 values
INFO: Writing Naht.090.vtk
INFO: Writing Naht.090.vtu
INFO: Step 91, time 1.8, NT, 1 components, 7602 values
INFO: Writing Naht.091.vtk
INFO: Writing Naht.091.vtu
INFO: Step 92, time 1.8, NT, 1 components, 7602 values
INFO: Writing Naht.092.vtk
INFO: Writing Naht.092.vtu
INFO: Step 93, time 1.9, NT, 1 components, 7602 values
INFO: Writing Naht.093.vtk
INFO: Writing Naht.093.vtu
INFO: Step 94, time 1.9, NT, 1 components, 7602 values
INFO: Writing Naht.094.vtk
INFO: Writing Naht.094.vtu
INFO: Step 95, time 1.9, NT, 1 components, 7602 values
INFO: Writing Naht.095.vtk
INFO: Writing Naht.095.vtu
INFO: Step 96, time 1.9, NT, 1 components, 7602 values
INFO: Writing Naht.096.vtk
INFO: Writing Naht.096.vtu
INFO: Step 97, time 1.9, NT, 1 components, 7602 values
INFO: Writing Naht.097.vtk
INFO: Writing Naht.097.vtu
INFO: Step 98, time 2.0, NT, 1 components, 7602 values
INFO: Writing Naht.098.vtk
INFO: Writing Naht.098.vtu
INFO: Step 99, time 2.0, NT, 1 components, 7602 values
INFO: Writing Naht.099.vtk
INFO: Writing Naht.099.vtu
INFO: Step 100, time 2.0, NT, 1 components, 7602 values
INFO: Writing Naht.100.vtk
INFO: Writing Naht.100.vtu

==================================================
89: mkraska_final_ccx/Pillow/static.frd
INFO: Reading static.frd
INFO: 882 nodes
INFO: 400 cells
INFO: 6 time increments
INFO: Step 1, time 1.00e-01, U, 3 components, 882 values
INFO: Step 1, time 1.00e-01, S, 6 components, 882 values
INFO: Step 1, time 1.00e-01, S_Mises, 1 components, 882 values
INFO: Step 1, time 1.00e-01, S_Principal, 3 components, 882 values
INFO: Step 1, time 1.00e-01, ERROR, 1 components, 882 values
INFO: Writing static.1.vtk
INFO: Writing static.1.vtu
INFO: Step 2, time 2.00e-01, U, 3 components, 882 values
INFO: Step 2, time 2.00e-01, S, 6 components, 882 values
INFO: Step 2, time 2.00e-01, S_Mises, 1 components, 882 values
INFO: Step 2, time 2.00e-01, S_Principal, 3 components, 882 values
INFO: Step 2, time 2.00e-01, ERROR, 1 components, 882 values
INFO: Writing static.2.vtk
INFO: Writing static.2.vtu
INFO: Step 3, time 3.00e-01, U, 3 components, 882 values
INFO: Step 3, time 3.00e-01, S, 6 components, 882 values
INFO: Step 3, time 3.00e-01, S_Mises, 1 components, 882 values
INFO: Step 3, time 3.00e-01, S_Principal, 3 components, 882 values
INFO: Step 3, time 3.00e-01, ERROR, 1 components, 882 values
INFO: Writing static.3.vtk
INFO: Writing static.3.vtu
INFO: Step 4, time 4.00e-01, U, 3 components, 882 values
INFO: Step 4, time 4.00e-01, S, 6 components, 882 values
INFO: Step 4, time 4.00e-01, S_Mises, 1 components, 882 values
INFO: Step 4, time 4.00e-01, S_Principal, 3 components, 882 values
INFO: Step 4, time 4.00e-01, ERROR, 1 components, 882 values
INFO: Writing static.4.vtk
INFO: Writing static.4.vtu
INFO: Step 5, time 5.00e-01, U, 3 components, 882 values
INFO: Step 5, time 5.00e-01, S, 6 components, 882 values
INFO: Step 5, time 5.00e-01, S_Mises, 1 components, 882 values
INFO: Step 5, time 5.00e-01, S_Principal, 3 components, 882 values
INFO: Step 5, time 5.00e-01, ERROR, 1 components, 882 values
INFO: Writing static.5.vtk
INFO: Writing static.5.vtu
INFO: Step 6, time 6.00e-01, U, 3 components, 882 values
INFO: Step 6, time 6.00e-01, RF, 3 components, 882 values
INFO: Writing static.6.vtk
INFO: Writing static.6.vtu

==================================================
90: other/CubeTie/CubeTie.frd
INFO: Reading CubeTie.frd
INFO: 44556 nodes
INFO: 7700 cells
INFO: 6 time increments
INFO: Step 1, time 3.22e-05, U, 3 components, 44556 values
INFO: Writing CubeTie.1.vtk
INFO: Writing CubeTie.1.vtu
INFO: Step 2, time 6.43e-05, U, 3 components, 44556 values
INFO: Writing CubeTie.2.vtk
INFO: Writing CubeTie.2.vtu
INFO: Step 3, time 9.65e-05, U, 3 components, 44556 values
INFO: Writing CubeTie.3.vtk
INFO: Writing CubeTie.3.vtu
INFO: Step 4, time 1.29e-04, U, 3 components, 44556 values
INFO: Writing CubeTie.4.vtk
INFO: Writing CubeTie.4.vtu
INFO: Step 5, time 2.01e-02, U, 3 components, 44556 values
INFO: Writing CubeTie.5.vtk
INFO: Writing CubeTie.5.vtu
INFO: Step 6, time 3.01e-02, U, 3 components, 44556 values
INFO: Writing CubeTie.6.vtk
INFO: Writing CubeTie.6.vtu
WARNING: 17520 Inf values are converted to 0.0

==================================================
91: other/Dichtstoff_beam_coupling_compl.frd
INFO: Reading Dichtstoff_beam_coupling_compl.frd
INFO: 378 nodes
INFO: 160 cells
INFO: 1 time increment
INFO: Step 1, time 1.0, U, 3 components, 378 values
INFO: Step 1, time 1.0, S, 6 components, 378 values
INFO: Step 1, time 1.0, S_Mises, 1 components, 378 values
INFO: Step 1, time 1.0, S_Principal, 3 components, 378 values
INFO: Step 1, time 1.0, ERROR, 1 components, 378 values
INFO: Writing Dichtstoff_beam_coupling_compl.vtk
INFO: Writing Dichtstoff_beam_coupling_compl.vtu

==================================================
92: other/Ihor_Mirzov_baffle_2D.frd
INFO: Reading Ihor_Mirzov_baffle_2D.frd
INFO: 14836 nodes
INFO: 6778 cells
INFO: 1 time increment
INFO: Step 1, time 1.0, NT, 1 components, 14836 values
INFO: Writing Ihor_Mirzov_baffle_2D.vtk
INFO: Writing Ihor_Mirzov_baffle_2D.vtu

==================================================
93: other/Jan_Lukas_modal_dynamic_beammodal.frd
INFO: Reading Jan_Lukas_modal_dynamic_beammodal.frd
INFO: 1221 nodes
INFO: 160 cells
INFO: 16 time increments
INFO: Step 1, time 209.2, U, 3 components, 1221 values
INFO: Step 1, time 209.2, S, 6 components, 1221 values
INFO: Step 1, time 209.2, S_Mises, 1 components, 1221 values
INFO: Step 1, time 209.2, S_Principal, 3 components, 1221 values
INFO: Step 1, time 209.2, E, 6 components, 1221 values
INFO: Step 1, time 209.2, E_Mises, 1 components, 1221 values
INFO: Step 1, time 209.2, E_Principal, 3 components, 1221 values
INFO: Step 1, time 209.2, ERROR, 1 components, 1221 values
INFO: Writing Jan_Lukas_modal_dynamic_beammodal.01.vtk
INFO: Writing Jan_Lukas_modal_dynamic_beammodal.01.vtu
INFO: Step 2, time 209.2, U, 3 components, 1221 values
INFO: Step 2, time 209.2, S, 6 components, 1221 values
INFO: Step 2, time 209.2, S_Mises, 1 components, 1221 values
INFO: Step 2, time 209.2, S_Principal, 3 components, 1221 values
INFO: Step 2, time 209.2, E, 6 components, 1221 values
INFO: Step 2, time 209.2, E_Mises, 1 components, 1221 values
INFO: Step 2, time 209.2, E_Principal, 3 components, 1221 values
INFO: Step 2, time 209.2, ERROR, 1 components, 1221 values
INFO: Writing Jan_Lukas_modal_dynamic_beammodal.02.vtk
INFO: Writing Jan_Lukas_modal_dynamic_beammodal.02.vtu
INFO: Step 3, time 1296.2, U, 3 components, 1221 values
INFO: Step 3, time 1296.2, S, 6 components, 1221 values
INFO: Step 3, time 1296.2, S_Mises, 1 components, 1221 values
INFO: Step 3, time 1296.2, S_Principal, 3 components, 1221 values
INFO: Step 3, time 1296.2, E, 6 components, 1221 values
INFO: Step 3, time 1296.2, E_Mises, 1 components, 1221 values
INFO: Step 3, time 1296.2, E_Principal, 3 components, 1221 values
INFO: Step 3, time 1296.2, ERROR, 1 components, 1221 values
INFO: Writing Jan_Lukas_modal_dynamic_beammodal.03.vtk
INFO: Writing Jan_Lukas_modal_dynamic_beammodal.03.vtu
INFO: Step 4, time 1296.2, U, 3 components, 1221 values
INFO: Step 4, time 1296.2, S, 6 components, 1221 values
INFO: Step 4, time 1296.2, S_Mises, 1 components, 1221 values
INFO: Step 4, time 1296.2, S_Principal, 3 components, 1221 values
INFO: Step 4, time 1296.2, E, 6 components, 1221 values
INFO: Step 4, time 1296.2, E_Mises, 1 components, 1221 values
INFO: Step 4, time 1296.2, E_Principal, 3 components, 1221 values
INFO: Step 4, time 1296.2, ERROR, 1 components, 1221 values
INFO: Writing Jan_Lukas_modal_dynamic_beammodal.04.vtk
INFO: Writing Jan_Lukas_modal_dynamic_beammodal.04.vtu
INFO: Step 5, time 3565.9, U, 3 components, 1221 values
INFO: Step 5, time 3565.9, S, 6 components, 1221 values
INFO: Step 5, time 3565.9, S_Mises, 1 components, 1221 values
INFO: Step 5, time 3565.9, S_Principal, 3 components, 1221 values
INFO: Step 5, time 3565.9, E, 6 components, 1221 values
INFO: Step 5, time 3565.9, E_Mises, 1 components, 1221 values
INFO: Step 5, time 3565.9, E_Principal, 3 components, 1221 values
INFO: Step 5, time 3565.9, ERROR, 1 components, 1221 values
INFO: Writing Jan_Lukas_modal_dynamic_beammodal.05.vtk
INFO: Writing Jan_Lukas_modal_dynamic_beammodal.05.vtu
INFO: Step 6, time 3565.9, U, 3 components, 1221 values
INFO: Step 6, time 3565.9, S, 6 components, 1221 values
INFO: Step 6, time 3565.9, S_Mises, 1 components, 1221 values
INFO: Step 6, time 3565.9, S_Principal, 3 components, 1221 values
INFO: Step 6, time 3565.9, E, 6 components, 1221 values
INFO: Step 6, time 3565.9, E_Mises, 1 components, 1221 values
INFO: Step 6, time 3565.9, E_Principal, 3 components, 1221 values
INFO: Step 6, time 3565.9, ERROR, 1 components, 1221 values
INFO: Writing Jan_Lukas_modal_dynamic_beammodal.06.vtk
INFO: Writing Jan_Lukas_modal_dynamic_beammodal.06.vtu
INFO: Step 7, time 3714.6, U, 3 components, 1221 values
INFO: Step 7, time 3714.6, S, 6 components, 1221 values
INFO: Step 7, time 3714.6, S_Mises, 1 components, 1221 values
INFO: Step 7, time 3714.6, S_Principal, 3 components, 1221 values
INFO: Step 7, time 3714.6, E, 6 components, 1221 values
INFO: Step 7, time 3714.6, E_Mises, 1 components, 1221 values
INFO: Step 7, time 3714.6, E_Principal, 3 components, 1221 values
INFO: Step 7, time 3714.6, ERROR, 1 components, 1221 values
INFO: Writing Jan_Lukas_modal_dynamic_beammodal.07.vtk
INFO: Writing Jan_Lukas_modal_dynamic_beammodal.07.vtu
INFO: Step 8, time 6477.3, U, 3 components, 1221 values
INFO: Step 8, time 6477.3, S, 6 components, 1221 values
INFO: Step 8, time 6477.3, S_Mises, 1 components, 1221 values
INFO: Step 8, time 6477.3, S_Principal, 3 components, 1221 values
INFO: Step 8, time 6477.3, E, 6 components, 1221 values
INFO: Step 8, time 6477.3, E_Mises, 1 components, 1221 values
INFO: Step 8, time 6477.3, E_Principal, 3 components, 1221 values
INFO: Step 8, time 6477.3, ERROR, 1 components, 1221 values
INFO: Writing Jan_Lukas_modal_dynamic_beammodal.08.vtk
INFO: Writing Jan_Lukas_modal_dynamic_beammodal.08.vtu
INFO: Step 9, time 6819.4, U, 3 components, 1221 values
INFO: Step 9, time 6819.4, S, 6 components, 1221 values
INFO: Step 9, time 6819.4, S_Mises, 1 components, 1221 values
INFO: Step 9, time 6819.4, S_Principal, 3 components, 1221 values
INFO: Step 9, time 6819.4, E, 6 components, 1221 values
INFO: Step 9, time 6819.4, E_Mises, 1 components, 1221 values
INFO: Step 9, time 6819.4, E_Principal, 3 components, 1221 values
INFO: Step 9, time 6819.4, ERROR, 1 components, 1221 values
INFO: Writing Jan_Lukas_modal_dynamic_beammodal.09.vtk
INFO: Writing Jan_Lukas_modal_dynamic_beammodal.09.vtu
INFO: Step 10, time 6819.4, U, 3 components, 1221 values
INFO: Step 10, time 6819.4, S, 6 components, 1221 values
INFO: Step 10, time 6819.4, S_Mises, 1 components, 1221 values
INFO: Step 10, time 6819.4, S_Principal, 3 components, 1221 values
INFO: Step 10, time 6819.4, E, 6 components, 1221 values
INFO: Step 10, time 6819.4, E_Mises, 1 components, 1221 values
INFO: Step 10, time 6819.4, E_Principal, 3 components, 1221 values
INFO: Step 10, time 6819.4, ERROR, 1 components, 1221 values
INFO: Writing Jan_Lukas_modal_dynamic_beammodal.10.vtk
INFO: Writing Jan_Lukas_modal_dynamic_beammodal.10.vtu
INFO: Step 11, time 10945.6, U, 3 components, 1221 values
INFO: Step 11, time 10945.6, S, 6 components, 1221 values
INFO: Step 11, time 10945.6, S_Mises, 1 components, 1221 values
INFO: Step 11, time 10945.6, S_Principal, 3 components, 1221 values
INFO: Step 11, time 10945.6, E, 6 components, 1221 values
INFO: Step 11, time 10945.6, E_Mises, 1 components, 1221 values
INFO: Step 11, time 10945.6, E_Principal, 3 components, 1221 values
INFO: Step 11, time 10945.6, ERROR, 1 components, 1221 values
INFO: Writing Jan_Lukas_modal_dynamic_beammodal.11.vtk
INFO: Writing Jan_Lukas_modal_dynamic_beammodal.11.vtu
INFO: Step 12, time 10945.6, U, 3 components, 1221 values
INFO: Step 12, time 10945.6, S, 6 components, 1221 values
INFO: Step 12, time 10945.6, S_Mises, 1 components, 1221 values
INFO: Step 12, time 10945.6, S_Principal, 3 components, 1221 values
INFO: Step 12, time 10945.6, E, 6 components, 1221 values
INFO: Step 12, time 10945.6, E_Mises, 1 components, 1221 values
INFO: Step 12, time 10945.6, E_Principal, 3 components, 1221 values
INFO: Step 12, time 10945.6, ERROR, 1 components, 1221 values
INFO: Writing Jan_Lukas_modal_dynamic_beammodal.12.vtk
INFO: Writing Jan_Lukas_modal_dynamic_beammodal.12.vtu
INFO: Step 13, time 11144.0, U, 3 components, 1221 values
INFO: Step 13, time 11144.0, S, 6 components, 1221 values
INFO: Step 13, time 11144.0, S_Mises, 1 components, 1221 values
INFO: Step 13, time 11144.0, S_Principal, 3 components, 1221 values
INFO: Step 13, time 11144.0, E, 6 components, 1221 values
INFO: Step 13, time 11144.0, E_Mises, 1 components, 1221 values
INFO: Step 13, time 11144.0, E_Principal, 3 components, 1221 values
INFO: Step 13, time 11144.0, ERROR, 1 components, 1221 values
INFO: Writing Jan_Lukas_modal_dynamic_beammodal.13.vtk
INFO: Writing Jan_Lukas_modal_dynamic_beammodal.13.vtu
INFO: Step 14, time 15813.3, U, 3 components, 1221 values
INFO: Step 14, time 15813.3, S, 6 components, 1221 values
INFO: Step 14, time 15813.3, S_Mises, 1 components, 1221 values
INFO: Step 14, time 15813.3, S_Principal, 3 components, 1221 values
INFO: Step 14, time 15813.3, E, 6 components, 1221 values
INFO: Step 14, time 15813.3, E_Mises, 1 components, 1221 values
INFO: Step 14, time 15813.3, E_Principal, 3 components, 1221 values
INFO: Step 14, time 15813.3, ERROR, 1 components, 1221 values
INFO: Writing Jan_Lukas_modal_dynamic_beammodal.14.vtk
INFO: Writing Jan_Lukas_modal_dynamic_beammodal.14.vtu
INFO: Step 15, time 15813.3, U, 3 components, 1221 values
INFO: Step 15, time 15813.3, S, 6 components, 1221 values
INFO: Step 15, time 15813.3, S_Mises, 1 components, 1221 values
INFO: Step 15, time 15813.3, S_Principal, 3 components, 1221 values
INFO: Step 15, time 15813.3, E, 6 components, 1221 values
INFO: Step 15, time 15813.3, E_Mises, 1 components, 1221 values
INFO: Step 15, time 15813.3, E_Principal, 3 components, 1221 values
INFO: Step 15, time 15813.3, ERROR, 1 components, 1221 values
INFO: Writing Jan_Lukas_modal_dynamic_beammodal.15.vtk
INFO: Writing Jan_Lukas_modal_dynamic_beammodal.15.vtu
INFO: Step 16, time 18574.3, U, 3 components, 1221 values
INFO: Step 16, time 18574.3, S, 6 components, 1221 values
INFO: Step 16, time 18574.3, S_Mises, 1 components, 1221 values
INFO: Step 16, time 18574.3, S_Principal, 3 components, 1221 values
INFO: Step 16, time 18574.3, E, 6 components, 1221 values
INFO: Step 16, time 18574.3, E_Mises, 1 components, 1221 values
INFO: Step 16, time 18574.3, E_Principal, 3 components, 1221 values
INFO: Step 16, time 18574.3, ERROR, 1 components, 1221 values
INFO: Writing Jan_Lukas_modal_dynamic_beammodal.16.vtk
INFO: Writing Jan_Lukas_modal_dynamic_beammodal.16.vtu

==================================================
94: other/Jan_Lukas_modal_dynamic_staticbeam2.frd
INFO: Reading Jan_Lukas_modal_dynamic_staticbeam2.frd
INFO: 321 nodes
INFO: 40 cells
INFO: 16 time increments
INFO: Step 1, time 837.4, U, 3 components, 321 values
INFO: Step 1, time 837.4, S, 6 components, 321 values
INFO: Step 1, time 837.4, S_Mises, 1 components, 321 values
INFO: Step 1, time 837.4, S_Principal, 3 components, 321 values
INFO: Step 1, time 837.4, E, 6 components, 321 values
INFO: Step 1, time 837.4, E_Mises, 1 components, 321 values
INFO: Step 1, time 837.4, E_Principal, 3 components, 321 values
INFO: Step 1, time 837.4, ERROR, 1 components, 321 values
INFO: Writing Jan_Lukas_modal_dynamic_staticbeam2.01.vtk
INFO: Writing Jan_Lukas_modal_dynamic_staticbeam2.01.vtu
INFO: Step 2, time 837.4, U, 3 components, 321 values
INFO: Step 2, time 837.4, S, 6 components, 321 values
INFO: Step 2, time 837.4, S_Mises, 1 components, 321 values
INFO: Step 2, time 837.4, S_Principal, 3 components, 321 values
INFO: Step 2, time 837.4, E, 6 components, 321 values
INFO: Step 2, time 837.4, E_Mises, 1 components, 321 values
INFO: Step 2, time 837.4, E_Principal, 3 components, 321 values
INFO: Step 2, time 837.4, ERROR, 1 components, 321 values
INFO: Writing Jan_Lukas_modal_dynamic_staticbeam2.02.vtk
INFO: Writing Jan_Lukas_modal_dynamic_staticbeam2.02.vtu
INFO: Step 3, time 5026.9, U, 3 components, 321 values
INFO: Step 3, time 5026.9, S, 6 components, 321 values
INFO: Step 3, time 5026.9, S_Mises, 1 components, 321 values
INFO: Step 3, time 5026.9, S_Principal, 3 components, 321 values
INFO: Step 3, time 5026.9, E, 6 components, 321 values
INFO: Step 3, time 5026.9, E_Mises, 1 components, 321 values
INFO: Step 3, time 5026.9, E_Principal, 3 components, 321 values
INFO: Step 3, time 5026.9, ERROR, 1 components, 321 values
INFO: Writing Jan_Lukas_modal_dynamic_staticbeam2.03.vtk
INFO: Writing Jan_Lukas_modal_dynamic_staticbeam2.03.vtu
INFO: Step 4, time 5026.9, U, 3 components, 321 values
INFO: Step 4, time 5026.9, S, 6 components, 321 values
INFO: Step 4, time 5026.9, S_Mises, 1 components, 321 values
INFO: Step 4, time 5026.9, S_Principal, 3 components, 321 values
INFO: Step 4, time 5026.9, E, 6 components, 321 values
INFO: Step 4, time 5026.9, E_Mises, 1 components, 321 values
INFO: Step 4, time 5026.9, E_Principal, 3 components, 321 values
INFO: Step 4, time 5026.9, ERROR, 1 components, 321 values
INFO: Writing Jan_Lukas_modal_dynamic_staticbeam2.04.vtk
INFO: Writing Jan_Lukas_modal_dynamic_staticbeam2.04.vtu
INFO: Step 5, time 7452.8, U, 3 components, 321 values
INFO: Step 5, time 7452.8, S, 6 components, 321 values
INFO: Step 5, time 7452.8, S_Mises, 1 components, 321 values
INFO: Step 5, time 7452.8, S_Principal, 3 components, 321 values
INFO: Step 5, time 7452.8, E, 6 components, 321 values
INFO: Step 5, time 7452.8, E_Mises, 1 components, 321 values
INFO: Step 5, time 7452.8, E_Principal, 3 components, 321 values
INFO: Step 5, time 7452.8, ERROR, 1 components, 321 values
INFO: Writing Jan_Lukas_modal_dynamic_staticbeam2.05.vtk
INFO: Writing Jan_Lukas_modal_dynamic_staticbeam2.05.vtu
INFO: Step 6, time 12989.9, U, 3 components, 321 values
INFO: Step 6, time 12989.9, S, 6 components, 321 values
INFO: Step 6, time 12989.9, S_Mises, 1 components, 321 values
INFO: Step 6, time 12989.9, S_Principal, 3 components, 321 values
INFO: Step 6, time 12989.9, E, 6 components, 321 values
INFO: Step 6, time 12989.9, E_Mises, 1 components, 321 values
INFO: Step 6, time 12989.9, E_Principal, 3 components, 321 values
INFO: Step 6, time 12989.9, ERROR, 1 components, 321 values
INFO: Writing Jan_Lukas_modal_dynamic_staticbeam2.06.vtk
INFO: Writing Jan_Lukas_modal_dynamic_staticbeam2.06.vtu
INFO: Step 7, time 13260.2, U, 3 components, 321 values
INFO: Step 7, time 13260.2, S, 6 components, 321 values
INFO: Step 7, time 13260.2, S_Mises, 1 components, 321 values
INFO: Step 7, time 13260.2, S_Principal, 3 components, 321 values
INFO: Step 7, time 13260.2, E, 6 components, 321 values
INFO: Step 7, time 13260.2, E_Mises, 1 components, 321 values
INFO: Step 7, time 13260.2, E_Principal, 3 components, 321 values
INFO: Step 7, time 13260.2, ERROR, 1 components, 321 values
INFO: Writing Jan_Lukas_modal_dynamic_staticbeam2.07.vtk
INFO: Writing Jan_Lukas_modal_dynamic_staticbeam2.07.vtu
INFO: Step 8, time 13260.2, U, 3 components, 321 values
INFO: Step 8, time 13260.2, S, 6 components, 321 values
INFO: Step 8, time 13260.2, S_Mises, 1 components, 321 values
INFO: Step 8, time 13260.2, S_Principal, 3 components, 321 values
INFO: Step 8, time 13260.2, E, 6 components, 321 values
INFO: Step 8, time 13260.2, E_Mises, 1 components, 321 values
INFO: Step 8, time 13260.2, E_Principal, 3 components, 321 values
INFO: Step 8, time 13260.2, ERROR, 1 components, 321 values
INFO: Writing Jan_Lukas_modal_dynamic_staticbeam2.08.vtk
INFO: Writing Jan_Lukas_modal_dynamic_staticbeam2.08.vtu
INFO: Step 9, time 22364.5, U, 3 components, 321 values
INFO: Step 9, time 22364.5, S, 6 components, 321 values
INFO: Step 9, time 22364.5, S_Mises, 1 components, 321 values
INFO: Step 9, time 22364.5, S_Principal, 3 components, 321 values
INFO: Step 9, time 22364.5, E, 6 components, 321 values
INFO: Step 9, time 22364.5, E_Mises, 1 components, 321 values
INFO: Step 9, time 22364.5, E_Principal, 3 components, 321 values
INFO: Step 9, time 22364.5, ERROR, 1 components, 321 values
INFO: Writing Jan_Lukas_modal_dynamic_staticbeam2.09.vtk
INFO: Writing Jan_Lukas_modal_dynamic_staticbeam2.09.vtu
INFO: Step 10, time 24163.3, U, 3 components, 321 values
INFO: Step 10, time 24163.3, S, 6 components, 321 values
INFO: Step 10, time 24163.3, S_Mises, 1 components, 321 values
INFO: Step 10, time 24163.3, S_Principal, 3 components, 321 values
INFO: Step 10, time 24163.3, E, 6 components, 321 values
INFO: Step 10, time 24163.3, E_Mises, 1 components, 321 values
INFO: Step 10, time 24163.3, E_Principal, 3 components, 321 values
INFO: Step 10, time 24163.3, ERROR, 1 components, 321 values
INFO: Writing Jan_Lukas_modal_dynamic_staticbeam2.10.vtk
INFO: Writing Jan_Lukas_modal_dynamic_staticbeam2.10.vtu
INFO: Step 11, time 24163.3, U, 3 components, 321 values
INFO: Step 11, time 24163.3, S, 6 components, 321 values
INFO: Step 11, time 24163.3, S_Mises, 1 components, 321 values
INFO: Step 11, time 24163.3, S_Principal, 3 components, 321 values
INFO: Step 11, time 24163.3, E, 6 components, 321 values
INFO: Step 11, time 24163.3, E_Mises, 1 components, 321 values
INFO: Step 11, time 24163.3, E_Principal, 3 components, 321 values
INFO: Step 11, time 24163.3, ERROR, 1 components, 321 values
INFO: Writing Jan_Lukas_modal_dynamic_staticbeam2.11.vtk
INFO: Writing Jan_Lukas_modal_dynamic_staticbeam2.11.vtu
INFO: Step 12, time 37022.9, U, 3 components, 321 values
INFO: Step 12, time 37022.9, S, 6 components, 321 values
INFO: Step 12, time 37022.9, S_Mises, 1 components, 321 values
INFO: Step 12, time 37022.9, S_Principal, 3 components, 321 values
INFO: Step 12, time 37022.9, E, 6 components, 321 values
INFO: Step 12, time 37022.9, E_Mises, 1 components, 321 values
INFO: Step 12, time 37022.9, E_Principal, 3 components, 321 values
INFO: Step 12, time 37022.9, ERROR, 1 components, 321 values
INFO: Writing Jan_Lukas_modal_dynamic_staticbeam2.12.vtk
INFO: Writing Jan_Lukas_modal_dynamic_staticbeam2.12.vtu
INFO: Step 13, time 37022.9, U, 3 components, 321 values
INFO: Step 13, time 37022.9, S, 6 components, 321 values
INFO: Step 13, time 37022.9, S_Mises, 1 components, 321 values
INFO: Step 13, time 37022.9, S_Principal, 3 components, 321 values
INFO: Step 13, time 37022.9, E, 6 components, 321 values
INFO: Step 13, time 37022.9, E_Mises, 1 components, 321 values
INFO: Step 13, time 37022.9, E_Principal, 3 components, 321 values
INFO: Step 13, time 37022.9, ERROR, 1 components, 321 values
INFO: Writing Jan_Lukas_modal_dynamic_staticbeam2.13.vtk
INFO: Writing Jan_Lukas_modal_dynamic_staticbeam2.13.vtu
INFO: Step 14, time 37302.0, U, 3 components, 321 values
INFO: Step 14, time 37302.0, S, 6 components, 321 values
INFO: Step 14, time 37302.0, S_Mises, 1 components, 321 values
INFO: Step 14, time 37302.0, S_Principal, 3 components, 321 values
INFO: Step 14, time 37302.0, E, 6 components, 321 values
INFO: Step 14, time 37302.0, E_Mises, 1 components, 321 values
INFO: Step 14, time 37302.0, E_Principal, 3 components, 321 values
INFO: Step 14, time 37302.0, ERROR, 1 components, 321 values
INFO: Writing Jan_Lukas_modal_dynamic_staticbeam2.14.vtk
INFO: Writing Jan_Lukas_modal_dynamic_staticbeam2.14.vtu
INFO: Step 15, time 38917.4, U, 3 components, 321 values
INFO: Step 15, time 38917.4, S, 6 components, 321 values
INFO: Step 15, time 38917.4, S_Mises, 1 components, 321 values
INFO: Step 15, time 38917.4, S_Principal, 3 components, 321 values
INFO: Step 15, time 38917.4, E, 6 components, 321 values
INFO: Step 15, time 38917.4, E_Mises, 1 components, 321 values
INFO: Step 15, time 38917.4, E_Principal, 3 components, 321 values
INFO: Step 15, time 38917.4, ERROR, 1 components, 321 values
INFO: Writing Jan_Lukas_modal_dynamic_staticbeam2.15.vtk
INFO: Writing Jan_Lukas_modal_dynamic_staticbeam2.15.vtu
INFO: Step 16, time 51346.8, U, 3 components, 321 values
INFO: Step 16, time 51346.8, S, 6 components, 321 values
INFO: Step 16, time 51346.8, S_Mises, 1 components, 321 values
INFO: Step 16, time 51346.8, S_Principal, 3 components, 321 values
INFO: Step 16, time 51346.8, E, 6 components, 321 values
INFO: Step 16, time 51346.8, E_Mises, 1 components, 321 values
INFO: Step 16, time 51346.8, E_Principal, 3 components, 321 values
INFO: Step 16, time 51346.8, ERROR, 1 components, 321 values
INFO: Writing Jan_Lukas_modal_dynamic_staticbeam2.16.vtk
INFO: Writing Jan_Lukas_modal_dynamic_staticbeam2.16.vtu

==================================================
95: other/Jan_Lukas_static_structural.frd
INFO: Reading Jan_Lukas_static_structural.frd
INFO: 321 nodes
INFO: 40 cells
INFO: 1 time increment
INFO: Step 1, time 1.0, U, 3 components, 321 values
INFO: Step 1, time 1.0, S, 6 components, 321 values
INFO: Step 1, time 1.0, S_Mises, 1 components, 321 values
INFO: Step 1, time 1.0, S_Principal, 3 components, 321 values
INFO: Step 1, time 1.0, E, 6 components, 321 values
INFO: Step 1, time 1.0, E_Mises, 1 components, 321 values
INFO: Step 1, time 1.0, E_Principal, 3 components, 321 values
INFO: Step 1, time 1.0, ERROR, 1 components, 321 values
INFO: Writing Jan_Lukas_static_structural.vtk
INFO: Writing Jan_Lukas_static_structural.vtu

==================================================
96: other/John_Mannisto_blade_sector.frd
INFO: Reading John_Mannisto_blade_sector.frd
INFO: 1720 nodes
INFO: 832 cells
INFO: 15 time increments
INFO: Step 1, time 87.1, U, 3 components, 1720 values
INFO: Step 1, time 87.1, DISPI, 3 components, 1720 values
INFO: Writing John_Mannisto_blade_sector.01.vtk
INFO: Writing John_Mannisto_blade_sector.01.vtu
INFO: Step 3, time 204.1, U, 3 components, 1720 values
INFO: Step 3, time 204.1, DISPI, 3 components, 1720 values
INFO: Writing John_Mannisto_blade_sector.02.vtk
INFO: Writing John_Mannisto_blade_sector.02.vtu
INFO: Step 5, time 316.1, U, 3 components, 1720 values
INFO: Step 5, time 316.1, DISPI, 3 components, 1720 values
INFO: Writing John_Mannisto_blade_sector.03.vtk
INFO: Writing John_Mannisto_blade_sector.03.vtu
INFO: Step 6, time 89.2, U, 3 components, 1720 values
INFO: Step 6, time 89.2, DISPI, 3 components, 1720 values
INFO: Writing John_Mannisto_blade_sector.04.vtk
INFO: Writing John_Mannisto_blade_sector.04.vtu
INFO: Step 8, time 200.5, U, 3 components, 1720 values
INFO: Step 8, time 200.5, DISPI, 3 components, 1720 values
INFO: Writing John_Mannisto_blade_sector.05.vtk
INFO: Writing John_Mannisto_blade_sector.05.vtu
INFO: Step 10, time 316.1, U, 3 components, 1720 values
INFO: Step 10, time 316.1, DISPI, 3 components, 1720 values
INFO: Writing John_Mannisto_blade_sector.06.vtk
INFO: Writing John_Mannisto_blade_sector.06.vtu
INFO: Step 11, time 89.3, U, 3 components, 1720 values
INFO: Step 11, time 89.3, DISPI, 3 components, 1720 values
INFO: Writing John_Mannisto_blade_sector.07.vtk
INFO: Writing John_Mannisto_blade_sector.07.vtu
INFO: Step 13, time 206.2, U, 3 components, 1720 values
INFO: Step 13, time 206.2, DISPI, 3 components, 1720 values
INFO: Writing John_Mannisto_blade_sector.08.vtk
INFO: Writing John_Mannisto_blade_sector.08.vtu
INFO: Step 15, time 317.5, U, 3 components, 1720 values
INFO: Step 15, time 317.5, DISPI, 3 components, 1720 values
INFO: Writing John_Mannisto_blade_sector.09.vtk
INFO: Writing John_Mannisto_blade_sector.09.vtu
INFO: Step 16, time 88.5, U, 3 components, 1720 values
INFO: Step 16, time 88.5, DISPI, 3 components, 1720 values
INFO: Writing John_Mannisto_blade_sector.10.vtk
INFO: Writing John_Mannisto_blade_sector.10.vtu
INFO: Step 18, time 215.5, U, 3 components, 1720 values
INFO: Step 18, time 215.5, DISPI, 3 components, 1720 values
INFO: Writing John_Mannisto_blade_sector.11.vtk
INFO: Writing John_Mannisto_blade_sector.11.vtu
INFO: Step 20, time 318.4, U, 3 components, 1720 values
INFO: Step 20, time 318.4, DISPI, 3 components, 1720 values
INFO: Writing John_Mannisto_blade_sector.12.vtk
INFO: Writing John_Mannisto_blade_sector.12.vtu
INFO: Step 21, time 88.2, U, 3 components, 1720 values
INFO: Step 21, time 88.2, DISPI, 3 components, 1720 values
INFO: Writing John_Mannisto_blade_sector.13.vtk
INFO: Writing John_Mannisto_blade_sector.13.vtu
INFO: Step 23, time 218.8, U, 3 components, 1720 values
INFO: Step 23, time 218.8, DISPI, 3 components, 1720 values
INFO: Writing John_Mannisto_blade_sector.14.vtk
INFO: Writing John_Mannisto_blade_sector.14.vtu
INFO: Step 25, time 318.6, U, 3 components, 1720 values
INFO: Step 25, time 318.6, DISPI, 3 components, 1720 values
INFO: Writing John_Mannisto_blade_sector.15.vtk
INFO: Writing John_Mannisto_blade_sector.15.vtu

==================================================
97: other/Kaffeeheblerei_hinge.frd
INFO: Reading Kaffeeheblerei_hinge.frd
INFO: 378 nodes
INFO: 160 cells
INFO: 1 time increment
INFO: Step 1, time 1.0, U, 3 components, 378 values
INFO: Step 1, time 1.0, S, 6 components, 378 values
INFO: Step 1, time 1.0, S_Mises, 1 components, 378 values
INFO: Step 1, time 1.0, S_Principal, 3 components, 378 values
INFO: Step 1, time 1.0, ERROR, 1 components, 378 values
INFO: Writing Kaffeeheblerei_hinge.vtk
INFO: Writing Kaffeeheblerei_hinge.vtu

==================================================
98: other/Nidish_Narayanaa_Balaji.frd
INFO: Reading Nidish_Narayanaa_Balaji.frd
INFO: 3432 nodes
INFO: 2560 cells
INFO: 10 time increments
INFO: Step 1, time 721.9, U, 3 components, 3432 values
INFO: Step 1, time 721.9, S, 6 components, 3432 values
INFO: Step 1, time 721.9, S_Mises, 1 components, 3432 values
INFO: Step 1, time 721.9, S_Principal, 3 components, 3432 values
INFO: Step 1, time 721.9, ERROR, 1 components, 3432 values
INFO: Writing Nidish_Narayanaa_Balaji.01.vtk
INFO: Writing Nidish_Narayanaa_Balaji.01.vtu
INFO: Step 2, time 1405.0, U, 3 components, 3432 values
INFO: Step 2, time 1405.0, S, 6 components, 3432 values
INFO: Step 2, time 1405.0, S_Mises, 1 components, 3432 values
INFO: Step 2, time 1405.0, S_Principal, 3 components, 3432 values
INFO: Step 2, time 1405.0, ERROR, 1 components, 3432 values
INFO: Writing Nidish_Narayanaa_Balaji.02.vtk
INFO: Writing Nidish_Narayanaa_Balaji.02.vtu
INFO: Step 3, time 4255.6, U, 3 components, 3432 values
INFO: Step 3, time 4255.6, S, 6 components, 3432 values
INFO: Step 3, time 4255.6, S_Mises, 1 components, 3432 values
INFO: Step 3, time 4255.6, S_Principal, 3 components, 3432 values
INFO: Step 3, time 4255.6, ERROR, 1 components, 3432 values
INFO: Writing Nidish_Narayanaa_Balaji.03.vtk
INFO: Writing Nidish_Narayanaa_Balaji.03.vtu
INFO: Step 4, time 4908.6, U, 3 components, 3432 values
INFO: Step 4, time 4908.6, S, 6 components, 3432 values
INFO: Step 4, time 4908.6, S_Mises, 1 components, 3432 values
INFO: Step 4, time 4908.6, S_Principal, 3 components, 3432 values
INFO: Step 4, time 4908.6, ERROR, 1 components, 3432 values
INFO: Writing Nidish_Narayanaa_Balaji.04.vtk
INFO: Writing Nidish_Narayanaa_Balaji.04.vtu
INFO: Step 5, time 7617.8, U, 3 components, 3432 values
INFO: Step 5, time 7617.8, S, 6 components, 3432 values
INFO: Step 5, time 7617.8, S_Mises, 1 components, 3432 values
INFO: Step 5, time 7617.8, S_Principal, 3 components, 3432 values
INFO: Step 5, time 7617.8, ERROR, 1 components, 3432 values
INFO: Writing Nidish_Narayanaa_Balaji.05.vtk
INFO: Writing Nidish_Narayanaa_Balaji.05.vtu
INFO: Step 6, time 10355.9, U, 3 components, 3432 values
INFO: Step 6, time 10355.9, S, 6 components, 3432 values
INFO: Step 6, time 10355.9, S_Mises, 1 components, 3432 values
INFO: Step 6, time 10355.9, S_Principal, 3 components, 3432 values
INFO: Step 6, time 10355.9, ERROR, 1 components, 3432 values
INFO: Writing Nidish_Narayanaa_Balaji.06.vtk
INFO: Writing Nidish_Narayanaa_Balaji.06.vtu
INFO: Step 7, time 11354.6, U, 3 components, 3432 values
INFO: Step 7, time 11354.6, S, 6 components, 3432 values
INFO: Step 7, time 11354.6, S_Mises, 1 components, 3432 values
INFO: Step 7, time 11354.6, S_Principal, 3 components, 3432 values
INFO: Step 7, time 11354.6, ERROR, 1 components, 3432 values
INFO: Writing Nidish_Narayanaa_Balaji.07.vtk
INFO: Writing Nidish_Narayanaa_Balaji.07.vtu
INFO: Step 8, time 14874.6, U, 3 components, 3432 values
INFO: Step 8, time 14874.6, S, 6 components, 3432 values
INFO: Step 8, time 14874.6, S_Mises, 1 components, 3432 values
INFO: Step 8, time 14874.6, S_Principal, 3 components, 3432 values
INFO: Step 8, time 14874.6, ERROR, 1 components, 3432 values
INFO: Writing Nidish_Narayanaa_Balaji.08.vtk
INFO: Writing Nidish_Narayanaa_Balaji.08.vtu
INFO: Step 9, time 17166.5, U, 3 components, 3432 values
INFO: Step 9, time 17166.5, S, 6 components, 3432 values
INFO: Step 9, time 17166.5, S_Mises, 1 components, 3432 values
INFO: Step 9, time 17166.5, S_Principal, 3 components, 3432 values
INFO: Step 9, time 17166.5, ERROR, 1 components, 3432 values
INFO: Writing Nidish_Narayanaa_Balaji.09.vtk
INFO: Writing Nidish_Narayanaa_Balaji.09.vtu
INFO: Step 10, time 20441.6, U, 3 components, 3432 values
INFO: Step 10, time 20441.6, S, 6 components, 3432 values
INFO: Step 10, time 20441.6, S_Mises, 1 components, 3432 values
INFO: Step 10, time 20441.6, S_Principal, 3 components, 3432 values
INFO: Step 10, time 20441.6, ERROR, 1 components, 3432 values
INFO: Writing Nidish_Narayanaa_Balaji.10.vtk
INFO: Writing Nidish_Narayanaa_Balaji.10.vtu

==================================================
99: other/ball.frd
INFO: Reading ball.frd
INFO: 4812 nodes
INFO: 2259 cells
INFO: 8 time increments
INFO: Step 1, time 1.00e-01, U, 3 components, 4812 values
INFO: Step 1, time 1.00e-01, S, 6 components, 4812 values
INFO: Step 1, time 1.00e-01, S_Mises, 1 components, 4812 values
INFO: Step 1, time 1.00e-01, S_Principal, 3 components, 4812 values
INFO: Step 1, time 1.00e-01, ERROR, 1 components, 4812 values
INFO: Writing ball.1.vtk
INFO: Writing ball.1.vtu
INFO: Step 2, time 2.00e-01, U, 3 components, 4812 values
INFO: Step 2, time 2.00e-01, S, 6 components, 4812 values
INFO: Step 2, time 2.00e-01, S_Mises, 1 components, 4812 values
INFO: Step 2, time 2.00e-01, S_Principal, 3 components, 4812 values
INFO: Step 2, time 2.00e-01, ERROR, 1 components, 4812 values
INFO: Writing ball.2.vtk
INFO: Writing ball.2.vtu
INFO: Step 3, time 3.00e-01, U, 3 components, 4812 values
INFO: Step 3, time 3.00e-01, S, 6 components, 4812 values
INFO: Step 3, time 3.00e-01, S_Mises, 1 components, 4812 values
INFO: Step 3, time 3.00e-01, S_Principal, 3 components, 4812 values
INFO: Step 3, time 3.00e-01, ERROR, 1 components, 4812 values
INFO: Writing ball.3.vtk
INFO: Writing ball.3.vtu
INFO: Step 4, time 4.00e-01, U, 3 components, 4812 values
INFO: Step 4, time 4.00e-01, S, 6 components, 4812 values
INFO: Step 4, time 4.00e-01, S_Mises, 1 components, 4812 values
INFO: Step 4, time 4.00e-01, S_Principal, 3 components, 4812 values
INFO: Step 4, time 4.00e-01, ERROR, 1 components, 4812 values
INFO: Writing ball.4.vtk
INFO: Writing ball.4.vtu
INFO: Step 5, time 5.00e-01, U, 3 components, 4812 values
INFO: Step 5, time 5.00e-01, S, 6 components, 4812 values
INFO: Step 5, time 5.00e-01, S_Mises, 1 components, 4812 values
INFO: Step 5, time 5.00e-01, S_Principal, 3 components, 4812 values
INFO: Step 5, time 5.00e-01, ERROR, 1 components, 4812 values
INFO: Writing ball.5.vtk
INFO: Writing ball.5.vtu
INFO: Step 6, time 6.00e-01, U, 3 components, 4812 values
INFO: Step 6, time 6.00e-01, S, 6 components, 4812 values
INFO: Step 6, time 6.00e-01, S_Mises, 1 components, 4812 values
INFO: Step 6, time 6.00e-01, S_Principal, 3 components, 4812 values
INFO: Step 6, time 6.00e-01, ERROR, 1 components, 4812 values
INFO: Writing ball.6.vtk
INFO: Writing ball.6.vtu
INFO: Step 7, time 7.00e-01, U, 3 components, 4812 values
INFO: Step 7, time 7.00e-01, S, 6 components, 4812 values
INFO: Step 7, time 7.00e-01, S_Mises, 1 components, 4812 values
INFO: Step 7, time 7.00e-01, S_Principal, 3 components, 4812 values
INFO: Step 7, time 7.00e-01, ERROR, 1 components, 4812 values
INFO: Writing ball.7.vtk
INFO: Writing ball.7.vtu
INFO: Step 8, time 8.00e-01, U, 3 components, 4812 values
INFO: Step 8, time 8.00e-01, S, 6 components, 4812 values
INFO: Step 8, time 8.00e-01, S_Mises, 1 components, 4812 values
INFO: Step 8, time 8.00e-01, S_Principal, 3 components, 4812 values
INFO: Step 8, time 8.00e-01, ERROR, 1 components, 4812 values
INFO: Writing ball.8.vtk
INFO: Writing ball.8.vtu

==================================================
100: other/ddjokic-CalculiX-tests-master/Spanner/Spanner-out.frd
INFO: Reading Spanner-out.frd
INFO: 10386 nodes
INFO: 5099 cells
INFO: 1 time increment
INFO: Step 1, time 1.0, U, 3 components, 10386 values
INFO: Step 1, time 1.0, S, 6 components, 10386 values
INFO: Step 1, time 1.0, S_Mises, 1 components, 10386 values
INFO: Step 1, time 1.0, S_Principal, 3 components, 10386 values
INFO: Step 1, time 1.0, E, 6 components, 10386 values
INFO: Step 1, time 1.0, E_Mises, 1 components, 10386 values
INFO: Step 1, time 1.0, E_Principal, 3 components, 10386 values
INFO: Writing Spanner-out.vtk
INFO: Writing Spanner-out.vtu

==================================================
101: other/dichtstoff_2_HE8.frd
INFO: Reading dichtstoff_2_HE8.frd
INFO: 12 nodes
INFO: 2 cells
INFO: 1 time increment
INFO: Step 1, time 1.0, U, 3 components, 12 values
INFO: Step 1, time 1.0, S, 6 components, 12 values
INFO: Step 1, time 1.0, S_Mises, 1 components, 12 values
INFO: Step 1, time 1.0, S_Principal, 3 components, 12 values
INFO: Step 1, time 1.0, ERROR, 1 components, 12 values
INFO: Writing dichtstoff_2_HE8.vtk
INFO: Writing dichtstoff_2_HE8.vtu

==================================================
102: yahoo/1.frd
INFO: Reading 1.frd
INFO: 4 nodes
INFO: 1 cells
INFO: 30 time increments
INFO: Step 1, time 1.00e-01, U, 3 components, 4 values
INFO: Step 1, time 1.00e-01, S, 6 components, 4 values
INFO: Step 1, time 1.00e-01, S_Mises, 1 components, 4 values
INFO: Step 1, time 1.00e-01, S_Principal, 3 components, 4 values
INFO: Step 1, time 1.00e-01, E, 6 components, 4 values
INFO: Step 1, time 1.00e-01, E_Mises, 1 components, 4 values
INFO: Step 1, time 1.00e-01, E_Principal, 3 components, 4 values
INFO: Step 1, time 1.00e-01, ERROR, 1 components, 4 values
INFO: Writing 1.01.vtk
INFO: Writing 1.01.vtu
INFO: Step 2, time 2.00e-01, U, 3 components, 4 values
INFO: Step 2, time 2.00e-01, S, 6 components, 4 values
INFO: Step 2, time 2.00e-01, S_Mises, 1 components, 4 values
INFO: Step 2, time 2.00e-01, S_Principal, 3 components, 4 values
INFO: Step 2, time 2.00e-01, E, 6 components, 4 values
INFO: Step 2, time 2.00e-01, E_Mises, 1 components, 4 values
INFO: Step 2, time 2.00e-01, E_Principal, 3 components, 4 values
INFO: Step 2, time 2.00e-01, ERROR, 1 components, 4 values
INFO: Writing 1.02.vtk
INFO: Writing 1.02.vtu
INFO: Step 3, time 3.00e-01, U, 3 components, 4 values
INFO: Step 3, time 3.00e-01, S, 6 components, 4 values
INFO: Step 3, time 3.00e-01, S_Mises, 1 components, 4 values
INFO: Step 3, time 3.00e-01, S_Principal, 3 components, 4 values
INFO: Step 3, time 3.00e-01, E, 6 components, 4 values
INFO: Step 3, time 3.00e-01, E_Mises, 1 components, 4 values
INFO: Step 3, time 3.00e-01, E_Principal, 3 components, 4 values
INFO: Step 3, time 3.00e-01, ERROR, 1 components, 4 values
INFO: Writing 1.03.vtk
INFO: Writing 1.03.vtu
INFO: Step 4, time 4.00e-01, U, 3 components, 4 values
INFO: Step 4, time 4.00e-01, S, 6 components, 4 values
INFO: Step 4, time 4.00e-01, S_Mises, 1 components, 4 values
INFO: Step 4, time 4.00e-01, S_Principal, 3 components, 4 values
INFO: Step 4, time 4.00e-01, E, 6 components, 4 values
INFO: Step 4, time 4.00e-01, E_Mises, 1 components, 4 values
INFO: Step 4, time 4.00e-01, E_Principal, 3 components, 4 values
INFO: Step 4, time 4.00e-01, ERROR, 1 components, 4 values
INFO: Writing 1.04.vtk
INFO: Writing 1.04.vtu
INFO: Step 5, time 5.00e-01, U, 3 components, 4 values
INFO: Step 5, time 5.00e-01, S, 6 components, 4 values
INFO: Step 5, time 5.00e-01, S_Mises, 1 components, 4 values
INFO: Step 5, time 5.00e-01, S_Principal, 3 components, 4 values
INFO: Step 5, time 5.00e-01, E, 6 components, 4 values
INFO: Step 5, time 5.00e-01, E_Mises, 1 components, 4 values
INFO: Step 5, time 5.00e-01, E_Principal, 3 components, 4 values
INFO: Step 5, time 5.00e-01, ERROR, 1 components, 4 values
INFO: Writing 1.05.vtk
INFO: Writing 1.05.vtu
INFO: Step 6, time 6.00e-01, U, 3 components, 4 values
INFO: Step 6, time 6.00e-01, S, 6 components, 4 values
INFO: Step 6, time 6.00e-01, S_Mises, 1 components, 4 values
INFO: Step 6, time 6.00e-01, S_Principal, 3 components, 4 values
INFO: Step 6, time 6.00e-01, E, 6 components, 4 values
INFO: Step 6, time 6.00e-01, E_Mises, 1 components, 4 values
INFO: Step 6, time 6.00e-01, E_Principal, 3 components, 4 values
INFO: Step 6, time 6.00e-01, ERROR, 1 components, 4 values
INFO: Writing 1.06.vtk
INFO: Writing 1.06.vtu
INFO: Step 7, time 7.00e-01, U, 3 components, 4 values
INFO: Step 7, time 7.00e-01, S, 6 components, 4 values
INFO: Step 7, time 7.00e-01, S_Mises, 1 components, 4 values
INFO: Step 7, time 7.00e-01, S_Principal, 3 components, 4 values
INFO: Step 7, time 7.00e-01, E, 6 components, 4 values
INFO: Step 7, time 7.00e-01, E_Mises, 1 components, 4 values
INFO: Step 7, time 7.00e-01, E_Principal, 3 components, 4 values
INFO: Step 7, time 7.00e-01, ERROR, 1 components, 4 values
INFO: Writing 1.07.vtk
INFO: Writing 1.07.vtu
INFO: Step 8, time 8.00e-01, U, 3 components, 4 values
INFO: Step 8, time 8.00e-01, S, 6 components, 4 values
INFO: Step 8, time 8.00e-01, S_Mises, 1 components, 4 values
INFO: Step 8, time 8.00e-01, S_Principal, 3 components, 4 values
INFO: Step 8, time 8.00e-01, E, 6 components, 4 values
INFO: Step 8, time 8.00e-01, E_Mises, 1 components, 4 values
INFO: Step 8, time 8.00e-01, E_Principal, 3 components, 4 values
INFO: Step 8, time 8.00e-01, ERROR, 1 components, 4 values
INFO: Writing 1.08.vtk
INFO: Writing 1.08.vtu
INFO: Step 9, time 9.00e-01, U, 3 components, 4 values
INFO: Step 9, time 9.00e-01, S, 6 components, 4 values
INFO: Step 9, time 9.00e-01, S_Mises, 1 components, 4 values
INFO: Step 9, time 9.00e-01, S_Principal, 3 components, 4 values
INFO: Step 9, time 9.00e-01, E, 6 components, 4 values
INFO: Step 9, time 9.00e-01, E_Mises, 1 components, 4 values
INFO: Step 9, time 9.00e-01, E_Principal, 3 components, 4 values
INFO: Step 9, time 9.00e-01, ERROR, 1 components, 4 values
INFO: Writing 1.09.vtk
INFO: Writing 1.09.vtu
INFO: Step 10, time 1.0, U, 3 components, 4 values
INFO: Step 10, time 1.0, S, 6 components, 4 values
INFO: Step 10, time 1.0, S_Mises, 1 components, 4 values
INFO: Step 10, time 1.0, S_Principal, 3 components, 4 values
INFO: Step 10, time 1.0, E, 6 components, 4 values
INFO: Step 10, time 1.0, E_Mises, 1 components, 4 values
INFO: Step 10, time 1.0, E_Principal, 3 components, 4 values
INFO: Step 10, time 1.0, ERROR, 1 components, 4 values
INFO: Writing 1.10.vtk
INFO: Writing 1.10.vtu
INFO: Step 11, time 1.1, U, 3 components, 4 values
INFO: Step 11, time 1.1, S, 6 components, 4 values
INFO: Step 11, time 1.1, S_Mises, 1 components, 4 values
INFO: Step 11, time 1.1, S_Principal, 3 components, 4 values
INFO: Step 11, time 1.1, E, 6 components, 4 values
INFO: Step 11, time 1.1, E_Mises, 1 components, 4 values
INFO: Step 11, time 1.1, E_Principal, 3 components, 4 values
INFO: Step 11, time 1.1, ERROR, 1 components, 4 values
INFO: Writing 1.11.vtk
INFO: Writing 1.11.vtu
INFO: Step 12, time 1.2, U, 3 components, 4 values
INFO: Step 12, time 1.2, S, 6 components, 4 values
INFO: Step 12, time 1.2, S_Mises, 1 components, 4 values
INFO: Step 12, time 1.2, S_Principal, 3 components, 4 values
INFO: Step 12, time 1.2, E, 6 components, 4 values
INFO: Step 12, time 1.2, E_Mises, 1 components, 4 values
INFO: Step 12, time 1.2, E_Principal, 3 components, 4 values
INFO: Step 12, time 1.2, ERROR, 1 components, 4 values
INFO: Writing 1.12.vtk
INFO: Writing 1.12.vtu
INFO: Step 13, time 1.3, U, 3 components, 4 values
INFO: Step 13, time 1.3, S, 6 components, 4 values
INFO: Step 13, time 1.3, S_Mises, 1 components, 4 values
INFO: Step 13, time 1.3, S_Principal, 3 components, 4 values
INFO: Step 13, time 1.3, E, 6 components, 4 values
INFO: Step 13, time 1.3, E_Mises, 1 components, 4 values
INFO: Step 13, time 1.3, E_Principal, 3 components, 4 values
INFO: Step 13, time 1.3, ERROR, 1 components, 4 values
INFO: Writing 1.13.vtk
INFO: Writing 1.13.vtu
INFO: Step 14, time 1.4, U, 3 components, 4 values
INFO: Step 14, time 1.4, S, 6 components, 4 values
INFO: Step 14, time 1.4, S_Mises, 1 components, 4 values
INFO: Step 14, time 1.4, S_Principal, 3 components, 4 values
INFO: Step 14, time 1.4, E, 6 components, 4 values
INFO: Step 14, time 1.4, E_Mises, 1 components, 4 values
INFO: Step 14, time 1.4, E_Principal, 3 components, 4 values
INFO: Step 14, time 1.4, ERROR, 1 components, 4 values
INFO: Writing 1.14.vtk
INFO: Writing 1.14.vtu
INFO: Step 15, time 1.5, U, 3 components, 4 values
INFO: Step 15, time 1.5, S, 6 components, 4 values
INFO: Step 15, time 1.5, S_Mises, 1 components, 4 values
INFO: Step 15, time 1.5, S_Principal, 3 components, 4 values
INFO: Step 15, time 1.5, E, 6 components, 4 values
INFO: Step 15, time 1.5, E_Mises, 1 components, 4 values
INFO: Step 15, time 1.5, E_Principal, 3 components, 4 values
INFO: Step 15, time 1.5, ERROR, 1 components, 4 values
INFO: Writing 1.15.vtk
INFO: Writing 1.15.vtu
INFO: Step 16, time 1.6, U, 3 components, 4 values
INFO: Step 16, time 1.6, S, 6 components, 4 values
INFO: Step 16, time 1.6, S_Mises, 1 components, 4 values
INFO: Step 16, time 1.6, S_Principal, 3 components, 4 values
INFO: Step 16, time 1.6, E, 6 components, 4 values
INFO: Step 16, time 1.6, E_Mises, 1 components, 4 values
INFO: Step 16, time 1.6, E_Principal, 3 components, 4 values
INFO: Step 16, time 1.6, ERROR, 1 components, 4 values
INFO: Writing 1.16.vtk
INFO: Writing 1.16.vtu
INFO: Step 17, time 1.7, U, 3 components, 4 values
INFO: Step 17, time 1.7, S, 6 components, 4 values
INFO: Step 17, time 1.7, S_Mises, 1 components, 4 values
INFO: Step 17, time 1.7, S_Principal, 3 components, 4 values
INFO: Step 17, time 1.7, E, 6 components, 4 values
INFO: Step 17, time 1.7, E_Mises, 1 components, 4 values
INFO: Step 17, time 1.7, E_Principal, 3 components, 4 values
INFO: Step 17, time 1.7, ERROR, 1 components, 4 values
INFO: Writing 1.17.vtk
INFO: Writing 1.17.vtu
INFO: Step 18, time 1.8, U, 3 components, 4 values
INFO: Step 18, time 1.8, S, 6 components, 4 values
INFO: Step 18, time 1.8, S_Mises, 1 components, 4 values
INFO: Step 18, time 1.8, S_Principal, 3 components, 4 values
INFO: Step 18, time 1.8, E, 6 components, 4 values
INFO: Step 18, time 1.8, E_Mises, 1 components, 4 values
INFO: Step 18, time 1.8, E_Principal, 3 components, 4 values
INFO: Step 18, time 1.8, ERROR, 1 components, 4 values
INFO: Writing 1.18.vtk
INFO: Writing 1.18.vtu
INFO: Step 19, time 1.9, U, 3 components, 4 values
INFO: Step 19, time 1.9, S, 6 components, 4 values
INFO: Step 19, time 1.9, S_Mises, 1 components, 4 values
INFO: Step 19, time 1.9, S_Principal, 3 components, 4 values
INFO: Step 19, time 1.9, E, 6 components, 4 values
INFO: Step 19, time 1.9, E_Mises, 1 components, 4 values
INFO: Step 19, time 1.9, E_Principal, 3 components, 4 values
INFO: Step 19, time 1.9, ERROR, 1 components, 4 values
INFO: Writing 1.19.vtk
INFO: Writing 1.19.vtu
INFO: Step 20, time 2.0, U, 3 components, 4 values
INFO: Step 20, time 2.0, S, 6 components, 4 values
INFO: Step 20, time 2.0, S_Mises, 1 components, 4 values
INFO: Step 20, time 2.0, S_Principal, 3 components, 4 values
INFO: Step 20, time 2.0, E, 6 components, 4 values
INFO: Step 20, time 2.0, E_Mises, 1 components, 4 values
INFO: Step 20, time 2.0, E_Principal, 3 components, 4 values
INFO: Step 20, time 2.0, ERROR, 1 components, 4 values
INFO: Writing 1.20.vtk
INFO: Writing 1.20.vtu
INFO: Step 21, time 2.1, U, 3 components, 4 values
INFO: Step 21, time 2.1, S, 6 components, 4 values
INFO: Step 21, time 2.1, S_Mises, 1 components, 4 values
INFO: Step 21, time 2.1, S_Principal, 3 components, 4 values
INFO: Step 21, time 2.1, E, 6 components, 4 values
INFO: Step 21, time 2.1, E_Mises, 1 components, 4 values
INFO: Step 21, time 2.1, E_Principal, 3 components, 4 values
INFO: Step 21, time 2.1, ERROR, 1 components, 4 values
INFO: Writing 1.21.vtk
INFO: Writing 1.21.vtu
INFO: Step 22, time 2.2, U, 3 components, 4 values
INFO: Step 22, time 2.2, S, 6 components, 4 values
INFO: Step 22, time 2.2, S_Mises, 1 components, 4 values
INFO: Step 22, time 2.2, S_Principal, 3 components, 4 values
INFO: Step 22, time 2.2, E, 6 components, 4 values
INFO: Step 22, time 2.2, E_Mises, 1 components, 4 values
INFO: Step 22, time 2.2, E_Principal, 3 components, 4 values
INFO: Step 22, time 2.2, ERROR, 1 components, 4 values
INFO: Writing 1.22.vtk
INFO: Writing 1.22.vtu
INFO: Step 23, time 2.3, U, 3 components, 4 values
INFO: Step 23, time 2.3, S, 6 components, 4 values
INFO: Step 23, time 2.3, S_Mises, 1 components, 4 values
INFO: Step 23, time 2.3, S_Principal, 3 components, 4 values
INFO: Step 23, time 2.3, E, 6 components, 4 values
INFO: Step 23, time 2.3, E_Mises, 1 components, 4 values
INFO: Step 23, time 2.3, E_Principal, 3 components, 4 values
INFO: Step 23, time 2.3, ERROR, 1 components, 4 values
INFO: Writing 1.23.vtk
INFO: Writing 1.23.vtu
INFO: Step 24, time 2.4, U, 3 components, 4 values
INFO: Step 24, time 2.4, S, 6 components, 4 values
INFO: Step 24, time 2.4, S_Mises, 1 components, 4 values
INFO: Step 24, time 2.4, S_Principal, 3 components, 4 values
INFO: Step 24, time 2.4, E, 6 components, 4 values
INFO: Step 24, time 2.4, E_Mises, 1 components, 4 values
INFO: Step 24, time 2.4, E_Principal, 3 components, 4 values
INFO: Step 24, time 2.4, ERROR, 1 components, 4 values
INFO: Writing 1.24.vtk
INFO: Writing 1.24.vtu
INFO: Step 25, time 2.5, U, 3 components, 4 values
INFO: Step 25, time 2.5, S, 6 components, 4 values
INFO: Step 25, time 2.5, S_Mises, 1 components, 4 values
INFO: Step 25, time 2.5, S_Principal, 3 components, 4 values
INFO: Step 25, time 2.5, E, 6 components, 4 values
INFO: Step 25, time 2.5, E_Mises, 1 components, 4 values
INFO: Step 25, time 2.5, E_Principal, 3 components, 4 values
INFO: Step 25, time 2.5, ERROR, 1 components, 4 values
INFO: Writing 1.25.vtk
INFO: Writing 1.25.vtu
INFO: Step 26, time 2.6, U, 3 components, 4 values
INFO: Step 26, time 2.6, S, 6 components, 4 values
INFO: Step 26, time 2.6, S_Mises, 1 components, 4 values
INFO: Step 26, time 2.6, S_Principal, 3 components, 4 values
INFO: Step 26, time 2.6, E, 6 components, 4 values
INFO: Step 26, time 2.6, E_Mises, 1 components, 4 values
INFO: Step 26, time 2.6, E_Principal, 3 components, 4 values
INFO: Step 26, time 2.6, ERROR, 1 components, 4 values
INFO: Writing 1.26.vtk
INFO: Writing 1.26.vtu
INFO: Step 27, time 2.7, U, 3 components, 4 values
INFO: Step 27, time 2.7, S, 6 components, 4 values
INFO: Step 27, time 2.7, S_Mises, 1 components, 4 values
INFO: Step 27, time 2.7, S_Principal, 3 components, 4 values
INFO: Step 27, time 2.7, E, 6 components, 4 values
INFO: Step 27, time 2.7, E_Mises, 1 components, 4 values
INFO: Step 27, time 2.7, E_Principal, 3 components, 4 values
INFO: Step 27, time 2.7, ERROR, 1 components, 4 values
INFO: Writing 1.27.vtk
INFO: Writing 1.27.vtu
INFO: Step 28, time 2.8, U, 3 components, 4 values
INFO: Step 28, time 2.8, S, 6 components, 4 values
INFO: Step 28, time 2.8, S_Mises, 1 components, 4 values
INFO: Step 28, time 2.8, S_Principal, 3 components, 4 values
INFO: Step 28, time 2.8, E, 6 components, 4 values
INFO: Step 28, time 2.8, E_Mises, 1 components, 4 values
INFO: Step 28, time 2.8, E_Principal, 3 components, 4 values
INFO: Step 28, time 2.8, ERROR, 1 components, 4 values
INFO: Writing 1.28.vtk
INFO: Writing 1.28.vtu
INFO: Step 29, time 2.9, U, 3 components, 4 values
INFO: Step 29, time 2.9, S, 6 components, 4 values
INFO: Step 29, time 2.9, S_Mises, 1 components, 4 values
INFO: Step 29, time 2.9, S_Principal, 3 components, 4 values
INFO: Step 29, time 2.9, E, 6 components, 4 values
INFO: Step 29, time 2.9, E_Mises, 1 components, 4 values
INFO: Step 29, time 2.9, E_Principal, 3 components, 4 values
INFO: Step 29, time 2.9, ERROR, 1 components, 4 values
INFO: Writing 1.29.vtk
INFO: Writing 1.29.vtu
INFO: Step 30, time 3.0, U, 3 components, 4 values
INFO: Step 30, time 3.0, S, 6 components, 4 values
INFO: Step 30, time 3.0, S_Mises, 1 components, 4 values
INFO: Step 30, time 3.0, S_Principal, 3 components, 4 values
INFO: Step 30, time 3.0, E, 6 components, 4 values
INFO: Step 30, time 3.0, E_Mises, 1 components, 4 values
INFO: Step 30, time 3.0, E_Principal, 3 components, 4 values
INFO: Step 30, time 3.0, ERROR, 1 components, 4 values
INFO: Writing 1.30.vtk
INFO: Writing 1.30.vtu

==================================================
103: yahoo/2d_ramberg_osgood.frd
INFO: Reading 2d_ramberg_osgood.frd
INFO: 25 nodes
INFO: 6 cells
INFO: 1 time increment
INFO: Step 1, time 1.0, U, 3 components, 25 values
INFO: Step 1, time 1.0, S, 6 components, 25 values
INFO: Step 1, time 1.0, S_Mises, 1 components, 25 values
INFO: Step 1, time 1.0, S_Principal, 3 components, 25 values
INFO: Step 1, time 1.0, E, 6 components, 25 values
INFO: Step 1, time 1.0, E_Mises, 1 components, 25 values
INFO: Step 1, time 1.0, E_Principal, 3 components, 25 values
INFO: Step 1, time 1.0, RF, 3 components, 25 values
INFO: Step 1, time 1.0, ENER, 1 components, 25 values
INFO: Step 1, time 1.0, ERROR, 1 components, 25 values
INFO: Writing 2d_ramberg_osgood.vtk
INFO: Writing 2d_ramberg_osgood.vtu

==================================================
104: yahoo/3d_DEFORMATION_PLASTICITY.frd
INFO: Reading 3d_DEFORMATION_PLASTICITY.frd
INFO: 36 nodes
INFO: 8 cells
INFO: 1 time increment
INFO: Step 1, time 1.0, U, 3 components, 36 values
INFO: Step 1, time 1.0, S, 6 components, 36 values
INFO: Step 1, time 1.0, S_Mises, 1 components, 36 values
INFO: Step 1, time 1.0, S_Principal, 3 components, 36 values
INFO: Step 1, time 1.0, E, 6 components, 36 values
INFO: Step 1, time 1.0, E_Mises, 1 components, 36 values
INFO: Step 1, time 1.0, E_Principal, 3 components, 36 values
INFO: Step 1, time 1.0, RF, 3 components, 36 values
INFO: Step 1, time 1.0, ENER, 1 components, 36 values
INFO: Step 1, time 1.0, ERROR, 1 components, 36 values
INFO: Writing 3d_DEFORMATION_PLASTICITY.vtk
INFO: Writing 3d_DEFORMATION_PLASTICITY.vtu

Total 7m 11.0s
